 PhysX3CharacterKinematicDEBUG_x86

 Timestamp is 58ac9849 (Tue Feb 21 20:43:05 2017)

 Preferred load address is 10000000

 Start         Length     Name                   Class
 0001:00000000 00002d22H .text$di                CODE
 0001:00002d30 0002efb6H .text$mn                CODE
 0002:00000000 00000104H .CRT$XCA                DATA
 0002:00000104 00000156H .CRT$XCU                DATA
 0002:0000025c 00000104H .CRT$XCZ                DATA
 0002:00000360 00000104H .CRT$XIA                DATA
 0002:00000464 00000104H .CRT$XIAA               DATA
 0002:00000568 00000104H .CRT$XIC                DATA
 0002:0000066c 00000104H .CRT$XIZ                DATA
 0002:00000770 00003836H .rdata                  DATA
 0002:00003fa8 000001d3H .rdata$debug            DATA
 0002:0000417c 00000156H .rdata$r                DATA
 0002:000042e0 00000104H .rdata$sxdata           DATA
 0002:000043e4 00000104H .rtc$IAA                DATA
 0002:000044e8 00000139H .rtc$IMZ                DATA
 0002:00004624 00000104H .rtc$IZZ                DATA
 0002:00004728 00000104H .rtc$TAA                DATA
 0002:0000482c 00000139H .rtc$TMZ                DATA
 0002:00004968 00000104H .rtc$TZZ                DATA
 0002:00004a70 00000211H .xdata$x                DATA
 0002:00004c90 0000034fH .edata                  DATA
 0003:00000000 00000239H .data                   DATA
 0003:0000023c 0000024cH .data$r                 DATA
 0003:00000490 00000544H .bss                    DATA
 0004:00000000 0000025cH .idata$5                DATA
 0004:0000025c 0000003cH .idata$2                DATA
 0004:00000298 00000014H .idata$3                DATA
 0004:000002ac 0000025cH .idata$4                DATA
 0004:00000508 00001251H .idata$6                DATA
 0005:00000000 000001c0H .rsrc$01                DATA
 0005:000001c0 00000700H .rsrc$02                DATA

  Address         Publics by Value              Rva+Base       Lib:Object

 0000:00000000       ___guard_fids_count        00000000     <absolute>
 0000:00000000       __except_list              00000000     <absolute>
 0000:00000000       ___guard_flags             00000000     <absolute>
 0000:00000000       ___guard_fids_table        00000000     <absolute>
 0000:00000001       ___safe_se_handler_count   00000001     <absolute>
 0000:00009876       __ldused                   00009876     <absolute>
 0000:00009876       __fltused                  00009876     <absolute>
 0000:00000000       ___ImageBase               10000000     <linker-defined>
 0001:00002d30       ??0BoxController@Cct@physx@@QAE@ABVPxControllerDesc@2@AAVPxPhysics@2@PAVPxScene@2@@Z 10003d30 f   CctBoxController.obj
 0001:00002e20       ??1BoxController@Cct@physx@@UAE@XZ 10003e20 f   CctBoxController.obj
 0001:00002e60       ?getWorldBox@BoxController@Cct@physx@@UBE_NAAUPxExtendedBounds3@3@@Z 10003e60 f   CctBoxController.obj
 0001:00002ed0       ?setFootPosition@BoxController@Cct@physx@@UAE_NABUPxExtendedVec3@3@@Z 10003ed0 f   CctBoxController.obj
 0001:00002f50       ?getFootPosition@BoxController@Cct@physx@@UBE?AUPxExtendedVec3@3@XZ 10003f50 f   CctBoxController.obj
 0001:00002ff0       ?invalidateCache@BoxController@Cct@physx@@UAEXXZ 10003ff0 f   CctBoxController.obj
 0001:00003050       ?resize@BoxController@Cct@physx@@UAEXM@Z 10004050 f   CctBoxController.obj
 0001:00003100       ?getHalfHeight@BoxController@Cct@physx@@UBEMXZ 10004100 f   CctBoxController.obj
 0001:00003120       ?getHalfSideExtent@BoxController@Cct@physx@@UBEMXZ 10004120 f   CctBoxController.obj
 0001:00003140       ?getHalfForwardExtent@BoxController@Cct@physx@@UBEMXZ 10004140 f   CctBoxController.obj
 0001:00003160       ?setHalfHeight@BoxController@Cct@physx@@UAE_NM@Z 10004160 f   CctBoxController.obj
 0001:000031a0       ?setHalfSideExtent@BoxController@Cct@physx@@UAE_NM@Z 100041a0 f   CctBoxController.obj
 0001:000031e0       ?setHalfForwardExtent@BoxController@Cct@physx@@UAE_NM@Z 100041e0 f   CctBoxController.obj
 0001:00003220       ?updateKinematicProxy@BoxController@Cct@physx@@QAE_NXZ 10004220 f   CctBoxController.obj
 0001:00003320       ?getOBB@BoxController@Cct@physx@@QBEXAAVPxExtendedBox@3@@Z 10004320 f   CctBoxController.obj
 0001:00003580       ??0PxBoxController@physx@@IAE@XZ 10004580 f i CctBoxController.obj
 0001:000035b0       ??0PxBoxGeometry@physx@@QAE@XZ 100045b0 f i CctBoxController.obj
 0001:00003610       ??0PxController@physx@@IAE@XZ 10004610 f i CctBoxController.obj
 0001:00003630       ??0PxControllerManager@physx@@IAE@XZ 10004630 f i CctBoxController.obj
 0001:00003650       ??0PxControllerManager@physx@@QAE@ABV01@@Z 10004650 f i CctBoxController.obj
 0001:00003670       ??0PxExtendedBounds3@physx@@QAE@XZ 10004670 f i CctBoxController.obj
 0001:000036a0       ??0PxExtendedVec3@physx@@QAE@NNN@Z 100046a0 f i CctBoxController.obj
 0001:000036f0       ??0PxExtendedVec3@physx@@QAE@XZ 100046f0 f i CctBoxController.obj
 0001:00003710       ??0PxGeometry@physx@@IAE@W4Enum@PxGeometryType@1@@Z 10004710 f i CctBoxController.obj
 0001:00003730       ??0PxVec3@physx@@QAE@ABV01@@Z 10004730 f i CctBoxController.obj
 0001:00003770       ??0PxVec3@physx@@QAE@MMM@Z 10004770 f i CctBoxController.obj
 0001:000037c0       ??1PxBoxController@physx@@MAE@XZ 100047c0 f i CctBoxController.obj
 0001:000037f0       ??1PxController@physx@@MAE@XZ 100047f0 f i CctBoxController.obj
 0001:00003810       ??1PxControllerManager@physx@@MAE@XZ 10004810 f i CctBoxController.obj
 0001:00003830       ??3UserAllocated@shdfnd@physx@@SAXPAX@Z 10004830 f i CctBoxController.obj
 0001:00003860       ??4PxControllerManager@physx@@QAEAAV01@ABV01@@Z 10004860 f i CctBoxController.obj
 0001:00003880       ??4PxQuat@physx@@QAEAAV01@ABV01@@Z 10004880 f i CctBoxController.obj
 0001:000038d0       ??4PxVec3@physx@@QAEAAV01@ABV01@@Z 100048d0 f i CctBoxController.obj
 0001:00003910       ??DPxVec3@physx@@QBE?AV01@M@Z 10004910 f i CctBoxController.obj
 0001:00003980       ??GPxExtendedVec3@physx@@QBE?AVPxVec3@1@ABU01@@Z 10004980 f i CctBoxController.obj
 0001:00003a00       ??HPxExtendedVec3@physx@@QBE?AU01@ABU01@@Z 10004a00 f i CctBoxController.obj
 0001:00003a80       ??XPxExtendedVec3@physx@@QAEAAU01@ABM@Z 10004a80 f i CctBoxController.obj
 0001:00003af0       ??XPxVec3@physx@@QAEAAV01@M@Z 10004af0 f i CctBoxController.obj
 0001:00003b50       ??YPxExtendedVec3@physx@@QAEAAU01@ABVPxVec3@1@@Z 10004b50 f i CctBoxController.obj
 0001:00003bc0       ??ZPxExtendedVec3@physx@@QAEAAU01@ABVPxVec3@1@@Z 10004bc0 f i CctBoxController.obj
 0001:00003c39       ??_EBoxController@Cct@physx@@W7AEPAXI@Z 10004c39 f i CctBoxController.obj
 0001:00003c50       ??_EPxControllerManager@physx@@MAEPAXI@Z 10004c50 f i CctBoxController.obj
 0001:00003ce0       ??_EBoxController@Cct@physx@@UAEPAXI@Z 10004ce0 f i CctBoxController.obj
 0001:00003ce0       ??_GBoxController@Cct@physx@@UAEPAXI@Z 10004ce0 f i CctBoxController.obj
 0001:00003d20       ??_EPxBoxController@physx@@MAEPAXI@Z 10004d20 f i CctBoxController.obj
 0001:00003d20       ??_GPxBoxController@physx@@MAEPAXI@Z 10004d20 f i CctBoxController.obj
 0001:00003d60       ??_EPxController@physx@@MAEPAXI@Z 10004d60 f i CctBoxController.obj
 0001:00003d60       ??_GPxController@physx@@MAEPAXI@Z 10004d60 f i CctBoxController.obj
 0001:00003da0       ??_GPxControllerManager@physx@@MAEPAXI@Z 10004da0 f i CctBoxController.obj
 0001:00003de0       ??_H@YGXPAXIHP6EPAX0@Z@Z   10004de0 f i CctBoxController.obj
 0001:00003e10       ??_I@YGXPAXIHP6EX0@Z@Z     10004e10 f i CctBoxController.obj
 0001:00003e50       ?createController@PxControllerManager@physx@@UAEPAVPxController@2@AAVPxPhysics@2@PAVPxScene@2@ABVPxControllerDesc@2@@Z 10004e50 f i CctBoxController.obj
 0001:00003ec0       ?getActor@BoxController@Cct@physx@@UBEPAVPxRigidDynamic@3@XZ 10004ec0 f i CctBoxController.obj
 0001:00003ee0       ?getCenter@physx@@YAXABUPxExtendedBounds3@1@AAUPxExtendedVec3@1@@Z 10004ee0 f i CctBoxController.obj
 0001:00003f60       ?getContactOffset@BoxController@Cct@physx@@UBEMXZ 10004f60 f i CctBoxController.obj
 0001:00003f80       ?getExtents@physx@@YAXABUPxExtendedBounds3@1@AAVPxVec3@1@@Z 10004f80 f i CctBoxController.obj
 0001:00003fd0       ?getHalfHeightInternal@BoxController@Cct@physx@@UBEMXZ 10004fd0 f i CctBoxController.obj
 0001:00003ff0       ?getNonWalkableMode@BoxController@Cct@physx@@UBE?AW4Enum@PxControllerNonWalkableMode@3@XZ 10004ff0 f i CctBoxController.obj
 0001:00004010       ?getPosition@BoxController@Cct@physx@@UBEABUPxExtendedVec3@3@XZ 10005010 f i CctBoxController.obj
 0001:00004030       ?getPxController@BoxController@Cct@physx@@UAEPAVPxController@3@XZ 10005030 f i CctBoxController.obj
 0001:00004050       ?getScene@BoxController@Cct@physx@@UAEPAVPxScene@3@XZ 10005050 f i CctBoxController.obj
 0001:00004070       ?getSlopeLimit@BoxController@Cct@physx@@UBEMXZ 10005070 f i CctBoxController.obj
 0001:00004090       ?getState@BoxController@Cct@physx@@UBEXAAUPxControllerState@3@@Z 10005090 f i CctBoxController.obj
 0001:000040c0       ?getStats@BoxController@Cct@physx@@UBEXAAUPxControllerStats@3@@Z 100050c0 f i CctBoxController.obj
 0001:000040f0       ?getStepOffset@BoxController@Cct@physx@@UBEMXZ 100050f0 f i CctBoxController.obj
 0001:00004110       ?getType@BoxController@Cct@physx@@UBE?AW4Enum@PxControllerShapeType@3@XZ 10005110 f i CctBoxController.obj
 0001:00004130       ?getUpDirection@BoxController@Cct@physx@@UBE?AVPxVec3@3@XZ 10005130 f i CctBoxController.obj
 0001:00004160       ?getUserData@BoxController@Cct@physx@@UBEPAXXZ 10005160 f i CctBoxController.obj
 0001:00004180       ?lock@?$MutexT@V?$ReflectionAllocator@VMutexImpl@shdfnd@physx@@@shdfnd@physx@@@shdfnd@physx@@QBEXXZ 10005180 f i CctBoxController.obj
 0001:000041a0       ?release@BoxController@Cct@physx@@UAEXXZ 100051a0 f i CctBoxController.obj
 0001:000041c0       ?setCenterExtents@physx@@YAXAAUPxExtendedBounds3@1@ABUPxExtendedVec3@1@ABVPxVec3@1@@Z 100051c0 f i CctBoxController.obj
 0001:00004250       ?setContactOffset@BoxController@Cct@physx@@UAEXM@Z 10005250 f i CctBoxController.obj
 0001:00004290       ?setNonWalkableMode@BoxController@Cct@physx@@UAEXW4Enum@PxControllerNonWalkableMode@3@@Z 10005290 f i CctBoxController.obj
 0001:000042b0       ?setPosition@BoxController@Cct@physx@@UAE_NABUPxExtendedVec3@3@@Z 100052b0 f i CctBoxController.obj
 0001:000042e0       ?setSlopeLimit@BoxController@Cct@physx@@UAEXM@Z 100052e0 f i CctBoxController.obj
 0001:00004320       ?setStepOffset@BoxController@Cct@physx@@UAEXM@Z 10005320 f i CctBoxController.obj
 0001:00004360       ?setUpDirection@BoxController@Cct@physx@@UAEXABVPxVec3@3@@Z 10005360 f i CctBoxController.obj
 0001:00004390       ?setUserData@BoxController@Cct@physx@@UAEXPAX@Z 10005390 f i CctBoxController.obj
 0001:000043b0       ?unlock@?$MutexT@V?$ReflectionAllocator@VMutexImpl@shdfnd@physx@@@shdfnd@physx@@@shdfnd@physx@@QBEXXZ 100053b0 f i CctBoxController.obj
 0001:000043d0       ??0CapsuleController@Cct@physx@@QAE@ABVPxControllerDesc@2@AAVPxPhysics@2@PAVPxScene@2@@Z 100053d0 f   CctCapsuleController.obj
 0001:000044d0       ??1CapsuleController@Cct@physx@@UAE@XZ 100054d0 f   CctCapsuleController.obj
 0001:00004510       ?getWorldBox@CapsuleController@Cct@physx@@UBE_NAAUPxExtendedBounds3@3@@Z 10005510 f   CctCapsuleController.obj
 0001:00004590       ?setFootPosition@CapsuleController@Cct@physx@@UAE_NABUPxExtendedVec3@3@@Z 10005590 f   CctCapsuleController.obj
 0001:00004620       ?getFootPosition@CapsuleController@Cct@physx@@UBE?AUPxExtendedVec3@3@XZ 10005620 f   CctCapsuleController.obj
 0001:000046d0       ?invalidateCache@CapsuleController@Cct@physx@@UAEXXZ 100056d0 f   CctCapsuleController.obj
 0001:00004730       ?resize@CapsuleController@Cct@physx@@UAEXM@Z 10005730 f   CctCapsuleController.obj
 0001:00004800       ?getClimbingMode@CapsuleController@Cct@physx@@UBE?AW4Enum@PxCapsuleClimbingMode@3@XZ 10005800 f   CctCapsuleController.obj
 0001:00004820       ?setRadius@CapsuleController@Cct@physx@@UAE_NM@Z 10005820 f   CctCapsuleController.obj
 0001:00004900       ?setHeight@CapsuleController@Cct@physx@@UAE_NM@Z 10005900 f   CctCapsuleController.obj
 0001:000049e0       ?setClimbingMode@CapsuleController@Cct@physx@@UAE_NW4Enum@PxCapsuleClimbingMode@3@@Z 100059e0 f   CctCapsuleController.obj
 0001:00004a10       ?getCapsule@CapsuleController@Cct@physx@@QBEXAAUPxExtendedCapsule@3@@Z 10005a10 f   CctCapsuleController.obj
 0001:00004d60       ??0PxCapsuleController@physx@@IAE@XZ 10005d60 f i CctCapsuleController.obj
 0001:00004d90       ??0PxCapsuleGeometry@physx@@QAE@XZ 10005d90 f i CctCapsuleController.obj
 0001:00004de0       ??1PxCapsuleController@physx@@MAE@XZ 10005de0 f i CctCapsuleController.obj
 0001:00004e03       ??_ECapsuleController@Cct@physx@@W7AEPAXI@Z 10005e03 f i CctCapsuleController.obj
 0001:00004e10       ??_GCapsuleController@Cct@physx@@UAEPAXI@Z 10005e10 f i CctCapsuleController.obj
 0001:00004e10       ??_ECapsuleController@Cct@physx@@UAEPAXI@Z 10005e10 f i CctCapsuleController.obj
 0001:00004e50       ??_EPxCapsuleController@physx@@MAEPAXI@Z 10005e50 f i CctCapsuleController.obj
 0001:00004e50       ??_GPxCapsuleController@physx@@MAEPAXI@Z 10005e50 f i CctCapsuleController.obj
 0001:00004e90       ?getActor@CapsuleController@Cct@physx@@UBEPAVPxRigidDynamic@3@XZ 10005e90 f i CctCapsuleController.obj
 0001:00004eb0       ?getContactOffset@CapsuleController@Cct@physx@@UBEMXZ 10005eb0 f i CctCapsuleController.obj
 0001:00004ed0       ?getHalfHeightInternal@CapsuleController@Cct@physx@@UBEMXZ 10005ed0 f i CctCapsuleController.obj
 0001:00004f10       ?getHeight@CapsuleController@Cct@physx@@UBEMXZ 10005f10 f i CctCapsuleController.obj
 0001:00004f30       ?getNonWalkableMode@CapsuleController@Cct@physx@@UBE?AW4Enum@PxControllerNonWalkableMode@3@XZ 10005f30 f i CctCapsuleController.obj
 0001:00004f50       ?getPosition@CapsuleController@Cct@physx@@UBEABUPxExtendedVec3@3@XZ 10005f50 f i CctCapsuleController.obj
 0001:00004f70       ?getPxController@CapsuleController@Cct@physx@@UAEPAVPxController@3@XZ 10005f70 f i CctCapsuleController.obj
 0001:00004f90       ?getRadius@CapsuleController@Cct@physx@@UBEMXZ 10005f90 f i CctCapsuleController.obj
 0001:00004fb0       ?getScene@CapsuleController@Cct@physx@@UAEPAVPxScene@3@XZ 10005fb0 f i CctCapsuleController.obj
 0001:00004fd0       ?getSlopeLimit@CapsuleController@Cct@physx@@UBEMXZ 10005fd0 f i CctCapsuleController.obj
 0001:00004ff0       ?getState@CapsuleController@Cct@physx@@UBEXAAUPxControllerState@3@@Z 10005ff0 f i CctCapsuleController.obj
 0001:00005020       ?getStats@CapsuleController@Cct@physx@@UBEXAAUPxControllerStats@3@@Z 10006020 f i CctCapsuleController.obj
 0001:00005050       ?getStepOffset@CapsuleController@Cct@physx@@UBEMXZ 10006050 f i CctCapsuleController.obj
 0001:00005070       ?getType@CapsuleController@Cct@physx@@UBE?AW4Enum@PxControllerShapeType@3@XZ 10006070 f i CctCapsuleController.obj
 0001:00005090       ?getUpDirection@CapsuleController@Cct@physx@@UBE?AVPxVec3@3@XZ 10006090 f i CctCapsuleController.obj
 0001:000050c0       ?getUserData@CapsuleController@Cct@physx@@UBEPAXXZ 100060c0 f i CctCapsuleController.obj
 0001:000050e0       ?release@CapsuleController@Cct@physx@@UAEXXZ 100060e0 f i CctCapsuleController.obj
 0001:00005100       ?setContactOffset@CapsuleController@Cct@physx@@UAEXM@Z 10006100 f i CctCapsuleController.obj
 0001:00005140       ?setNonWalkableMode@CapsuleController@Cct@physx@@UAEXW4Enum@PxControllerNonWalkableMode@3@@Z 10006140 f i CctCapsuleController.obj
 0001:00005160       ?setPosition@CapsuleController@Cct@physx@@UAE_NABUPxExtendedVec3@3@@Z 10006160 f i CctCapsuleController.obj
 0001:00005190       ?setSlopeLimit@CapsuleController@Cct@physx@@UAEXM@Z 10006190 f i CctCapsuleController.obj
 0001:000051d0       ?setStepOffset@CapsuleController@Cct@physx@@UAEXM@Z 100061d0 f i CctCapsuleController.obj
 0001:00005210       ?setUpDirection@CapsuleController@Cct@physx@@UAEXABVPxVec3@3@@Z 10006210 f i CctCapsuleController.obj
 0001:00005240       ?setUserData@CapsuleController@Cct@physx@@UAEXPAX@Z 10006240 f i CctCapsuleController.obj
 0001:00005260       ??0CCTParams@Cct@physx@@QAE@XZ 10006260 f   CctCharacterController.obj
 0001:00005320       ??0SweepTest@Cct@physx@@QAE@XZ 10006320 f   CctCharacterController.obj
 0001:00005640       ??1SweepTest@Cct@physx@@QAE@XZ 10006640 f   CctCharacterController.obj
 0001:00005670       ?moveCharacter@SweepTest@Cct@physx@@QAE?AV?$PxFlags@W4Enum@PxControllerCollisionFlag@physx@@E@3@PBUInternalCBData_FindTouchedGeom@23@PBUInternalCBData_OnHit@23@AAVSweptVolume@23@ABVPxVec3@3@ABUUserObstacles@23@MABVPxControllerFilters@3@_N6@Z 10006670 f   CctCharacterController.obj
 0001:00006090       ?doSweepTest@SweepTest@Cct@physx@@QAE_NPBUInternalCBData_FindTouchedGeom@23@PBUInternalCBData_OnHit@23@ABUUserObstacles@23@AAVSweptVolume@23@ABVPxVec3@3@4IPAIMABVPxControllerFilters@3@W4SweepPass@23@@Z 10007090 f   CctCharacterController.obj
 0001:00006b30       ?findTouchedObstacles@SweepTest@Cct@physx@@QAEXABUUserObstacles@23@ABUPxExtendedBounds3@3@@Z 10007b30 f   CctCharacterController.obj
 0001:00007010       ?voidTestCache@SweepTest@Cct@physx@@QAEXXZ 10008010 f   CctCharacterController.obj
 0001:00007050       ?onRelease@SweepTest@Cct@physx@@QAEXABVPxBase@3@@Z 10008050 f   CctCharacterController.obj
 0001:00007100       ?onObstacleRemoved@SweepTest@Cct@physx@@QAEXI@Z 10008100 f   CctCharacterController.obj
 0001:00007130       ?onObstacleUpdated@SweepTest@Cct@physx@@QAEXIPBVPxObstacleContext@3@ABVPxVec3@3@1M@Z 10008130 f   CctCharacterController.obj
 0001:00007290       ?onObstacleAdded@SweepTest@Cct@physx@@QAEXIPBVPxObstacleContext@3@ABVPxVec3@3@1M@Z 10008290 f   CctCharacterController.obj
 0001:00007410       ?onOriginShift@SweepTest@Cct@physx@@QAEXABVPxVec3@3@@Z 10008410 f   CctCharacterController.obj
 0001:00007510       ?updateTouchedGeoms@SweepTest@Cct@physx@@AAEXPBUInternalCBData_FindTouchedGeom@23@ABUUserObstacles@23@ABUPxExtendedBounds3@3@ABVPxControllerFilters@3@ABVPxVec3@3@@Z 10008510 f   CctCharacterController.obj
 0001:00007b10       ?findTouchedObject@Controller@Cct@physx@@IAEXABVPxControllerFilters@3@PBVPxObstacleContext@3@ABVPxVec3@3@@Z 10008b10 f   CctCharacterController.obj
 0001:000080e0       ?rideOnTouchedObject@Controller@Cct@physx@@IAE_NAAVSweptVolume@23@ABVPxVec3@3@AAV53@PBVPxObstacleContext@3@@Z 100090e0 f   CctCharacterController.obj
 0001:00008590       ?move@Controller@Cct@physx@@IAE?AV?$PxFlags@W4Enum@PxControllerCollisionFlag@physx@@E@3@AAVSweptVolume@23@ABVPxVec3@3@MMABVPxControllerFilters@3@PBVPxObstacleContext@3@_N@Z 10009590 f   CctCharacterController.obj
 0001:00009530       ?filterTouchedShape@Controller@Cct@physx@@IAE_NABVPxControllerFilters@3@@Z 1000a530 f   CctCharacterController.obj
 0001:0000b840       ?move@BoxController@Cct@physx@@UAE?AV?$PxFlags@W4Enum@PxControllerCollisionFlag@physx@@E@3@ABVPxVec3@3@MMABVPxControllerFilters@3@PBVPxObstacleContext@3@@Z 1000c840 f   CctCharacterController.obj
 0001:0000b930       ?move@CapsuleController@Cct@physx@@UAE?AV?$PxFlags@W4Enum@PxControllerCollisionFlag@physx@@E@3@ABVPxVec3@3@MMABVPxControllerFilters@3@PBVPxObstacleContext@3@@Z 1000c930 f   CctCharacterController.obj
 0001:0000d430       ??$PX_UNUSED@I@@YAXABI@Z   1000e430 f i CctCharacterController.obj
 0001:0000d440       ??$PX_UNUSED@PBUPxRaycastHit@physx@@@@YAXABQBUPxRaycastHit@physx@@@Z 1000e440 f i CctCharacterController.obj
 0001:0000d450       ??$PX_UNUSED@W4PxIDENTITY@physx@@@@YAXABW4PxIDENTITY@physx@@@Z 1000e450 f i CctCharacterController.obj
 0001:0000d460       ??$PxMax@N@physx@@YANNN@Z  1000e460 f i CctCharacterController.obj
 0001:0000d4a0       ??$PxMin@N@physx@@YANNN@Z  1000e4a0 f i CctCharacterController.obj
 0001:0000d4e0       ??$PxUnionCast@PBVPxGeometry@physx@@PAY03$$CBE@physx@@YAPBVPxGeometry@0@PAY03$$CBE@Z 1000e4e0 f i CctCharacterController.obj
 0001:0000d500       ??$reserve@IVNamedAllocator@shdfnd@physx@@@Cct@physx@@YAPAIAAV?$Array@IVNamedAllocator@shdfnd@physx@@@shdfnd@1@I@Z 1000e500 f i CctCharacterController.obj
 0001:0000d550       ??0?$Array@IVNamedAllocator@shdfnd@physx@@@shdfnd@physx@@QAE@ABVNamedAllocator@12@@Z 1000e550 f i CctCharacterController.obj
 0001:0000d5a0       ??0?$Array@VPxTriangle@physx@@VNamedAllocator@shdfnd@2@@shdfnd@physx@@QAE@ABVNamedAllocator@12@@Z 1000e5a0 f i CctCharacterController.obj
 0001:0000d5f0       ??0?$PxFlags@W4Enum@PxControllerCollisionFlag@physx@@E@physx@@QAE@ABV01@@Z 1000e5f0 f i CctCharacterController.obj
 0001:0000d610       ??0?$PxFlags@W4Enum@PxControllerCollisionFlag@physx@@E@physx@@QAE@E@Z 1000e610 f i CctCharacterController.obj
 0001:0000d630       ??0?$PxFlags@W4Enum@PxHitFlag@physx@@G@physx@@QAE@ABV01@@Z 1000e630 f i CctCharacterController.obj
 0001:0000d660       ??0?$PxFlags@W4Enum@PxHitFlag@physx@@G@physx@@QAE@G@Z 1000e660 f i CctCharacterController.obj
 0001:0000d680       ??0?$PxFlags@W4Enum@PxHitFlag@physx@@G@physx@@QAE@W4Enum@PxHitFlag@1@@Z 1000e680 f i CctCharacterController.obj
 0001:0000d6a0       ??0?$PxFlags@W4Enum@PxQueryFlag@physx@@G@physx@@QAE@ABV01@@Z 1000e6a0 f i CctCharacterController.obj
 0001:0000d6d0       ??0?$PxFlags@W4Enum@PxQueryFlag@physx@@G@physx@@QAE@W4Enum@PxQueryFlag@1@@Z 1000e6d0 f i CctCharacterController.obj
 0001:0000d6f0       ??0?$PxFlags@W4Enum@PxQueryFlag@physx@@G@physx@@QAE@XZ 1000e6f0 f i CctCharacterController.obj
 0001:0000d710       ??0?$PxFlags@W4Enum@PxShapeFlag@physx@@E@physx@@QAE@ABV01@@Z 1000e710 f i CctCharacterController.obj
 0001:0000d730       ??0?$PxHitBuffer@UPxRaycastHit@physx@@@physx@@QAE@PAUPxRaycastHit@1@I@Z 1000e730 f i CctCharacterController.obj
 0001:0000d770       ??0?$PxHitCallback@UPxRaycastHit@physx@@@physx@@QAE@PAUPxRaycastHit@1@I@Z 1000e770 f i CctCharacterController.obj
 0001:0000d7d0       ??0CCTFilter@Cct@physx@@QAE@XZ 1000e7d0 f i CctCharacterController.obj
 0001:0000d830       ??0ControllerFilter@@QAE@XZ 1000e830 f i CctCharacterController.obj
 0001:0000d870       ??0DebugBox@Cm@physx@@QAE@ABVPxBounds3@2@_N@Z 1000e870 f i CctCharacterController.obj
 0001:0000d8c0       ??0DebugBox@Cm@physx@@QAE@ABVPxVec3@2@_N@Z 1000e8c0 f i CctCharacterController.obj
 0001:0000d910       ??0Matrix34@Cm@physx@@QAE@XZ 1000e910 f i CctCharacterController.obj
 0001:0000d960       ??0PxActorShape@physx@@QAE@XZ 1000e960 f i CctCharacterController.obj
 0001:0000d990       ??0PxBounds3@physx@@QAE@ABVPxVec3@1@0@Z 1000e990 f i CctCharacterController.obj
 0001:0000d9d0       ??0PxBoxGeometry@physx@@QAE@VPxVec3@1@@Z 1000e9d0 f i CctCharacterController.obj
 0001:0000da10       ??0PxCapsuleGeometry@physx@@QAE@MM@Z 1000ea10 f i CctCharacterController.obj
 0001:0000da60       ??0PxExtendedBox@physx@@QAE@ABV01@@Z 1000ea60 f i CctCharacterController.obj
 0001:0000dae0       ??0PxExtendedBox@physx@@QAE@XZ 1000eae0 f i CctCharacterController.obj
 0001:0000db20       ??0PxExtendedCapsule@physx@@QAE@XZ 1000eb20 f i CctCharacterController.obj
 0001:0000db40       ??0PxExtendedSegment@physx@@QAE@XZ 1000eb40 f i CctCharacterController.obj
 0001:0000db70       ??0PxFilterData@physx@@QAE@XZ 1000eb70 f i CctCharacterController.obj
 0001:0000dbc0       ??0PxLocationHit@physx@@QAE@XZ 1000ebc0 f i CctCharacterController.obj
 0001:0000dc40       ??0PxMat33@physx@@QAE@ABVPxQuat@1@@Z 1000ec40 f i CctCharacterController.obj
 0001:0000dec0       ??0PxMat33@physx@@QAE@W4PxIDENTITY@1@@Z 1000eec0 f i CctCharacterController.obj
 0001:0000dfb0       ??0PxQuat@physx@@QAE@ABV01@@Z 1000efb0 f i CctCharacterController.obj
 0001:0000e000       ??0PxQuat@physx@@QAE@MMMM@Z 1000f000 f i CctCharacterController.obj
 0001:0000e060       ??0PxQuat@physx@@QAE@W4PxIDENTITY@1@@Z 1000f060 f i CctCharacterController.obj
 0001:0000e0e0       ??0PxQuat@physx@@QAE@XZ    1000f0e0 f i CctCharacterController.obj
 0001:0000e100       ??0PxQueryFilterCallback@physx@@QAE@XZ 1000f100 f i CctCharacterController.obj
 0001:0000e120       ??0PxQueryFilterData@physx@@QAE@ABUPxFilterData@1@V?$PxFlags@W4Enum@PxQueryFlag@physx@@G@1@@Z 1000f120 f i CctCharacterController.obj
 0001:0000e180       ??0PxQueryHit@physx@@QAE@XZ 1000f180 f i CctCharacterController.obj
 0001:0000e1b0       ??0PxRaycastHit@physx@@QAE@XZ 1000f1b0 f i CctCharacterController.obj
 0001:0000e200       ??0PxSphereGeometry@physx@@QAE@XZ 1000f200 f i CctCharacterController.obj
 0001:0000e240       ??0PxSweepHit@physx@@QAE@XZ 1000f240 f i CctCharacterController.obj
 0001:0000e260       ??0PxTransform@physx@@QAE@ABVPxVec3@1@ABVPxQuat@1@@Z 1000f260 f i CctCharacterController.obj
 0001:0000e2f0       ??0PxTransform@physx@@QAE@XZ 1000f2f0 f i CctCharacterController.obj
 0001:0000e320       ??0PxVec3@physx@@QAE@M@Z   1000f320 f i CctCharacterController.obj
 0001:0000e370       ??0PxVec3@physx@@QAE@XZ    1000f370 f i CctCharacterController.obj
 0001:0000e390       ??0SIMDGuard@shdfnd@physx@@QAE@XZ 1000f390 f i CctCharacterController.obj
 0001:0000e3c0       ??0SweptContact@Cct@physx@@QAE@XZ 1000f3c0 f i CctCharacterController.obj
 0001:0000e3f0       ??1?$Array@IVNamedAllocator@shdfnd@physx@@@shdfnd@physx@@QAE@XZ 1000f3f0 f i CctCharacterController.obj
 0001:0000e460       ??1?$Array@VPxTriangle@physx@@VNamedAllocator@shdfnd@2@@shdfnd@physx@@QAE@XZ 1000f460 f i CctCharacterController.obj
 0001:0000e4d0       ??1?$PxHitBuffer@UPxRaycastHit@physx@@@physx@@UAE@XZ 1000f4d0 f i CctCharacterController.obj
 0001:0000e500       ??1?$PxHitCallback@UPxRaycastHit@physx@@@physx@@UAE@XZ 1000f500 f i CctCharacterController.obj
 0001:0000e520       ??1ControllerFilter@@UAE@XZ 1000f520 f i CctCharacterController.obj
 0001:0000e540       ??1PxExtendedBox@physx@@QAE@XZ 1000f540 f i CctCharacterController.obj
 0001:0000e550       ??1PxQueryFilterCallback@physx@@UAE@XZ 1000f550 f i CctCharacterController.obj
 0001:0000e570       ??1PxTriangle@physx@@QAE@XZ 1000f570 f i CctCharacterController.obj
 0001:0000e580       ??1SIMDGuard@shdfnd@physx@@QAE@XZ 1000f580 f i CctCharacterController.obj
 0001:0000e5b0       ??2@YAPAXIPAX@Z            1000f5b0 f i CctCharacterController.obj
 0001:0000e5c0       ??4?$PxFlags@W4Enum@PxControllerCollisionFlag@physx@@E@physx@@QAEAAV01@ABV01@@Z 1000f5c0 f i CctCharacterController.obj
 0001:0000e5e0       ??4?$PxFlags@W4Enum@PxHitFlag@physx@@G@physx@@QAEAAV01@ABV01@@Z 1000f5e0 f i CctCharacterController.obj
 0001:0000e610       ??4?$PxFlags@W4Enum@PxQueryFlag@physx@@G@physx@@QAEAAV01@ABV01@@Z 1000f610 f i CctCharacterController.obj
 0001:0000e640       ??4CCTParams@Cct@physx@@QAEAAU012@ABU012@@Z 1000f640 f i CctCharacterController.obj
 0001:0000e740       ??4PxExtendedBox@physx@@QAEAAV01@ABV01@@Z 1000f740 f i CctCharacterController.obj
 0001:0000e7c0       ??4PxLocationHit@physx@@QAEAAU01@ABU01@@Z 1000f7c0 f i CctCharacterController.obj
 0001:0000e850       ??4PxRaycastHit@physx@@QAEAAU01@ABU01@@Z 1000f850 f i CctCharacterController.obj
 0001:0000e8d0       ??4PxTransform@physx@@QAEAAV01@ABV01@@Z 1000f8d0 f i CctCharacterController.obj
 0001:0000e910       ??4SweptContact@Cct@physx@@QAEAAU012@ABU012@@Z 1000f910 f i CctCharacterController.obj
 0001:0000e9b0       ??A?$Array@IVNamedAllocator@shdfnd@physx@@@shdfnd@physx@@QBEABII@Z 1000f9b0 f i CctCharacterController.obj
 0001:0000ea20       ??A?$Array@UInternalBoxObstacle@ObstacleContext@Cct@physx@@VNamedAllocator@shdfnd@4@@shdfnd@physx@@QBEABUInternalBoxObstacle@ObstacleContext@Cct@2@I@Z 1000fa20 f i CctCharacterController.obj
 0001:0000ea90       ??A?$Array@UInternalCapsuleObstacle@ObstacleContext@Cct@physx@@VNamedAllocator@shdfnd@4@@shdfnd@physx@@QBEABUInternalCapsuleObstacle@ObstacleContext@Cct@2@I@Z 1000fa90 f i CctCharacterController.obj
 0001:0000eb00       ??A?$Array@VPxTriangle@physx@@VNamedAllocator@shdfnd@2@@shdfnd@physx@@QAEAAVPxTriangle@2@I@Z 1000fb00 f i CctCharacterController.obj
 0001:0000eb70       ??A?$Array@VPxTriangle@physx@@VNamedAllocator@shdfnd@2@@shdfnd@physx@@QBEABVPxTriangle@2@I@Z 1000fb70 f i CctCharacterController.obj
 0001:0000ebe0       ??B?$PxFlags@W4Enum@PxControllerBehaviorFlag@physx@@E@physx@@QBEIXZ 1000fbe0 f i CctCharacterController.obj
 0001:0000ec00       ??B?$PxFlags@W4Enum@PxControllerDebugRenderFlag@physx@@I@physx@@QBEIXZ 1000fc00 f i CctCharacterController.obj
 0001:0000ec20       ??B?$PxFlags@W4Enum@PxQueryFlag@physx@@G@physx@@QBE_NXZ 1000fc20 f i CctCharacterController.obj
 0001:0000ec50       ??B?$PxFlags@W4Enum@PxShapeFlag@physx@@E@physx@@QBE_NXZ 1000fc50 f i CctCharacterController.obj
 0001:0000ec80       ??DPxQuat@physx@@QBE?AV01@ABV01@@Z 1000fc80 f i CctCharacterController.obj
 0001:0000ee30       ??DPxTransform@physx@@QBE?AV01@ABV01@@Z 1000fe30 f i CctCharacterController.obj
 0001:0000eeb0       ??GPxVec3@physx@@QBE?AV01@ABV01@@Z 1000feb0 f i CctCharacterController.obj
 0001:0000ef20       ??GPxVec3@physx@@QBE?AV01@XZ 1000ff20 f i CctCharacterController.obj
 0001:0000ef90       ??HPxVec3@physx@@QBE?AV01@ABV01@@Z 1000ff90 f i CctCharacterController.obj
 0001:0000f000       ??I?$PxFlags@W4Enum@PxQueryFlag@physx@@G@physx@@QBE?AV01@W4Enum@PxQueryFlag@1@@Z 10010000 f i CctCharacterController.obj
 0001:0000f050       ??I?$PxFlags@W4Enum@PxShapeFlag@physx@@E@physx@@QBE?AV01@W4Enum@PxShapeFlag@1@@Z 10010050 f i CctCharacterController.obj
 0001:0000f0a0       ??R?$Hash@PAVPxShape@physx@@@shdfnd@physx@@QBEIABQAVPxShape@2@@Z 100100a0 f i CctCharacterController.obj
 0001:0000f0d0       ??R?$Hash@PAVPxShape@physx@@@shdfnd@physx@@QBE_NABQAVPxShape@2@0@Z 100100d0 f i CctCharacterController.obj
 0001:0000f110       ??RGetKey@?$HashSetBase@PAVPxShape@physx@@U?$Hash@PAVPxShape@physx@@@shdfnd@2@VAllocator@42@$0A@@internal@shdfnd@physx@@QAEABQAVPxShape@4@ABQAV54@@Z 10010110 f i CctCharacterController.obj
 0001:0000f130       ??U?$PxFlags@W4Enum@PxHitFlag@physx@@G@physx@@QBE?AV01@W4Enum@PxHitFlag@1@@Z 10010130 f i CctCharacterController.obj
 0001:0000f180       ??U?$PxFlags@W4Enum@PxQueryFlag@physx@@G@physx@@QBE?AV01@W4Enum@PxQueryFlag@1@@Z 10010180 f i CctCharacterController.obj
 0001:0000f1d0       ??Uphysx@@YA?AV?$PxFlags@W4Enum@PxHitFlag@physx@@G@0@W4Enum@PxHitFlag@0@0@Z 100101d0 f i CctCharacterController.obj
 0001:0000f210       ??Uphysx@@YA?AV?$PxFlags@W4Enum@PxQueryFlag@physx@@G@0@W4Enum@PxQueryFlag@0@0@Z 10010210 f i CctCharacterController.obj
 0001:0000f250       ??YPxVec3@physx@@QAEAAV01@ABV01@@Z 10010250 f i CctCharacterController.obj
 0001:0000f2c0       ??ZPxVec3@physx@@QAEAAV01@ABV01@@Z 100102c0 f i CctCharacterController.obj
 0001:0000f330       ??_0PxVec3@physx@@QAEAAV01@M@Z 10010330 f i CctCharacterController.obj
 0001:0000f3b0       ??_5?$PxFlags@W4Enum@PxControllerCollisionFlag@physx@@E@physx@@QAEAAV01@W4Enum@PxControllerCollisionFlag@1@@Z 100103b0 f i CctCharacterController.obj
 0001:0000f3e0       ??_5?$PxFlags@W4Enum@PxHitFlag@physx@@G@physx@@QAEAAV01@W4Enum@PxHitFlag@1@@Z 100103e0 f i CctCharacterController.obj
 0001:0000f410       ??_5?$PxFlags@W4Enum@PxQueryFlag@physx@@G@physx@@QAEAAV01@W4Enum@PxQueryFlag@1@@Z 10010410 f i CctCharacterController.obj
 0001:0000f440       ??_G?$PxHitBuffer@UPxRaycastHit@physx@@@physx@@UAEPAXI@Z 10010440 f i CctCharacterController.obj
 0001:0000f440       ??_E?$PxHitBuffer@UPxRaycastHit@physx@@@physx@@UAEPAXI@Z 10010440 f i CctCharacterController.obj
 0001:0000f480       ??_E?$PxHitCallback@UPxRaycastHit@physx@@@physx@@UAEPAXI@Z 10010480 f i CctCharacterController.obj
 0001:0000f480       ??_G?$PxHitCallback@UPxRaycastHit@physx@@@physx@@UAEPAXI@Z 10010480 f i CctCharacterController.obj
 0001:0000f4c0       ??_GControllerFilter@@UAEPAXI@Z 100104c0 f i CctCharacterController.obj
 0001:0000f4c0       ??_EControllerFilter@@UAEPAXI@Z 100104c0 f i CctCharacterController.obj
 0001:0000f500       ??_GPxExtendedBox@physx@@QAEPAXI@Z 10010500 f i CctCharacterController.obj
 0001:0000f540       ??_EPxQueryFilterCallback@physx@@UAEPAXI@Z 10010540 f i CctCharacterController.obj
 0001:0000f540       ??_GPxQueryFilterCallback@physx@@UAEPAXI@Z 10010540 f i CctCharacterController.obj
 0001:0000f580       ??_GPxTriangle@physx@@QAEPAXI@Z 10010580 f i CctCharacterController.obj
 0001:0000f5c0       ?FLoad@aos@shdfnd@physx@@YA?AT__m128@@M@Z 100105c0 f i CctCharacterController.obj
 0001:0000f600       ?PxAbs@physx@@YAMM@Z       10010600 f i CctCharacterController.obj
 0001:0000f620       ?PxIsFinite@physx@@YA_NM@Z 10010620 f i CctCharacterController.obj
 0001:0000f640       ?PxRecipSqrt@physx@@YAMM@Z 10010640 f i CctCharacterController.obj
 0001:0000f660       ?PxSqrt@physx@@YAMM@Z      10010660 f i CctCharacterController.obj
 0001:0000f680       ?PxSqrt@physx@@YANN@Z      10010680 f i CctCharacterController.obj
 0001:0000f6a0       ?V3Load@aos@shdfnd@physx@@YA?AT__m128@@M@Z 100106a0 f i CctCharacterController.obj
 0001:0000f700       ?V4Load@aos@shdfnd@physx@@YA?AT__m128@@M@Z 10010700 f i CctCharacterController.obj
 0001:0000f740       ?abs@intrinsics@physx@@YAMM@Z 10010740 f i CctCharacterController.obj
 0001:0000f760       ?add@physx@@YAXAAUPxExtendedBounds3@1@ABU21@@Z 10010760 f i CctCharacterController.obj
 0001:0000f790       ?allocate@?$Array@IVNamedAllocator@shdfnd@physx@@@shdfnd@physx@@IAEPAII@Z 10010790 f i CctCharacterController.obj
 0001:0000f810       ?allocate@?$Array@PBXVNamedAllocator@shdfnd@physx@@@shdfnd@physx@@IAEPAPBXI@Z 10010810 f i CctCharacterController.obj
 0001:0000f890       ?allocate@?$Array@UPxExtendedCapsule@physx@@VNamedAllocator@shdfnd@2@@shdfnd@physx@@IAEPAUPxExtendedCapsule@3@I@Z 10010890 f i CctCharacterController.obj
 0001:0000f910       ?allocate@?$Array@VPxExtendedBox@physx@@VNamedAllocator@shdfnd@2@@shdfnd@physx@@IAEPAVPxExtendedBox@3@I@Z 10010910 f i CctCharacterController.obj
 0001:0000f990       ?any@PxGeometryHolder@physx@@QBEABVPxGeometry@2@XZ 10010990 f i CctCharacterController.obj
 0001:0000f9b0       ?begin@?$Array@IVNamedAllocator@shdfnd@physx@@@shdfnd@physx@@QAEPAIXZ 100109b0 f i CctCharacterController.obj
 0001:0000f9d0       ?begin@?$Array@IVNamedAllocator@shdfnd@physx@@@shdfnd@physx@@QBEPBIXZ 100109d0 f i CctCharacterController.obj
 0001:0000f9f0       ?begin@?$Array@PBXVNamedAllocator@shdfnd@physx@@@shdfnd@physx@@QAEPAPBXXZ 100109f0 f i CctCharacterController.obj
 0001:0000fa10       ?begin@?$Array@UPxExtendedCapsule@physx@@VNamedAllocator@shdfnd@2@@shdfnd@physx@@QAEPAUPxExtendedCapsule@3@XZ 10010a10 f i CctCharacterController.obj
 0001:0000fa30       ?begin@?$Array@VPxExtendedBox@physx@@VNamedAllocator@shdfnd@2@@shdfnd@physx@@QAEPAVPxExtendedBox@3@XZ 10010a30 f i CctCharacterController.obj
 0001:0000fa50       ?capacity@?$Array@IVNamedAllocator@shdfnd@physx@@@shdfnd@physx@@QBEIXZ 10010a50 f i CctCharacterController.obj
 0001:0000fa70       ?capacity@?$Array@PBXVNamedAllocator@shdfnd@physx@@@shdfnd@physx@@QBEIXZ 10010a70 f i CctCharacterController.obj
 0001:0000fa90       ?capacity@?$Array@UPxExtendedCapsule@physx@@VNamedAllocator@shdfnd@2@@shdfnd@physx@@QBEIXZ 10010a90 f i CctCharacterController.obj
 0001:0000fab0       ?capacity@?$Array@VPxExtendedBox@physx@@VNamedAllocator@shdfnd@2@@shdfnd@physx@@QBEIXZ 10010ab0 f i CctCharacterController.obj
 0001:0000fad0       ?capacity@?$Array@VPxTriangle@physx@@VNamedAllocator@shdfnd@2@@shdfnd@physx@@QBEIXZ 10010ad0 f i CctCharacterController.obj
 0001:0000faf0       ?capacityIncrement@?$Array@PBXVNamedAllocator@shdfnd@physx@@@shdfnd@physx@@IBEIXZ 10010af0 f i CctCharacterController.obj
 0001:0000fb30       ?capacityIncrement@?$Array@UPxExtendedCapsule@physx@@VNamedAllocator@shdfnd@2@@shdfnd@physx@@IBEIXZ 10010b30 f i CctCharacterController.obj
 0001:0000fb70       ?capacityIncrement@?$Array@VPxExtendedBox@physx@@VNamedAllocator@shdfnd@2@@shdfnd@physx@@IBEIXZ 10010b70 f i CctCharacterController.obj
 0001:0000fbb0       ?clear@?$Array@IVNamedAllocator@shdfnd@physx@@@shdfnd@physx@@QAEXXZ 10010bb0 f i CctCharacterController.obj
 0001:0000fbf0       ?clear@?$Array@VPxTriangle@physx@@VNamedAllocator@shdfnd@2@@shdfnd@physx@@QAEXXZ 10010bf0 f i CctCharacterController.obj
 0001:0000fc30       ?contains@?$HashSetBase@PAVPxShape@physx@@U?$Hash@PAVPxShape@physx@@@shdfnd@2@VAllocator@42@$0A@@internal@shdfnd@physx@@QBE_NABQAVPxShape@4@@Z 10010c30 f i CctCharacterController.obj
 0001:0000fc70       ?copy@?$Array@IVNamedAllocator@shdfnd@physx@@@shdfnd@physx@@KAXPAI0PBI@Z 10010c70 f i CctCharacterController.obj
 0001:0000fce0       ?copy@?$Array@PBXVNamedAllocator@shdfnd@physx@@@shdfnd@physx@@KAXPAPBX0PBQBX@Z 10010ce0 f i CctCharacterController.obj
 0001:0000fd50       ?copy@?$Array@UPxExtendedCapsule@physx@@VNamedAllocator@shdfnd@2@@shdfnd@physx@@KAXPAUPxExtendedCapsule@3@0PBU43@@Z 10010d50 f i CctCharacterController.obj
 0001:0000fdd0       ?copy@?$Array@VPxExtendedBox@physx@@VNamedAllocator@shdfnd@2@@shdfnd@physx@@KAXPAVPxExtendedBox@3@0PBV43@@Z 10010dd0 f i CctCharacterController.obj
 0001:0000fe40       ?cross@PxVec3@physx@@QBE?AV12@ABV12@@Z 10010e40 f i CctCharacterController.obj
 0001:0000ff00       ?deallocate@?$Array@IVNamedAllocator@shdfnd@physx@@@shdfnd@physx@@IAEXPAX@Z 10010f00 f i CctCharacterController.obj
 0001:0000ff20       ?deallocate@?$Array@PBXVNamedAllocator@shdfnd@physx@@@shdfnd@physx@@IAEXPAX@Z 10010f20 f i CctCharacterController.obj
 0001:0000ff40       ?deallocate@?$Array@UPxExtendedCapsule@physx@@VNamedAllocator@shdfnd@2@@shdfnd@physx@@IAEXPAX@Z 10010f40 f i CctCharacterController.obj
 0001:0000ff60       ?deallocate@?$Array@VPxExtendedBox@physx@@VNamedAllocator@shdfnd@2@@shdfnd@physx@@IAEXPAX@Z 10010f60 f i CctCharacterController.obj
 0001:0000ff80       ?deallocate@?$Array@VPxTriangle@physx@@VNamedAllocator@shdfnd@2@@shdfnd@physx@@IAEXPAX@Z 10010f80 f i CctCharacterController.obj
 0001:0000ffa0       ?decomposeVector@shdfnd@physx@@YAXAAVPxVec3@2@0ABV32@1@Z 10010fa0 f i CctCharacterController.obj
 0001:00010010       ?destroy@?$Array@IVNamedAllocator@shdfnd@physx@@@shdfnd@physx@@KAXPAI0@Z 10011010 f i CctCharacterController.obj
 0001:00010030       ?destroy@?$Array@PBXVNamedAllocator@shdfnd@physx@@@shdfnd@physx@@KAXPAPBX0@Z 10011030 f i CctCharacterController.obj
 0001:00010050       ?destroy@?$Array@UPxExtendedCapsule@physx@@VNamedAllocator@shdfnd@2@@shdfnd@physx@@KAXPAUPxExtendedCapsule@3@0@Z 10011050 f i CctCharacterController.obj
 0001:00010070       ?destroy@?$Array@VPxExtendedBox@physx@@VNamedAllocator@shdfnd@2@@shdfnd@physx@@KAXPAVPxExtendedBox@3@0@Z 10011070 f i CctCharacterController.obj
 0001:000100a0       ?destroy@?$Array@VPxTriangle@physx@@VNamedAllocator@shdfnd@2@@shdfnd@physx@@KAXPAVPxTriangle@3@0@Z 100110a0 f i CctCharacterController.obj
 0001:000100d0       ?distance@physx@@YANABUPxExtendedVec3@1@0@Z 100110d0 f i CctCharacterController.obj
 0001:00010170       ?dot@PxVec3@physx@@QBEMABV12@@Z 10011170 f i CctCharacterController.obj
 0001:000101d0       ?encodeUserObject@Cct@physx@@YAIIW4UserObjectType@12@@Z 100111d0 f i CctCharacterController.obj
 0001:00010280       ?end@?$Array@IVNamedAllocator@shdfnd@physx@@@shdfnd@physx@@QAEPAIXZ 10011280 f i CctCharacterController.obj
 0001:000102a0       ?end@?$Array@IVNamedAllocator@shdfnd@physx@@@shdfnd@physx@@QBEPBIXZ 100112a0 f i CctCharacterController.obj
 0001:000102c0       ?finalizeQuery@?$PxHitCallback@UPxRaycastHit@physx@@@physx@@UAEXXZ 100112c0 f i CctCharacterController.obj
 0001:000102d0       ?find@?$HashBase@PAVPxShape@physx@@PAV12@U?$Hash@PAVPxShape@physx@@@shdfnd@2@UGetKey@?$HashSetBase@PAVPxShape@physx@@U?$Hash@PAVPxShape@physx@@@shdfnd@2@VAllocator@42@$0A@@internal@42@VAllocator@42@$0A@@internal@shdfnd@physx@@QBEPBQAVPxShape@4@ABQAV54@@Z 100112d0 f i CctCharacterController.obj
 0001:000103b0       ?forceSize_Unsafe@?$Array@IVNamedAllocator@shdfnd@physx@@@shdfnd@physx@@QAEXI@Z 100113b0 f i CctCharacterController.obj
 0001:00010420       ?forceSize_Unsafe@?$Array@VPxTriangle@physx@@VNamedAllocator@shdfnd@2@@shdfnd@physx@@QAEXI@Z 10011420 f i CctCharacterController.obj
 0001:00010490       ?getAnyHit@?$PxHitBuffer@UPxRaycastHit@physx@@@physx@@QBEABUPxRaycastHit@2@I@Z 10011490 f i CctCharacterController.obj
 0001:00010550       ?getBasisVector0@PxQuat@physx@@QBE?AVPxVec3@2@XZ 10011550 f i CctCharacterController.obj
 0001:00010640       ?getCenter@PxBounds3@physx@@QBE?AVPxVec3@2@XZ 10011640 f i CctCharacterController.obj
 0001:000106f0       ?getConcreteType@PxBase@physx@@QBEGXZ 100116f0 f i CctCharacterController.obj
 0001:00010710       ?getDimensions@PxBounds3@physx@@QBE?AVPxVec3@2@XZ 10011710 f i CctCharacterController.obj
 0001:000107a0       ?getExtents@PxBounds3@physx@@QBE?AVPxVec3@2@XZ 100117a0 f i CctCharacterController.obj
 0001:00010840       ?getGlobalPose@PxShapeExt@physx@@SA?AVPxTransform@2@ABVPxShape@2@ABVPxRigidActor@2@@Z 10011840 f i CctCharacterController.obj
 0001:00010890       ?getNbTouches@?$PxHitBuffer@UPxRaycastHit@physx@@@physx@@QBEIXZ 10011890 f i CctCharacterController.obj
 0001:000108b0       ?getNormalized@PxVec3@physx@@QBE?AV12@XZ 100118b0 f i CctCharacterController.obj
 0001:00010970       ?getShapeGlobalPose@physx@@YA?AVPxTransform@1@ABVPxShape@1@ABVPxRigidActor@1@@Z 10011970 f i CctCharacterController.obj
 0001:000109a0       ?getTouches@?$PxHitBuffer@UPxRaycastHit@physx@@@physx@@QBEPBUPxRaycastHit@2@XZ 100119a0 f i CctCharacterController.obj
 0001:000109c0       ?getType@SweptVolume@Cct@physx@@QBE?AW4Enum@SweptVolumeType@23@XZ 100119c0 f i CctCharacterController.obj
 0001:000109e0       ?grow@?$Array@IVNamedAllocator@shdfnd@physx@@@shdfnd@physx@@IAEXI@Z 100119e0 f i CctCharacterController.obj
 0001:00010a60       ?growAndPushBack@?$Array@PBXVNamedAllocator@shdfnd@physx@@@shdfnd@physx@@IAEAAPBXABQBX@Z 10011a60 f i CctCharacterController.obj
 0001:00010bf0       ?growAndPushBack@?$Array@UPxExtendedCapsule@physx@@VNamedAllocator@shdfnd@2@@shdfnd@physx@@IAEAAUPxExtendedCapsule@3@ABU43@@Z 10011bf0 f i CctCharacterController.obj
 0001:00010d80       ?growAndPushBack@?$Array@VPxExtendedBox@physx@@VNamedAllocator@shdfnd@2@@shdfnd@physx@@IAEAAVPxExtendedBox@3@ABV43@@Z 10011d80 f i CctCharacterController.obj
 0001:00010f00       ?hash@?$HashBase@PAVPxShape@physx@@PAV12@U?$Hash@PAVPxShape@physx@@@shdfnd@2@UGetKey@?$HashSetBase@PAVPxShape@physx@@U?$Hash@PAVPxShape@physx@@@shdfnd@2@VAllocator@42@$0A@@internal@42@VAllocator@42@$0A@@internal@shdfnd@physx@@ABEIABQAVPxShape@4@@Z 10011f00 f i CctCharacterController.obj
 0001:00010f30       ?hash@?$HashBase@PAVPxShape@physx@@PAV12@U?$Hash@PAVPxShape@physx@@@shdfnd@2@UGetKey@?$HashSetBase@PAVPxShape@physx@@U?$Hash@PAVPxShape@physx@@@shdfnd@2@VAllocator@42@$0A@@internal@42@VAllocator@42@$0A@@internal@shdfnd@physx@@ABEIABQAVPxShape@4@I@Z 10011f30 f i CctCharacterController.obj
 0001:00010f70       ?hash@shdfnd@physx@@YAII@Z 10011f70 f i CctCharacterController.obj
 0001:00010ff0       ?hash@shdfnd@physx@@YAIPBX@Z 10011ff0 f i CctCharacterController.obj
 0001:00011010       ?intersectOBBAABB@Gu@physx@@YA_NABVBox@12@ABVPxBounds3@2@@Z 10012010 f i CctCharacterController.obj
 0001:00011080       ?isAlmostZero@shdfnd@physx@@YA_NABVPxVec3@2@@Z 10012080 f i CctCharacterController.obj
 0001:00011130       ?isFinite@PxBounds3@physx@@QBE_NXZ 10012130 f i CctCharacterController.obj
 0001:00011190       ?isFinite@PxQuat@physx@@QBE_NXZ 10012190 f i CctCharacterController.obj
 0001:00011250       ?isFinite@PxTransform@physx@@QBE_NXZ 10012250 f i CctCharacterController.obj
 0001:000112b0       ?isFinite@PxVec3@physx@@QBE_NXZ 100122b0 f i CctCharacterController.obj
 0001:00011350       ?isFinite@intrinsics@physx@@YA_NM@Z 10012350 f i CctCharacterController.obj
 0001:000113a0       ?isInUserMemory@?$Array@IVNamedAllocator@shdfnd@physx@@@shdfnd@physx@@QBEIXZ 100123a0 f i CctCharacterController.obj
 0001:000113c0       ?isInUserMemory@?$Array@PBXVNamedAllocator@shdfnd@physx@@@shdfnd@physx@@QBEIXZ 100123c0 f i CctCharacterController.obj
 0001:000113e0       ?isInUserMemory@?$Array@UPxExtendedCapsule@physx@@VNamedAllocator@shdfnd@2@@shdfnd@physx@@QBEIXZ 100123e0 f i CctCharacterController.obj
 0001:00011400       ?isInUserMemory@?$Array@VPxExtendedBox@physx@@VNamedAllocator@shdfnd@2@@shdfnd@physx@@QBEIXZ 10012400 f i CctCharacterController.obj
 0001:00011420       ?isInUserMemory@?$Array@VPxTriangle@physx@@VNamedAllocator@shdfnd@2@@shdfnd@physx@@QBEIXZ 10012420 f i CctCharacterController.obj
 0001:00011440       ?isInside@PxExtendedBounds3@physx@@QBE_NABU12@@Z 10012440 f i CctCharacterController.obj
 0001:00011500       ?isSane@PxQuat@physx@@QBE_NXZ 10012500 f i CctCharacterController.obj
 0001:00011590       ?isSane@PxTransform@physx@@QBE_NXZ 10012590 f i CctCharacterController.obj
 0001:000115e0       ?isValid@PxBounds3@physx@@QBE_NXZ 100125e0 f i CctCharacterController.obj
 0001:00011700       ?isZero@PxVec3@physx@@QBE_NXZ 10012700 f i CctCharacterController.obj
 0001:00011780       ?magnitude@PxQuat@physx@@QBEMXZ 10012780 f i CctCharacterController.obj
 0001:000117b0       ?magnitude@PxVec3@physx@@QBEMXZ 100127b0 f i CctCharacterController.obj
 0001:000117e0       ?magnitudeSquared@PxQuat@physx@@QBEMXZ 100127e0 f i CctCharacterController.obj
 0001:00011860       ?magnitudeSquared@PxVec3@physx@@QBEMXZ 10012860 f i CctCharacterController.obj
 0001:000118c0       ?maximum@PxExtendedVec3@physx@@QAEXABU12@@Z 100128c0 f i CctCharacterController.obj
 0001:00011950       ?minimum@PxExtendedVec3@physx@@QAEXABU12@@Z 10012950 f i CctCharacterController.obj
 0001:000119e0       ?normal@PxTriangle@physx@@QBEXAAVPxVec3@2@@Z 100129e0 f i CctCharacterController.obj
 0001:00011a70       ?normalize@PxVec3@physx@@QAEMXZ 10012a70 f i CctCharacterController.obj
 0001:00011ac0       ?postFilter@ControllerFilter@@UAE?AW4Enum@PxQueryHitType@physx@@ABUPxFilterData@4@ABUPxQueryHit@4@@Z 10012ac0 f i CctCharacterController.obj
 0001:00011b80       ?preFilter@ControllerFilter@@UAE?AW4Enum@PxQueryHitType@physx@@ABUPxFilterData@4@PBVPxShape@4@PBVPxRigidActor@4@AAV?$PxFlags@W4Enum@PxHitFlag@physx@@G@4@@Z 10012b80 f i CctCharacterController.obj
 0001:00011c60       ?processTouches@?$PxHitBuffer@UPxRaycastHit@physx@@@physx@@MAE_NPBUPxRaycastHit@2@I@Z 10012c60 f i CctCharacterController.obj
 0001:00011c90       ?pushBack@?$Array@PBXVNamedAllocator@shdfnd@physx@@@shdfnd@physx@@QAEAAPBXABQBX@Z 10012c90 f i CctCharacterController.obj
 0001:00011d40       ?pushBack@?$Array@UPxExtendedCapsule@physx@@VNamedAllocator@shdfnd@2@@shdfnd@physx@@QAEAAUPxExtendedCapsule@3@ABU43@@Z 10012d40 f i CctCharacterController.obj
 0001:00011e00       ?pushBack@?$Array@VPxExtendedBox@physx@@VNamedAllocator@shdfnd@2@@shdfnd@physx@@QAEAAVPxExtendedBox@3@ABV43@@Z 10012e00 f i CctCharacterController.obj
 0001:00011eb0       ?recipSqrt@intrinsics@physx@@YAMM@Z 10012eb0 f i CctCharacterController.obj
 0001:00011f00       ?recreate@?$Array@IVNamedAllocator@shdfnd@physx@@@shdfnd@physx@@IAEXI@Z 10012f00 f i CctCharacterController.obj
 0001:00012010       ?reserve@?$Array@IVNamedAllocator@shdfnd@physx@@@shdfnd@physx@@QAEXI@Z 10013010 f i CctCharacterController.obj
 0001:00012040       ?resetStats@SweepTest@Cct@physx@@QAEXXZ 10013040 f i CctCharacterController.obj
 0001:00012090       ?resizeUninitialized@?$Array@IVNamedAllocator@shdfnd@physx@@@shdfnd@physx@@QAEXI@Z 10013090 f i CctCharacterController.obj
 0001:000120c0       ?rotate@PxQuat@physx@@QBE?BVPxVec3@2@ABV32@@Z 100130c0 f i CctCharacterController.obj
 0001:000122b0       ?rotateInv@PxQuat@physx@@QBE?BVPxVec3@2@ABV32@@Z 100132b0 f i CctCharacterController.obj
 0001:000124a0       ?selectMax@intrinsics@physx@@YAMMM@Z 100134a0 f i CctCharacterController.obj
 0001:000124e0       ?selectMin@intrinsics@physx@@YAMMM@Z 100134e0 f i CctCharacterController.obj
 0001:00012520       ?set@PxExtendedBounds3@physx@@QAEXNNNNNN@Z 10013520 f i CctCharacterController.obj
 0001:000125b0       ?set@PxExtendedVec3@physx@@QAEXNNN@Z 100135b0 f i CctCharacterController.obj
 0001:000125f0       ?setEmpty@PxExtendedBounds3@physx@@QAEXXZ 100135f0 f i CctCharacterController.obj
 0001:00012680       ?setWorldPos@SweptContact@Cct@physx@@QAEXABVPxVec3@3@ABUPxExtendedVec3@3@@Z 10013680 f i CctCharacterController.obj
 0001:000126f0       ?size@?$Array@IVNamedAllocator@shdfnd@physx@@@shdfnd@physx@@QBEIXZ 100136f0 f i CctCharacterController.obj
 0001:00012710       ?size@?$Array@PBXVNamedAllocator@shdfnd@physx@@@shdfnd@physx@@QBEIXZ 10013710 f i CctCharacterController.obj
 0001:00012730       ?size@?$Array@UInternalBoxObstacle@ObstacleContext@Cct@physx@@VNamedAllocator@shdfnd@4@@shdfnd@physx@@QBEIXZ 10013730 f i CctCharacterController.obj
 0001:00012750       ?size@?$Array@UInternalCapsuleObstacle@ObstacleContext@Cct@physx@@VNamedAllocator@shdfnd@4@@shdfnd@physx@@QBEIXZ 10013750 f i CctCharacterController.obj
 0001:00012770       ?size@?$Array@UPxExtendedCapsule@physx@@VNamedAllocator@shdfnd@2@@shdfnd@physx@@QBEIXZ 10013770 f i CctCharacterController.obj
 0001:00012790       ?size@?$Array@VPxExtendedBox@physx@@VNamedAllocator@shdfnd@2@@shdfnd@physx@@QBEIXZ 10013790 f i CctCharacterController.obj
 0001:000127b0       ?size@?$Array@VPxTriangle@physx@@VNamedAllocator@shdfnd@2@@shdfnd@physx@@QBEIXZ 100137b0 f i CctCharacterController.obj
 0001:000127d0       ?sqrt@intrinsics@physx@@YAMM@Z 100137d0 f i CctCharacterController.obj
 0001:000127f0       ?testSlope@physx@@YA_NABVPxVec3@1@0M@Z 100137f0 f i CctCharacterController.obj
 0001:00012850       ?toVec3@physx@@YA?AVPxVec3@1@ABUPxExtendedVec3@1@@Z 10013850 f i CctCharacterController.obj
 0001:000128a0       ?transform@PxTransform@physx@@QBE?AV12@ABV12@@Z 100138a0 f i CctCharacterController.obj
 0001:000129b0       ?transform@PxTransform@physx@@QBE?AVPxVec3@2@ABV32@@Z 100139b0 f i CctCharacterController.obj
 0001:00012a50       ?transformInv@PxTransform@physx@@QBE?AVPxVec3@2@ABV32@@Z 10013a50 f i CctCharacterController.obj
 0001:00012ae0       _fabsf                     10013ae0 f i CctCharacterController.obj
 0001:00012b10       _sqrtf                     10013b10 f i CctCharacterController.obj
 0001:00012b90       ?getSceneTimestamp@Cct@physx@@YAIPBUInternalCBData_FindTouchedGeom@12@@Z 10013b90 f   CctCharacterControllerCallbacks.obj
 0001:00012c00       ?findTouchedGeometry@Cct@physx@@YAXPBUInternalCBData_FindTouchedGeom@12@ABUPxExtendedBounds3@2@AAV?$Array@VPxTriangle@physx@@VNamedAllocator@shdfnd@2@@shdfnd@2@AAV?$Array@IVNamedAllocator@shdfnd@physx@@@62@3ABVCCTFilter@12@ABUCCTParams@12@AAG@Z 10013c00 f   CctCharacterControllerCallbacks.obj
 0001:00013090       ?shapeHitCallback@Cct@physx@@YAIPBUInternalCBData_OnHit@12@ABUSweptContact@12@ABVPxVec3@2@M@Z 10014090 f   CctCharacterControllerCallbacks.obj
 0001:00013150       ?userHitCallback@Cct@physx@@YAIPBUInternalCBData_OnHit@12@ABUSweptContact@12@ABVPxVec3@2@M@Z 10014150 f   CctCharacterControllerCallbacks.obj
 0001:00016e60       ??$PX_UNUSED@PBUPxOverlapHit@physx@@@@YAXABQBUPxOverlapHit@physx@@@Z 10017e60 f i CctCharacterControllerCallbacks.obj
 0001:00016e70       ??$reserve@VPxTriangle@physx@@VNamedAllocator@shdfnd@2@@Cct@physx@@YAPAVPxTriangle@1@AAV?$Array@VPxTriangle@physx@@VNamedAllocator@shdfnd@2@@shdfnd@1@I@Z 10017e70 f i CctCharacterControllerCallbacks.obj
 0001:00016ec0       ??0?$PxFlags@W4Enum@PxMeshGeometryFlag@physx@@E@physx@@QAE@E@Z 10017ec0 f i CctCharacterControllerCallbacks.obj
 0001:00016ee0       ??0?$PxFlags@W4Enum@PxMeshGeometryFlag@physx@@E@physx@@QAE@XZ 10017ee0 f i CctCharacterControllerCallbacks.obj
 0001:00016f00       ??0?$PxHitBuffer@UPxOverlapHit@physx@@@physx@@QAE@PAUPxOverlapHit@1@I@Z 10017f00 f i CctCharacterControllerCallbacks.obj
 0001:00016f40       ??0?$PxHitCallback@UPxOverlapHit@physx@@@physx@@QAE@PAUPxOverlapHit@1@I@Z 10017f40 f i CctCharacterControllerCallbacks.obj
 0001:00016fa0       ??0?$PxPadding@$02@physx@@QAE@XZ 10017fa0 f i CctCharacterControllerCallbacks.obj
 0001:00016ff0       ??0PxControllerHit@physx@@QAE@XZ 10017ff0 f i CctCharacterControllerCallbacks.obj
 0001:00017030       ??0PxControllerObstacleHit@physx@@QAE@XZ 10018030 f i CctCharacterControllerCallbacks.obj
 0001:00017050       ??0PxControllerShapeHit@physx@@QAE@XZ 10018050 f i CctCharacterControllerCallbacks.obj
 0001:00017070       ??0PxControllersHit@physx@@QAE@XZ 10018070 f i CctCharacterControllerCallbacks.obj
 0001:00017090       ??0PxConvexMeshGeometry@physx@@QAE@XZ 10018090 f i CctCharacterControllerCallbacks.obj
 0001:000170e0       ??0PxExtendedSphere@physx@@QAE@XZ 100180e0 f i CctCharacterControllerCallbacks.obj
 0001:00017100       ??0PxHeightFieldGeometry@physx@@QAE@XZ 10018100 f i CctCharacterControllerCallbacks.obj
 0001:00017190       ??0PxMat33@physx@@QAE@ABVPxVec3@1@00@Z 10018190 f i CctCharacterControllerCallbacks.obj
 0001:000171e0       ??0PxMat44@physx@@QAE@ABVPxMat33@1@ABVPxVec3@1@@Z 100181e0 f i CctCharacterControllerCallbacks.obj
 0001:00017290       ??0PxMeshScale@physx@@QAE@M@Z 10018290 f i CctCharacterControllerCallbacks.obj
 0001:000172d0       ??0PxMeshScale@physx@@QAE@XZ 100182d0 f i CctCharacterControllerCallbacks.obj
 0001:00017310       ??0PxOverlapHit@physx@@QAE@XZ 10018310 f i CctCharacterControllerCallbacks.obj
 0001:00017330       ??0PxPlane@physx@@QAE@ABVPxVec3@1@M@Z 10018330 f i CctCharacterControllerCallbacks.obj
 0001:00017370       ??0PxPlane@physx@@QAE@MMMM@Z 10018370 f i CctCharacterControllerCallbacks.obj
 0001:000173d0       ??0PxQueryFilterData@physx@@QAE@ABU01@@Z 100183d0 f i CctCharacterControllerCallbacks.obj
 0001:00017430       ??0PxQueryFilterData@physx@@QAE@V?$PxFlags@W4Enum@PxQueryFlag@physx@@G@1@@Z 10018430 f i CctCharacterControllerCallbacks.obj
 0001:00017470       ??0PxTransform@physx@@QAE@ABVPxVec3@1@@Z 10018470 f i CctCharacterControllerCallbacks.obj
 0001:000174b0       ??0PxTriangle@physx@@QAE@ABV01@@Z 100184b0 f i CctCharacterControllerCallbacks.obj
 0001:00017550       ??0PxTriangle@physx@@QAE@ABVPxVec3@1@00@Z 10018550 f i CctCharacterControllerCallbacks.obj
 0001:000175d0       ??0PxTriangle@physx@@QAE@XZ 100185d0 f i CctCharacterControllerCallbacks.obj
 0001:00017600       ??0PxTriangleMeshGeometry@physx@@QAE@XZ 10018600 f i CctCharacterControllerCallbacks.obj
 0001:00017660       ??0PxVec4@physx@@QAE@ABVPxVec3@1@M@Z 10018660 f i CctCharacterControllerCallbacks.obj
 0001:000176b0       ??0PxVec4@physx@@QAE@MMMM@Z 100186b0 f i CctCharacterControllerCallbacks.obj
 0001:00017710       ??0TessParams@@QAE@XZ      10018710 f i CctCharacterControllerCallbacks.obj
 0001:00017740       ??1?$PxHitBuffer@UPxOverlapHit@physx@@@physx@@UAE@XZ 10018740 f i CctCharacterControllerCallbacks.obj
 0001:00017770       ??1?$PxHitCallback@UPxOverlapHit@physx@@@physx@@UAE@XZ 10018770 f i CctCharacterControllerCallbacks.obj
 0001:00017790       ??1PxExtendedSphere@physx@@QAE@XZ 10018790 f i CctCharacterControllerCallbacks.obj
 0001:000177a0       ??APxVec3@physx@@QBEABMH@Z 100187a0 f i CctCharacterControllerCallbacks.obj
 0001:00017810       ??DPxMat33@physx@@QBE?AV01@ABV01@@Z 10018810 f i CctCharacterControllerCallbacks.obj
 0001:00017880       ??DPxVec4@physx@@QBE?AV01@M@Z 10018880 f i CctCharacterControllerCallbacks.obj
 0001:00017900       ??HPxVec4@physx@@QBE?AV01@ABV01@@Z 10018900 f i CctCharacterControllerCallbacks.obj
 0001:00017990       ??_G?$PxHitBuffer@UPxOverlapHit@physx@@@physx@@UAEPAXI@Z 10018990 f i CctCharacterControllerCallbacks.obj
 0001:00017990       ??_E?$PxHitBuffer@UPxOverlapHit@physx@@@physx@@UAEPAXI@Z 10018990 f i CctCharacterControllerCallbacks.obj
 0001:000179d0       ??_G?$PxHitCallback@UPxOverlapHit@physx@@@physx@@UAEPAXI@Z 100189d0 f i CctCharacterControllerCallbacks.obj
 0001:000179d0       ??_E?$PxHitCallback@UPxOverlapHit@physx@@@physx@@UAEPAXI@Z 100189d0 f i CctCharacterControllerCallbacks.obj
 0001:00017a10       ?PxPlaneEquationFromTransform@physx@@YA?AVPxPlane@1@ABVPxTransform@1@@Z 10018a10 f i CctCharacterControllerCallbacks.obj
 0001:00017a80       ?allocate@?$Array@VPxTriangle@physx@@VNamedAllocator@shdfnd@2@@shdfnd@physx@@IAEPAVPxTriangle@3@I@Z 10018a80 f i CctCharacterControllerCallbacks.obj
 0001:00017b00       ?begin@?$Array@VPxTriangle@physx@@VNamedAllocator@shdfnd@2@@shdfnd@physx@@QAEPAVPxTriangle@3@XZ 10018b00 f i CctCharacterControllerCallbacks.obj
 0001:00017b20       ?capacityIncrement@?$Array@IVNamedAllocator@shdfnd@physx@@@shdfnd@physx@@IBEIXZ 10018b20 f i CctCharacterControllerCallbacks.obj
 0001:00017b60       ?capacityIncrement@?$Array@VPxTriangle@physx@@VNamedAllocator@shdfnd@2@@shdfnd@physx@@IBEIXZ 10018b60 f i CctCharacterControllerCallbacks.obj
 0001:00017ba0       ?centerExtents@PxBounds3@physx@@SA?AV12@ABVPxVec3@2@0@Z 10018ba0 f i CctCharacterControllerCallbacks.obj
 0001:00017bf0       ?computeBasis@shdfnd@physx@@YAXABVPxVec3@2@AAV32@1@Z 10018bf0 f i CctCharacterControllerCallbacks.obj
 0001:00017d10       ?copy@?$Array@VPxTriangle@physx@@VNamedAllocator@shdfnd@2@@shdfnd@physx@@KAXPAVPxTriangle@3@0PBV43@@Z 10018d10 f i CctCharacterControllerCallbacks.obj
 0001:00017d80       ?decodeIndex@Cct@physx@@YAII@Z 10018d80 f i CctCharacterControllerCallbacks.obj
 0001:00017d90       ?decodeType@Cct@physx@@YA?AW4UserObjectType@12@I@Z 10018d90 f i CctCharacterControllerCallbacks.obj
 0001:00017da0       ?distance@PxPlane@physx@@QBEMABVPxVec3@2@@Z 10018da0 f i CctCharacterControllerCallbacks.obj
 0001:00017de0       ?finalizeQuery@?$PxHitCallback@UPxOverlapHit@physx@@@physx@@UAEXXZ 10018de0 f i CctCharacterControllerCallbacks.obj
 0001:00017df0       ?getAnyHit@?$PxHitBuffer@UPxOverlapHit@physx@@@physx@@QBEABUPxOverlapHit@2@I@Z 10018df0 f i CctCharacterControllerCallbacks.obj
 0001:00017eb0       ?getNbAnyHits@?$PxHitBuffer@UPxOverlapHit@physx@@@physx@@QBEIXZ 10018eb0 f i CctCharacterControllerCallbacks.obj
 0001:00017ee0       ?getNbTouches@?$PxHitBuffer@UPxOverlapHit@physx@@@physx@@QBEIXZ 10018ee0 f i CctCharacterControllerCallbacks.obj
 0001:00017f00       ?getPosition@PxMat44@physx@@QBE?AVPxVec3@2@XZ 10018f00 f i CctCharacterControllerCallbacks.obj
 0001:00017f30       ?getResults@PxMeshOverlapUtil@physx@@QBEPBIXZ 10018f30 f i CctCharacterControllerCallbacks.obj
 0001:00017f50       ?getTouches@?$PxHitBuffer@UPxOverlapHit@physx@@@physx@@QBEPBUPxOverlapHit@2@XZ 10018f50 f i CctCharacterControllerCallbacks.obj
 0001:00017f70       ?getTranspose@PxMat33@physx@@QBE?AV12@XZ 10018f70 f i CctCharacterControllerCallbacks.obj
 0001:00018060       ?getXYZ@PxVec4@physx@@QBE?AVPxVec3@2@XZ 10019060 f i CctCharacterControllerCallbacks.obj
 0001:000180c0       ?grow@?$Array@VPxTriangle@physx@@VNamedAllocator@shdfnd@2@@shdfnd@physx@@IAEXI@Z 100190c0 f i CctCharacterControllerCallbacks.obj
 0001:00018140       ?growAndPushBack@?$Array@IVNamedAllocator@shdfnd@physx@@@shdfnd@physx@@IAEAAIABI@Z 10019140 f i CctCharacterControllerCallbacks.obj
 0001:000182d0       ?growAndPushBack@?$Array@VPxTriangle@physx@@VNamedAllocator@shdfnd@2@@shdfnd@physx@@IAEAAVPxTriangle@3@ABV43@@Z 100192d0 f i CctCharacterControllerCallbacks.obj
 0001:00018450       ?processTouches@?$PxHitBuffer@UPxOverlapHit@physx@@@physx@@MAE_NPBUPxOverlapHit@2@I@Z 10019450 f i CctCharacterControllerCallbacks.obj
 0001:00018480       ?project@PxPlane@physx@@QBE?AVPxVec3@2@ABV32@@Z 10019480 f i CctCharacterControllerCallbacks.obj
 0001:000184d0       ?pushBack@?$Array@IVNamedAllocator@shdfnd@physx@@@shdfnd@physx@@QAEAAIABI@Z 100194d0 f i CctCharacterControllerCallbacks.obj
 0001:00018580       ?pushBack@?$Array@VPxTriangle@physx@@VNamedAllocator@shdfnd@2@@shdfnd@physx@@QAEAAVPxTriangle@3@ABV43@@Z 10019580 f i CctCharacterControllerCallbacks.obj
 0001:00018630       ?recreate@?$Array@VPxTriangle@physx@@VNamedAllocator@shdfnd@2@@shdfnd@physx@@IAEXI@Z 10019630 f i CctCharacterControllerCallbacks.obj
 0001:00018730       ?reserve@?$Array@VPxTriangle@physx@@VNamedAllocator@shdfnd@2@@shdfnd@physx@@QAEXI@Z 10019730 f i CctCharacterControllerCallbacks.obj
 0001:00018760       ?resizeUninitialized@?$Array@VPxTriangle@physx@@VNamedAllocator@shdfnd@2@@shdfnd@physx@@QAEXI@Z 10019760 f i CctCharacterControllerCallbacks.obj
 0001:00018790       ?rotate@PxMat44@physx@@QBE?BVPxVec3@2@ABV32@@Z 10019790 f i CctCharacterControllerCallbacks.obj
 0001:000187f0       ?rotate@PxMat44@physx@@QBE?BVPxVec4@2@ABV32@@Z 100197f0 f i CctCharacterControllerCallbacks.obj
 0001:00018890       ?rotate@PxTransform@physx@@QBE?AVPxVec3@2@ABV32@@Z 10019890 f i CctCharacterControllerCallbacks.obj
 0001:00018910       ?toMat33@PxMeshScale@physx@@QBE?AVPxMat33@2@XZ 10019910 f i CctCharacterControllerCallbacks.obj
 0001:000189d0       ?transform@PxMat33@physx@@QBE?AVPxVec3@2@ABV32@@Z 100199d0 f i CctCharacterControllerCallbacks.obj
 0001:00018a70       ?transform@PxTransform@physx@@QBE?AVPxPlane@2@ABV32@@Z 10019a70 f i CctCharacterControllerCallbacks.obj
 0001:00018b30       _PxCreateControllerManager 10019b30 f   CctCharacterControllerManager.obj
 0001:00018ba0       ??0CharacterControllerManager@Cct@physx@@QAE@AAVPxScene@2@_N@Z 10019ba0 f   CctCharacterControllerManager.obj
 0001:00018d10       ??1CharacterControllerManager@Cct@physx@@UAE@XZ 10019d10 f   CctCharacterControllerManager.obj
 0001:00018dc0       ?release@CharacterControllerManager@Cct@physx@@UAEXXZ 10019dc0 f   CctCharacterControllerManager.obj
 0001:00018e60       ?getScene@CharacterControllerManager@Cct@physx@@UBEAAVPxScene@3@XZ 10019e60 f   CctCharacterControllerManager.obj
 0001:00018e80       ?getNbControllers@CharacterControllerManager@Cct@physx@@UBEIXZ 10019e80 f   CctCharacterControllerManager.obj
 0001:00018ea0       ?getController@CharacterControllerManager@Cct@physx@@UAEPAVPxController@3@I@Z 10019ea0 f   CctCharacterControllerManager.obj
 0001:00018f50       ?createController@CharacterControllerManager@Cct@physx@@UAEPAVPxController@3@ABVPxControllerDesc@3@@Z 10019f50 f   CctCharacterControllerManager.obj
 0001:000191b0       ?purgeControllers@CharacterControllerManager@Cct@physx@@UAEXXZ 1001a1b0 f   CctCharacterControllerManager.obj
 0001:00019200       ?getRenderBuffer@CharacterControllerManager@Cct@physx@@UAEAAVPxRenderBuffer@3@XZ 1001a200 f   CctCharacterControllerManager.obj
 0001:00019270       ?setDebugRenderingFlags@CharacterControllerManager@Cct@physx@@UAEXV?$PxFlags@W4Enum@PxControllerDebugRenderFlag@physx@@I@3@@Z 1001a270 f   CctCharacterControllerManager.obj
 0001:000192e0       ?getNbObstacleContexts@CharacterControllerManager@Cct@physx@@UBEIXZ 1001a2e0 f   CctCharacterControllerManager.obj
 0001:00019300       ?getObstacleContext@CharacterControllerManager@Cct@physx@@UAEPAVPxObstacleContext@3@I@Z 1001a300 f   CctCharacterControllerManager.obj
 0001:000193a0       ?createObstacleContext@CharacterControllerManager@Cct@physx@@UAEPAVPxObstacleContext@3@XZ 1001a3a0 f   CctCharacterControllerManager.obj
 0001:00019410       ?computeInteractions@CharacterControllerManager@Cct@physx@@UAEXMPAVPxControllerFilterCallback@3@@Z 1001a410 f   CctCharacterControllerManager.obj
 0001:00019660       ?setTessellation@CharacterControllerManager@Cct@physx@@UAEX_NM@Z 1001a660 f   CctCharacterControllerManager.obj
 0001:00019690       ?setOverlapRecoveryModule@CharacterControllerManager@Cct@physx@@UAEX_N@Z 1001a690 f   CctCharacterControllerManager.obj
 0001:000196b0       ?setPreciseSweeps@CharacterControllerManager@Cct@physx@@UAEX_N@Z 1001a6b0 f   CctCharacterControllerManager.obj
 0001:000196d0       ?setPreventVerticalSlidingAgainstCeiling@CharacterControllerManager@Cct@physx@@UAEX_N@Z 1001a6d0 f   CctCharacterControllerManager.obj
 0001:000196f0       ?shiftOrigin@CharacterControllerManager@Cct@physx@@UAEXABVPxVec3@3@@Z 1001a6f0 f   CctCharacterControllerManager.obj
 0001:00019830       ?onObstacleRemoved@CharacterControllerManager@Cct@physx@@QBEXI@Z 1001a830 f   CctCharacterControllerManager.obj
 0001:00019880       ?onObstacleUpdated@CharacterControllerManager@Cct@physx@@QBEXIPBVPxObstacleContext@3@@Z 1001a880 f   CctCharacterControllerManager.obj
 0001:00019950       ?onObstacleAdded@CharacterControllerManager@Cct@physx@@QBEXIPBVPxObstacleContext@3@@Z 1001a950 f   CctCharacterControllerManager.obj
 0001:00019a20       ?releaseController@CharacterControllerManager@Cct@physx@@QAEXAAVPxController@3@@Z 1001aa20 f   CctCharacterControllerManager.obj
 0001:00019be0       ?getControllers@CharacterControllerManager@Cct@physx@@QAEPAPAVController@23@XZ 1001abe0 f   CctCharacterControllerManager.obj
 0001:00019c00       ?releaseObstacleContext@CharacterControllerManager@Cct@physx@@QAEXAAVObstacleContext@23@@Z 1001ac00 f   CctCharacterControllerManager.obj
 0001:00019cb0       ?resetObstaclesBuffers@CharacterControllerManager@Cct@physx@@QAEXXZ 1001acb0 f   CctCharacterControllerManager.obj
 0001:0001c3b0       ??$?2V?$ReflectionAllocator@VBoxController@Cct@physx@@@shdfnd@physx@@@UserAllocated@shdfnd@physx@@SAPAXIV?$ReflectionAllocator@VBoxController@Cct@physx@@@12@PBDH@Z 1001d3b0 f i CctCharacterControllerManager.obj
 0001:0001c3d0       ??$?2V?$ReflectionAllocator@VCapsuleController@Cct@physx@@@shdfnd@physx@@@UserAllocated@shdfnd@physx@@SAPAXIV?$ReflectionAllocator@VCapsuleController@Cct@physx@@@12@PBDH@Z 1001d3d0 f i CctCharacterControllerManager.obj
 0001:0001c3f0       ??$?2V?$ReflectionAllocator@VCharacterControllerManager@Cct@physx@@@shdfnd@physx@@@UserAllocated@shdfnd@physx@@SAPAXIV?$ReflectionAllocator@VCharacterControllerManager@Cct@physx@@@12@PBDH@Z 1001d3f0 f i CctCharacterControllerManager.obj
 0001:0001c410       ??$?2V?$ReflectionAllocator@VObstacleContext@Cct@physx@@@shdfnd@physx@@@UserAllocated@shdfnd@physx@@SAPAXIV?$ReflectionAllocator@VObstacleContext@Cct@physx@@@12@PBDH@Z 1001d410 f i CctCharacterControllerManager.obj
 0001:0001c430       ??$?2V?$ReflectionAllocator@VRenderBuffer@Cm@physx@@@shdfnd@physx@@@UserAllocated@shdfnd@physx@@SAPAXIV?$ReflectionAllocator@VRenderBuffer@Cm@physx@@@12@PBDH@Z 1001d430 f i CctCharacterControllerManager.obj
 0001:0001c450       ??$append@UPxDebugLine@physx@@@RenderBuffer@Cm@physx@@AAEXAAV?$Array@UPxDebugLine@physx@@VNamedAllocator@shdfnd@2@@shdfnd@2@PBUPxDebugLine@2@I@Z 1001d450 f i CctCharacterControllerManager.obj
 0001:0001c4c0       ??$append@UPxDebugPoint@physx@@@RenderBuffer@Cm@physx@@AAEXAAV?$Array@UPxDebugPoint@physx@@VNamedAllocator@shdfnd@2@@shdfnd@2@PBUPxDebugPoint@2@I@Z 1001d4c0 f i CctCharacterControllerManager.obj
 0001:0001c530       ??$append@UPxDebugText@physx@@@RenderBuffer@Cm@physx@@AAEXAAV?$Array@UPxDebugText@physx@@VNamedAllocator@shdfnd@2@@shdfnd@2@PBUPxDebugText@2@I@Z 1001d530 f i CctCharacterControllerManager.obj
 0001:0001c5a0       ??$append@UPxDebugTriangle@physx@@@RenderBuffer@Cm@physx@@AAEXAAV?$Array@UPxDebugTriangle@physx@@VNamedAllocator@shdfnd@2@@shdfnd@2@PBUPxDebugTriangle@2@I@Z 1001d5a0 f i CctCharacterControllerManager.obj
 0001:0001c610       ??$resetOrClear@V?$Array@PBXVNamedAllocator@shdfnd@physx@@@shdfnd@physx@@@@YAXAAV?$Array@PBXVNamedAllocator@shdfnd@physx@@@shdfnd@physx@@@Z 1001d610 f i CctCharacterControllerManager.obj
 0001:0001c670       ??$resetOrClear@V?$Array@UPxExtendedCapsule@physx@@VNamedAllocator@shdfnd@2@@shdfnd@physx@@@@YAXAAV?$Array@UPxExtendedCapsule@physx@@VNamedAllocator@shdfnd@2@@shdfnd@physx@@@Z 1001d670 f i CctCharacterControllerManager.obj
 0001:0001c6d0       ??$resetOrClear@V?$Array@VPxExtendedBox@physx@@VNamedAllocator@shdfnd@2@@shdfnd@physx@@@@YAXAAV?$Array@VPxExtendedBox@physx@@VNamedAllocator@shdfnd@2@@shdfnd@physx@@@Z 1001d6d0 f i CctCharacterControllerManager.obj
 0001:0001c730       ??$swap@PAVController@Cct@physx@@@shdfnd@physx@@YAXAAPAVController@Cct@1@0@Z 1001d730 f i CctCharacterControllerManager.obj
 0001:0001c760       ??0?$Array@DVNamedAllocator@shdfnd@physx@@@shdfnd@physx@@QAE@ABVNamedAllocator@12@@Z 1001d760 f i CctCharacterControllerManager.obj
 0001:0001c7b0       ??0?$Array@PAVController@Cct@physx@@VNamedAllocator@shdfnd@3@@shdfnd@physx@@QAE@ABVNamedAllocator@12@@Z 1001d7b0 f i CctCharacterControllerManager.obj
 0001:0001c800       ??0?$Array@PAVObstacleContext@Cct@physx@@VNamedAllocator@shdfnd@3@@shdfnd@physx@@QAE@ABVNamedAllocator@12@@Z 1001d800 f i CctCharacterControllerManager.obj
 0001:0001c850       ??0?$Array@PBXVNamedAllocator@shdfnd@physx@@@shdfnd@physx@@QAE@ABVNamedAllocator@12@@Z 1001d850 f i CctCharacterControllerManager.obj
 0001:0001c8a0       ??0?$Array@UPxDebugLine@physx@@VNamedAllocator@shdfnd@2@@shdfnd@physx@@QAE@ABVNamedAllocator@12@@Z 1001d8a0 f i CctCharacterControllerManager.obj
 0001:0001c8f0       ??0?$Array@UPxDebugPoint@physx@@VNamedAllocator@shdfnd@2@@shdfnd@physx@@QAE@ABVNamedAllocator@12@@Z 1001d8f0 f i CctCharacterControllerManager.obj
 0001:0001c940       ??0?$Array@UPxDebugText@physx@@VNamedAllocator@shdfnd@2@@shdfnd@physx@@QAE@ABVNamedAllocator@12@@Z 1001d940 f i CctCharacterControllerManager.obj
 0001:0001c990       ??0?$Array@UPxDebugTriangle@physx@@VNamedAllocator@shdfnd@2@@shdfnd@physx@@QAE@ABVNamedAllocator@12@@Z 1001d990 f i CctCharacterControllerManager.obj
 0001:0001c9e0       ??0?$Array@UPxExtendedCapsule@physx@@VNamedAllocator@shdfnd@2@@shdfnd@physx@@QAE@ABVNamedAllocator@12@@Z 1001d9e0 f i CctCharacterControllerManager.obj
 0001:0001ca30       ??0?$Array@VPxExtendedBox@physx@@VNamedAllocator@shdfnd@2@@shdfnd@physx@@QAE@ABVNamedAllocator@12@@Z 1001da30 f i CctCharacterControllerManager.obj
 0001:0001ca80       ??0?$HashBase@PAVPxShape@physx@@PAV12@U?$Hash@PAVPxShape@physx@@@shdfnd@2@UGetKey@?$HashSetBase@PAVPxShape@physx@@U?$Hash@PAVPxShape@physx@@@shdfnd@2@VAllocator@42@$0A@@internal@42@VAllocator@42@$0A@@internal@shdfnd@physx@@QAE@IM@Z 1001da80 f i CctCharacterControllerManager.obj
 0001:0001cad0       ??0?$HashSet@PAVPxShape@physx@@U?$Hash@PAVPxShape@physx@@@shdfnd@2@VAllocator@42@@shdfnd@physx@@QAE@IM@Z 1001dad0 f i CctCharacterControllerManager.obj
 0001:0001cb00       ??0?$HashSetBase@PAVPxShape@physx@@U?$Hash@PAVPxShape@physx@@@shdfnd@2@VAllocator@42@$0A@@internal@shdfnd@physx@@QAE@IM@Z 1001db00 f i CctCharacterControllerManager.obj
 0001:0001cb30       ??0?$PxFlags@W4Enum@PxControllerDebugRenderFlag@physx@@I@physx@@QAE@I@Z 1001db30 f i CctCharacterControllerManager.obj
 0001:0001cb50       ??0?$ReflectionAllocator@VBoxController@Cct@physx@@@shdfnd@physx@@QAE@PBD@Z 1001db50 f i CctCharacterControllerManager.obj
 0001:0001cb70       ??0?$ReflectionAllocator@VCapsuleController@Cct@physx@@@shdfnd@physx@@QAE@PBD@Z 1001db70 f i CctCharacterControllerManager.obj
 0001:0001cb90       ??0?$ReflectionAllocator@VCharacterControllerManager@Cct@physx@@@shdfnd@physx@@QAE@PBD@Z 1001db90 f i CctCharacterControllerManager.obj
 0001:0001cbb0       ??0?$ReflectionAllocator@VObstacleContext@Cct@physx@@@shdfnd@physx@@QAE@PBD@Z 1001dbb0 f i CctCharacterControllerManager.obj
 0001:0001cbd0       ??0?$ReflectionAllocator@VRenderBuffer@Cm@physx@@@shdfnd@physx@@QAE@PBD@Z 1001dbd0 f i CctCharacterControllerManager.obj
 0001:0001cbf0       ??0Axes@Gu@physx@@QAE@W4AxisOrder@12@@Z 1001dbf0 f i CctCharacterControllerManager.obj
 0001:0001cc40       ??0PxDebugLine@physx@@QAE@ABU01@@Z 1001dc40 f i CctCharacterControllerManager.obj
 0001:0001cca0       ??0PxDebugPoint@physx@@QAE@ABU01@@Z 1001dca0 f i CctCharacterControllerManager.obj
 0001:0001cce0       ??0PxDebugText@physx@@QAE@ABU01@@Z 1001dce0 f i CctCharacterControllerManager.obj
 0001:0001cd30       ??0PxDebugTriangle@physx@@QAE@ABU01@@Z 1001dd30 f i CctCharacterControllerManager.obj
 0001:0001cdb0       ??0PxRenderBuffer@physx@@QAE@XZ 1001ddb0 f i CctCharacterControllerManager.obj
 0001:0001cdd0       ??0RenderBuffer@Cm@physx@@QAE@XZ 1001ddd0 f i CctCharacterControllerManager.obj
 0001:0001cef0       ??1?$Array@DVNamedAllocator@shdfnd@physx@@@shdfnd@physx@@QAE@XZ 1001def0 f i CctCharacterControllerManager.obj
 0001:0001cf60       ??1?$Array@PAVController@Cct@physx@@VNamedAllocator@shdfnd@3@@shdfnd@physx@@QAE@XZ 1001df60 f i CctCharacterControllerManager.obj
 0001:0001cfd0       ??1?$Array@PAVObstacleContext@Cct@physx@@VNamedAllocator@shdfnd@3@@shdfnd@physx@@QAE@XZ 1001dfd0 f i CctCharacterControllerManager.obj
 0001:0001d040       ??1?$Array@PBXVNamedAllocator@shdfnd@physx@@@shdfnd@physx@@QAE@XZ 1001e040 f i CctCharacterControllerManager.obj
 0001:0001d0b0       ??1?$Array@UPxDebugLine@physx@@VNamedAllocator@shdfnd@2@@shdfnd@physx@@QAE@XZ 1001e0b0 f i CctCharacterControllerManager.obj
 0001:0001d120       ??1?$Array@UPxDebugPoint@physx@@VNamedAllocator@shdfnd@2@@shdfnd@physx@@QAE@XZ 1001e120 f i CctCharacterControllerManager.obj
 0001:0001d190       ??1?$Array@UPxDebugText@physx@@VNamedAllocator@shdfnd@2@@shdfnd@physx@@QAE@XZ 1001e190 f i CctCharacterControllerManager.obj
 0001:0001d200       ??1?$Array@UPxDebugTriangle@physx@@VNamedAllocator@shdfnd@2@@shdfnd@physx@@QAE@XZ 1001e200 f i CctCharacterControllerManager.obj
 0001:0001d270       ??1?$Array@UPxExtendedCapsule@physx@@VNamedAllocator@shdfnd@2@@shdfnd@physx@@QAE@XZ 1001e270 f i CctCharacterControllerManager.obj
 0001:0001d2e0       ??1?$Array@VPxExtendedBox@physx@@VNamedAllocator@shdfnd@2@@shdfnd@physx@@QAE@XZ 1001e2e0 f i CctCharacterControllerManager.obj
 0001:0001d350       ??1?$HashBase@PAVPxShape@physx@@PAV12@U?$Hash@PAVPxShape@physx@@@shdfnd@2@UGetKey@?$HashSetBase@PAVPxShape@physx@@U?$Hash@PAVPxShape@physx@@@shdfnd@2@VAllocator@42@$0A@@internal@42@VAllocator@42@$0A@@internal@shdfnd@physx@@QAE@XZ 1001e350 f i CctCharacterControllerManager.obj
 0001:0001d390       ??1?$HashSet@PAVPxShape@physx@@U?$Hash@PAVPxShape@physx@@@shdfnd@2@VAllocator@42@@shdfnd@physx@@QAE@XZ 1001e390 f i CctCharacterControllerManager.obj
 0001:0001d3b0       ??1?$HashSetBase@PAVPxShape@physx@@U?$Hash@PAVPxShape@physx@@@shdfnd@2@VAllocator@42@$0A@@internal@shdfnd@physx@@QAE@XZ 1001e3b0 f i CctCharacterControllerManager.obj
 0001:0001d3d0       ??1Axes@Gu@physx@@QAE@XZ   1001e3d0 f i CctCharacterControllerManager.obj
 0001:0001d3e0       ??1PxRenderBuffer@physx@@UAE@XZ 1001e3e0 f i CctCharacterControllerManager.obj
 0001:0001d400       ??1RenderBuffer@Cm@physx@@UAE@XZ 1001e400 f i CctCharacterControllerManager.obj
 0001:0001d460       ??4?$PxFlags@W4Enum@PxControllerDebugRenderFlag@physx@@I@physx@@QAEAAV01@ABV01@@Z 1001e460 f i CctCharacterControllerManager.obj
 0001:0001d480       ??4PxBounds3@physx@@QAEAAV01@ABV01@@Z 1001e480 f i CctCharacterControllerManager.obj
 0001:0001d4c0       ??A?$Array@PAVController@Cct@physx@@VNamedAllocator@shdfnd@3@@shdfnd@physx@@QAEAAPAVController@Cct@2@I@Z 1001e4c0 f i CctCharacterControllerManager.obj
 0001:0001d530       ??A?$Array@PAVController@Cct@physx@@VNamedAllocator@shdfnd@3@@shdfnd@physx@@QBEABQAVController@Cct@2@I@Z 1001e530 f i CctCharacterControllerManager.obj
 0001:0001d5a0       ??A?$Array@PAVObstacleContext@Cct@physx@@VNamedAllocator@shdfnd@3@@shdfnd@physx@@QAEAAPAVObstacleContext@Cct@2@I@Z 1001e5a0 f i CctCharacterControllerManager.obj
 0001:0001d610       ??A?$Array@UPxDebugLine@physx@@VNamedAllocator@shdfnd@2@@shdfnd@physx@@QAEAAUPxDebugLine@2@I@Z 1001e610 f i CctCharacterControllerManager.obj
 0001:0001d680       ??A?$Array@UPxDebugPoint@physx@@VNamedAllocator@shdfnd@2@@shdfnd@physx@@QAEAAUPxDebugPoint@2@I@Z 1001e680 f i CctCharacterControllerManager.obj
 0001:0001d6f0       ??A?$Array@UPxDebugText@physx@@VNamedAllocator@shdfnd@2@@shdfnd@physx@@QAEAAUPxDebugText@2@I@Z 1001e6f0 f i CctCharacterControllerManager.obj
 0001:0001d760       ??A?$Array@UPxDebugTriangle@physx@@VNamedAllocator@shdfnd@2@@shdfnd@physx@@QAEAAUPxDebugTriangle@2@I@Z 1001e760 f i CctCharacterControllerManager.obj
 0001:0001d7d0       ??APxMat33@physx@@QBEABVPxVec3@1@H@Z 1001e7d0 f i CctCharacterControllerManager.obj
 0001:0001d7f0       ??APxMat33@physx@@QBEABVPxVec3@1@I@Z 1001e7f0 f i CctCharacterControllerManager.obj
 0001:0001d810       ??APxVec3@physx@@QBEABMI@Z 1001e810 f i CctCharacterControllerManager.obj
 0001:0001d880       ??B?$PxFlags@W4Enum@PxControllerDebugRenderFlag@physx@@I@physx@@QBE_NXZ 1001e880 f i CctCharacterControllerManager.obj
 0001:0001d8b0       ??_GCharacterControllerManager@Cct@physx@@UAEPAXI@Z 1001e8b0 f i CctCharacterControllerManager.obj
 0001:0001d8b0       ??_ECharacterControllerManager@Cct@physx@@UAEPAXI@Z 1001e8b0 f i CctCharacterControllerManager.obj
 0001:0001d8f0       ??_EPxRenderBuffer@physx@@UAEPAXI@Z 1001e8f0 f i CctCharacterControllerManager.obj
 0001:0001d8f0       ??_GPxRenderBuffer@physx@@UAEPAXI@Z 1001e8f0 f i CctCharacterControllerManager.obj
 0001:0001d930       ??_GRenderBuffer@Cm@physx@@UAEPAXI@Z 1001e930 f i CctCharacterControllerManager.obj
 0001:0001d930       ??_ERenderBuffer@Cm@physx@@UAEPAXI@Z 1001e930 f i CctCharacterControllerManager.obj
 0001:0001d970       ?PxMemCopy@physx@@YAPAXPIAXPIBXI@Z 1001e970 f i CctCharacterControllerManager.obj
 0001:0001d990       ?PxMemSet@physx@@YAPAXPIAXHI@Z 1001e990 f i CctCharacterControllerManager.obj
 0001:0001d9b0       ?allocate@?$Array@PAVController@Cct@physx@@VNamedAllocator@shdfnd@3@@shdfnd@physx@@IAEPAPAVController@Cct@3@I@Z 1001e9b0 f i CctCharacterControllerManager.obj
 0001:0001da30       ?allocate@?$Array@PAVObstacleContext@Cct@physx@@VNamedAllocator@shdfnd@3@@shdfnd@physx@@IAEPAPAVObstacleContext@Cct@3@I@Z 1001ea30 f i CctCharacterControllerManager.obj
 0001:0001dab0       ?allocate@?$Array@UPxDebugLine@physx@@VNamedAllocator@shdfnd@2@@shdfnd@physx@@IAEPAUPxDebugLine@3@I@Z 1001eab0 f i CctCharacterControllerManager.obj
 0001:0001db30       ?allocate@?$Array@UPxDebugPoint@physx@@VNamedAllocator@shdfnd@2@@shdfnd@physx@@IAEPAUPxDebugPoint@3@I@Z 1001eb30 f i CctCharacterControllerManager.obj
 0001:0001dbb0       ?allocate@?$Array@UPxDebugText@physx@@VNamedAllocator@shdfnd@2@@shdfnd@physx@@IAEPAUPxDebugText@3@I@Z 1001ebb0 f i CctCharacterControllerManager.obj
 0001:0001dc30       ?allocate@?$Array@UPxDebugTriangle@physx@@VNamedAllocator@shdfnd@2@@shdfnd@physx@@IAEPAUPxDebugTriangle@3@I@Z 1001ec30 f i CctCharacterControllerManager.obj
 0001:0001dcb0       ?allocate@?$ReflectionAllocator@VBoxController@Cct@physx@@@shdfnd@physx@@QAEPAXIPBDH@Z 1001ecb0 f i CctCharacterControllerManager.obj
 0001:0001dd10       ?allocate@?$ReflectionAllocator@VCapsuleController@Cct@physx@@@shdfnd@physx@@QAEPAXIPBDH@Z 1001ed10 f i CctCharacterControllerManager.obj
 0001:0001dd70       ?allocate@?$ReflectionAllocator@VCharacterControllerManager@Cct@physx@@@shdfnd@physx@@QAEPAXIPBDH@Z 1001ed70 f i CctCharacterControllerManager.obj
 0001:0001ddd0       ?allocate@?$ReflectionAllocator@VObstacleContext@Cct@physx@@@shdfnd@physx@@QAEPAXIPBDH@Z 1001edd0 f i CctCharacterControllerManager.obj
 0001:0001de30       ?allocate@?$ReflectionAllocator@VRenderBuffer@Cm@physx@@@shdfnd@physx@@QAEPAXIPBDH@Z 1001ee30 f i CctCharacterControllerManager.obj
 0001:0001de90       ?append@RenderBuffer@Cm@physx@@UAEXABVPxRenderBuffer@3@@Z 1001ee90 f i CctCharacterControllerManager.obj
 0001:0001df80       ?begin@?$Array@PAVController@Cct@physx@@VNamedAllocator@shdfnd@3@@shdfnd@physx@@QAEPAPAVController@Cct@3@XZ 1001ef80 f i CctCharacterControllerManager.obj
 0001:0001dfa0       ?begin@?$Array@UPxDebugLine@physx@@VNamedAllocator@shdfnd@2@@shdfnd@physx@@QBEPBUPxDebugLine@3@XZ 1001efa0 f i CctCharacterControllerManager.obj
 0001:0001dfc0       ?begin@?$Array@UPxDebugPoint@physx@@VNamedAllocator@shdfnd@2@@shdfnd@physx@@QBEPBUPxDebugPoint@3@XZ 1001efc0 f i CctCharacterControllerManager.obj
 0001:0001dfe0       ?begin@?$Array@UPxDebugText@physx@@VNamedAllocator@shdfnd@2@@shdfnd@physx@@QBEPBUPxDebugText@3@XZ 1001efe0 f i CctCharacterControllerManager.obj
 0001:0001e000       ?begin@?$Array@UPxDebugTriangle@physx@@VNamedAllocator@shdfnd@2@@shdfnd@physx@@QBEPBUPxDebugTriangle@3@XZ 1001f000 f i CctCharacterControllerManager.obj
 0001:0001e020       ?capacity@?$Array@DVNamedAllocator@shdfnd@physx@@@shdfnd@physx@@QBEIXZ 1001f020 f i CctCharacterControllerManager.obj
 0001:0001e040       ?capacity@?$Array@PAVController@Cct@physx@@VNamedAllocator@shdfnd@3@@shdfnd@physx@@QBEIXZ 1001f040 f i CctCharacterControllerManager.obj
 0001:0001e060       ?capacity@?$Array@PAVObstacleContext@Cct@physx@@VNamedAllocator@shdfnd@3@@shdfnd@physx@@QBEIXZ 1001f060 f i CctCharacterControllerManager.obj
 0001:0001e080       ?capacity@?$Array@UPxDebugLine@physx@@VNamedAllocator@shdfnd@2@@shdfnd@physx@@QBEIXZ 1001f080 f i CctCharacterControllerManager.obj
 0001:0001e0a0       ?capacity@?$Array@UPxDebugPoint@physx@@VNamedAllocator@shdfnd@2@@shdfnd@physx@@QBEIXZ 1001f0a0 f i CctCharacterControllerManager.obj
 0001:0001e0c0       ?capacity@?$Array@UPxDebugText@physx@@VNamedAllocator@shdfnd@2@@shdfnd@physx@@QBEIXZ 1001f0c0 f i CctCharacterControllerManager.obj
 0001:0001e0e0       ?capacity@?$Array@UPxDebugTriangle@physx@@VNamedAllocator@shdfnd@2@@shdfnd@physx@@QBEIXZ 1001f0e0 f i CctCharacterControllerManager.obj
[...]
 0003:00000606       ?_ignore@?2??growAndPushBack@?$Array@PAVObstacleContext@Cct@physx@@VNamedAllocator@shdfnd@3@@shdfnd@physx@@IAEAAPAVObstacleContext@Cct@4@ABQAV564@@Z@4_NA 10038606     CctCharacterControllerManager.obj
 0003:00000607       ?_ignore@?2??grow@?$Array@UPxDebugPoint@physx@@VNamedAllocator@shdfnd@2@@shdfnd@physx@@IAEXI@Z@4_NA 10038607     CctCharacterControllerManager.obj
 0003:00000608       ?_ignore@?2??grow@?$Array@UPxDebugLine@physx@@VNamedAllocator@shdfnd@2@@shdfnd@physx@@IAEXI@Z@4_NA 10038608     CctCharacterControllerManager.obj
 0003:00000609       ?_ignore@?2??grow@?$Array@UPxDebugTriangle@physx@@VNamedAllocator@shdfnd@2@@shdfnd@physx@@IAEXI@Z@4_NA 10038609     CctCharacterControllerManager.obj
 0003:0000060a       ?_ignore@?2??grow@?$Array@UPxDebugText@physx@@VNamedAllocator@shdfnd@2@@shdfnd@physx@@IAEXI@Z@4_NA 1003860a     CctCharacterControllerManager.obj
 0003:0000060b       ?_ignore@?2??recreate@?$Array@UPxDebugLine@physx@@VNamedAllocator@shdfnd@2@@shdfnd@physx@@IAEXI@Z@4_NA 1003860b     CctCharacterControllerManager.obj
 0003:0000060c       ?_ignore@?2??growAndPushBack@?$Array@UPxDebugPoint@physx@@VNamedAllocator@shdfnd@2@@shdfnd@physx@@IAEAAUPxDebugPoint@4@ABU54@@Z@4_NA 1003860c     CctCharacterControllerManager.obj
 0003:0000060d       ?_ignore@?2??recreate@?$Array@UPxDebugPoint@physx@@VNamedAllocator@shdfnd@2@@shdfnd@physx@@IAEXI@Z@4_NA 1003860d     CctCharacterControllerManager.obj
 0003:0000060e       ?_ignore@?2??growAndPushBack@?$Array@UPxDebugTriangle@physx@@VNamedAllocator@shdfnd@2@@shdfnd@physx@@IAEAAUPxDebugTriangle@4@ABU54@@Z@4_NA 1003860e     CctCharacterControllerManager.obj
 0003:0000060f       ?_ignore@?2??recreate@?$Array@UPxDebugTriangle@physx@@VNamedAllocator@shdfnd@2@@shdfnd@physx@@IAEXI@Z@4_NA 1003860f     CctCharacterControllerManager.obj
 0003:00000610       ?_ignore@?2??growAndPushBack@?$Array@UPxDebugText@physx@@VNamedAllocator@shdfnd@2@@shdfnd@physx@@IAEAAUPxDebugText@4@ABU54@@Z@4_NA 10038610     CctCharacterControllerManager.obj
 0003:00000611       ?_ignore@?2??recreate@?$Array@UPxDebugText@physx@@VNamedAllocator@shdfnd@2@@shdfnd@physx@@IAEXI@Z@4_NA 10038611     CctCharacterControllerManager.obj
 0003:00000612       ?_ignore@?2??recreate@?$Array@PBXVNamedAllocator@shdfnd@physx@@@shdfnd@physx@@IAEXI@Z@4_NA 10038612     CctCharacterControllerManager.obj
 0003:00000613       ?_ignore@?2??recreate@?$Array@VPxExtendedBox@physx@@VNamedAllocator@shdfnd@2@@shdfnd@physx@@IAEXI@Z@4_NA 10038613     CctCharacterControllerManager.obj
 0003:00000614       ?_ignore@?2??recreate@?$Array@UPxExtendedCapsule@physx@@VNamedAllocator@shdfnd@2@@shdfnd@physx@@IAEXI@Z@4_NA 10038614     CctCharacterControllerManager.obj
 0003:00000615       ?_ignore@?2??grow@?$Array@PBXVNamedAllocator@shdfnd@physx@@@shdfnd@physx@@IAEXI@Z@4_NA 10038615     CctCharacterControllerManager.obj
 0003:00000616       ?_ignore@?2??grow@?$Array@VPxExtendedBox@physx@@VNamedAllocator@shdfnd@2@@shdfnd@physx@@IAEXI@Z@4_NA 10038616     CctCharacterControllerManager.obj
 0003:00000617       ?_ignore@?2??grow@?$Array@UPxExtendedCapsule@physx@@VNamedAllocator@shdfnd@2@@shdfnd@physx@@IAEXI@Z@4_NA 10038617     CctCharacterControllerManager.obj
 0003:0000061b       ?_ignore@?2??to16@shdfnd@physx@@YAGI@Z@4_NA 1003861b     CctObstacleContext.obj
 0003:00000627       ?_ignore@?2???A?$Array@UInternalBoxObstacle@ObstacleContext@Cct@physx@@VNamedAllocator@shdfnd@4@@shdfnd@physx@@QAEAAUInternalBoxObstacle@ObstacleContext@Cct@3@I@Z@4_NA 10038627     CctObstacleContext.obj
 0003:00000628       ?_ignore@?2??replaceWithLast@?$Array@UInternalBoxObstacle@ObstacleContext@Cct@physx@@VNamedAllocator@shdfnd@4@@shdfnd@physx@@QAEXI@Z@4_NA 10038628     CctObstacleContext.obj
 0003:00000629       ?_ignore@?2???A?$Array@UInternalCapsuleObstacle@ObstacleContext@Cct@physx@@VNamedAllocator@shdfnd@4@@shdfnd@physx@@QAEAAUInternalCapsuleObstacle@ObstacleContext@Cct@3@I@Z@4_NA 10038629     CctObstacleContext.obj
 0003:0000062a       ?_ignore@?2??replaceWithLast@?$Array@UInternalCapsuleObstacle@ObstacleContext@Cct@physx@@VNamedAllocator@shdfnd@4@@shdfnd@physx@@QAEXI@Z@4_NA 1003862a     CctObstacleContext.obj
 0003:0000062b       ?_ignore@?2??growAndPushBack@?$Array@UInternalBoxObstacle@ObstacleContext@Cct@physx@@VNamedAllocator@shdfnd@4@@shdfnd@physx@@IAEAAUInternalBoxObstacle@ObstacleContext@Cct@4@ABU5674@@Z@4_NA 1003862b     CctObstacleContext.obj
 0003:0000062c       ?_ignore@?2??growAndPushBack@?$Array@UInternalCapsuleObstacle@ObstacleContext@Cct@physx@@VNamedAllocator@shdfnd@4@@shdfnd@physx@@IAEAAUInternalCapsuleObstacle@ObstacleContext@Cct@4@ABU5674@@Z@4_NA 1003862c     CctObstacleContext.obj
 0003:00000633       ?_ignore@?2???APxVec3@physx@@QAEAAMH@Z@4_NA 10038633     PhysX3ExtensionsDEBUG:ExtRigidBodyExt.obj
 0003:00000634       ?_ignore@?2???APxVec3@physx@@QAEAAMI@Z@4_NA 10038634     PhysX3ExtensionsDEBUG:ExtRigidBodyExt.obj
 0003:00000635       ?_ignore@?2??getInverse@PxTransform@physx@@QBE?AV23@XZ@4_NA 10038635     PhysX3ExtensionsDEBUG:ExtRigidBodyExt.obj
 0003:00000636       ?_ignore@?2??transformFast@PxBounds3@physx@@SA?AV23@ABVPxTransform@3@ABV23@@Z@4_NA 10038636     PhysX3ExtensionsDEBUG:ExtRigidBodyExt.obj
 0003:0000063c       ?_ignore@?2??setDiagonal@InertiaTensorComputer@Ext@physx@@QAEXMABVPxVec3@4@@Z@4_NA 1003863c     PhysX3ExtensionsDEBUG:ExtRigidBodyExt.obj
 0003:0000063d       ?_ignore@?3??setDiagonal@InertiaTensorComputer@Ext@physx@@QAEXMABVPxVec3@4@@Z@4_NA 1003863d     PhysX3ExtensionsDEBUG:ExtRigidBodyExt.obj
 0003:0000063e       ?_ignore@?2??rotate@InertiaTensorComputer@Ext@physx@@QAEXABVPxMat33@4@@Z@4_NA 1003863e     PhysX3ExtensionsDEBUG:ExtRigidBodyExt.obj
 0003:0000063f       ?_ignore@?3??rotate@InertiaTensorComputer@Ext@physx@@QAEXABVPxMat33@4@@Z@4_NA 1003863f     PhysX3ExtensionsDEBUG:ExtRigidBodyExt.obj
 0003:00000642       ?_ignore@?2??scaleDensity@InertiaTensorComputer@Ext@physx@@QAEXM@Z@4_NA 10038642     PhysX3ExtensionsDEBUG:ExtRigidBodyExt.obj
 0003:00000643       ?_ignore@?3??scaleDensity@InertiaTensorComputer@Ext@physx@@QAEXM@Z@4_NA 10038643     PhysX3ExtensionsDEBUG:ExtRigidBodyExt.obj
 0003:00000644       ?_ignore@?2??add@InertiaTensorComputer@Ext@physx@@QAEXABV234@@Z@4_NA 10038644     PhysX3ExtensionsDEBUG:ExtRigidBodyExt.obj
 0003:00000645       ?_ignore@?3??add@InertiaTensorComputer@Ext@physx@@QAEXABV234@@Z@4_NA 10038645     PhysX3ExtensionsDEBUG:ExtRigidBodyExt.obj
 0003:00000646       ?_ignore@?4??add@InertiaTensorComputer@Ext@physx@@QAEXABV234@@Z@4_NA 10038646     PhysX3ExtensionsDEBUG:ExtRigidBodyExt.obj
 0003:00000656       ?_ignore@?2???A?$Array@PAVPxShape@physx@@V?$InlineAllocator@$0EA@VNamedAllocator@shdfnd@physx@@@shdfnd@2@@shdfnd@physx@@QAEAAPAVPxShape@3@I@Z@4_NA 10038656     PhysX3ExtensionsDEBUG:ExtRigidBodyExt.obj
 0003:00000657       ?_ignore@?2??grow@?$Array@PAVPxShape@physx@@V?$InlineAllocator@$0EA@VNamedAllocator@shdfnd@physx@@@shdfnd@2@@shdfnd@physx@@IAEXI@Z@4_NA 10038657     PhysX3ExtensionsDEBUG:ExtRigidBodyExt.obj
 0003:00000658       ?_ignore@?2??recreate@?$Array@PAVPxShape@physx@@V?$InlineAllocator@$0EA@VNamedAllocator@shdfnd@physx@@@shdfnd@2@@shdfnd@physx@@IAEXI@Z@4_NA 10038658     PhysX3ExtensionsDEBUG:ExtRigidBodyExt.obj
 0003:0000065c       ?__type_info_root_node@@3U__type_info_node@@A 1003865c     MSVCRTD:tncleanup.obj
 0003:00000670       ?wsprintffp@@3P6AHPADPBDZZA 10038670     MSVCRTD:error.obj
 0003:000009a0       ___native_startup_lock     100389a0     <common>
 0003:000009b0       ___native_startup_state    100389b0     <common>
 0003:000009b4       ___onexitend               100389b4     <common>
 0003:000009c4       ___onexitbegin             100389c4     <common>
 0003:000009c8       ___dyn_tls_init_callback   100389c8     <common>
 0004:00000000       __imp__IsProcessorFeaturePresent@4 10039000     kernel32:KERNEL32.dll
 0004:00000004       __imp__GetModuleHandleW@4  10039004     kernel32:KERNEL32.dll
 0004:00000008       __imp__GetModuleFileNameW@12 10039008     kernel32:KERNEL32.dll
 0004:0000000c       __imp__FreeLibrary@4       1003900c     kernel32:KERNEL32.dll
 0004:00000010       __imp__VirtualQuery@12     10039010     kernel32:KERNEL32.dll
 0004:00000014       __imp__GetProcessHeap@0    10039014     kernel32:KERNEL32.dll
 0004:00000018       __imp__HeapFree@12         10039018     kernel32:KERNEL32.dll
 0004:0000001c       __imp__HeapAlloc@12        1003901c     kernel32:KERNEL32.dll
 0004:00000020       __imp__WideCharToMultiByte@32 10039020     kernel32:KERNEL32.dll
 0004:00000024       __imp__MultiByteToWideChar@24 10039024     kernel32:KERNEL32.dll
 0004:00000028       __imp__LoadLibraryExW@12   10039028     kernel32:KERNEL32.dll
 0004:0000002c       __imp__GetProcAddress@8    1003902c     kernel32:KERNEL32.dll
 0004:00000030       __imp__GetLastError@0      10039030     kernel32:KERNEL32.dll
 0004:00000034       __imp__RaiseException@16   10039034     kernel32:KERNEL32.dll
 0004:00000038       __imp__IsDebuggerPresent@0 10039038     kernel32:KERNEL32.dll
 0004:0000003c       __imp__DisableThreadLibraryCalls@4 1003903c     kernel32:KERNEL32.dll
 0004:00000040       __imp__GetSystemTimeAsFileTime@4 10039040     kernel32:KERNEL32.dll
 0004:00000044       __imp__GetCurrentThreadId@0 10039044     kernel32:KERNEL32.dll
 0004:00000048       __imp__GetCurrentProcessId@0 10039048     kernel32:KERNEL32.dll
 0004:0000004c       __imp__QueryPerformanceCounter@4 1003904c     kernel32:KERNEL32.dll
 0004:00000050       __imp__DecodePointer@4     10039050     kernel32:KERNEL32.dll
 0004:00000054       __imp__EncodePointer@4     10039054     kernel32:KERNEL32.dll
 0004:00000058       \177KERNEL32_NULL_THUNK_DATA 10039058     kernel32:KERNEL32.dll
 0004:00000094       __imp____crtTerminateProcess 10039094     MSVCRTD:MSVCR120D.dll
 0004:00000098       __imp____crtUnhandledException 10039098     MSVCRTD:MSVCR120D.dll
 0004:0000009c       __imp___crt_debugger_hook  1003909c     MSVCRTD:MSVCR120D.dll
 0004:000000a0       __imp___wsplitpath_s       100390a0     MSVCRTD:MSVCR120D.dll
 0004:000000a4       __imp___wmakepath_s        100390a4     MSVCRTD:MSVCR120D.dll
 0004:000000a8       __imp__wcscpy_s            100390a8     MSVCRTD:MSVCR120D.dll
 0004:000000ac       __imp___except_handler4_common 100390ac     MSVCRTD:MSVCR120D.dll
 0004:000000b0       __imp___onexit             100390b0     MSVCRTD:MSVCR120D.dll
 0004:000000b4       __imp____dllonexit         100390b4     MSVCRTD:MSVCR120D.dll
 0004:000000b8       __imp___calloc_dbg         100390b8     MSVCRTD:MSVCR120D.dll
 0004:000000bc       __imp___CrtDbgReportW      100390bc     MSVCRTD:MSVCR120D.dll
 0004:000000c0       __imp___unlock             100390c0     MSVCRTD:MSVCR120D.dll
 0004:000000c4       __imp___lock               100390c4     MSVCRTD:MSVCR120D.dll
 0004:000000c8       __imp_?terminate@@YAXXZ    100390c8     MSVCRTD:MSVCR120D.dll
 0004:000000cc       __imp___initterm_e         100390cc     MSVCRTD:MSVCR120D.dll
 0004:000000d0       __imp___initterm           100390d0     MSVCRTD:MSVCR120D.dll
 0004:000000d4       __imp___CrtSetCheckCount   100390d4     MSVCRTD:MSVCR120D.dll
 0004:000000d8       __imp___free_dbg           100390d8     MSVCRTD:MSVCR120D.dll
 0004:000000dc       __imp___purecall           100390dc     MSVCRTD:MSVCR120D.dll
 0004:000000e0       __imp_??3@YAXPAX@Z         100390e0     MSVCRTD:MSVCR120D.dll
 0004:000000e4       __imp_??_V@YAXPAX@Z        100390e4     MSVCRTD:MSVCR120D.dll
 0004:000000e8       __imp__fabs                100390e8     MSVCRTD:MSVCR120D.dll
 0004:000000ec       __imp__sqrt                100390ec     MSVCRTD:MSVCR120D.dll
 0004:000000f0       __imp___fpclass            100390f0     MSVCRTD:MSVCR120D.dll
 0004:000000f4       __imp__memcpy              100390f4     MSVCRTD:MSVCR120D.dll
 0004:000000f8       __imp__memset              100390f8     MSVCRTD:MSVCR120D.dll
 0004:000000fc       __imp_?name@type_info@@QBEPBDPAU__type_info_node@@@Z 100390fc     MSVCRTD:MSVCR120D.dll
 0004:00000100       __imp___malloc_dbg         10039100     MSVCRTD:MSVCR120D.dll
 0004:00000104       __imp___except1            10039104     MSVCRTD:MSVCR120D.dll
 0004:00000108       __imp____clean_type_info_names_internal 10039108     MSVCRTD:MSVCR120D.dll
 0004:0000010c       __imp_??1type_info@@UAE@XZ 1003910c     MSVCRTD:MSVCR120D.dll
 0004:00000110       __imp____CppXcptFilter     10039110     MSVCRTD:MSVCR120D.dll
 0004:00000114       __imp___amsg_exit          10039114     MSVCRTD:MSVCR120D.dll
 0004:00000118       __imp___CRT_RTC_INITW      10039118     MSVCRTD:MSVCR120D.dll
 0004:0000011c       \177MSVCR120D_NULL_THUNK_DATA 1003911c     MSVCRTD:MSVCR120D.dll
 0004:00000160       __imp_?GetRaycastFuncTable@Gu@physx@@YAAAY06P6AIABVPxGeometry@2@ABVPxTransform@2@ABVPxVec3@2@2MV?$PxFlags@W4Enum@PxHitFlag@physx@@G@2@IPIAUPxRaycastHit@2@_NP6A_NAAU72@PAX@Z7@ZXZ 10039160     PhysX3CommonDEBUG_x86:PhysX3CommonDEBUG_x86.dll
 0004:00000164       __imp_?getSize@MutexImpl@shdfnd@physx@@SAABIXZ 10039164     PhysX3CommonDEBUG_x86:PhysX3CommonDEBUG_x86.dll
 0004:00000168       __imp_??1MutexImpl@shdfnd@physx@@QAE@XZ 10039168     PhysX3CommonDEBUG_x86:PhysX3CommonDEBUG_x86.dll
 0004:0000016c       __imp_??0MutexImpl@shdfnd@physx@@QAE@XZ 1003916c     PhysX3CommonDEBUG_x86:PhysX3CommonDEBUG_x86.dll
 0004:00000170       __imp_?distanceSegmentSegmentSquaredOLD@Gu@physx@@YAMABVPxVec3@2@000PAM1@Z 10039170     PhysX3CommonDEBUG_x86:PhysX3CommonDEBUG_x86.dll
 0004:00000174       __imp_?CompleteBoxPruning@Gu@physx@@YA_NPBVPxBounds3@2@IAAV?$Array@IVNamedAllocator@shdfnd@physx@@@shdfnd@2@ABVAxes@12@@Z 10039174     PhysX3CommonDEBUG_x86:PhysX3CommonDEBUG_x86.dll
 0004:00000178       __imp_?error@Foundation@shdfnd@physx@@QAAXW4Enum@PxErrorCode@3@PBDH1ZZ 10039178     PhysX3CommonDEBUG_x86:PhysX3CommonDEBUG_x86.dll
 0004:0000017c       __imp_?decRefCount@Foundation@shdfnd@physx@@SAXXZ 1003917c     PhysX3CommonDEBUG_x86:PhysX3CommonDEBUG_x86.dll
 0004:00000180       __imp_?incRefCount@Foundation@shdfnd@physx@@SAXXZ 10039180     PhysX3CommonDEBUG_x86:PhysX3CommonDEBUG_x86.dll
 0004:00000184       __imp_?getInstance@Foundation@shdfnd@physx@@SAAAV123@XZ 10039184     PhysX3CommonDEBUG_x86:PhysX3CommonDEBUG_x86.dll
 0004:00000188       __imp_?allocate@Allocator@shdfnd@physx@@QAEPAXIPBDH@Z 10039188     PhysX3CommonDEBUG_x86:PhysX3CommonDEBUG_x86.dll
 0004:0000018c       __imp_?getAllocator@shdfnd@physx@@YAAAVPxAllocatorCallback@2@XZ 1003918c     PhysX3CommonDEBUG_x86:PhysX3CommonDEBUG_x86.dll
 0004:00000190       __imp_?intersectTriangleBox@Gu@physx@@YAHABVPxVec3@2@0000@Z 10039190     PhysX3CommonDEBUG_x86:PhysX3CommonDEBUG_x86.dll
 0004:00000194       __imp_??6RenderOutput@Cm@physx@@QAEAAV012@VPxVec3@2@@Z 10039194     PhysX3CommonDEBUG_x86:PhysX3CommonDEBUG_x86.dll
 0004:00000198       __imp_??6RenderOutput@Cm@physx@@QAEAAV012@W4Primitive@012@@Z 10039198     PhysX3CommonDEBUG_x86:PhysX3CommonDEBUG_x86.dll
 0004:0000019c       __imp_?getTriangle@PxMeshQuery@physx@@SAXABVPxHeightFieldGeometry@2@ABVPxTransform@2@IAAVPxTriangle@2@PAI3@Z 1003919c     PhysX3CommonDEBUG_x86:PhysX3CommonDEBUG_x86.dll
 0004:000001a0       __imp_?getTriangle@PxMeshQuery@physx@@SAXABVPxTriangleMeshGeometry@2@ABVPxTransform@2@IAAVPxTriangle@2@PAI3@Z 100391a0     PhysX3CommonDEBUG_x86:PhysX3CommonDEBUG_x86.dll
 0004:000001a4       __imp_?sweep@PxMeshQuery@physx@@SA_NABVPxVec3@2@MABVPxGeometry@2@ABVPxTransform@2@IPBVPxTriangle@2@AAUPxSweepHit@2@V?$PxFlags@W4Enum@PxHitFlag@physx@@G@2@PBIM_N@Z 100391a4     PhysX3CommonDEBUG_x86:PhysX3CommonDEBUG_x86.dll
 0004:000001a8       __imp_?distanceSegmentBoxSquared@Gu@physx@@YAMABVPxVec3@2@000ABVPxMat33@2@PAMPAV32@@Z 100391a8     PhysX3CommonDEBUG_x86:PhysX3CommonDEBUG_x86.dll
 0004:000001ac       __imp_?intersectOBBOBB@Gu@physx@@YA_NABVPxVec3@2@0ABVPxMat33@2@001_N@Z 100391ac     PhysX3CommonDEBUG_x86:PhysX3CommonDEBUG_x86.dll
 0004:000001b0       __imp_??1Box@Gu@physx@@QAE@XZ 100391b0     PhysX3CommonDEBUG_x86:PhysX3CommonDEBUG_x86.dll
 0004:000001b4       __imp_??0Box@Gu@physx@@QAE@ABVPxVec3@2@0ABVPxMat33@2@@Z 100391b4     PhysX3CommonDEBUG_x86:PhysX3CommonDEBUG_x86.dll
 0004:000001b8       __imp_??6Cm@physx@@YAAAVRenderOutput@01@AAV201@ABUDebugBox@01@@Z 100391b8     PhysX3CommonDEBUG_x86:PhysX3CommonDEBUG_x86.dll
 0004:000001bc       __imp_?outputCapsule@RenderOutput@Cm@physx@@QAEAAV123@MMABVMatrix34@23@@Z 100391bc     PhysX3CommonDEBUG_x86:PhysX3CommonDEBUG_x86.dll
 0004:000001c0       __imp_??6RenderOutput@Cm@physx@@QAEAAV012@ABVPxTransform@2@@Z 100391c0     PhysX3CommonDEBUG_x86:PhysX3CommonDEBUG_x86.dll
 0004:000001c4       __imp_??6RenderOutput@Cm@physx@@QAEAAV012@I@Z 100391c4     PhysX3CommonDEBUG_x86:PhysX3CommonDEBUG_x86.dll
 0004:000001c8       __imp_??0RenderOutput@Cm@physx@@QAE@AAVRenderBuffer@12@@Z 100391c8     PhysX3CommonDEBUG_x86:PhysX3CommonDEBUG_x86.dll
 0004:000001cc       __imp_?deallocate@NamedAllocator@shdfnd@physx@@QAEXPAX@Z 100391cc     PhysX3CommonDEBUG_x86:PhysX3CommonDEBUG_x86.dll
 0004:000001d0       __imp_?allocate@NamedAllocator@shdfnd@physx@@QAEPAXIPBDH@Z 100391d0     PhysX3CommonDEBUG_x86:PhysX3CommonDEBUG_x86.dll
 0004:000001d4       __imp_??1NamedAllocator@shdfnd@physx@@QAE@XZ 100391d4     PhysX3CommonDEBUG_x86:PhysX3CommonDEBUG_x86.dll
 0004:000001d8       __imp_??0NamedAllocator@shdfnd@physx@@QAE@ABV012@@Z 100391d8     PhysX3CommonDEBUG_x86:PhysX3CommonDEBUG_x86.dll
 0004:000001dc       __imp_??0NamedAllocator@shdfnd@physx@@QAE@PBD@Z 100391dc     PhysX3CommonDEBUG_x86:PhysX3CommonDEBUG_x86.dll
 0004:000001e0       __imp_?computePenetration@PxGeometryQuery@physx@@SA_NAAVPxVec3@2@AAMABVPxGeometry@2@ABVPxTransform@2@23@Z 100391e0     PhysX3CommonDEBUG_x86:PhysX3CommonDEBUG_x86.dll
 0004:000001e4       __imp_?sweep@PxGeometryQuery@physx@@SA_NABVPxVec3@2@MABVPxGeometry@2@ABVPxTransform@2@12AAUPxSweepHit@2@V?$PxFlags@W4Enum@PxHitFlag@physx@@G@2@M@Z 100391e4     PhysX3CommonDEBUG_x86:PhysX3CommonDEBUG_x86.dll
 0004:000001e8       __imp_?PxTransformFromSegment@physx@@YA?AVPxTransform@1@ABVPxVec3@1@0PAM@Z 100391e8     PhysX3CommonDEBUG_x86:PhysX3CommonDEBUG_x86.dll
 0004:000001ec       __imp_?unlock@MutexImpl@shdfnd@physx@@QAEXXZ 100391ec     PhysX3CommonDEBUG_x86:PhysX3CommonDEBUG_x86.dll
 0004:000001f0       __imp_?lock@MutexImpl@shdfnd@physx@@QAEXXZ 100391f0     PhysX3CommonDEBUG_x86:PhysX3CommonDEBUG_x86.dll
 0004:000001f4       __imp_?deallocate@Allocator@shdfnd@physx@@QAEXPAX@Z 100391f4     PhysX3CommonDEBUG_x86:PhysX3CommonDEBUG_x86.dll
 0004:000001f8       __imp_??0Allocator@shdfnd@physx@@QAE@PBD@Z 100391f8     PhysX3CommonDEBUG_x86:PhysX3CommonDEBUG_x86.dll
 0004:000001fc       __imp__PxGetFoundation     100391fc     PhysX3CommonDEBUG_x86:PhysX3CommonDEBUG_x86.dll
 0004:00000200       __imp_?PxGetAssertHandler@physx@@YAAAVPxAssertHandler@1@XZ 10039200     PhysX3CommonDEBUG_x86:PhysX3CommonDEBUG_x86.dll
 0004:00000204       __imp_?findOverlapTriangleMesh@PxMeshQuery@physx@@SAIABVPxGeometry@2@ABVPxTransform@2@ABVPxTriangleMeshGeometry@2@1PAIIIAA_N@Z 10039204     PhysX3CommonDEBUG_x86:PhysX3CommonDEBUG_x86.dll
 0004:00000208       __imp_?findOverlapHeightField@PxMeshQuery@physx@@SAIABVPxGeometry@2@ABVPxTransform@2@ABVPxHeightFieldGeometry@2@1PAIIIAA_N@Z 10039208     PhysX3CommonDEBUG_x86:PhysX3CommonDEBUG_x86.dll
 0004:0000020c       __imp_?PxDiagonalize@physx@@YA?AVPxVec3@1@ABVPxMat33@1@AAVPxQuat@1@@Z 1003920c     PhysX3CommonDEBUG_x86:PhysX3CommonDEBUG_x86.dll
 0004:00000210       \177PhysX3CommonDEBUG_x86_NULL_THUNK_DATA 10039210     PhysX3CommonDEBUG_x86:PhysX3CommonDEBUG_x86.dll
 0004:0000025c       __IMPORT_DESCRIPTOR_PhysX3CommonDEBUG_x86 1003925c     PhysX3CommonDEBUG_x86:PhysX3CommonDEBUG_x86.dll
 0004:00000270       __IMPORT_DESCRIPTOR_MSVCR120D 10039270     MSVCRTD:MSVCR120D.dll
 0004:00000284       __IMPORT_DESCRIPTOR_KERNEL32 10039284     kernel32:KERNEL32.dll
 0004:00000298       __NULL_IMPORT_DESCRIPTOR   10039298     PhysX3CommonDEBUG_x86:PhysX3CommonDEBUG_x86.dll
