 PhysX3CookingDEBUG_x64

 Timestamp is 58a20ed2 (Mon Feb 13 20:53:54 2017)

 Preferred load address is 0000000180000000

 Start         Length     Name                   Class
 0001:00000000 00004540H .text$di                CODE
 0001:00004540 000e11cbH .text$mn                CODE
 0001:000e5710 0000204dH .text$x                 CODE
 0002:00000000 00000109H .CRT$XCA                DATA
 0002:00000110 0000038cH .CRT$XCU                DATA
 0002:000004a0 00000109H .CRT$XCZ                DATA
 0002:000005b0 00000109H .CRT$XIA                DATA
 0002:000006c0 00000130H .CRT$XIC                DATA
 0002:000007f0 00000109H .CRT$XIZ                DATA
 0002:00000900 00000109H .CRT$XPA                DATA
 0002:00000a10 00000113H .CRT$XPX                DATA
 0002:00000b28 00000109H .CRT$XPXA               DATA
 0002:00000c38 00000109H .CRT$XPZ                DATA
 0002:00000d48 00000109H .CRT$XTA                DATA
 0002:00000e58 00000109H .CRT$XTZ                DATA
 0002:00000f70 0001b01aH .rdata                  DATA
 0002:0001bf8c 000001dcH .rdata$debug            DATA
 0002:0001c168 000008b4H .rdata$r                DATA
 0002:0001ca20 00000109H .rtc$IAA                DATA
 0002:0001cb30 0000024dH .rtc$IMZ                DATA
 0002:0001cd80 00000109H .rtc$IZZ                DATA
 0002:0001ce90 00000109H .rtc$TAA                DATA
 0002:0001cfa0 0000024dH .rtc$TMZ                DATA
 0002:0001d1f0 00000109H .rtc$TZZ                DATA
 0002:0001d300 00005c39H .xdata                  DATA
 0002:00022f40 00000211H .xdata$x                DATA
 0002:00023160 000001a0H .edata                  DATA
 0003:00000000 00001f2cH .data                   DATA
 0003:00001f30 000007b8H .data$r                 DATA
 0003:00002700 00002ed1H .bss                    DATA
 0004:00000000 0000663cH .pdata                  DATA
 0005:00000000 000003a8H .idata$5                DATA
 0005:000003a8 00000014H .idata$2                DATA
 0005:000003bc 00000014H .idata$3                DATA
 0005:000003d0 000003a8H .idata$4                DATA
 0005:00000778 0000082fH .idata$6                DATA
 0006:00000000 00000040H .didat$2                DATA
 0006:00000040 00000020H .didat$3                DATA
 0006:00000060 000002a0H .didat$4                DATA
 0006:00000300 000002a0H .didat$5                DATA
 0006:000005a0 00000c3bH .didat$6                DATA
 0006:000011e0 000002dbH .didat$7                DATA
 0007:00000000 000001c0H .rsrc$01                DATA
 0007:000001c0 000006a9H .rsrc$02                DATA

  Address         Publics by Value              Rva+Base               Lib:Object

 0000:00000000       ___safe_se_handler_table   0000000000000000     <absolute>
 0000:00000000       __guard_fids_table         0000000000000000     <absolute>
 0000:00000000       __guard_fids_count         0000000000000000     <absolute>
 0000:00000000       ___safe_se_handler_count   0000000000000000     <absolute>
 0000:00000000       __guard_flags              0000000000000000     <absolute>
 0000:00000000       __ImageBase                0000000180000000     <linker-defined>
 0001:00004540       PxSetPhysXCookingDelayLoadHook 0000000180005540 f   WindowsCookingDelayLoadHook.obj
 0001:00004560       ?delayHook@@YAP6A_JXZIPEAUDelayLoadInfo@@@Z 0000000180005560 f   WindowsCookingDelayLoadHook.obj
 0001:00004610       ?foundationDliNotePreLoadLibrary@shdfnd@physx@@YAP6A_JXZPEBDPEBVPxFoundationDelayLoadHook@2@@Z 0000000180005610 f i WindowsCookingDelayLoadHook.obj
 0001:00004750       ?loadLibrary@Cm@physx@@YAPEAUHINSTANCE__@@PEBD@Z 0000000180005750 f i WindowsCookingDelayLoadHook.obj
 0001:00004770       ?physXCommonDliNotePreLoadLibrary@Cm@physx@@YAP6A_JXZPEBDPEBVPxDelayLoadHook@2@@Z 0000000180005770 f i WindowsCookingDelayLoadHook.obj
 0001:000049e0       ?saveHeightField@physx@@YA_NAEBVHeightField@Gu@1@AEAVPxOutputStream@1@_N@Z 00000001800059e0 f   HeightFieldCooking.obj
 0001:00004ea0       ??APxVec3@physx@@QEBAAEBMI@Z 0000000180005ea0 f i HeightFieldCooking.obj
 0001:00004f30       ??B?$PxFlags@W4Enum@PxHeightFieldFlag@physx@@G@physx@@QEBAGXZ 0000000180005f30 f i HeightFieldCooking.obj
 0001:00004f50       ?getData@HeightField@Gu@physx@@QEBAAEBUHeightFieldData@23@XZ 0000000180005f50 f i HeightFieldCooking.obj
 0001:00004f70       ?getMax@CenterExtents@Gu@physx@@QEBAMI@Z 0000000180005f70 f i HeightFieldCooking.obj
 0001:00004fd0       ?getMin@CenterExtents@Gu@physx@@QEBAMI@Z 0000000180005fd0 f i HeightFieldCooking.obj
 0001:00005030       ?buildFromTriangles@RTreeCooker@physx@@SAXAEAURTree@Gu@2@PEBVPxVec3@2@IPEBGPEBIIAEAV?$Array@IVNamedAllocator@shdfnd@physx@@@shdfnd@2@PEAURemapCallback@12@MW4Enum@PxMeshCookingHint@2@@Z 0000000180006030 f   RTreeCooking.obj
 0001:00006ea0       ??$PX_UNUSED@I@@YAXAEBI@Z  0000000180007ea0 f i RTreeCooking.obj
 0001:00006eb0       ??$PX_UNUSED@M@@YAXAEBM@Z  0000000180007eb0 f i RTreeCooking.obj
 0001:00006ec0       ??$PX_UNUSED@PEAURTreeNodeNQ@physx@@@@YAXAEBQEAURTreeNodeNQ@physx@@@Z 0000000180007ec0 f i RTreeCooking.obj
 0001:00006ed0       ??$PX_UNUSED@URTreeNodeNQ@physx@@@@YAXAEBURTreeNodeNQ@physx@@@Z 0000000180007ed0 f i RTreeCooking.obj
 0001:00006ee0       ??$PxMax@H@physx@@YAHHH@Z  0000000180007ee0 f i RTreeCooking.obj
 0001:00006f20       ??$PxMax@I@physx@@YAIII@Z  0000000180007f20 f i RTreeCooking.obj
 0001:00006f60       ??$PxMax@M@physx@@YAMMM@Z  0000000180007f60 f i RTreeCooking.obj
 0001:00006f90       ??$PxMin@I@physx@@YAIII@Z  0000000180007f90 f i RTreeCooking.obj
 0001:00006fd0       ??$PxMin@M@physx@@YAMMM@Z  0000000180007fd0 f i RTreeCooking.obj
 0001:00007000       ??$median3@I$$CBU?$Less@I@shdfnd@physx@@@internal@shdfnd@physx@@YAXPEAIHHAEBU?$Less@I@12@@Z 0000000180008000 f i RTreeCooking.obj
 0001:000071c0       ??$median3@I$$CBUSortBoundsPredicate@physx@@@internal@shdfnd@physx@@YAXPEAIHHAEBUSortBoundsPredicate@2@@Z 00000001800081c0 f i RTreeCooking.obj
 0001:00007380       ??$partition@I$$CBU?$Less@I@shdfnd@physx@@@internal@shdfnd@physx@@YAHPEAIHHAEBU?$Less@I@12@@Z 0000000180008380 f i RTreeCooking.obj
 0001:000075f0       ??$partition@I$$CBUSortBoundsPredicate@physx@@@internal@shdfnd@physx@@YAHPEAIHHAEBUSortBoundsPredicate@2@@Z 00000001800085f0 f i RTreeCooking.obj
 0001:00007860       ??$partition@UBoundsLTE@physx@@@quickSelect@physx@@YAIPEIAIIIIAEBUBoundsLTE@1@@Z 0000000180008860 f i RTreeCooking.obj
 0001:00007c80       ??$quickSelectFirstK@UBoundsLTE@physx@@@quickSelect@physx@@YAXPEIAIIIIAEBUBoundsLTE@1@@Z 0000000180008c80 f i RTreeCooking.obj
 0001:00007e30       ??$smallSort@I$$CBU?$Less@I@shdfnd@physx@@@internal@shdfnd@physx@@YAXPEAIHHAEBU?$Less@I@12@@Z 0000000180008e30 f i RTreeCooking.obj
 0001:00007f40       ??$smallSort@I$$CBUSortBoundsPredicate@physx@@@internal@shdfnd@physx@@YAXPEAIHHAEBUSortBoundsPredicate@2@@Z 0000000180008f40 f i RTreeCooking.obj
 0001:00008050       ??$sort@I@shdfnd@physx@@YAXPEAII@Z 0000000180009050 f i RTreeCooking.obj
 0001:000080d0       ??$sort@IU?$Less@I@shdfnd@physx@@VNamedAllocator@23@@shdfnd@physx@@YAXPEAIIAEBU?$Less@I@01@AEBVNamedAllocator@01@I@Z 00000001800090d0 f i RTreeCooking.obj
 0001:00008480       ??$sort@IUSortBoundsPredicate@physx@@@shdfnd@physx@@YAXPEAIIAEBUSortBoundsPredicate@1@@Z 0000000180009480 f i RTreeCooking.obj
 0001:000084e0       ??$sort@IUSortBoundsPredicate@physx@@VNamedAllocator@shdfnd@2@@shdfnd@physx@@YAXPEAIIAEBUSortBoundsPredicate@1@AEBVNamedAllocator@01@I@Z 00000001800094e0 f i RTreeCooking.obj
 0001:00008890       ??$swap@I@shdfnd@physx@@YAXAEAI0@Z 0000000180009890 f i RTreeCooking.obj
 0001:000088e0       ??0?$AlignedAllocator@$0IA@VNonTrackingAllocator@shdfnd@physx@@@shdfnd@physx@@QEAA@AEBVNonTrackingAllocator@12@@Z 00000001800098e0 f i RTreeCooking.obj
 0001:00008900       ??0?$Array@IVNamedAllocator@shdfnd@physx@@@shdfnd@physx@@QEAA@IAEBIAEBVNamedAllocator@12@@Z 0000000180009900 f i RTreeCooking.obj
 0001:00008990       ??0?$Array@UInterval@physx@@V?$InlineAllocator@$0CA@VNamedAllocator@shdfnd@physx@@@shdfnd@2@@shdfnd@physx@@QEAA@AEBV?$InlineAllocator@$0CA@VNamedAllocator@shdfnd@physx@@@12@@Z 0000000180009990 f i RTreeCooking.obj
 0001:000089f0       ??0?$Array@UPxBounds3V@physx@@VNamedAllocator@shdfnd@2@@shdfnd@physx@@QEAA@AEBVNamedAllocator@12@@Z 00000001800099f0 f i RTreeCooking.obj
 0001:00008a50       ??0?$Array@URTreeNodeNQ@physx@@VNamedAllocator@shdfnd@2@@shdfnd@physx@@QEAA@AEBVNamedAllocator@12@@Z 0000000180009a50 f i RTreeCooking.obj
 0001:00008ab0       ??0?$Array@URTreeNodeQ@Gu@physx@@VNamedAllocator@shdfnd@3@@shdfnd@physx@@QEAA@AEBVNamedAllocator@12@@Z 0000000180009ab0 f i RTreeCooking.obj
 0001:00008b10       ??0?$Array@VPxVec3@physx@@VNamedAllocator@shdfnd@2@@shdfnd@physx@@QEAA@AEBVNamedAllocator@12@@Z 0000000180009b10 f i RTreeCooking.obj
 0001:00008b70       ??0?$InlineAllocator@$0CA@VNamedAllocator@shdfnd@physx@@@shdfnd@physx@@QEAA@AEBV012@@Z 0000000180009b70 f i RTreeCooking.obj
 0001:00008bb0       ??0?$InlineAllocator@$0CA@VNamedAllocator@shdfnd@physx@@@shdfnd@physx@@QEAA@AEBVNamedAllocator@12@@Z 0000000180009bb0 f i RTreeCooking.obj
 0001:00008bf0       ??0?$InlineArray@UInterval@physx@@$03VNamedAllocator@shdfnd@2@@shdfnd@physx@@QEAA@AEBVNamedAllocator@12@@Z 0000000180009bf0 f i RTreeCooking.obj
 0001:00008c70       ??0?$ScopedPointer@HVTempAllocator@shdfnd@physx@@@shdfnd@physx@@QEAA@XZ 0000000180009c70 f i RTreeCooking.obj
 0001:00008ca0       ??0?$Stack@VNamedAllocator@shdfnd@physx@@@internal@shdfnd@physx@@QEAA@PEAHIAEBVNamedAllocator@23@@Z 0000000180009ca0 f i RTreeCooking.obj
 0001:00008d20       ??0BoundsLTE@physx@@QEAA@IPEBVPxVec3@1@@Z 0000000180009d20 f i RTreeCooking.obj
 0001:00008d60       ??0Interval@physx@@QEAA@II@Z 0000000180009d60 f i RTreeCooking.obj
 0001:00008da0       ??0NonTrackingAllocator@shdfnd@physx@@QEAA@PEBD@Z 0000000180009da0 f i RTreeCooking.obj
 0001:00008dc0       ??0PxBounds3@physx@@QEAA@AEBV01@@Z 0000000180009dc0 f i RTreeCooking.obj
 0001:00008e20       ??0PxBounds3@physx@@QEAA@AEBVPxVec3@1@0@Z 0000000180009e20 f i RTreeCooking.obj
 0001:00008e80       ??0PxBounds3V@physx@@QEAA@AEAT__m128@@0@Z 0000000180009e80 f i RTreeCooking.obj
 0001:00008ed0       ??0PxBounds3V@physx@@QEAA@UU@01@@Z 0000000180009ed0 f i RTreeCooking.obj
 0001:00008ef0       ??0PxVec3@physx@@QEAA@AEBV01@@Z 0000000180009ef0 f i RTreeCooking.obj
 0001:00008f50       ??0PxVec3@physx@@QEAA@M@Z  0000000180009f50 f i RTreeCooking.obj
 0001:00008fa0       ??0PxVec3@physx@@QEAA@MMM@Z 0000000180009fa0 f i RTreeCooking.obj
 0001:00009000       ??0PxVec3@physx@@QEAA@XZ   000000018000a000 f i RTreeCooking.obj
 0001:00009010       ??0PxVec4@physx@@QEAA@AEBVPxVec3@1@M@Z 000000018000a010 f i RTreeCooking.obj
 0001:00009090       ??0PxVec4@physx@@QEAA@M@Z  000000018000a090 f i RTreeCooking.obj
 0001:00009100       ??0PxVec4@physx@@QEAA@MMMM@Z 000000018000a100 f i RTreeCooking.obj
 0001:00009180       ??0RTreeNodeNQ@physx@@QEAA@AEBU01@@Z 000000018000a180 f i RTreeCooking.obj
 0001:000091e0       ??0RTreeNodeNQ@physx@@QEAA@XZ 000000018000a1e0 f i RTreeCooking.obj
 0001:00009230       ??0SortBoundsPredicate@physx@@QEAA@IPEBUPxBounds3V@1@@Z 000000018000a230 f i RTreeCooking.obj
 0001:00009270       ??0SubSortQuick@physx@@QEAA@PEAIPEBUPxBounds3V@1@IM@Z 000000018000a270 f i RTreeCooking.obj
 0001:00009440       ??0SubSortSAH@physx@@QEAA@PEAIPEBUPxBounds3V@1@IPEBI22222M@Z 000000018000a440 f i RTreeCooking.obj
 0001:000096b0       ??0TempAllocator@shdfnd@physx@@QEAA@PEBD@Z 000000018000a6b0 f i RTreeCooking.obj
 0001:000096d0       ??1?$Array@IVNamedAllocator@shdfnd@physx@@@shdfnd@physx@@QEAA@XZ 000000018000a6d0 f i RTreeCooking.obj
 0001:00009760       ??1?$Array@UInterval@physx@@V?$InlineAllocator@$0CA@VNamedAllocator@shdfnd@physx@@@shdfnd@2@@shdfnd@physx@@QEAA@XZ 000000018000a760 f i RTreeCooking.obj
 0001:000097f0       ??1?$Array@UPxBounds3V@physx@@VNamedAllocator@shdfnd@2@@shdfnd@physx@@QEAA@XZ 000000018000a7f0 f i RTreeCooking.obj
 0001:00009880       ??1?$Array@URTreeNodeNQ@physx@@VNamedAllocator@shdfnd@2@@shdfnd@physx@@QEAA@XZ 000000018000a880 f i RTreeCooking.obj
 0001:00009910       ??1?$Array@URTreeNodeQ@Gu@physx@@VNamedAllocator@shdfnd@3@@shdfnd@physx@@QEAA@XZ 000000018000a910 f i RTreeCooking.obj
 0001:000099a0       ??1?$Array@VPxVec3@physx@@VNamedAllocator@shdfnd@2@@shdfnd@physx@@QEAA@XZ 000000018000a9a0 f i RTreeCooking.obj
 0001:00009a30       ??1?$InlineAllocator@$0CA@VNamedAllocator@shdfnd@physx@@@shdfnd@physx@@QEAA@XZ 000000018000aa30 f i RTreeCooking.obj
 0001:00009a50       ??1?$InlineArray@UInterval@physx@@$03VNamedAllocator@shdfnd@2@@shdfnd@physx@@QEAA@XZ 000000018000aa50 f i RTreeCooking.obj
 0001:00009a70       ??1?$ScopedPointer@HVTempAllocator@shdfnd@physx@@@shdfnd@physx@@QEAA@XZ 000000018000aa70 f i RTreeCooking.obj
 0001:00009ab0       ??1?$Stack@VNamedAllocator@shdfnd@physx@@@internal@shdfnd@physx@@QEAA@XZ 000000018000aab0 f i RTreeCooking.obj
 0001:00009b00       ??1SubSortQuick@physx@@QEAA@XZ 000000018000ab00 f i RTreeCooking.obj
 0001:00009b30       ??1SubSortSAH@physx@@QEAA@XZ 000000018000ab30 f i RTreeCooking.obj
 0001:00009c00       ??2@YAPEAX_KPEAX@Z         000000018000ac00 f i RTreeCooking.obj
 0001:00009c20       ??4PxVec3@physx@@QEAAAEAV01@AEBV01@@Z 000000018000ac20 f i RTreeCooking.obj
 0001:00009c80       ??4PxVec4@physx@@QEAAAEAV01@AEBV01@@Z 000000018000ac80 f i RTreeCooking.obj
 0001:00009d00       ??A?$Array@IVNamedAllocator@shdfnd@physx@@@shdfnd@physx@@QEAAAEAII@Z 000000018000ad00 f i RTreeCooking.obj
 0001:00009da0       ??A?$Array@UInterval@physx@@V?$InlineAllocator@$0CA@VNamedAllocator@shdfnd@physx@@@shdfnd@2@@shdfnd@physx@@QEAAAEAUInterval@2@I@Z 000000018000ada0 f i RTreeCooking.obj
 0001:00009e40       ??A?$Array@URTreeNodeNQ@physx@@VNamedAllocator@shdfnd@2@@shdfnd@physx@@QEAAAEAURTreeNodeNQ@2@I@Z 000000018000ae40 f i RTreeCooking.obj
 0001:00009ee0       ??A?$Array@URTreeNodeQ@Gu@physx@@VNamedAllocator@shdfnd@3@@shdfnd@physx@@QEAAAEAURTreeNodeQ@Gu@2@I@Z 000000018000aee0 f i RTreeCooking.obj
 0001:00009f80       ??B?$ScopedPointer@HVTempAllocator@shdfnd@physx@@@shdfnd@physx@@QEBAPEAHXZ 000000018000af80 f i RTreeCooking.obj
 0001:00009fa0       ??GPxVec4@physx@@QEBA?AV01@AEBV01@@Z 000000018000afa0 f i RTreeCooking.obj
 0001:0000a050       ??HPxVec3@physx@@QEBA?AV01@AEBV01@@Z 000000018000b050 f i RTreeCooking.obj
 0001:0000a0f0       ??KPxVec4@physx@@QEBA?AV01@M@Z 000000018000b0f0 f i RTreeCooking.obj
 0001:0000a1b0       ??R?$Less@I@shdfnd@physx@@QEBA_NAEBI0@Z 000000018000b1b0 f i RTreeCooking.obj
 0001:0000a200       ??RBoundsLTE@physx@@QEBA_NAEBI0@Z 000000018000b200 f i RTreeCooking.obj
 0001:0000a2c0       ??RSortBoundsPredicate@physx@@QEBA_NAEBI0@Z 000000018000b2c0 f i RTreeCooking.obj
 0001:0000a440       ??_H@YAXPEAX_KHP6APEAX0@Z@Z 000000018000b440 f i RTreeCooking.obj
 0001:0000a4b0       ?FLoad@aos@shdfnd@physx@@YA?AT__m128@@M@Z 000000018000b4b0 f i RTreeCooking.obj
 0001:0000a4e0       ?FMax@aos@shdfnd@physx@@YA?AT__m128@@XZ 000000018000b4e0 f i RTreeCooking.obj
 0001:0000a510       ?FNegMax@aos@shdfnd@physx@@YA?AT__m128@@XZ 000000018000b510 f i RTreeCooking.obj
 0001:0000a540       ?FStore@aos@shdfnd@physx@@YAXT__m128@@PEIAM@Z 000000018000b540 f i RTreeCooking.obj
 0001:0000a5f0       ?PxAbs@physx@@YAHH@Z       000000018000b5f0 f i RTreeCooking.obj
 0001:0000a610       ?PxAbs@physx@@YAMM@Z       000000018000b610 f i RTreeCooking.obj
 0001:0000a630       ?PxIsFinite@physx@@YA_NM@Z 000000018000b630 f i RTreeCooking.obj
 0001:0000a650       ?PxMemCopy@physx@@YAPEAXPEIAXPEIBXI@Z 000000018000b650 f i RTreeCooking.obj
 0001:0000a690       ?V3Add@aos@shdfnd@physx@@YA?AT__m128@@T4@0@Z 000000018000b690 f i RTreeCooking.obj
 0001:0000a7e0       ?V3Dot@aos@shdfnd@physx@@YA?AT__m128@@T4@0@Z 000000018000b7e0 f i RTreeCooking.obj
 0001:0000a9f0       ?V3Load@aos@shdfnd@physx@@YA?AT__m128@@M@Z 000000018000b9f0 f i RTreeCooking.obj
 0001:0000aa40       ?V3LoadU@aos@shdfnd@physx@@YA?AT__m128@@AEBVPxVec3@3@@Z 000000018000ba40 f i RTreeCooking.obj
 0001:0000aaa0       ?V3Max@aos@shdfnd@physx@@YA?AT__m128@@T4@0@Z 000000018000baa0 f i RTreeCooking.obj
 0001:0000abf0       ?V3Min@aos@shdfnd@physx@@YA?AT__m128@@T4@0@Z 000000018000bbf0 f i RTreeCooking.obj
 0001:0000ad40       ?V3PermZXY@aos@shdfnd@physx@@YA?AT__m128@@T4@@Z 000000018000bd40 f i RTreeCooking.obj
 0001:0000ae00       ?V3ReadXYZ@aos@shdfnd@physx@@YAAEBVPxVec3@3@AEBT__m128@@@Z 000000018000be00 f i RTreeCooking.obj
 0001:0000ae10       ?V3Splat@aos@shdfnd@physx@@YA?AT__m128@@T4@@Z 000000018000be10 f i RTreeCooking.obj
 0001:0000af20       ?V3StoreA@aos@shdfnd@physx@@YAXT__m128@@AEAVPxVec3@3@@Z 000000018000bf20 f i RTreeCooking.obj
 0001:0000b010       ?V3StoreU@aos@shdfnd@physx@@YAXT__m128@@AEAVPxVec3@3@@Z 000000018000c010 f i RTreeCooking.obj
 0001:0000b090       ?V3Sub@aos@shdfnd@physx@@YA?AT__m128@@T4@0@Z 000000018000c090 f i RTreeCooking.obj
 0001:0000b1e0       ?V3Zero@aos@shdfnd@physx@@YA?AT__m128@@XZ 000000018000c1e0 f i RTreeCooking.obj
 0001:0000b200       ?V4ClearW@aos@shdfnd@physx@@YA?AT__m128@@T4@@Z 000000018000c200 f i RTreeCooking.obj
 0001:0000b230       ?V4Load@aos@shdfnd@physx@@YA?AT__m128@@M@Z 000000018000c230 f i RTreeCooking.obj
 0001:0000b260       ?V4ReadW@aos@shdfnd@physx@@YAMAEBT__m128@@@Z 000000018000c260 f i RTreeCooking.obj
 0001:0000b280       ?V4ReadX@aos@shdfnd@physx@@YAMAEBT__m128@@@Z 000000018000c280 f i RTreeCooking.obj
 0001:0000b2a0       ?V4ReadY@aos@shdfnd@physx@@YAMAEBT__m128@@@Z 000000018000c2a0 f i RTreeCooking.obj
 0001:0000b2c0       ?V4ReadZ@aos@shdfnd@physx@@YAMAEBT__m128@@@Z 000000018000c2c0 f i RTreeCooking.obj
 0001:0000b2e0       ?V4StoreA@aos@shdfnd@physx@@YAXT__m128@@PEAM@Z 000000018000c2e0 f i RTreeCooking.obj
 0001:0000b380       ?Vec3V_From_FloatV@aos@shdfnd@physx@@YA?AT__m128@@T4@@Z 000000018000c380 f i RTreeCooking.obj
 0001:0000b3e0       ?Vec3V_From_Vec4V@aos@shdfnd@physx@@YA?AT__m128@@T4@@Z 000000018000c3e0 f i RTreeCooking.obj
 0001:0000b420       ?Vec4V_From_FloatV@aos@shdfnd@physx@@YA?AT__m128@@T4@@Z 000000018000c420 f i RTreeCooking.obj
 0001:0000b440       ?abs@intrinsics@physx@@YAMM@Z 000000018000c440 f i RTreeCooking.obj
 0001:0000b460       ?allocate@?$AlignedAllocator@$0IA@VNonTrackingAllocator@shdfnd@physx@@@shdfnd@physx@@QEAAPEAX_KPEBDH@Z 000000018000c460 f i RTreeCooking.obj
 0001:0000b530       ?allocate@?$Array@IVNamedAllocator@shdfnd@physx@@@shdfnd@physx@@IEAAPEAII@Z 000000018000c530 f i RTreeCooking.obj
 0001:0000b5e0       ?allocate@?$Array@UInterval@physx@@V?$InlineAllocator@$0CA@VNamedAllocator@shdfnd@physx@@@shdfnd@2@@shdfnd@physx@@IEAAPEAUInterval@3@I@Z 000000018000c5e0 f i RTreeCooking.obj
 0001:0000b690       ?allocate@?$Array@UPxBounds3V@physx@@VNamedAllocator@shdfnd@2@@shdfnd@physx@@IEAAPEAUPxBounds3V@3@I@Z 000000018000c690 f i RTreeCooking.obj
 0001:0000b740       ?allocate@?$Array@URTreeNodeNQ@physx@@VNamedAllocator@shdfnd@2@@shdfnd@physx@@IEAAPEAURTreeNodeNQ@3@I@Z 000000018000c740 f i RTreeCooking.obj
 0001:0000b7f0       ?allocate@?$Array@URTreeNodeQ@Gu@physx@@VNamedAllocator@shdfnd@3@@shdfnd@physx@@IEAAPEAURTreeNodeQ@Gu@3@I@Z 000000018000c7f0 f i RTreeCooking.obj
 0001:0000b8a0       ?allocate@?$Array@VPxVec3@physx@@VNamedAllocator@shdfnd@2@@shdfnd@physx@@IEAAPEAVPxVec3@3@I@Z 000000018000c8a0 f i RTreeCooking.obj
 0001:0000b950       ?allocate@?$InlineAllocator@$0CA@VNamedAllocator@shdfnd@physx@@@shdfnd@physx@@QEAAPEAXIPEBDH@Z 000000018000c950 f i RTreeCooking.obj
 0001:0000b9d0       ?allocate@NonTrackingAllocator@shdfnd@physx@@QEAAPEAX_KPEBDH@Z 000000018000c9d0 f i RTreeCooking.obj
 0001:0000ba60       ?begin@?$Array@IVNamedAllocator@shdfnd@physx@@@shdfnd@physx@@QEAAPEAIXZ 000000018000ca60 f i RTreeCooking.obj
 0001:0000ba80       ?begin@?$Array@UPxBounds3V@physx@@VNamedAllocator@shdfnd@2@@shdfnd@physx@@QEAAPEAUPxBounds3V@3@XZ 000000018000ca80 f i RTreeCooking.obj
 0001:0000baa0       ?begin@?$Array@VPxVec3@physx@@VNamedAllocator@shdfnd@2@@shdfnd@physx@@QEAAPEAVPxVec3@3@XZ 000000018000caa0 f i RTreeCooking.obj
 0001:0000bac0       ?capacity@?$Array@IVNamedAllocator@shdfnd@physx@@@shdfnd@physx@@QEBAIXZ 000000018000cac0 f i RTreeCooking.obj
 0001:0000bae0       ?capacity@?$Array@UInterval@physx@@V?$InlineAllocator@$0CA@VNamedAllocator@shdfnd@physx@@@shdfnd@2@@shdfnd@physx@@QEBAIXZ 000000018000cae0 f i RTreeCooking.obj
 0001:0000bb00       ?capacity@?$Array@UPxBounds3V@physx@@VNamedAllocator@shdfnd@2@@shdfnd@physx@@QEBAIXZ 000000018000cb00 f i RTreeCooking.obj
 0001:0000bb20       ?capacity@?$Array@URTreeNodeNQ@physx@@VNamedAllocator@shdfnd@2@@shdfnd@physx@@QEBAIXZ 000000018000cb20 f i RTreeCooking.obj
 0001:0000bb40       ?capacity@?$Array@URTreeNodeQ@Gu@physx@@VNamedAllocator@shdfnd@3@@shdfnd@physx@@QEBAIXZ 000000018000cb40 f i RTreeCooking.obj
 0001:0000bb60       ?capacity@?$Array@VPxVec3@physx@@VNamedAllocator@shdfnd@2@@shdfnd@physx@@QEBAIXZ 000000018000cb60 f i RTreeCooking.obj
 0001:0000bb80       ?capacityIncrement@?$Array@IVNamedAllocator@shdfnd@physx@@@shdfnd@physx@@IEBAIXZ 000000018000cb80 f i RTreeCooking.obj
 0001:0000bbd0       ?capacityIncrement@?$Array@UInterval@physx@@V?$InlineAllocator@$0CA@VNamedAllocator@shdfnd@physx@@@shdfnd@2@@shdfnd@physx@@IEBAIXZ 000000018000cbd0 f i RTreeCooking.obj
 0001:0000bc20       ?capacityIncrement@?$Array@UPxBounds3V@physx@@VNamedAllocator@shdfnd@2@@shdfnd@physx@@IEBAIXZ 000000018000cc20 f i RTreeCooking.obj
 0001:0000bc70       ?capacityIncrement@?$Array@URTreeNodeNQ@physx@@VNamedAllocator@shdfnd@2@@shdfnd@physx@@IEBAIXZ 000000018000cc70 f i RTreeCooking.obj
 0001:0000bcc0       ?capacityIncrement@?$Array@URTreeNodeQ@Gu@physx@@VNamedAllocator@shdfnd@3@@shdfnd@physx@@IEBAIXZ 000000018000ccc0 f i RTreeCooking.obj
 0001:0000bd10       ?capacityIncrement@?$Array@VPxVec3@physx@@VNamedAllocator@shdfnd@2@@shdfnd@physx@@IEBAIXZ 000000018000cd10 f i RTreeCooking.obj
 0001:0000bd60       ?computeSA@SubSortSAH@physx@@QEAAMPEBIAEBUInterval@2@@Z 000000018000cd60 f i RTreeCooking.obj
 0001:0000bff0       ?copy@?$Array@IVNamedAllocator@shdfnd@physx@@@shdfnd@physx@@KAXPEAI0PEBI@Z 000000018000cff0 f i RTreeCooking.obj
 0001:0000c0f0       ?copy@?$Array@UInterval@physx@@V?$InlineAllocator@$0CA@VNamedAllocator@shdfnd@physx@@@shdfnd@2@@shdfnd@physx@@KAXPEAUInterval@3@0PEBU43@@Z 000000018000d0f0 f i RTreeCooking.obj
 0001:0000c200       ?copy@?$Array@UPxBounds3V@physx@@VNamedAllocator@shdfnd@2@@shdfnd@physx@@KAXPEAUPxBounds3V@3@0PEBU43@@Z 000000018000d200 f i RTreeCooking.obj
 0001:0000c310       ?copy@?$Array@URTreeNodeNQ@physx@@VNamedAllocator@shdfnd@2@@shdfnd@physx@@KAXPEAURTreeNodeNQ@3@0PEBU43@@Z 000000018000d310 f i RTreeCooking.obj
 0001:0000c410       ?copy@?$Array@URTreeNodeQ@Gu@physx@@VNamedAllocator@shdfnd@3@@shdfnd@physx@@KAXPEAURTreeNodeQ@Gu@3@0PEBU453@@Z 000000018000d410 f i RTreeCooking.obj
 0001:0000c520       ?copy@?$Array@VPxVec3@physx@@VNamedAllocator@shdfnd@2@@shdfnd@physx@@KAXPEAVPxVec3@3@0PEBV43@@Z 000000018000d520 f i RTreeCooking.obj
 0001:0000c630       ?create@?$Array@IVNamedAllocator@shdfnd@physx@@@shdfnd@physx@@KAXPEAI0AEBI@Z 000000018000d630 f i RTreeCooking.obj
 0001:0000c720       ?deallocate@?$Array@IVNamedAllocator@shdfnd@physx@@@shdfnd@physx@@IEAAXPEAX@Z 000000018000d720 f i RTreeCooking.obj
 0001:0000c750       ?deallocate@?$Array@UInterval@physx@@V?$InlineAllocator@$0CA@VNamedAllocator@shdfnd@physx@@@shdfnd@2@@shdfnd@physx@@IEAAXPEAX@Z 000000018000d750 f i RTreeCooking.obj
 0001:0000c780       ?deallocate@?$Array@UPxBounds3V@physx@@VNamedAllocator@shdfnd@2@@shdfnd@physx@@IEAAXPEAX@Z 000000018000d780 f i RTreeCooking.obj
 0001:0000c7b0       ?deallocate@?$Array@URTreeNodeNQ@physx@@VNamedAllocator@shdfnd@2@@shdfnd@physx@@IEAAXPEAX@Z 000000018000d7b0 f i RTreeCooking.obj
 0001:0000c7e0       ?deallocate@?$Array@URTreeNodeQ@Gu@physx@@VNamedAllocator@shdfnd@3@@shdfnd@physx@@IEAAXPEAX@Z 000000018000d7e0 f i RTreeCooking.obj
 0001:0000c810       ?deallocate@?$Array@VPxVec3@physx@@VNamedAllocator@shdfnd@2@@shdfnd@physx@@IEAAXPEAX@Z 000000018000d810 f i RTreeCooking.obj
 0001:0000c840       ?deallocate@?$InlineAllocator@$0CA@VNamedAllocator@shdfnd@physx@@@shdfnd@physx@@QEAAXPEAX@Z 000000018000d840 f i RTreeCooking.obj
 0001:0000c890       ?destroy@?$Array@IVNamedAllocator@shdfnd@physx@@@shdfnd@physx@@KAXPEAI0@Z 000000018000d890 f i RTreeCooking.obj
 0001:0000c8e0       ?destroy@?$Array@UInterval@physx@@V?$InlineAllocator@$0CA@VNamedAllocator@shdfnd@physx@@@shdfnd@2@@shdfnd@physx@@KAXPEAUInterval@3@0@Z 000000018000d8e0 f i RTreeCooking.obj
 0001:0000c930       ?destroy@?$Array@UPxBounds3V@physx@@VNamedAllocator@shdfnd@2@@shdfnd@physx@@KAXPEAUPxBounds3V@3@0@Z 000000018000d930 f i RTreeCooking.obj
 0001:0000c980       ?destroy@?$Array@URTreeNodeNQ@physx@@VNamedAllocator@shdfnd@2@@shdfnd@physx@@KAXPEAURTreeNodeNQ@3@0@Z 000000018000d980 f i RTreeCooking.obj
 0001:0000c9d0       ?destroy@?$Array@URTreeNodeQ@Gu@physx@@VNamedAllocator@shdfnd@3@@shdfnd@physx@@KAXPEAURTreeNodeQ@Gu@3@0@Z 000000018000d9d0 f i RTreeCooking.obj
 0001:0000ca20       ?destroy@?$Array@VPxVec3@physx@@VNamedAllocator@shdfnd@2@@shdfnd@physx@@KAXPEAVPxVec3@3@0@Z 000000018000da20 f i RTreeCooking.obj
 0001:0000ca70       ?empty@?$Stack@VNamedAllocator@shdfnd@physx@@@internal@shdfnd@physx@@QEAA_NXZ 000000018000da70 f i RTreeCooking.obj
 0001:0000cab0       ?empty@PxBounds3@physx@@SA?AV12@XZ 000000018000dab0 f i RTreeCooking.obj
 0001:0000cb20       ?getExtents@PxBounds3V@physx@@QEBA?AT__m128@@XZ 000000018000db20 f i RTreeCooking.obj
 0001:0000cb90       ?getMaxVec3@PxBounds3V@physx@@QEBA?BVPxVec3@2@XZ 000000018000db90 f i RTreeCooking.obj
 0001:0000cc00       ?getMinVec3@PxBounds3V@physx@@QEBA?BVPxVec3@2@XZ 000000018000dc00 f i RTreeCooking.obj
 0001:0000cc60       ?grow@?$Array@IVNamedAllocator@shdfnd@physx@@@shdfnd@physx@@IEAAXI@Z 000000018000dc60 f i RTreeCooking.obj
 0001:0000cd00       ?grow@?$Array@UPxBounds3V@physx@@VNamedAllocator@shdfnd@2@@shdfnd@physx@@IEAAXI@Z 000000018000dd00 f i RTreeCooking.obj
 0001:0000cda0       ?grow@?$Array@URTreeNodeNQ@physx@@VNamedAllocator@shdfnd@2@@shdfnd@physx@@IEAAXI@Z 000000018000dda0 f i RTreeCooking.obj
 0001:0000ce40       ?grow@?$Array@URTreeNodeQ@Gu@physx@@VNamedAllocator@shdfnd@3@@shdfnd@physx@@IEAAXI@Z 000000018000de40 f i RTreeCooking.obj
 0001:0000cee0       ?grow@?$Array@VPxVec3@physx@@VNamedAllocator@shdfnd@2@@shdfnd@physx@@IEAAXI@Z 000000018000dee0 f i RTreeCooking.obj
 0001:0000cf80       ?grow@?$Stack@VNamedAllocator@shdfnd@physx@@@internal@shdfnd@physx@@QEAAXXZ 000000018000df80 f i RTreeCooking.obj
 0001:0000d060       ?growAndPushBack@?$Array@IVNamedAllocator@shdfnd@physx@@@shdfnd@physx@@IEAAAEAIAEBI@Z 000000018000e060 f i RTreeCooking.obj
 0001:0000d270       ?growAndPushBack@?$Array@UInterval@physx@@V?$InlineAllocator@$0CA@VNamedAllocator@shdfnd@physx@@@shdfnd@2@@shdfnd@physx@@IEAAAEAUInterval@3@AEBU43@@Z 000000018000e270 f i RTreeCooking.obj
 0001:0000d480       ?growAndPushBack@?$Array@UPxBounds3V@physx@@VNamedAllocator@shdfnd@2@@shdfnd@physx@@IEAAAEAUPxBounds3V@3@AEBU43@@Z 000000018000e480 f i RTreeCooking.obj
 0001:0000d6e0       ?growAndPushBack@?$Array@URTreeNodeNQ@physx@@VNamedAllocator@shdfnd@2@@shdfnd@physx@@IEAAAEAURTreeNodeNQ@3@AEBU43@@Z 000000018000e6e0 f i RTreeCooking.obj
 0001:0000d8f0       ?growAndPushBack@?$Array@URTreeNodeQ@Gu@physx@@VNamedAllocator@shdfnd@3@@shdfnd@physx@@IEAAAEAURTreeNodeQ@Gu@3@AEBU453@@Z 000000018000e8f0 f i RTreeCooking.obj
 0001:0000db50       ?growAndPushBack@?$Array@VPxVec3@physx@@VNamedAllocator@shdfnd@2@@shdfnd@physx@@IEAAAEAVPxVec3@3@AEBV43@@Z 000000018000eb50 f i RTreeCooking.obj
 0001:0000dd60       ?include@PxBounds3V@physx@@QEAAXAEBU12@@Z 000000018000ed60 f i RTreeCooking.obj
 0001:0000de30       ?isAligned16@aos@shdfnd@physx@@YA_NPEAX@Z 000000018000ee30 f i RTreeCooking.obj
 0001:0000de70       ?isArrayOfPOD@?$Array@IVNamedAllocator@shdfnd@physx@@@shdfnd@physx@@SA_NXZ 000000018000ee70 f i RTreeCooking.obj
 0001:0000de80       ?isArrayOfPOD@?$Array@UInterval@physx@@V?$InlineAllocator@$0CA@VNamedAllocator@shdfnd@physx@@@shdfnd@2@@shdfnd@physx@@SA_NXZ 000000018000ee80 f i RTreeCooking.obj
 0001:0000de90       ?isArrayOfPOD@?$Array@UPxBounds3V@physx@@VNamedAllocator@shdfnd@2@@shdfnd@physx@@SA_NXZ 000000018000ee90 f i RTreeCooking.obj
 0001:0000dea0       ?isArrayOfPOD@?$Array@URTreeNodeNQ@physx@@VNamedAllocator@shdfnd@2@@shdfnd@physx@@SA_NXZ 000000018000eea0 f i RTreeCooking.obj
 0001:0000deb0       ?isArrayOfPOD@?$Array@URTreeNodeQ@Gu@physx@@VNamedAllocator@shdfnd@3@@shdfnd@physx@@SA_NXZ 000000018000eeb0 f i RTreeCooking.obj
 0001:0000dec0       ?isArrayOfPOD@?$Array@VPxVec3@physx@@VNamedAllocator@shdfnd@2@@shdfnd@physx@@SA_NXZ 000000018000eec0 f i RTreeCooking.obj
 0001:0000ded0       ?isFinite@PxBounds3@physx@@QEBA_NXZ 000000018000eed0 f i RTreeCooking.obj
 0001:0000df40       ?isFinite@PxVec3@physx@@QEBA_NXZ 000000018000ef40 f i RTreeCooking.obj
 0001:0000dfc0       ?isFinite@intrinsics@physx@@YA_NM@Z 000000018000efc0 f i RTreeCooking.obj
 0001:0000e010       ?isInUserMemory@?$Array@IVNamedAllocator@shdfnd@physx@@@shdfnd@physx@@QEBAIXZ 000000018000f010 f i RTreeCooking.obj
 0001:0000e030       ?isInUserMemory@?$Array@UInterval@physx@@V?$InlineAllocator@$0CA@VNamedAllocator@shdfnd@physx@@@shdfnd@2@@shdfnd@physx@@QEBAIXZ 000000018000f030 f i RTreeCooking.obj
 0001:0000e050       ?isInUserMemory@?$Array@UPxBounds3V@physx@@VNamedAllocator@shdfnd@2@@shdfnd@physx@@QEBAIXZ 000000018000f050 f i RTreeCooking.obj
 0001:0000e070       ?isInUserMemory@?$Array@URTreeNodeNQ@physx@@VNamedAllocator@shdfnd@2@@shdfnd@physx@@QEBAIXZ 000000018000f070 f i RTreeCooking.obj
 0001:0000e090       ?isInUserMemory@?$Array@URTreeNodeQ@Gu@physx@@VNamedAllocator@shdfnd@3@@shdfnd@physx@@QEBAIXZ 000000018000f090 f i RTreeCooking.obj
 0001:0000e0b0       ?isInUserMemory@?$Array@VPxVec3@physx@@VNamedAllocator@shdfnd@2@@shdfnd@physx@@QEBAIXZ 000000018000f0b0 f i RTreeCooking.obj
 0001:0000e0d0       ?isInside@PxBounds3@physx@@QEBA_NAEBV12@@Z 000000018000f0d0 f i RTreeCooking.obj
 0001:0000e230       ?isLeaf@RTreeNodeQ@Gu@physx@@QEBAIXZ 000000018000f230 f i RTreeCooking.obj
 0001:0000e250       ?isValid@PxBounds3@physx@@QEBA_NXZ 000000018000f250 f i RTreeCooking.obj
 0001:0000e380       ?isValidFloatV@aos@shdfnd@physx@@YA_NT__m128@@@Z 000000018000f380 f i RTreeCooking.obj
 0001:0000e4d0       ?isValidVec3V@aos@shdfnd@physx@@YA_NT__m128@@@Z 000000018000f4d0 f i RTreeCooking.obj
 0001:0000e540       ?isZeroInit@?$Array@IVNamedAllocator@shdfnd@physx@@@shdfnd@physx@@KA_NAEBI@Z 000000018000f540 f i RTreeCooking.obj
 0001:0000e5c0       ?memCopy@intrinsics@physx@@YAPEAXPEIAXPEIBXI@Z 000000018000f5c0 f i RTreeCooking.obj
 0001:0000e600       ?memZero@intrinsics@physx@@YAPEAXPEAXI@Z 000000018000f600 f i RTreeCooking.obj
 0001:0000e630       ?pop@?$Stack@VNamedAllocator@shdfnd@physx@@@internal@shdfnd@physx@@QEAAXAEAH0@Z 000000018000f630 f i RTreeCooking.obj
 0001:0000e740       ?popBack@?$Array@IVNamedAllocator@shdfnd@physx@@@shdfnd@physx@@QEAAIXZ 000000018000f740 f i RTreeCooking.obj
 0001:0000e830       ?push@?$Stack@VNamedAllocator@shdfnd@physx@@@internal@shdfnd@physx@@QEAAXHH@Z 000000018000f830 f i RTreeCooking.obj
 0001:0000e8e0       ?pushBack@?$Array@IVNamedAllocator@shdfnd@physx@@@shdfnd@physx@@QEAAAEAIAEBI@Z 000000018000f8e0 f i RTreeCooking.obj
 0001:0000e9d0       ?pushBack@?$Array@UInterval@physx@@V?$InlineAllocator@$0CA@VNamedAllocator@shdfnd@physx@@@shdfnd@2@@shdfnd@physx@@QEAAAEAUInterval@3@AEBU43@@Z 000000018000f9d0 f i RTreeCooking.obj
 0001:0000eac0       ?pushBack@?$Array@UPxBounds3V@physx@@VNamedAllocator@shdfnd@2@@shdfnd@physx@@QEAAAEAUPxBounds3V@3@AEBU43@@Z 000000018000fac0 f i RTreeCooking.obj
 0001:0000ebc0       ?pushBack@?$Array@URTreeNodeNQ@physx@@VNamedAllocator@shdfnd@2@@shdfnd@physx@@QEAAAEAURTreeNodeNQ@3@AEBU43@@Z 000000018000fbc0 f i RTreeCooking.obj
 0001:0000ecb0       ?pushBack@?$Array@URTreeNodeQ@Gu@physx@@VNamedAllocator@shdfnd@3@@shdfnd@physx@@QEAAAEAURTreeNodeQ@Gu@3@AEBU453@@Z 000000018000fcb0 f i RTreeCooking.obj
 0001:0000edb0       ?pushBack@?$Array@VPxVec3@physx@@VNamedAllocator@shdfnd@2@@shdfnd@physx@@QEAAAEAVPxVec3@3@AEBV43@@Z 000000018000fdb0 f i RTreeCooking.obj
 0001:0000eea0       ?recreate@?$Array@IVNamedAllocator@shdfnd@physx@@@shdfnd@physx@@IEAAXI@Z 000000018000fea0 f i RTreeCooking.obj
 0001:0000f000       ?recreate@?$Array@UPxBounds3V@physx@@VNamedAllocator@shdfnd@2@@shdfnd@physx@@IEAAXI@Z 0000000180010000 f i RTreeCooking.obj
 0001:0000f160       ?recreate@?$Array@URTreeNodeNQ@physx@@VNamedAllocator@shdfnd@2@@shdfnd@physx@@IEAAXI@Z 0000000180010160 f i RTreeCooking.obj
 0001:0000f2c0       ?recreate@?$Array@URTreeNodeQ@Gu@physx@@VNamedAllocator@shdfnd@3@@shdfnd@physx@@IEAAXI@Z 00000001800102c0 f i RTreeCooking.obj
 0001:0000f420       ?recreate@?$Array@VPxVec3@physx@@VNamedAllocator@shdfnd@2@@shdfnd@physx@@IEAAXI@Z 0000000180010420 f i RTreeCooking.obj
 0001:0000f580       ?replaceWithLast@?$Array@UInterval@physx@@V?$InlineAllocator@$0CA@VNamedAllocator@shdfnd@physx@@@shdfnd@2@@shdfnd@physx@@QEAAXI@Z 0000000180010580 f i RTreeCooking.obj
 0001:0000f660       ?reserve@?$Array@IVNamedAllocator@shdfnd@physx@@@shdfnd@physx@@QEAAXI@Z 0000000180010660 f i RTreeCooking.obj
 0001:0000f6a0       ?reserve@?$Array@UPxBounds3V@physx@@VNamedAllocator@shdfnd@2@@shdfnd@physx@@QEAAXI@Z 00000001800106a0 f i RTreeCooking.obj
 0001:0000f6e0       ?reserve@?$Array@URTreeNodeNQ@physx@@VNamedAllocator@shdfnd@2@@shdfnd@physx@@QEAAXI@Z 00000001800106e0 f i RTreeCooking.obj
 0001:0000f720       ?reserve@?$Array@URTreeNodeQ@Gu@physx@@VNamedAllocator@shdfnd@3@@shdfnd@physx@@QEAAXI@Z 0000000180010720 f i RTreeCooking.obj
 0001:0000f760       ?reserve@?$Array@VPxVec3@physx@@VNamedAllocator@shdfnd@2@@shdfnd@physx@@QEAAXI@Z 0000000180010760 f i RTreeCooking.obj
 0001:0000f7a0       ?resize@?$Array@IVNamedAllocator@shdfnd@physx@@@shdfnd@physx@@QEAAXIAEBI@Z 00000001800107a0 f i RTreeCooking.obj
 0001:0000f860       ?resizeUninitialized@?$Array@URTreeNodeNQ@physx@@VNamedAllocator@shdfnd@2@@shdfnd@physx@@QEAAXI@Z 0000000180010860 f i RTreeCooking.obj
 0001:0000f8a0       ?selectMax@intrinsics@physx@@YAMMM@Z 00000001800108a0 f i RTreeCooking.obj
 0001:0000f8f0       ?selectMin@intrinsics@physx@@YAMMM@Z 00000001800108f0 f i RTreeCooking.obj
 0001:0000f940       ?setEmpty@PxBounds3@physx@@QEAAXXZ 0000000180010940 f i RTreeCooking.obj
 0001:0000f9b0       ?setLeaf@RTreeNodeQ@Gu@physx@@QEAAX_N@Z 00000001800109b0 f i RTreeCooking.obj
 0001:0000fa00       ?size@?$Array@IVNamedAllocator@shdfnd@physx@@@shdfnd@physx@@QEBAIXZ 0000000180010a00 f i RTreeCooking.obj
 0001:0000fa20       ?size@?$Array@UInterval@physx@@V?$InlineAllocator@$0CA@VNamedAllocator@shdfnd@physx@@@shdfnd@2@@shdfnd@physx@@QEBAIXZ 0000000180010a20 f i RTreeCooking.obj
 0001:0000fa40       ?size@?$Array@URTreeNodeNQ@physx@@VNamedAllocator@shdfnd@2@@shdfnd@physx@@QEBAIXZ 0000000180010a40 f i RTreeCooking.obj
 0001:0000fa60       ?size@?$Array@URTreeNodeQ@Gu@physx@@VNamedAllocator@shdfnd@3@@shdfnd@physx@@QEBAIXZ 0000000180010a60 f i RTreeCooking.obj
 0001:0000fa80       ?size@?$Array@VPxVec3@physx@@VNamedAllocator@shdfnd@2@@shdfnd@physx@@QEBAIXZ 0000000180010a80 f i RTreeCooking.obj
 0001:0000faa0       ?sort4@SubSortQuick@physx@@QEAAXPEIAIIAEAV?$Array@URTreeNodeNQ@physx@@VNamedAllocator@shdfnd@2@@shdfnd@2@AEAIAEAUPxBounds3V@2@I@Z 0000000180010aa0 f i RTreeCooking.obj
 0001:00010760       ?sort4@SubSortSAH@physx@@QEAAXPEAIIAEAV?$Array@URTreeNodeNQ@physx@@VNamedAllocator@shdfnd@2@@shdfnd@2@AEAIIPEAURTreeNodeNQ@2@@Z 0000000180011760 f i RTreeCooking.obj
 0001:00011910       ?split@SubSortSAH@physx@@QEAAIPEAII@Z 0000000180012910 f i RTreeCooking.obj
 0001:00012bb0       fabsf                      0000000180013bb0 f i RTreeCooking.obj
 0001:00012be0       ??0TriangleMeshBuilder@physx@@QEAA@AEAVTriangleMeshData@Gu@1@AEBUPxCookingParams@1@@Z 0000000180013be0 f   TriangleMeshBuilder.obj
 0001:00012c40       ??1TriangleMeshBuilder@physx@@UEAA@XZ 0000000180013c40 f   TriangleMeshBuilder.obj
 0001:00012c70       ?cleanMesh@TriangleMeshBuilder@physx@@QEAA_N_NPEAW4Enum@PxTriangleMeshCookingResult@2@@Z 0000000180013c70 f   TriangleMeshBuilder.obj
 0001:00013500       ?remapTopology@TriangleMeshBuilder@physx@@QEAAXPEBI@Z 0000000180014500 f   TriangleMeshBuilder.obj
 0001:00013920       ?createSharedEdgeData@TriangleMeshBuilder@physx@@QEAAX_N0@Z 0000000180014920 f   TriangleMeshBuilder.obj
 0001:000141e0       ?recordTriangleIndices@TriangleMeshBuilder@physx@@QEAAXXZ 00000001800151e0 f   TriangleMeshBuilder.obj
 0001:000143f0       ?createGRBMidPhaseAndData@TriangleMeshBuilder@physx@@QEAAXI@Z 00000001800153f0 f   TriangleMeshBuilder.obj
 0001:00014750       ?createGRBData@TriangleMeshBuilder@physx@@QEAAXXZ 0000000180015750 f   TriangleMeshBuilder.obj
 0001:00014bc0       ?loadFromDesc@TriangleMeshBuilder@physx@@QEAA_NAEBVPxTriangleMeshDesc@2@PEAW4Enum@PxTriangleMeshCookingResult@2@_N@Z 0000000180015bc0 f   TriangleMeshBuilder.obj
 0001:00014eb0       ?save@TriangleMeshBuilder@physx@@QEBA_NAEAVPxOutputStream@2@_NAEBUPxCookingParams@2@@Z 0000000180015eb0 f   TriangleMeshBuilder.obj
 0001:000158a0       ?checkMeshIndicesSize@TriangleMeshBuilder@physx@@QEAAXXZ 00000001800168a0 f   TriangleMeshBuilder.obj
 0001:00015a90       ?computeLocalBounds@TriangleMeshBuilder@physx@@IEAAXXZ 0000000180016a90 f   TriangleMeshBuilder.obj
 0001:00015ba0       ?importMesh@TriangleMeshBuilder@physx@@IEAA_NAEBVPxTriangleMeshDesc@2@AEBUPxCookingParams@2@PEAW4Enum@PxTriangleMeshCookingResult@2@_N@Z 0000000180016ba0 f   TriangleMeshBuilder.obj
 0001:00016250       ?releaseEdgeList@TriangleMeshBuilder@physx@@IEAAXXZ 0000000180017250 f   TriangleMeshBuilder.obj
 0001:000162b0       ?createEdgeList@TriangleMeshBuilder@physx@@IEAAXXZ 00000001800172b0 f   TriangleMeshBuilder.obj
 0001:00016440       ??0RTreeTriangleMeshBuilder@physx@@QEAA@AEBUPxCookingParams@1@@Z 0000000180017440 f   TriangleMeshBuilder.obj
 0001:000164a0       ??1RTreeTriangleMeshBuilder@physx@@UEAA@XZ 00000001800174a0 f   TriangleMeshBuilder.obj
 0001:000164e0       ?createMidPhaseStructure@RTreeTriangleMeshBuilder@physx@@UEAAXXZ 00000001800174e0 f   TriangleMeshBuilder.obj
 0001:00016790       ?saveMidPhaseStructure@RTreeTriangleMeshBuilder@physx@@UEBAXAEAVPxOutputStream@2@@Z 0000000180017790 f   TriangleMeshBuilder.obj
 0001:000167d0       ??0BV4TriangleMeshBuilder@physx@@QEAA@AEBUPxCookingParams@1@@Z 00000001800177d0 f   TriangleMeshBuilder.obj
 0001:00016830       ??1BV4TriangleMeshBuilder@physx@@UEAA@XZ 0000000180017830 f   TriangleMeshBuilder.obj
 0001:00016870       ?createMidPhaseStructure@BV4TriangleMeshBuilder@physx@@UEAAXXZ 0000000180017870 f   TriangleMeshBuilder.obj
 0001:00016d20       ?saveMidPhaseStructure@BV4TriangleMeshBuilder@physx@@UEBAXAEAVPxOutputStream@2@@Z 0000000180017d20 f   TriangleMeshBuilder.obj
 0001:00016f70       ?onMeshIndexFormatChange@BV4TriangleMeshBuilder@physx@@UEAAXXZ 0000000180017f70 f   TriangleMeshBuilder.obj
 0001:00017000       ?createMidPhaseStructure@BV32TriangleMeshBuilder@physx@@SAXAEBUPxCookingParams@2@AEAVTriangleMeshData@Gu@2@AEAVBV32Tree@52@@Z 0000000180018000 f   TriangleMeshBuilder.obj
 0001:00017300       ?saveMidPhaseStructure@BV32TriangleMeshBuilder@physx@@SAXPEAVBV32Tree@Gu@2@AEAVPxOutputStream@2@@Z 0000000180018300 f   TriangleMeshBuilder.obj
 0001:00017db0       ?findSharpVertices@GrbTrimeshCookerHelper@physx@@YAXAEAV?$Array@USortedNeighbor@GrbTrimeshCookerHelper@physx@@VNamedAllocator@shdfnd@3@@shdfnd@2@AEAV?$Array@USharpEdgeRange@GrbTrimeshCookerHelper@physx@@VNamedAllocator@shdfnd@3@@42@PEBUuint3@2@PEBUuint4@2@II@Z 0000000180018db0 f   TriangleMeshBuilder.obj
 0001:000182c0       ?buildVertexConnectionNew_p1@GrbTrimeshCookerHelper@physx@@YAIAEAV?$Array@USortedNeighbor@GrbTrimeshCookerHelper@physx@@VNamedAllocator@shdfnd@3@@shdfnd@2@AEAV?$Array@USharpEdgeRange@GrbTrimeshCookerHelper@physx@@VNamedAllocator@shdfnd@3@@42@PEBUuint3@2@PEBUuint4@2@II@Z 00000001800192c0 f   TriangleMeshBuilder.obj
 0001:00018360       ?buildVertexConnectionNew_p2@GrbTrimeshCookerHelper@physx@@YAXPEAI00AEAV?$Array@USortedNeighbor@GrbTrimeshCookerHelper@physx@@VNamedAllocator@shdfnd@3@@shdfnd@2@AEAV?$Array@USharpEdgeRange@GrbTrimeshCookerHelper@physx@@VNamedAllocator@shdfnd@3@@42@I@Z 0000000180019360 f   TriangleMeshBuilder.obj
 0001:00019e10       ??$?2V?$ReflectionAllocator@VBV32Tree@Gu@physx@@@shdfnd@physx@@@UserAllocated@shdfnd@physx@@SAPEAX_KV?$ReflectionAllocator@VBV32Tree@Gu@physx@@@12@PEBDH@Z 000000018001ae10 f i TriangleMeshBuilder.obj
 0001:00019e60       ??$?2V?$ReflectionAllocator@VEdgeListBuilder@Gu@physx@@@shdfnd@physx@@@UserAllocated@shdfnd@physx@@SAPEAX_KV?$ReflectionAllocator@VEdgeListBuilder@Gu@physx@@@12@PEBDH@Z 000000018001ae60 f i TriangleMeshBuilder.obj
 0001:00019eb0       ??$?_UE@@YAPEAX_KV?$ReflectionAllocator@E@shdfnd@physx@@PEBDH@Z 000000018001aeb0 f i TriangleMeshBuilder.obj
 0001:00019f00       ??$?_UG@@YAPEAX_KV?$ReflectionAllocator@G@shdfnd@physx@@PEBDH@Z 000000018001af00 f i TriangleMeshBuilder.obj
 0001:00019f50       ??$?_UI@@YAPEAX_KV?$ReflectionAllocator@I@shdfnd@physx@@PEBDH@Z 000000018001af50 f i TriangleMeshBuilder.obj
 0001:00019fa0       ??$PX_UNUSED@U?$TriangleT@I@Gu@physx@@@@YAXAEBU?$TriangleT@I@Gu@physx@@@Z 000000018001afa0 f i TriangleMeshBuilder.obj
 0001:00019fb0       ??$median3@UEdgeTriLookup@physx@@$$CBU?$Less@UEdgeTriLookup@physx@@@shdfnd@2@@internal@shdfnd@physx@@YAXPEAUEdgeTriLookup@2@HHAEBU?$Less@UEdgeTriLookup@physx@@@12@@Z 000000018001afb0 f i TriangleMeshBuilder.obj
 0001:0001a1d0       ??$median3@USortedNeighbor@GrbTrimeshCookerHelper@physx@@$$CBU?$Less@USortedNeighbor@GrbTrimeshCookerHelper@physx@@@shdfnd@3@@internal@shdfnd@physx@@YAXPEAUSortedNeighbor@GrbTrimeshCookerHelper@2@HHAEBU?$Less@USortedNeighbor@GrbTrimeshCookerHelper@physx@@@12@@Z 000000018001b1d0 f i TriangleMeshBuilder.obj
 0001:0001a3f0       ??$partition@UEdgeTriLookup@physx@@$$CBU?$Less@UEdgeTriLookup@physx@@@shdfnd@2@@internal@shdfnd@physx@@YAHPEAUEdgeTriLookup@2@HHAEBU?$Less@UEdgeTriLookup@physx@@@12@@Z 000000018001b3f0 f i TriangleMeshBuilder.obj
 0001:0001a690       ??$partition@USortedNeighbor@GrbTrimeshCookerHelper@physx@@$$CBU?$Less@USortedNeighbor@GrbTrimeshCookerHelper@physx@@@shdfnd@3@@internal@shdfnd@physx@@YAHPEAUSortedNeighbor@GrbTrimeshCookerHelper@2@HHAEBU?$Less@USortedNeighbor@GrbTrimeshCookerHelper@physx@@@12@@Z 000000018001b690 f i TriangleMeshBuilder.obj
 0001:0001a930       ??$smallSort@UEdgeTriLookup@physx@@$$CBU?$Less@UEdgeTriLookup@physx@@@shdfnd@2@@internal@shdfnd@physx@@YAXPEAUEdgeTriLookup@2@HHAEBU?$Less@UEdgeTriLookup@physx@@@12@@Z 000000018001b930 f i TriangleMeshBuilder.obj
 0001:0001aa60       ??$smallSort@USortedNeighbor@GrbTrimeshCookerHelper@physx@@$$CBU?$Less@USortedNeighbor@GrbTrimeshCookerHelper@physx@@@shdfnd@3@@internal@shdfnd@physx@@YAXPEAUSortedNeighbor@GrbTrimeshCookerHelper@2@HHAEBU?$Less@USortedNeighbor@GrbTrimeshCookerHelper@physx@@@12@@Z 000000018001ba60 f i TriangleMeshBuilder.obj
 0001:0001ab90       ??$sort@UEdgeTriLookup@physx@@@shdfnd@physx@@YAXPEAUEdgeTriLookup@1@I@Z 000000018001bb90 f i TriangleMeshBuilder.obj
 0001:0001ac10       ??$sort@UEdgeTriLookup@physx@@U?$Less@UEdgeTriLookup@physx@@@shdfnd@2@VNamedAllocator@42@@shdfnd@physx@@YAXPEAUEdgeTriLookup@1@IAEBU?$Less@UEdgeTriLookup@physx@@@01@AEBVNamedAllocator@01@I@Z 000000018001bc10 f i TriangleMeshBuilder.obj
 0001:0001afd0       ??$sort@USortedNeighbor@GrbTrimeshCookerHelper@physx@@@shdfnd@physx@@YAXPEAUSortedNeighbor@GrbTrimeshCookerHelper@1@I@Z 000000018001bfd0 f i TriangleMeshBuilder.obj
 0001:0001b050       ??$sort@USortedNeighbor@GrbTrimeshCookerHelper@physx@@U?$Less@USortedNeighbor@GrbTrimeshCookerHelper@physx@@@shdfnd@3@VNamedAllocator@53@@shdfnd@physx@@YAXPEAUSortedNeighbor@GrbTrimeshCookerHelper@1@IAEBU?$Less@USortedNeighbor@GrbTrimeshCookerHelper@physx@@@01@AEBVNamedAllocator@01@I@Z 000000018001c050 f i TriangleMeshBuilder.obj
 0001:0001b410       ??$swap@UEdgeTriLookup@physx@@@shdfnd@physx@@YAXAEAUEdgeTriLookup@1@0@Z 000000018001c410 f i TriangleMeshBuilder.obj
 0001:0001b480       ??$swap@USortedNeighbor@GrbTrimeshCookerHelper@physx@@@shdfnd@physx@@YAXAEAUSortedNeighbor@GrbTrimeshCookerHelper@1@0@Z 000000018001c480 f i TriangleMeshBuilder.obj
 0001:0001b4f0       ??0?$Array@IVNamedAllocator@shdfnd@physx@@@shdfnd@physx@@QEAA@AEBVNamedAllocator@12@@Z 000000018001c4f0 f i TriangleMeshBuilder.obj
 0001:0001b550       ??0?$Array@USharpEdgeRange@GrbTrimeshCookerHelper@physx@@VNamedAllocator@shdfnd@3@@shdfnd@physx@@QEAA@AEBVNamedAllocator@12@@Z 000000018001c550 f i TriangleMeshBuilder.obj
 0001:0001b5b0       ??0?$Array@USortedNeighbor@GrbTrimeshCookerHelper@physx@@VNamedAllocator@shdfnd@3@@shdfnd@physx@@QEAA@AEBVNamedAllocator@12@@Z 000000018001c5b0 f i TriangleMeshBuilder.obj
 0001:0001b610       ??0?$PxFlags@W4Enum@PxMeshFlag@physx@@G@physx@@QEAA@AEBV01@@Z 000000018001c610 f i TriangleMeshBuilder.obj
 0001:0001b640       ??0?$PxFlags@W4Enum@PxMeshFlag@physx@@G@physx@@QEAA@W4Enum@PxMeshFlag@1@@Z 000000018001c640 f i TriangleMeshBuilder.obj
 0001:0001b670       ??0?$PxFlags@W4Enum@PxMeshFlag@physx@@G@physx@@QEAA@XZ 000000018001c670 f i TriangleMeshBuilder.obj
 0001:0001b690       ??0?$PxFlags@W4Enum@PxMeshPreprocessingFlag@physx@@I@physx@@QEAA@AEBV01@@Z 000000018001c690 f i TriangleMeshBuilder.obj
 0001:0001b6c0       ??0?$ReflectionAllocator@E@shdfnd@physx@@QEAA@PEBD@Z 000000018001c6c0 f i TriangleMeshBuilder.obj
 0001:0001b6e0       ??0?$ReflectionAllocator@G@shdfnd@physx@@QEAA@PEBD@Z 000000018001c6e0 f i TriangleMeshBuilder.obj
 0001:0001b700       ??0?$ReflectionAllocator@I@shdfnd@physx@@QEAA@PEBD@Z 000000018001c700 f i TriangleMeshBuilder.obj
 0001:0001b720       ??0?$ReflectionAllocator@VBV32Tree@Gu@physx@@@shdfnd@physx@@QEAA@PEBD@Z 000000018001c720 f i TriangleMeshBuilder.obj
 0001:0001b740       ??0?$ReflectionAllocator@VEdgeListBuilder@Gu@physx@@@shdfnd@physx@@QEAA@PEBD@Z 000000018001c740 f i TriangleMeshBuilder.obj
 0001:0001b760       ??0BV4TriangleData@Gu@physx@@QEAA@XZ 000000018001c760 f i TriangleMeshBuilder.obj
 0001:0001b7e0       ??0EDGELISTCREATE@Gu@physx@@QEAA@XZ 000000018001c7e0 f i TriangleMeshBuilder.obj
 0001:0001b860       ??0PxPlane@physx@@QEAA@AEBVPxVec3@1@0@Z 000000018001c860 f i TriangleMeshBuilder.obj
 0001:0001b8d0       ??0PxSimpleTriangleMesh@physx@@QEAA@AEBV01@@Z 000000018001c8d0 f i TriangleMeshBuilder.obj
 0001:0001b950       ??0PxTriangleMeshDesc@physx@@QEAA@AEBV01@@Z 000000018001c950 f i TriangleMeshBuilder.obj
 0001:0001b9b0       ??0PxVec4@physx@@QEAA@XZ   000000018001c9b0 f i TriangleMeshBuilder.obj
 0001:0001b9c0       ??0RTree@Gu@physx@@QEAA@XZ 000000018001c9c0 f i TriangleMeshBuilder.obj
 0001:0001ba80       ??0RTreeCookerRemap@physx@@QEAA@I@Z 000000018001ca80 f i TriangleMeshBuilder.obj
 0001:0001bad0       ??0RTreeTriangleData@Gu@physx@@QEAA@XZ 000000018001cad0 f i TriangleMeshBuilder.obj
 0001:0001bb30       ??0RemapCallback@RTreeCooker@physx@@QEAA@XZ 000000018001cb30 f i TriangleMeshBuilder.obj
 0001:0001bb50       ??0SharpEdgeRange@GrbTrimeshCookerHelper@physx@@QEAA@II@Z 000000018001cb50 f i TriangleMeshBuilder.obj
 0001:0001bb90       ??0SharpEdgeRange@GrbTrimeshCookerHelper@physx@@QEAA@XZ 000000018001cb90 f i TriangleMeshBuilder.obj
 0001:0001bbc0       ??0SortedNeighbor@GrbTrimeshCookerHelper@physx@@QEAA@II_N@Z 000000018001cbc0 f i TriangleMeshBuilder.obj
 0001:0001bc10       ??0TriangleMeshData@Gu@physx@@QEAA@XZ 000000018001cc10 f i TriangleMeshBuilder.obj
 0001:0001bd80       ??1?$Array@USharpEdgeRange@GrbTrimeshCookerHelper@physx@@VNamedAllocator@shdfnd@3@@shdfnd@physx@@QEAA@XZ 000000018001cd80 f i TriangleMeshBuilder.obj
 0001:0001be10       ??1?$Array@USortedNeighbor@GrbTrimeshCookerHelper@physx@@VNamedAllocator@shdfnd@3@@shdfnd@physx@@QEAA@XZ 000000018001ce10 f i TriangleMeshBuilder.obj
 0001:0001bea0       ??1BV4TriangleData@Gu@physx@@UEAA@XZ 000000018001cea0 f i TriangleMeshBuilder.obj
 0001:0001bf10       ??1RTree@Gu@physx@@QEAA@XZ 000000018001cf10 f i TriangleMeshBuilder.obj
 0001:0001bf30       ??1RTreeCookerRemap@physx@@UEAA@XZ 000000018001cf30 f i TriangleMeshBuilder.obj
 0001:0001bf50       ??1RTreeTriangleData@Gu@physx@@UEAA@XZ 000000018001cf50 f i TriangleMeshBuilder.obj
 0001:0001bfa0       ??1RemapCallback@RTreeCooker@physx@@UEAA@XZ 000000018001cfa0 f i TriangleMeshBuilder.obj
 0001:0001bfc0       ??1TriangleMeshData@Gu@physx@@UEAA@XZ 000000018001cfc0 f i TriangleMeshBuilder.obj
 0001:0001c390       ??3UserAllocated@shdfnd@physx@@SAXPEAX@Z 000000018001d390 f i TriangleMeshBuilder.obj
 0001:0001c3c0       ??A?$Array@USharpEdgeRange@GrbTrimeshCookerHelper@physx@@VNamedAllocator@shdfnd@3@@shdfnd@physx@@QEAAAEAUSharpEdgeRange@GrbTrimeshCookerHelper@2@I@Z 000000018001d3c0 f i TriangleMeshBuilder.obj
 0001:0001c460       ??A?$Array@USortedNeighbor@GrbTrimeshCookerHelper@physx@@VNamedAllocator@shdfnd@3@@shdfnd@physx@@QEAAAEAUSortedNeighbor@GrbTrimeshCookerHelper@2@I@Z 000000018001d460 f i TriangleMeshBuilder.obj
 0001:0001c500       ??APxVec3@physx@@QEAAAEAMI@Z 000000018001d500 f i TriangleMeshBuilder.obj
 0001:0001c590       ??B?$PxFlags@W4Enum@PxMeshFlag@physx@@G@physx@@QEBA_NXZ 000000018001d590 f i TriangleMeshBuilder.obj
 0001:0001c5d0       ??B?$PxFlags@W4Enum@PxMeshPreprocessingFlag@physx@@I@physx@@QEBA_NXZ 000000018001d5d0 f i TriangleMeshBuilder.obj
 0001:0001c600       ??DPxVec3@physx@@QEBA?AV01@M@Z 000000018001d600 f i TriangleMeshBuilder.obj
 0001:0001c690       ??GPxVec3@physx@@QEBA?AV01@AEBV01@@Z 000000018001d690 f i TriangleMeshBuilder.obj
 0001:0001c730       ??I?$PxFlags@W4Enum@PxMeshFlag@physx@@G@physx@@QEBA?AV01@W4Enum@PxMeshFlag@1@@Z 000000018001d730 f i TriangleMeshBuilder.obj
 0001:0001c7a0       ??I?$PxFlags@W4Enum@PxMeshPreprocessingFlag@physx@@I@physx@@QEBA?AV01@W4Enum@PxMeshPreprocessingFlag@1@@Z 000000018001d7a0 f i TriangleMeshBuilder.obj
 0001:0001c800       ??MEdgeTriLookup@physx@@QEBA_NAEBU01@@Z 000000018001d800 f i TriangleMeshBuilder.obj
 0001:0001c870       ??MSortedNeighbor@GrbTrimeshCookerHelper@physx@@QEBA_NAEBU012@@Z 000000018001d870 f i TriangleMeshBuilder.obj
 0001:0001c930       ??NEdgeTriLookup@physx@@QEBA_NAEBU01@@Z 000000018001d930 f i TriangleMeshBuilder.obj
 0001:0001c9a0       ??R?$Less@UEdgeTriLookup@physx@@@shdfnd@physx@@QEBA_NAEBUEdgeTriLookup@2@0@Z 000000018001d9a0 f i TriangleMeshBuilder.obj
 0001:0001c9d0       ??R?$Less@USortedNeighbor@GrbTrimeshCookerHelper@physx@@@shdfnd@physx@@QEBA_NAEBUSortedNeighbor@GrbTrimeshCookerHelper@2@0@Z 000000018001d9d0 f i TriangleMeshBuilder.obj
 0001:0001ca00       ??S?$PxFlags@W4Enum@PxMeshFlag@physx@@G@physx@@QEBA?AV01@XZ 000000018001da00 f i TriangleMeshBuilder.obj
 0001:0001ca50       ??Sphysx@@YA?AV?$PxFlags@W4Enum@PxMeshFlag@physx@@G@0@W4Enum@PxMeshFlag@0@@Z 000000018001da50 f i TriangleMeshBuilder.obj
 0001:0001ca90       ??_4?$PxFlags@W4Enum@PxMeshFlag@physx@@G@physx@@QEAAAEAV01@AEBV01@@Z 000000018001da90 f i TriangleMeshBuilder.obj
 0001:0001cad0       ??_GBV32Tree@Gu@physx@@QEAAPEAXI@Z 000000018001dad0 f i TriangleMeshBuilder.obj
 0001:0001cb20       ??_EBV4TriangleData@Gu@physx@@UEAAPEAXI@Z 000000018001db20 f i TriangleMeshBuilder.obj
 0001:0001cb20       ??_GBV4TriangleData@Gu@physx@@UEAAPEAXI@Z 000000018001db20 f i TriangleMeshBuilder.obj
 0001:0001cb70       ??_EBV4TriangleMeshBuilder@physx@@UEAAPEAXI@Z 000000018001db70 f i TriangleMeshBuilder.obj
 0001:0001cb70       ??_GBV4TriangleMeshBuilder@physx@@UEAAPEAXI@Z 000000018001db70 f i TriangleMeshBuilder.obj
 0001:0001cbc0       ??_GEdgeListBuilder@Gu@physx@@QEAAPEAXI@Z 000000018001dbc0 f i TriangleMeshBuilder.obj
 0001:0001cc10       ??_GRTreeCookerRemap@physx@@UEAAPEAXI@Z 000000018001dc10 f i TriangleMeshBuilder.obj
 0001:0001cc10       ??_ERTreeCookerRemap@physx@@UEAAPEAXI@Z 000000018001dc10 f i TriangleMeshBuilder.obj
 0001:0001cc60       ??_GRTreeTriangleData@Gu@physx@@UEAAPEAXI@Z 000000018001dc60 f i TriangleMeshBuilder.obj
 0001:0001cc60       ??_ERTreeTriangleData@Gu@physx@@UEAAPEAXI@Z 000000018001dc60 f i TriangleMeshBuilder.obj
 0001:0001ccb0       ??_ERTreeTriangleMeshBuilder@physx@@UEAAPEAXI@Z 000000018001dcb0 f i TriangleMeshBuilder.obj
 0001:0001ccb0       ??_GRTreeTriangleMeshBuilder@physx@@UEAAPEAXI@Z 000000018001dcb0 f i TriangleMeshBuilder.obj
 0001:0001cd00       ??_GRemapCallback@RTreeCooker@physx@@UEAAPEAXI@Z 000000018001dd00 f i TriangleMeshBuilder.obj
 0001:0001cd00       ??_ERemapCallback@RTreeCooker@physx@@UEAAPEAXI@Z 000000018001dd00 f i TriangleMeshBuilder.obj
 0001:0001cd50       ??_GTriangleMeshBuilder@physx@@UEAAPEAXI@Z 000000018001dd50 f i TriangleMeshBuilder.obj
 0001:0001cd50       ??_ETriangleMeshBuilder@physx@@UEAAPEAXI@Z 000000018001dd50 f i TriangleMeshBuilder.obj
 0001:0001cda0       ??_ETriangleMeshData@Gu@physx@@UEAAPEAXI@Z 000000018001dda0 f i TriangleMeshBuilder.obj
 0001:0001cda0       ??_GTriangleMeshData@Gu@physx@@UEAAPEAXI@Z 000000018001dda0 f i TriangleMeshBuilder.obj
 0001:0001cdf0       ?HasActiveEdge01@EdgeTriangleAC@Gu@physx@@SAHAEBUEdgeTriangleData@23@@Z 000000018001ddf0 f i TriangleMeshBuilder.obj
 0001:0001ce20       ?HasActiveEdge12@EdgeTriangleAC@Gu@physx@@SAHAEBUEdgeTriangleData@23@@Z 000000018001de20 f i TriangleMeshBuilder.obj
 0001:0001ce50       ?HasActiveEdge20@EdgeTriangleAC@Gu@physx@@SAHAEBUEdgeTriangleData@23@@Z 000000018001de50 f i TriangleMeshBuilder.obj
 0001:0001ce80       ?LeafSetData@Gu@physx@@YAIII@Z 000000018001de80 f i TriangleMeshBuilder.obj
 0001:0001cf90       ?PxRecipSqrt@physx@@YAMM@Z 000000018001df90 f i TriangleMeshBuilder.obj
 0001:0001cfb0       ?SetData@LeafTriangles@Gu@physx@@QEAAXII@Z 000000018001dfb0 f i TriangleMeshBuilder.obj
 0001:0001cff0       ?WriteDwordBuffer@physx@@YAXPEBII_NAEAVPxOutputStream@1@@Z 000000018001dff0 f i TriangleMeshBuilder.obj
 0001:0001d040       ?allocate@?$Array@USharpEdgeRange@GrbTrimeshCookerHelper@physx@@VNamedAllocator@shdfnd@3@@shdfnd@physx@@IEAAPEAUSharpEdgeRange@GrbTrimeshCookerHelper@3@I@Z 000000018001e040 f i TriangleMeshBuilder.obj
 0001:0001d0f0       ?allocate@?$Array@USortedNeighbor@GrbTrimeshCookerHelper@physx@@VNamedAllocator@shdfnd@3@@shdfnd@physx@@IEAAPEAUSortedNeighbor@GrbTrimeshCookerHelper@3@I@Z 000000018001e0f0 f i TriangleMeshBuilder.obj
 0001:0001d1a0       ?allocate@?$ReflectionAllocator@E@shdfnd@physx@@QEAAPEAX_KPEBDH@Z 000000018001e1a0 f i TriangleMeshBuilder.obj
 0001:0001d240       ?allocate@?$ReflectionAllocator@G@shdfnd@physx@@QEAAPEAX_KPEBDH@Z 000000018001e240 f i TriangleMeshBuilder.obj
 0001:0001d2e0       ?allocate@?$ReflectionAllocator@I@shdfnd@physx@@QEAAPEAX_KPEBDH@Z 000000018001e2e0 f i TriangleMeshBuilder.obj
 0001:0001d380       ?allocate@?$ReflectionAllocator@VBV32Tree@Gu@physx@@@shdfnd@physx@@QEAAPEAX_KPEBDH@Z 000000018001e380 f i TriangleMeshBuilder.obj
 0001:0001d420       ?allocate@?$ReflectionAllocator@VEdgeListBuilder@Gu@physx@@@shdfnd@physx@@QEAAPEAX_KPEBDH@Z 000000018001e420 f i TriangleMeshBuilder.obj
 0001:0001d4c0       ?allocateMaterials@TriangleMeshData@Gu@physx@@QEAAPEAGXZ 000000018001e4c0 f i TriangleMeshBuilder.obj
 0001:0001d630       ?allocateTriangles@TriangleMeshData@Gu@physx@@QEAAPEAXI_NI@Z 000000018001e630 f i TriangleMeshBuilder.obj
 0001:0001d900       ?allocateVertices@TriangleMeshData@Gu@physx@@QEAAPEAVPxVec3@3@I@Z 000000018001e900 f i TriangleMeshBuilder.obj
 0001:0001da10       ?begin@?$Array@USortedNeighbor@GrbTrimeshCookerHelper@physx@@VNamedAllocator@shdfnd@3@@shdfnd@physx@@QEAAPEAUSortedNeighbor@GrbTrimeshCookerHelper@3@XZ 000000018001ea10 f i TriangleMeshBuilder.obj
 0001:0001da30       ?capacity@?$Array@USharpEdgeRange@GrbTrimeshCookerHelper@physx@@VNamedAllocator@shdfnd@3@@shdfnd@physx@@QEBAIXZ 000000018001ea30 f i TriangleMeshBuilder.obj
 0001:0001da50       ?capacity@?$Array@USortedNeighbor@GrbTrimeshCookerHelper@physx@@VNamedAllocator@shdfnd@3@@shdfnd@physx@@QEBAIXZ 000000018001ea50 f i TriangleMeshBuilder.obj
 0001:0001da70       ?capacityIncrement@?$Array@USortedNeighbor@GrbTrimeshCookerHelper@physx@@VNamedAllocator@shdfnd@3@@shdfnd@physx@@IEBAIXZ 000000018001ea70 f i TriangleMeshBuilder.obj
 0001:0001dac0       ?copy@?$Array@USharpEdgeRange@GrbTrimeshCookerHelper@physx@@VNamedAllocator@shdfnd@3@@shdfnd@physx@@KAXPEAUSharpEdgeRange@GrbTrimeshCookerHelper@3@0PEBU453@@Z 000000018001eac0 f i TriangleMeshBuilder.obj
 0001:0001dbd0       ?copy@?$Array@USortedNeighbor@GrbTrimeshCookerHelper@physx@@VNamedAllocator@shdfnd@3@@shdfnd@physx@@KAXPEAUSortedNeighbor@GrbTrimeshCookerHelper@3@0PEBU453@@Z 000000018001ebd0 f i TriangleMeshBuilder.obj
 0001:0001dce0       ?create@?$Array@USharpEdgeRange@GrbTrimeshCookerHelper@physx@@VNamedAllocator@shdfnd@3@@shdfnd@physx@@KAXPEAUSharpEdgeRange@GrbTrimeshCookerHelper@3@0AEBU453@@Z 000000018001ece0 f i TriangleMeshBuilder.obj
 0001:0001ddd0       ?cross@PxVec3@physx@@QEBA?AV12@AEBV12@@Z 000000018001edd0 f i TriangleMeshBuilder.obj
 0001:0001dec0       ?deallocate@?$AlignedAllocator@$0IA@VNonTrackingAllocator@shdfnd@physx@@@shdfnd@physx@@QEAAXPEAX@Z 000000018001eec0 f i TriangleMeshBuilder.obj
 0001:0001df30       ?deallocate@?$Array@USharpEdgeRange@GrbTrimeshCookerHelper@physx@@VNamedAllocator@shdfnd@3@@shdfnd@physx@@IEAAXPEAX@Z 000000018001ef30 f i TriangleMeshBuilder.obj
 0001:0001df60       ?deallocate@?$Array@USortedNeighbor@GrbTrimeshCookerHelper@physx@@VNamedAllocator@shdfnd@3@@shdfnd@physx@@IEAAXPEAX@Z 000000018001ef60 f i TriangleMeshBuilder.obj
 0001:0001df90       ?deallocate@NonTrackingAllocator@shdfnd@physx@@QEAAXPEAX@Z 000000018001ef90 f i TriangleMeshBuilder.obj
 0001:0001dfe0       ?destroy@?$Array@USharpEdgeRange@GrbTrimeshCookerHelper@physx@@VNamedAllocator@shdfnd@3@@shdfnd@physx@@KAXPEAUSharpEdgeRange@GrbTrimeshCookerHelper@3@0@Z 000000018001efe0 f i TriangleMeshBuilder.obj
 0001:0001e030       ?destroy@?$Array@USortedNeighbor@GrbTrimeshCookerHelper@physx@@VNamedAllocator@shdfnd@3@@shdfnd@physx@@KAXPEAUSortedNeighbor@GrbTrimeshCookerHelper@3@0@Z 000000018001f030 f i TriangleMeshBuilder.obj
 0001:0001e080       ?distance@PxPlane@physx@@QEBAMAEBVPxVec3@2@@Z 000000018001f080 f i TriangleMeshBuilder.obj
 0001:0001e0c0       ?dot@PxVec3@physx@@QEBAMAEBV12@@Z 000000018001f0c0 f i TriangleMeshBuilder.obj
 0001:0001e120       ?findEdgeCCW@?$TriangleT@I@Gu@physx@@QEBAEII@Z 000000018001f120 f i TriangleMeshBuilder.obj
 0001:0001e2d0       ?gatherStrided@Cooking@physx@@SAXPEBXPEAXIII@Z 000000018001f2d0 f i TriangleMeshBuilder.obj
 0001:0001e380       ?getEdgeToTriangles@EdgeList@Gu@physx@@QEBAPEBUEdgeDescData@23@XZ 000000018001f380 f i TriangleMeshBuilder.obj
 0001:0001e3a0       ?getEdgeTriangle@EdgeList@Gu@physx@@QEBAAEBUEdgeTriangleData@23@I@Z 000000018001f3a0 f i TriangleMeshBuilder.obj
 0001:0001e3d0       ?getEdges@EdgeList@Gu@physx@@QEBAPEBUEdgeData@23@XZ 000000018001f3d0 f i TriangleMeshBuilder.obj
 0001:0001e3f0       ?getFacesByEdges@EdgeList@Gu@physx@@QEBAPEBIXZ 000000018001f3f0 f i TriangleMeshBuilder.obj
 0001:0001e410       ?getFoundation@shdfnd@physx@@YAAEAVFoundation@12@XZ 000000018001f410 f i TriangleMeshBuilder.obj
 0001:0001e430       ?getMidphaseID@BV4TriangleMeshBuilder@physx@@UEBA?AW4Enum@PxMeshMidPhase@2@XZ 000000018001f430 f i TriangleMeshBuilder.obj
 0001:0001e440       ?getMidphaseID@RTreeTriangleMeshBuilder@physx@@UEBA?AW4Enum@PxMeshMidPhase@2@XZ 000000018001f440 f i TriangleMeshBuilder.obj
 0001:0001e450       ?getName@?$ReflectionAllocator@E@shdfnd@physx@@CAPEBDXZ 000000018001f450 f i TriangleMeshBuilder.obj
 0001:0001e4b0       ?getName@?$ReflectionAllocator@G@shdfnd@physx@@CAPEBDXZ 000000018001f4b0 f i TriangleMeshBuilder.obj
 0001:0001e510       ?getName@?$ReflectionAllocator@I@shdfnd@physx@@CAPEBDXZ 000000018001f510 f i TriangleMeshBuilder.obj
 0001:0001e570       ?getName@?$ReflectionAllocator@VBV32Tree@Gu@physx@@@shdfnd@physx@@CAPEBDXZ 000000018001f570 f i TriangleMeshBuilder.obj
 0001:0001e5d0       ?getName@?$ReflectionAllocator@VEdgeListBuilder@Gu@physx@@@shdfnd@physx@@CAPEBDXZ 000000018001f5d0 f i TriangleMeshBuilder.obj
 0001:0001e630       ?getNbEdges@EdgeList@Gu@physx@@QEBAIXZ 000000018001f630 f i TriangleMeshBuilder.obj
 0001:0001e640       ?getNbFaces@EdgeList@Gu@physx@@QEBAIXZ 000000018001f640 f i TriangleMeshBuilder.obj
 0001:0001e660       ?getNormalized@PxVec3@physx@@QEBA?AV12@XZ 000000018001f660 f i TriangleMeshBuilder.obj
 0001:0001e710       ?getRemap@SourceMesh@Gu@physx@@QEBAPEBIXZ 000000018001f710 f i TriangleMeshBuilder.obj
 0001:0001e730       ?getType@PxMidphaseDesc@physx@@QEBA?AW4Enum@PxMeshMidPhase@2@XZ 000000018001f730 f i TriangleMeshBuilder.obj
 0001:0001e750       ?grow@?$Array@USharpEdgeRange@GrbTrimeshCookerHelper@physx@@VNamedAllocator@shdfnd@3@@shdfnd@physx@@IEAAXI@Z 000000018001f750 f i TriangleMeshBuilder.obj
 0001:0001e7f0       ?grow@?$Array@USortedNeighbor@GrbTrimeshCookerHelper@physx@@VNamedAllocator@shdfnd@3@@shdfnd@physx@@IEAAXI@Z 000000018001f7f0 f i TriangleMeshBuilder.obj
 0001:0001e890       ?growAndPushBack@?$Array@USortedNeighbor@GrbTrimeshCookerHelper@physx@@VNamedAllocator@shdfnd@3@@shdfnd@physx@@IEAAAEAUSortedNeighbor@GrbTrimeshCookerHelper@3@AEBU453@@Z 000000018001f890 f i TriangleMeshBuilder.obj
 0001:0001eaf0       ?has16BitIndices@TriangleMeshData@Gu@physx@@QEBA_NXZ 000000018001faf0 f i TriangleMeshBuilder.obj
 0001:0001eb30       ?initRemap@SourceMesh@Gu@physx@@QEAAXXZ 000000018001fb30 f i TriangleMeshBuilder.obj
 0001:0001eb50       ?isArrayOfPOD@?$Array@USharpEdgeRange@GrbTrimeshCookerHelper@physx@@VNamedAllocator@shdfnd@3@@shdfnd@physx@@SA_NXZ 000000018001fb50 f i TriangleMeshBuilder.obj
 0001:0001eb60       ?isArrayOfPOD@?$Array@USortedNeighbor@GrbTrimeshCookerHelper@physx@@VNamedAllocator@shdfnd@3@@shdfnd@physx@@SA_NXZ 000000018001fb60 f i TriangleMeshBuilder.obj
 0001:0001eb70       ?isInUserMemory@?$Array@USharpEdgeRange@GrbTrimeshCookerHelper@physx@@VNamedAllocator@shdfnd@3@@shdfnd@physx@@QEBAIXZ 000000018001fb70 f i TriangleMeshBuilder.obj
 0001:0001eb90       ?isInUserMemory@?$Array@USortedNeighbor@GrbTrimeshCookerHelper@physx@@VNamedAllocator@shdfnd@3@@shdfnd@physx@@QEBAIXZ 000000018001fb90 f i TriangleMeshBuilder.obj
 0001:0001ebb0       ?isValid@PxBVH33MidphaseDesc@physx@@QEBA_NXZ 000000018001fbb0 f i TriangleMeshBuilder.obj
 0001:0001ebf0       ?isValid@PxBVH34MidphaseDesc@physx@@QEBA_NXZ 000000018001fbf0 f i TriangleMeshBuilder.obj
 0001:0001ec20       ?isValid@PxMidphaseDesc@physx@@QEBA_NXZ 000000018001fc20 f i TriangleMeshBuilder.obj
 0001:0001ec80       ?isValid@PxSimpleTriangleMesh@physx@@QEBA_NXZ 000000018001fc80 f i TriangleMeshBuilder.obj
 0001:0001ed90       ?isValid@PxTriangleMeshDesc@physx@@QEBA_NXZ 000000018001fd90 f i TriangleMeshBuilder.obj
 0001:0001ee20       ?isZeroInit@?$Array@USharpEdgeRange@GrbTrimeshCookerHelper@physx@@VNamedAllocator@shdfnd@3@@shdfnd@physx@@KA_NAEBUSharpEdgeRange@GrbTrimeshCookerHelper@3@@Z 000000018001fe20 f i TriangleMeshBuilder.obj
 0001:0001eea0       ?littleEndian@shdfnd@physx@@YADXZ 000000018001fea0 f i TriangleMeshBuilder.obj
 0001:0001eec0       ?magnitudeSquared@PxVec3@physx@@QEBAMXZ 000000018001fec0 f i TriangleMeshBuilder.obj
 0001:0001ef20       ?onMeshIndexFormatChange@TriangleMeshBuilder@physx@@UEAAXXZ 000000018001ff20 f i TriangleMeshBuilder.obj
 0001:0001ef30       ?pushBack@?$Array@USortedNeighbor@GrbTrimeshCookerHelper@physx@@VNamedAllocator@shdfnd@3@@shdfnd@physx@@QEAAAEAUSortedNeighbor@GrbTrimeshCookerHelper@3@AEBU453@@Z 000000018001ff30 f i TriangleMeshBuilder.obj
 0001:0001f030       ?recipSqrt@intrinsics@physx@@YAMM@Z 0000000180020030 f i TriangleMeshBuilder.obj
 0001:0001f070       ?recreate@?$Array@USharpEdgeRange@GrbTrimeshCookerHelper@physx@@VNamedAllocator@shdfnd@3@@shdfnd@physx@@IEAAXI@Z 0000000180020070 f i TriangleMeshBuilder.obj
 0001:0001f1d0       ?recreate@?$Array@USortedNeighbor@GrbTrimeshCookerHelper@physx@@VNamedAllocator@shdfnd@3@@shdfnd@physx@@IEAAXI@Z 00000001800201d0 f i TriangleMeshBuilder.obj
 0001:0001f330       ?release@RTree@Gu@physx@@QEAAXXZ 0000000180020330 f i TriangleMeshBuilder.obj
 0001:0001f3b0       ?releaseRemap@SourceMesh@Gu@physx@@QEAAXXZ 00000001800203b0 f i TriangleMeshBuilder.obj
 0001:0001f400       ?remap@RTreeCookerRemap@physx@@UEAAXPEAIII@Z 0000000180020400 f i TriangleMeshBuilder.obj
 0001:0001f670       ?reserve@?$Array@USharpEdgeRange@GrbTrimeshCookerHelper@physx@@VNamedAllocator@shdfnd@3@@shdfnd@physx@@QEAAXI@Z 0000000180020670 f i TriangleMeshBuilder.obj
 0001:0001f6b0       ?reserve@?$Array@USortedNeighbor@GrbTrimeshCookerHelper@physx@@VNamedAllocator@shdfnd@3@@shdfnd@physx@@QEAAXI@Z 00000001800206b0 f i TriangleMeshBuilder.obj
 0001:0001f6f0       ?resize@?$Array@USharpEdgeRange@GrbTrimeshCookerHelper@physx@@VNamedAllocator@shdfnd@3@@shdfnd@physx@@QEAAXIAEBUSharpEdgeRange@GrbTrimeshCookerHelper@3@@Z 00000001800206f0 f i TriangleMeshBuilder.obj
 0001:0001f7b0       ?resizeUninitialized@?$Array@USortedNeighbor@GrbTrimeshCookerHelper@physx@@VNamedAllocator@shdfnd@3@@shdfnd@physx@@QEAAXI@Z 00000001800207b0 f i TriangleMeshBuilder.obj
 0001:0001f7f0       ?setNbTriangles@SourceMesh@Gu@physx@@QEAAXI@Z 00000001800207f0 f i TriangleMeshBuilder.obj
 0001:0001f810       ?setNbVertices@SourceMesh@Gu@physx@@QEAAXI@Z 0000000180020810 f i TriangleMeshBuilder.obj
 0001:0001f830       ?setPointers@SourceMesh@Gu@physx@@QEAAXPEAVIndTri32@23@PEAVIndTri16@23@PEBVPxVec3@3@@Z 0000000180020830 f i TriangleMeshBuilder.obj
 0001:0001f880       ?setTriangleAdjacency@TriangleMeshData@Gu@physx@@QEAAXIII@Z 0000000180020880 f i TriangleMeshBuilder.obj
 0001:0001f930       ?size@?$Array@USortedNeighbor@GrbTrimeshCookerHelper@physx@@VNamedAllocator@shdfnd@3@@shdfnd@physx@@QEBAIXZ 0000000180020930 f i TriangleMeshBuilder.obj
 0001:0001f950       ?to16@shdfnd@physx@@YAGI@Z 0000000180020950 f i TriangleMeshBuilder.obj
 0001:0001f9d0       ?writeChunk@physx@@YAXCCCCAEAVPxOutputStream@1@@Z 00000001800209d0 f i TriangleMeshBuilder.obj
 0001:0001fa80       ?writeIntBuffer@physx@@YAXPEBII_NAEAVPxOutputStream@1@@Z 0000000180020a80 f i TriangleMeshBuilder.obj
 0001:0001fad0       ??0BigConvexDataBuilder@physx@@QEAA@PEBUConvexHullData@Gu@1@PEAVBigConvexData@1@PEBVPxVec3@1@@Z 0000000180020ad0 f   BigConvexDataBuilder.obj
 0001:0001fb20       ??1BigConvexDataBuilder@physx@@QEAA@XZ 0000000180020b20 f   BigConvexDataBuilder.obj
 0001:0001fb30       ?precompute@BigConvexDataBuilder@physx@@QEAA_NI@Z 0000000180020b30 f   BigConvexDataBuilder.obj
 0001:00020150       ?initialize@BigConvexDataBuilder@physx@@QEAA_NXZ 0000000180021150 f   BigConvexDataBuilder.obj
 0001:000201c0       ?save@BigConvexDataBuilder@physx@@QEBA_NAEAVPxOutputStream@2@_N@Z 00000001800211c0 f   BigConvexDataBuilder.obj
 0001:000202f0       ?computeValencies@BigConvexDataBuilder@physx@@QEAA_NAEBVConvexHullBuilder@2@@Z 00000001800212f0 f   BigConvexDataBuilder.obj
 0001:00020ba0       ?saveValencies@BigConvexDataBuilder@physx@@QEBA_NAEAVPxOutputStream@2@_N@Z 0000000180021ba0 f   BigConvexDataBuilder.obj
 0001:000212b0       ??$?_UUValency@Gu@physx@@@@YAPEAX_KV?$ReflectionAllocator@UValency@Gu@physx@@@shdfnd@physx@@PEBDH@Z 00000001800222b0 f i BigConvexDataBuilder.obj
 0001:00021300       ??0?$ReflectionAllocator@UValency@Gu@physx@@@shdfnd@physx@@QEAA@PEBD@Z 0000000180022300 f i BigConvexDataBuilder.obj
 0001:00021320       ??B?$PxBitAndDataT@G$0IAAA@@physx@@QEBAGXZ 0000000180022320 f i BigConvexDataBuilder.obj
 0001:00021340       ??_0PxVec3@physx@@QEAAAEAV01@M@Z 0000000180022340 f i BigConvexDataBuilder.obj
 0001:000213d0       ?PxMemZero@physx@@YAPEAXPEAXI@Z 00000001800223d0 f i BigConvexDataBuilder.obj
 0001:00021400       ?PxSqrt@physx@@YAMM@Z      0000000180022400 f i BigConvexDataBuilder.obj
 0001:00021420       ?allocate@?$ReflectionAllocator@UValency@Gu@physx@@@shdfnd@physx@@QEAAPEAX_KPEBDH@Z 0000000180022420 f i BigConvexDataBuilder.obj
 0001:000214c0       ?getName@?$ReflectionAllocator@UValency@Gu@physx@@@shdfnd@physx@@CAPEBDXZ 00000001800224c0 f i BigConvexDataBuilder.obj
 0001:00021520       ?magnitude@PxVec3@physx@@QEBAMXZ 0000000180022520 f i BigConvexDataBuilder.obj
 0001:00021550       ?normalize@PxVec3@physx@@QEAAMXZ 0000000180022550 f i BigConvexDataBuilder.obj
 0001:000215b0       ?precomputeSample@BigConvexDataBuilder@physx@@IEAAXAEBVPxVec3@2@AEAEM@Z 00000001800225b0 f i BigConvexDataBuilder.obj
 0001:00021870       ?sqrt@intrinsics@physx@@YAMM@Z 0000000180022870 f i BigConvexDataBuilder.obj
 0001:00021910       ??0ConvexHullBuilder@physx@@QEAA@PEAUConvexHullData@Gu@1@_N@Z 0000000180022910 f   ConvexHullBuilder.obj
 0001:000219b0       ??1ConvexHullBuilder@physx@@QEAA@XZ 00000001800229b0 f   ConvexHullBuilder.obj
 0001:00021b20       ?init@ConvexHullBuilder@physx@@QEAA_NIPEBVPxVec3@2@PEBIIIPEBUPxHullPolygon@2@I_N3@Z 0000000180022b20 f   ConvexHullBuilder.obj
 0001:00022360       ?save@ConvexHullBuilder@physx@@QEBA_NAEAVPxOutputStream@2@_N@Z 0000000180023360 f   ConvexHullBuilder.obj
 0001:00022790       ?copy@ConvexHullBuilder@physx@@QEAA_NAEAUConvexHullData@Gu@2@AEAI@Z 0000000180023790 f   ConvexHullBuilder.obj
 0001:00022f20       ?createEdgeList@ConvexHullBuilder@physx@@QEAA_N_NI0@Z 0000000180023f20 f   ConvexHullBuilder.obj
 0001:00023ea0       ?checkHullPolygons@ConvexHullBuilder@physx@@QEBA_NXZ 0000000180024ea0 f   ConvexHullBuilder.obj
 0001:00024750       ?calculateVertexMapTable@ConvexHullBuilder@physx@@QEAA_NI_N@Z 0000000180025750 f   ConvexHullBuilder.obj
 0001:00024a00       ?computeGeomCenter@ConvexHullBuilder@physx@@IEBA_NAEAVPxVec3@2@IPEAUHullTriangleData@2@@Z 0000000180025a00 f   ConvexHullBuilder.obj
 0001:00025870       ??$?_UUEdgeDescData@Gu@physx@@@@YAPEAX_KV?$ReflectionAllocator@UEdgeDescData@Gu@physx@@@shdfnd@physx@@PEBDH@Z 0000000180026870 f i ConvexHullBuilder.obj
 0001:000258c0       ??$?_U_N@@YAPEAX_KV?$ReflectionAllocator@_N@shdfnd@physx@@PEBDH@Z 00000001800268c0 f i ConvexHullBuilder.obj
 0001:00025910       ??0?$PxBitAndDataT@G$0IAAA@@physx@@QEAA@G_N@Z 0000000180026910 f i ConvexHullBuilder.obj
 0001:00025970       ??0?$ReflectionAllocator@UEdgeDescData@Gu@physx@@@shdfnd@physx@@QEAA@PEBD@Z 0000000180026970 f i ConvexHullBuilder.obj
 0001:00025990       ??0?$ReflectionAllocator@_N@shdfnd@physx@@QEAA@PEBD@Z 0000000180026990 f i ConvexHullBuilder.obj
 0001:000259b0       ??0?$TriangleT@I@Gu@physx@@QEAA@III@Z 00000001800269b0 f i ConvexHullBuilder.obj
 0001:00025a20       ??0HullPolygonData@Gu@physx@@QEAA@AEBU012@@Z 0000000180026a20 f i ConvexHullBuilder.obj
 0001:00025aa0       ??0PxPlane@physx@@QEAA@AEBV01@@Z 0000000180026aa0 f i ConvexHullBuilder.obj
 0001:00025af0       ??0PxPlane@physx@@QEAA@MMMM@Z 0000000180026af0 f i ConvexHullBuilder.obj
 0001:00025b60       ??4PxPlane@physx@@QEAAAEAV01@AEBV01@@Z 0000000180026b60 f i ConvexHullBuilder.obj
 0001:00025bb0       ??YPxVec3@physx@@QEAAAEAV01@AEBV01@@Z 0000000180026bb0 f i ConvexHullBuilder.obj
 0001:00025c30       ?PxMemSet@physx@@YAPEAXPEAXHI@Z 0000000180026c30 f i ConvexHullBuilder.obj
 0001:00025c70       ?allocate@?$ReflectionAllocator@UEdgeDescData@Gu@physx@@@shdfnd@physx@@QEAAPEAX_KPEBDH@Z 0000000180026c70 f i ConvexHullBuilder.obj
 0001:00025d10       ?allocate@?$ReflectionAllocator@_N@shdfnd@physx@@QEAAPEAX_KPEBDH@Z 0000000180026d10 f i ConvexHullBuilder.obj
 0001:00025db0       ?area@?$TriangleT@I@Gu@physx@@QEBAMPEBVPxVec3@3@@Z 0000000180026db0 f i ConvexHullBuilder.obj
 0001:00025ed0       ?center@?$TriangleT@I@Gu@physx@@QEBAXPEBVPxVec3@3@AEAV43@@Z 0000000180026ed0 f i ConvexHullBuilder.obj
 0001:00025fe0       ?computeBufferSize@Gu@physx@@YAIAEBUConvexHullData@12@I@Z 0000000180026fe0 f i ConvexHullBuilder.obj
 0001:00026140       ?computeNbPolygons@ConvexHullBuilder@physx@@QEBAIXZ 0000000180027140 f i ConvexHullBuilder.obj
 0001:000261e0       ?flip@physx@@YAXAEAG@Z     00000001800271e0 f i ConvexHullBuilder.obj
 0001:00026260       ?flip@physx@@YAXAEAM@Z     0000000180027260 f i ConvexHullBuilder.obj
 0001:00026350       ?flipData@Gu@physx@@YAXAEAUHullPolygonData@12@@Z 0000000180027350 f i ConvexHullBuilder.obj
 0001:000263d0       ?getName@?$ReflectionAllocator@UEdgeDescData@Gu@physx@@@shdfnd@physx@@CAPEBDXZ 00000001800273d0 f i ConvexHullBuilder.obj
 0001:00026430       ?getName@?$ReflectionAllocator@_N@shdfnd@physx@@CAPEBDXZ 0000000180027430 f i ConvexHullBuilder.obj
 0001:00026490       ?isBitSet@?$PxBitAndDataT@G$0IAAA@@physx@@QEBAGXZ 0000000180027490 f i ConvexHullBuilder.obj
 0001:000264b0       ?memSet@intrinsics@physx@@YAPEAXPEAXHI@Z 00000001800274b0 f i ConvexHullBuilder.obj
 0001:000264f0       ?to8@shdfnd@physx@@YAEI@Z  00000001800274f0 f i ConvexHullBuilder.obj
 0001:00026570       ??1ConvexHullLib@physx@@UEAA@XZ 0000000180027570 f   ConvexHullLib.obj
 0001:000265f0       ?cleanupVertices@ConvexHullLib@physx@@IEAA_NIPEBVPxVec3@2@IAEAIPEAV32@AEAV32@3@Z 00000001800275f0 f   ConvexHullLib.obj
 0001:00026cd0       ?shiftAndcleanupVertices@ConvexHullLib@physx@@IEAA_NIPEBVPxVec3@2@IAEAIPEAV32@AEAV32@3@Z 0000000180027cd0 f   ConvexHullLib.obj
 0001:00026ee0       ?swapLargestFace@ConvexHullLib@physx@@IEAAXAEAVPxConvexMeshDesc@2@@Z 0000000180027ee0 f   ConvexHullLib.obj
 0001:000272d0       ?shiftConvexMeshDesc@ConvexHullLib@physx@@IEAAXAEAVPxConvexMeshDesc@2@@Z 00000001800282d0 f   ConvexHullLib.obj
 0001:00028070       ??0?$PxFlags@W4Enum@PxConvexFlag@physx@@G@physx@@QEAA@AEBV01@@Z 0000000180029070 f i ConvexHullLib.obj
 0001:000280a0       ??0PxBounds3@physx@@QEAA@XZ 00000001800290a0 f i ConvexHullLib.obj
 0001:000280e0       ??B?$PxFlags@W4Enum@PxConvexFlag@physx@@G@physx@@QEBA_NXZ 00000001800290e0 f i ConvexHullLib.obj
 0001:00028120       ??I?$PxFlags@W4Enum@PxConvexFlag@physx@@G@physx@@QEBA?AV01@W4Enum@PxConvexFlag@1@@Z 0000000180029120 f i ConvexHullLib.obj
 0001:00028190       ??_EConvexHullLib@physx@@UEAAPEAXI@Z 0000000180029190 f i ConvexHullLib.obj
 0001:00028190       ??_GConvexHullLib@physx@@UEAAPEAXI@Z 0000000180029190 f i ConvexHullLib.obj
 0001:000281e0       ?getCenter@PxBounds3@physx@@QEBA?AVPxVec3@2@XZ 00000001800291e0 f i ConvexHullLib.obj
 0001:000282b0       ?getDimensions@PxBounds3@physx@@QEBA?AVPxVec3@2@XZ 00000001800292b0 f i ConvexHullLib.obj
 0001:00028360       ?include@PxBounds3@physx@@QEAAXAEBVPxVec3@2@@Z 0000000180029360 f i ConvexHullLib.obj
 0001:00028450       ?maximum@PxVec3@physx@@QEBA?AV12@AEBV12@@Z 0000000180029450 f i ConvexHullLib.obj
 0001:00028510       ?minimum@PxVec3@physx@@QEBA?AV12@AEBV12@@Z 0000000180029510 f i ConvexHullLib.obj
 0001:000285d0       ?multiply@PxVec3@physx@@QEBA?AV12@AEBV12@@Z 00000001800295d0 f i ConvexHullLib.obj
 0001:00028670       ??0ConvexHull@physx@@QEAA@AEBVPxVec3@1@0AEBV?$Array@VPxPlane@physx@@VNamedAllocator@shdfnd@2@@shdfnd@1@@Z 0000000180029670 f   ConvexHullUtils.obj
 0001:00028f20       ??0ConvexHull@physx@@QEAA@AEBVPxVec3@1@AEBVPxTransform@1@AEBV?$Array@VPxPlane@physx@@VNamedAllocator@shdfnd@2@@shdfnd@1@@Z 0000000180029f20 f   ConvexHullUtils.obj
 0001:00029950       ?findCandidatePlane@ConvexHull@physx@@QEBAHMM@Z 000000018002a950 f   ConvexHullUtils.obj
 0001:00029d50       ?assertIntact@ConvexHull@physx@@QEBA_NM@Z 000000018002ad50 f   ConvexHullUtils.obj
 0001:0002a550       ?maxNumVertsPerFace@ConvexHull@physx@@QEBAIXZ 000000018002b550 f   ConvexHullUtils.obj
 0001:0002a620       ?convexHullCrop@physx@@YAPEAVConvexHull@1@AEBV21@AEBVPxPlane@1@M@Z 000000018002b620 f   ConvexHullUtils.obj
 0001:0002bca0       ?computeOBBFromConvex@physx@@YA_NAEBVPxConvexMeshDesc@1@AEAVPxVec3@1@AEAVPxTransform@1@@Z 000000018002cca0 f   ConvexHullUtils.obj
 0001:0002c5f0       ?computeOBBSIMD@local@@YAXIPEBT__m128@@AEAT2@AEBT2@1@Z 000000018002d5f0 f   ConvexHullUtils.obj
 0001:0002ddc0       ??$?2V?$ReflectionAllocator@VConvexHull@physx@@@shdfnd@physx@@@UserAllocated@shdfnd@physx@@SAPEAX_KV?$ReflectionAllocator@VConvexHull@physx@@@12@PEBDH@Z 000000018002edc0 f i ConvexHullUtils.obj
 0001:0002de10       ??$PX_UNUSED@W4PxIDENTITY@physx@@@@YAXAEBW4PxIDENTITY@physx@@@Z 000000018002ee10 f i ConvexHullUtils.obj
 0001:0002de20       ??0?$Array@VHalfEdge@ConvexHull@physx@@VNamedAllocator@shdfnd@3@@shdfnd@physx@@QEAA@AEBVNamedAllocator@12@@Z 000000018002ee20 f i ConvexHullUtils.obj
 0001:0002de80       ??0?$Array@VPxPlane@physx@@VNamedAllocator@shdfnd@2@@shdfnd@physx@@QEAA@AEBVNamedAllocator@12@@Z 000000018002ee80 f i ConvexHullUtils.obj
 0001:0002dee0       ??0?$PxFlags@W4Enum@PxConvexFlag@physx@@G@physx@@QEAA@XZ 000000018002eee0 f i ConvexHullUtils.obj
 0001:0002df00       ??0?$ReflectionAllocator@VConvexHull@physx@@@shdfnd@physx@@QEAA@PEBD@Z 000000018002ef00 f i ConvexHullUtils.obj
 0001:0002df20       ??0ConvexHull@physx@@QEAA@AEBV01@@Z 000000018002ef20 f i ConvexHullUtils.obj
 0001:0002e000       ??0ConvexHull@physx@@QEAA@AEBV?$Array@VPxPlane@physx@@VNamedAllocator@shdfnd@2@@shdfnd@1@@Z 000000018002f000 f i ConvexHullUtils.obj
 0001:0002e0d0       ??0HalfEdge@ConvexHull@physx@@QEAA@FEE@Z 000000018002f0d0 f i ConvexHullUtils.obj
 0001:0002e130       ??0HalfEdge@ConvexHull@physx@@QEAA@XZ 000000018002f130 f i ConvexHullUtils.obj
 0001:0002e140       ??0Mat33V@aos@shdfnd@physx@@QEAA@XZ 000000018002f140 f i ConvexHullUtils.obj
 0001:0002e150       ??0PxBoundedData@physx@@QEAA@XZ 000000018002f150 f i ConvexHullUtils.obj
 0001:0002e190       ??0PxConvexMeshDesc@physx@@QEAA@XZ 000000018002f190 f i ConvexHullUtils.obj
 0001:0002e220       ??0PxIntegrals@physx@@QEAA@XZ 000000018002f220 f i ConvexHullUtils.obj
 0001:0002e250       ??0PxMat33@physx@@QEAA@AEBV01@@Z 000000018002f250 f i ConvexHullUtils.obj
 0001:0002e2d0       ??0PxMat33@physx@@QEAA@AEBVPxQuat@1@@Z 000000018002f2d0 f i ConvexHullUtils.obj
 0001:0002e610       ??0PxMat33@physx@@QEAA@AEBVPxVec3@1@00@Z 000000018002f610 f i ConvexHullUtils.obj
 0001:0002e690       ??0PxMat33@physx@@QEAA@W4PxIDENTITY@1@@Z 000000018002f690 f i ConvexHullUtils.obj
 0001:0002e730       ??0PxMat33@physx@@QEAA@XZ  000000018002f730 f i ConvexHullUtils.obj
 0001:0002e790       ??0PxPlane@physx@@QEAA@AEBVPxVec3@1@00@Z 000000018002f790 f i ConvexHullUtils.obj
 0001:0002e880       ??0PxPlane@physx@@QEAA@AEBVPxVec3@1@M@Z 000000018002f880 f i ConvexHullUtils.obj
 0001:0002e8d0       ??0PxPlane@physx@@QEAA@XZ  000000018002f8d0 f i ConvexHullUtils.obj
 0001:0002e900       ??0PxQuat@physx@@QEAA@MAEBVPxVec3@1@@Z 000000018002f900 f i ConvexHullUtils.obj
 0001:0002ea60       ??0PxQuat@physx@@QEAA@XZ   000000018002fa60 f i ConvexHullUtils.obj
 0001:0002ea70       ??0PxStridedData@physx@@QEAA@XZ 000000018002fa70 f i ConvexHullUtils.obj
 0001:0002eaa0       ??8PxPlane@physx@@QEBA_NAEBV01@@Z 000000018002faa0 f i ConvexHullUtils.obj
 0001:0002eb10       ??8PxVec3@physx@@QEBA_NAEBV01@@Z 000000018002fb10 f i ConvexHullUtils.obj
 0001:0002eb90       ??A?$Array@VHalfEdge@ConvexHull@physx@@VNamedAllocator@shdfnd@3@@shdfnd@physx@@QEAAAEAVHalfEdge@ConvexHull@2@I@Z 000000018002fb90 f i ConvexHullUtils.obj
 0001:0002ec30       ??A?$Array@VHalfEdge@ConvexHull@physx@@VNamedAllocator@shdfnd@3@@shdfnd@physx@@QEBAAEBVHalfEdge@ConvexHull@2@I@Z 000000018002fc30 f i ConvexHullUtils.obj
 0001:0002ecd0       ??A?$Array@VPxPlane@physx@@VNamedAllocator@shdfnd@2@@shdfnd@physx@@QEBAAEBVPxPlane@2@I@Z 000000018002fcd0 f i ConvexHullUtils.obj
 0001:0002ed70       ??A?$Array@VPxVec3@physx@@VNamedAllocator@shdfnd@2@@shdfnd@physx@@QEAAAEAVPxVec3@2@I@Z 000000018002fd70 f i ConvexHullUtils.obj
 0001:0002ee10       ??A?$Array@VPxVec3@physx@@VNamedAllocator@shdfnd@2@@shdfnd@physx@@QEBAAEBVPxVec3@2@I@Z 000000018002fe10 f i ConvexHullUtils.obj
 0001:0002eeb0       ??APxMat33@physx@@QEAAAEAVPxVec3@1@I@Z 000000018002feb0 f i ConvexHullUtils.obj
 0001:0002eee0       ??GPxVec3@physx@@QEBA?AV01@XZ 000000018002fee0 f i ConvexHullUtils.obj
 0001:0002ef70       ??RPxMat33@physx@@QEAAAEAMII@Z 000000018002ff70 f i ConvexHullUtils.obj
 0001:0002efb0       ??XPxVec3@physx@@QEAAAEAV01@M@Z 000000018002ffb0 f i ConvexHullUtils.obj
 0001:0002f030       ?FAdd@aos@shdfnd@physx@@YA?AT__m128@@T4@0@Z 0000000180030030 f i ConvexHullUtils.obj
 0001:0002f180       ?FMul@aos@shdfnd@physx@@YA?AT__m128@@T4@0@Z 0000000180030180 f i ConvexHullUtils.obj
 0001:0002f2d0       ?FScaleAdd@aos@shdfnd@physx@@YA?AT__m128@@T4@00@Z 00000001800302d0 f i ConvexHullUtils.obj
 0001:0002f530       ?PxCos@physx@@YAMM@Z       0000000180030530 f i ConvexHullUtils.obj
 0001:0002f550       ?PxSin@physx@@YAMM@Z       0000000180030550 f i ConvexHullUtils.obj
[...]
 0003:00003f60       ?name@UnDecorator@@0PEBDEB 0000000180110f60     LIBCMTD:undname.obj
 0003:00003f68       ?outputString@UnDecorator@@0PEADEA 0000000180110f68     LIBCMTD:undname.obj
 0003:00003f70       ?maxStringLength@UnDecorator@@0HA 0000000180110f70     LIBCMTD:undname.obj
 0003:00003f74       ?disableFlags@UnDecorator@@0KA 0000000180110f74     LIBCMTD:undname.obj
 0003:00003f78       ?fExplicitTemplateParams@UnDecorator@@0_NA 0000000180110f78     LIBCMTD:undname.obj
 0003:00003f79       ?fGetTemplateArgumentList@UnDecorator@@0_NA 0000000180110f79     LIBCMTD:undname.obj
 0003:00004000       ?nodes@?1??make@DNameStatusNode@@SAPEAV2@W4DNameStatus@@@Z@4PAV2@A 0000000180111000     LIBCMTD:undname.obj
 0003:00004040       ??_B?1??make@DNameStatusNode@@SAPEAV1@W4DNameStatus@@@Z@51 0000000180111040     LIBCMTD:undname.obj
 0003:00004048       ?__pInconsistency@@3P6AXXZEA 0000000180111048     LIBCMTD:hooks.obj
 0003:00004058       _stdbuf                    0000000180111058     LIBCMTD:_sftbuf.obj
 0003:00004068       _cflush                    0000000180111068     LIBCMTD:_file.obj
 0003:0000407c       __lconv_static_null        000000018011107c     LIBCMTD:lconv.obj
 0003:00004080       __lconv_static_W_null      0000000180111080     LIBCMTD:lconv.obj
 0003:00004084       __locale_changed           0000000180111084     LIBCMTD:wsetloca.obj
 0003:00004088       ?g_OutOfMemoryExceptionCallback@@3P6APEAXXZEA 0000000180111088     LIBCMTD:frame.obj
 0003:00004098       __unguarded_readlc_active  0000000180111098     <common>
 0003:000040a8       __setlc_active             00000001801110a8     <common>
 0003:000040b0       __piob                     00000001801110b0     <common>
 0003:000043f8       _nstream                   00000001801113f8     <common>
 0003:00004400       _bufin                     0000000180111400     <common>
 0003:00005400       _debugger_hook_dummy       0000000180112400     <common>
 0003:00005410       _pReportHookListW          0000000180112410     <common>
 0003:00005428       _pReportHookList           0000000180112428     <common>
 0003:00005430       _pfnReportHook             0000000180112430     <common>
 0003:00005440       encodedKERNEL32Functions   0000000180112440     <common>
 0003:00005584       _nhandle                   0000000180112584     <common>
 0003:00005590       __dyn_tls_init_callback    0000000180112590     <common>
 0003:000055a8       __onexitend                00000001801125a8     <common>
 0003:000055b0       __onexitbegin              00000001801125b0     <common>
 0003:000055b8       __mbctype_initialized      00000001801125b8     <common>
 0003:000055bc       __env_initialized          00000001801125bc     <common>
 0003:000055c0       _acmdln                    00000001801125c0     <common>
 0005:00000000       __imp_LoadLibraryA         000000018011b000     kernel32:KERNEL32.dll
 0005:00000008       __imp_RaiseException       000000018011b008     kernel32:KERNEL32.dll
 0005:00000010       __imp_GetLastError         000000018011b010     kernel32:KERNEL32.dll
 0005:00000018       __imp_FreeLibrary          000000018011b018     kernel32:KERNEL32.dll
 0005:00000020       __imp_GetProcAddress       000000018011b020     kernel32:KERNEL32.dll
 0005:00000028       __imp_LoadLibraryExA       000000018011b028     kernel32:KERNEL32.dll
 0005:00000030       __imp_EncodePointer        000000018011b030     kernel32:KERNEL32.dll
 0005:00000038       __imp_DecodePointer        000000018011b038     kernel32:KERNEL32.dll
 0005:00000040       __imp_GetCommandLineA      000000018011b040     kernel32:KERNEL32.dll
 0005:00000048       __imp_GetCurrentThreadId   000000018011b048     kernel32:KERNEL32.dll
 0005:00000050       __imp_GetStdHandle         000000018011b050     kernel32:KERNEL32.dll
 0005:00000058       __imp_WriteFile            000000018011b058     kernel32:KERNEL32.dll
 0005:00000060       __imp_GetModuleFileNameW   000000018011b060     kernel32:KERNEL32.dll
 0005:00000068       __imp_IsProcessorFeaturePresent 000000018011b068     kernel32:KERNEL32.dll
 0005:00000070       __imp_EnterCriticalSection 000000018011b070     kernel32:KERNEL32.dll
 0005:00000078       __imp_LeaveCriticalSection 000000018011b078     kernel32:KERNEL32.dll
 0005:00000080       __imp_DeleteCriticalSection 000000018011b080     kernel32:KERNEL32.dll
 0005:00000088       __imp_FatalAppExitA        000000018011b088     kernel32:KERNEL32.dll
 0005:00000090       __imp_GetModuleHandleExW   000000018011b090     kernel32:KERNEL32.dll
 0005:00000098       __imp_HeapSize             000000018011b098     kernel32:KERNEL32.dll
 0005:000000a0       __imp_HeapValidate         000000018011b0a0     kernel32:KERNEL32.dll
 0005:000000a8       __imp_GetSystemInfo        000000018011b0a8     kernel32:KERNEL32.dll
 0005:000000b0       __imp_RtlUnwindEx          000000018011b0b0     kernel32:KERNEL32.dll
 0005:000000b8       __imp_SetLastError         000000018011b0b8     kernel32:KERNEL32.dll
 0005:000000c0       __imp_GetCurrentThread     000000018011b0c0     kernel32:KERNEL32.dll
 0005:000000c8       __imp_ExitProcess          000000018011b0c8     kernel32:KERNEL32.dll
 0005:000000d0       __imp_AreFileApisANSI      000000018011b0d0     kernel32:KERNEL32.dll
 0005:000000d8       __imp_MultiByteToWideChar  000000018011b0d8     kernel32:KERNEL32.dll
 0005:000000e0       __imp_WideCharToMultiByte  000000018011b0e0     kernel32:KERNEL32.dll
 0005:000000e8       __imp_GetProcessHeap       000000018011b0e8     kernel32:KERNEL32.dll
 0005:000000f0       __imp_GetFileType          000000018011b0f0     kernel32:KERNEL32.dll
 0005:000000f8       __imp_GetStartupInfoW      000000018011b0f8     kernel32:KERNEL32.dll
 0005:00000100       __imp_GetModuleFileNameA   000000018011b100     kernel32:KERNEL32.dll
 0005:00000108       __imp_QueryPerformanceCounter 000000018011b108     kernel32:KERNEL32.dll
 0005:00000110       __imp_GetCurrentProcessId  000000018011b110     kernel32:KERNEL32.dll
 0005:00000118       __imp_GetSystemTimeAsFileTime 000000018011b118     kernel32:KERNEL32.dll
 0005:00000120       __imp_GetEnvironmentStringsW 000000018011b120     kernel32:KERNEL32.dll
 0005:00000128       __imp_FreeEnvironmentStringsW 000000018011b128     kernel32:KERNEL32.dll
 0005:00000130       __imp_RtlCaptureContext    000000018011b130     kernel32:KERNEL32.dll
 0005:00000138       __imp_RtlLookupFunctionEntry 000000018011b138     kernel32:KERNEL32.dll
 0005:00000140       __imp_RtlVirtualUnwind     000000018011b140     kernel32:KERNEL32.dll
 0005:00000148       __imp_UnhandledExceptionFilter 000000018011b148     kernel32:KERNEL32.dll
 0005:00000150       __imp_SetUnhandledExceptionFilter 000000018011b150     kernel32:KERNEL32.dll
 0005:00000158       __imp_InitializeCriticalSectionAndSpinCount 000000018011b158     kernel32:KERNEL32.dll
 0005:00000160       __imp_CreateEventW         000000018011b160     kernel32:KERNEL32.dll
 0005:00000168       __imp_Sleep                000000018011b168     kernel32:KERNEL32.dll
 0005:00000170       __imp_GetCurrentProcess    000000018011b170     kernel32:KERNEL32.dll
 0005:00000178       __imp_TerminateProcess     000000018011b178     kernel32:KERNEL32.dll
 0005:00000180       __imp_TlsAlloc             000000018011b180     kernel32:KERNEL32.dll
 0005:00000188       __imp_TlsGetValue          000000018011b188     kernel32:KERNEL32.dll
 0005:00000190       __imp_TlsSetValue          000000018011b190     kernel32:KERNEL32.dll
 0005:00000198       __imp_TlsFree              000000018011b198     kernel32:KERNEL32.dll
 0005:000001a0       __imp_GetTickCount         000000018011b1a0     kernel32:KERNEL32.dll
 0005:000001a8       __imp_GetModuleHandleW     000000018011b1a8     kernel32:KERNEL32.dll
 0005:000001b0       __imp_CreateSemaphoreW     000000018011b1b0     kernel32:KERNEL32.dll
 0005:000001b8       __imp_RtlPcToFileHeader    000000018011b1b8     kernel32:KERNEL32.dll
 0005:000001c0       __imp_IsDebuggerPresent    000000018011b1c0     kernel32:KERNEL32.dll
 0005:000001c8       __imp_LoadLibraryExW       000000018011b1c8     kernel32:KERNEL32.dll
 0005:000001d0       __imp_IsValidCodePage      000000018011b1d0     kernel32:KERNEL32.dll
 0005:000001d8       __imp_GetACP               000000018011b1d8     kernel32:KERNEL32.dll
 0005:000001e0       __imp_GetOEMCP             000000018011b1e0     kernel32:KERNEL32.dll
 0005:000001e8       __imp_GetCPInfo            000000018011b1e8     kernel32:KERNEL32.dll
 0005:000001f0       __imp_OutputDebugStringW   000000018011b1f0     kernel32:KERNEL32.dll
 0005:000001f8       __imp_WaitForSingleObjectEx 000000018011b1f8     kernel32:KERNEL32.dll
 0005:00000200       __imp_CreateThread         000000018011b200     kernel32:KERNEL32.dll
 0005:00000208       __imp_SetConsoleCtrlHandler 000000018011b208     kernel32:KERNEL32.dll
 0005:00000210       __imp_GetDateFormatW       000000018011b210     kernel32:KERNEL32.dll
 0005:00000218       __imp_GetTimeFormatW       000000018011b218     kernel32:KERNEL32.dll
 0005:00000220       __imp_CompareStringW       000000018011b220     kernel32:KERNEL32.dll
 0005:00000228       __imp_LCMapStringW         000000018011b228     kernel32:KERNEL32.dll
 0005:00000230       __imp_GetLocaleInfoW       000000018011b230     kernel32:KERNEL32.dll
 0005:00000238       __imp_IsValidLocale        000000018011b238     kernel32:KERNEL32.dll
 0005:00000240       __imp_GetUserDefaultLCID   000000018011b240     kernel32:KERNEL32.dll
 0005:00000248       __imp_EnumSystemLocalesW   000000018011b248     kernel32:KERNEL32.dll
 0005:00000250       __imp_OutputDebugStringA   000000018011b250     kernel32:KERNEL32.dll
 0005:00000258       __imp_WriteConsoleW        000000018011b258     kernel32:KERNEL32.dll
 0005:00000260       __imp_HeapFree             000000018011b260     kernel32:KERNEL32.dll
 0005:00000268       __imp_HeapReAlloc          000000018011b268     kernel32:KERNEL32.dll
 0005:00000270       __imp_HeapQueryInformation 000000018011b270     kernel32:KERNEL32.dll
 0005:00000278       __imp_HeapAlloc            000000018011b278     kernel32:KERNEL32.dll
 0005:00000280       __imp_VirtualQuery         000000018011b280     kernel32:KERNEL32.dll
 0005:00000288       __imp_GetStringTypeW       000000018011b288     kernel32:KERNEL32.dll
 0005:00000290       __imp_GetConsoleCP         000000018011b290     kernel32:KERNEL32.dll
 0005:00000298       __imp_GetConsoleMode       000000018011b298     kernel32:KERNEL32.dll
 0005:000002a0       __imp_SetFilePointerEx     000000018011b2a0     kernel32:KERNEL32.dll
 0005:000002a8       __imp_FlushFileBuffers     000000018011b2a8     kernel32:KERNEL32.dll
 0005:000002b0       __imp_SetStdHandle         000000018011b2b0     kernel32:KERNEL32.dll
 0005:000002b8       __imp_CloseHandle          000000018011b2b8     kernel32:KERNEL32.dll
 0005:000002c0       __imp_CreateFileW          000000018011b2c0     kernel32:KERNEL32.dll
 0005:000002c8       \177KERNEL32_NULL_THUNK_DATA 000000018011b2c8     kernel32:KERNEL32.dll
 0005:000003a8       __IMPORT_DESCRIPTOR_KERNEL32 000000018011b3a8     kernel32:KERNEL32.dll
 0005:000003bc       __NULL_IMPORT_DESCRIPTOR   000000018011b3bc     kernel32:KERNEL32.dll
 0006:00000000       __DELAY_IMPORT_DESCRIPTOR_PxFoundationDEBUG_x64_dll 000000018011c000     PxFoundationDEBUG_x64:PxFoundationDEBUG_x64.dll
 0006:00000020       __DELAY_IMPORT_DESCRIPTOR_PhysX3CommonDEBUG_x64_dll 000000018011c020     PhysX3CommonDEBUG_x64:PhysX3CommonDEBUG_x64.dll
 0006:00000040       __NULL_DELAY_IMPORT_DESCRIPTOR 000000018011c040     PxFoundationDEBUG_x64:PxFoundationDEBUG_x64.dll
 0006:00000178       \177PhysX3CommonDEBUG_x64_NULL_THUNK_DATA_DLN 000000018011c178     PhysX3CommonDEBUG_x64:PhysX3CommonDEBUG_x64.dll
 0006:00000290       \177PxFoundationDEBUG_x64_NULL_THUNK_DATA_DLN 000000018011c290     PxFoundationDEBUG_x64:PxFoundationDEBUG_x64.dll
 0006:00000300       __imp_??1BV4Tree@Gu@physx@@QEAA@XZ 000000018011c300     PhysX3CommonDEBUG_x64:PhysX3CommonDEBUG_x64.dll
 0006:00000308       __imp_?releaseMemory@HeightField@Gu@physx@@QEAAXXZ 000000018011c308     PhysX3CommonDEBUG_x64:PhysX3CommonDEBUG_x64.dll
 0006:00000310       __imp_?loadFromDesc@HeightField@Gu@physx@@QEAA_NAEBVPxHeightFieldDesc@3@@Z 000000018011c310     PhysX3CommonDEBUG_x64:PhysX3CommonDEBUG_x64.dll
 0006:00000318       __imp_??0HeightField@Gu@physx@@QEAA@PEAVGuMeshFactory@2@@Z 000000018011c318     PhysX3CommonDEBUG_x64:PhysX3CommonDEBUG_x64.dll
 0006:00000320       __imp_?ReadHeader@Gu@physx@@YA_NEEEEAEAIAEA_NAEAVPxInputStream@2@@Z 000000018011c320     PhysX3CommonDEBUG_x64:PhysX3CommonDEBUG_x64.dll
 0006:00000328       __imp_?readDword@physx@@YAI_NAEAVPxInputStream@1@@Z 000000018011c328     PhysX3CommonDEBUG_x64:PhysX3CommonDEBUG_x64.dll
 0006:00000330       __imp_??1BigConvexData@physx@@QEAA@XZ 000000018011c330     PhysX3CommonDEBUG_x64:PhysX3CommonDEBUG_x64.dll
 0006:00000338       __imp_??0BigConvexData@physx@@QEAA@XZ 000000018011c338     PhysX3CommonDEBUG_x64:PhysX3CommonDEBUG_x64.dll
 0006:00000340       __imp_?computeOBBPoints@Gu@physx@@YAXPEIAVPxVec3@2@AEBV32@1111@Z 000000018011c340     PhysX3CommonDEBUG_x64:PhysX3CommonDEBUG_x64.dll
 0006:00000348       __imp_?Sort@RadixSortBuffered@Cm@physx@@QEAAAEAV123@PEBIIW4RadixHint@23@@Z 000000018011c348     PhysX3CommonDEBUG_x64:PhysX3CommonDEBUG_x64.dll
 0006:00000350       __imp_??1RadixSortBuffered@Cm@physx@@UEAA@XZ 000000018011c350     PhysX3CommonDEBUG_x64:PhysX3CommonDEBUG_x64.dll
 0006:00000358       __imp_??0RadixSortBuffered@Cm@physx@@QEAA@XZ 000000018011c358     PhysX3CommonDEBUG_x64:PhysX3CommonDEBUG_x64.dll
 0006:00000360       __imp_?GetRanks@RadixSort@Cm@physx@@QEBAPEBIXZ 000000018011c360     PhysX3CommonDEBUG_x64:PhysX3CommonDEBUG_x64.dll
 0006:00000368       __imp_?CreateOffsets@BigConvexData@physx@@IEAAXXZ 000000018011c368     PhysX3CommonDEBUG_x64:PhysX3CommonDEBUG_x64.dll
 0006:00000370       __imp_?StoreIndices@Gu@physx@@YAXGIPEBGAEAVPxOutputStream@2@_N@Z 000000018011c370     PhysX3CommonDEBUG_x64:PhysX3CommonDEBUG_x64.dll
 0006:00000378       __imp_?WriteHeader@Gu@physx@@YA_NEEEEI_NAEAVPxOutputStream@2@@Z 000000018011c378     PhysX3CommonDEBUG_x64:PhysX3CommonDEBUG_x64.dll
 0006:00000380       __imp_?computeMaxIndex@physx@@YAGPEBGI@Z 000000018011c380     PhysX3CommonDEBUG_x64:PhysX3CommonDEBUG_x64.dll
 0006:00000388       __imp_?BuildBV32Ex@Gu@physx@@YA_NAEAVBV32Tree@12@AEAVSourceMesh@12@MI@Z 000000018011c388     PhysX3CommonDEBUG_x64:PhysX3CommonDEBUG_x64.dll
 0006:00000390       __imp_?writeWord@physx@@YAXG_NAEAVPxOutputStream@1@@Z 000000018011c390     PhysX3CommonDEBUG_x64:PhysX3CommonDEBUG_x64.dll
 0006:00000398       __imp_?writeDword@physx@@YAXI_NAEAVPxOutputStream@1@@Z 000000018011c398     PhysX3CommonDEBUG_x64:PhysX3CommonDEBUG_x64.dll
 0006:000003a0       __imp_?writeFloat@physx@@YAXM_NAEAVPxOutputStream@1@@Z 000000018011c3a0     PhysX3CommonDEBUG_x64:PhysX3CommonDEBUG_x64.dll
 0006:000003a8       __imp_?writeHeader@physx@@YA_NCCCCI_NAEAVPxOutputStream@1@@Z 000000018011c3a8     PhysX3CommonDEBUG_x64:PhysX3CommonDEBUG_x64.dll
 0006:000003b0       __imp_?validate@RTree@Gu@physx@@QEAAXPEAUCallbackRefit@123@@Z 000000018011c3b0     PhysX3CommonDEBUG_x64:PhysX3CommonDEBUG_x64.dll
 0006:000003b8       __imp_??0SourceMesh@Gu@physx@@QEAA@XZ 000000018011c3b8     PhysX3CommonDEBUG_x64:PhysX3CommonDEBUG_x64.dll
 0006:000003c0       __imp_??1SourceMesh@Gu@physx@@QEAA@XZ 000000018011c3c0     PhysX3CommonDEBUG_x64:PhysX3CommonDEBUG_x64.dll
 0006:000003c8       __imp_??0BV4Tree@Gu@physx@@QEAA@XZ 000000018011c3c8     PhysX3CommonDEBUG_x64:PhysX3CommonDEBUG_x64.dll
 0006:000003d0       __imp_??1HeightField@Gu@physx@@UEAA@XZ 000000018011c3d0     PhysX3CommonDEBUG_x64:PhysX3CommonDEBUG_x64.dll
 0006:000003d8       __imp_??0BV32Tree@Gu@physx@@QEAA@XZ 000000018011c3d8     PhysX3CommonDEBUG_x64:PhysX3CommonDEBUG_x64.dll
 0006:000003e0       __imp_??1BV32Tree@Gu@physx@@QEAA@XZ 000000018011c3e0     PhysX3CommonDEBUG_x64:PhysX3CommonDEBUG_x64.dll
 0006:000003e8       __imp_?writeFloatBuffer@physx@@YAXPEBMI_NAEAVPxOutputStream@1@@Z 000000018011c3e8     PhysX3CommonDEBUG_x64:PhysX3CommonDEBUG_x64.dll
 0006:000003f0       __imp_?writeWordBuffer@physx@@YAXPEBGI_NAEAVPxOutputStream@1@@Z 000000018011c3f0     PhysX3CommonDEBUG_x64:PhysX3CommonDEBUG_x64.dll
 0006:000003f8       __imp_?computeMaxIndex@physx@@YAIPEBII@Z 000000018011c3f8     PhysX3CommonDEBUG_x64:PhysX3CommonDEBUG_x64.dll
 0006:00000400       __imp_?storeIndices@physx@@YAXIIPEBIAEAVPxOutputStream@1@_N@Z 000000018011c400     PhysX3CommonDEBUG_x64:PhysX3CommonDEBUG_x64.dll
 0006:00000408       __imp_?computeBoundsAroundVertices@Gu@physx@@YAXAEAVPxBounds3@2@IPEIBVPxVec3@2@@Z 000000018011c408     PhysX3CommonDEBUG_x64:PhysX3CommonDEBUG_x64.dll
 0006:00000410       __imp_?BuildBV4Ex@Gu@physx@@YA_NAEAVBV4Tree@12@AEAVSourceMesh@12@MI@Z 000000018011c410     PhysX3CommonDEBUG_x64:PhysX3CommonDEBUG_x64.dll
 0006:00000418       \177PhysX3CommonDEBUG_x64_NULL_THUNK_DATA_DLA 000000018011c418     PhysX3CommonDEBUG_x64:PhysX3CommonDEBUG_x64.dll
 0006:000004a8       __imp_??1FPUGuard@shdfnd@physx@@QEAA@XZ 000000018011c4a8     PxFoundationDEBUG_x64:PxFoundationDEBUG_x64.dll
 0006:000004b0       __imp_??0FPUGuard@shdfnd@physx@@QEAA@XZ 000000018011c4b0     PxFoundationDEBUG_x64:PxFoundationDEBUG_x64.dll
 0006:000004b8       __imp_?decRefCount@Foundation@shdfnd@physx@@SAXXZ 000000018011c4b8     PxFoundationDEBUG_x64:PxFoundationDEBUG_x64.dll
 0006:000004c0       __imp_?incRefCount@Foundation@shdfnd@physx@@SAXXZ 000000018011c4c0     PxFoundationDEBUG_x64:PxFoundationDEBUG_x64.dll
 0006:000004c8       __imp_?PxDiagonalize@physx@@YA?AVPxVec3@1@AEBVPxMat33@1@AEAVPxQuat@1@@Z 000000018011c4c8     PxFoundationDEBUG_x64:PxFoundationDEBUG_x64.dll
 0006:000004d0       __imp_?error@Foundation@shdfnd@physx@@QEAAXW4Enum@PxErrorCode@3@PEBDH1ZZ 000000018011c4d0     PxFoundationDEBUG_x64:PxFoundationDEBUG_x64.dll
 0006:000004d8       __imp_?getInstance@Foundation@shdfnd@physx@@SAAEAV123@XZ 000000018011c4d8     PxFoundationDEBUG_x64:PxFoundationDEBUG_x64.dll
 0006:000004e0       __imp_PxGetFoundation      000000018011c4e0     PxFoundationDEBUG_x64:PxFoundationDEBUG_x64.dll
 0006:000004e8       __imp_?deallocate@TempAllocator@shdfnd@physx@@QEAAXPEAX@Z 000000018011c4e8     PxFoundationDEBUG_x64:PxFoundationDEBUG_x64.dll
 0006:000004f0       __imp_?allocate@TempAllocator@shdfnd@physx@@QEAAPEAX_KPEBDH@Z 000000018011c4f0     PxFoundationDEBUG_x64:PxFoundationDEBUG_x64.dll
 0006:000004f8       __imp_?deallocate@NamedAllocator@shdfnd@physx@@QEAAXPEAX@Z 000000018011c4f8     PxFoundationDEBUG_x64:PxFoundationDEBUG_x64.dll
 0006:00000500       __imp_?allocate@NamedAllocator@shdfnd@physx@@QEAAPEAX_KPEBDH@Z 000000018011c500     PxFoundationDEBUG_x64:PxFoundationDEBUG_x64.dll
 0006:00000508       __imp_??1NamedAllocator@shdfnd@physx@@QEAA@XZ 000000018011c508     PxFoundationDEBUG_x64:PxFoundationDEBUG_x64.dll
 0006:00000510       __imp_??0NamedAllocator@shdfnd@physx@@QEAA@AEBV012@@Z 000000018011c510     PxFoundationDEBUG_x64:PxFoundationDEBUG_x64.dll
 0006:00000518       __imp_??0NamedAllocator@shdfnd@physx@@QEAA@PEBD@Z 000000018011c518     PxFoundationDEBUG_x64:PxFoundationDEBUG_x64.dll
 0006:00000520       __imp_?getAllocator@shdfnd@physx@@YAAEAVPxAllocatorCallback@2@XZ 000000018011c520     PxFoundationDEBUG_x64:PxFoundationDEBUG_x64.dll
 0006:00000528       __imp_?PxGetAssertHandler@physx@@YAAEAVPxAssertHandler@1@XZ 000000018011c528     PxFoundationDEBUG_x64:PxFoundationDEBUG_x64.dll
 0006:00000530       \177PxFoundationDEBUG_x64_NULL_THUNK_DATA_DLA 000000018011c530     PxFoundationDEBUG_x64:PxFoundationDEBUG_x64.dll
 0006:000011e8       \177PxFoundationDEBUG_x64_NULL_THUNK_DATA_DLB 000000018011d1e8     PxFoundationDEBUG_x64:PxFoundationDEBUG_x64.dll
 0006:00001278       \177PhysX3CommonDEBUG_x64_NULL_THUNK_DATA_DLB 000000018011d278     PhysX3CommonDEBUG_x64:PhysX3CommonDEBUG_x64.dll
