 PhysX3CookingDEBUG_x86

 Timestamp is 58ac984c (Tue Feb 21 20:43:08 2017)

 Preferred load address is 10000000

 Start         Length     Name                   Class
 0001:00000000 00002ca7H .text$di                CODE
 0001:00002cb0 0003973cH .text$mn                CODE
 0002:00000000 00000104H .CRT$XCA                DATA
 0002:00000104 00000173H .CRT$XCU                DATA
 0002:00000278 00000104H .CRT$XCZ                DATA
 0002:0000037c 00000104H .CRT$XIA                DATA
 0002:00000480 00000104H .CRT$XIAA               DATA
 0002:00000584 00000104H .CRT$XIC                DATA
 0002:00000688 00000104H .CRT$XIZ                DATA
 0002:00000790 00004bfdH .rdata                  DATA
 0002:00005390 000001c9H .rdata$debug            DATA
 0002:0000555c 00000156H .rdata$r                DATA
 0002:000056c0 00000104H .rdata$sxdata           DATA
 0002:000057c4 00000104H .rtc$IAA                DATA
 0002:000058c8 00000148H .rtc$IMZ                DATA
 0002:00005a10 00000104H .rtc$IZZ                DATA
 0002:00005b14 00000104H .rtc$TAA                DATA
 0002:00005c18 00000148H .rtc$TMZ                DATA
 0002:00005d60 00000104H .rtc$TZZ                DATA
 0002:00005e68 00000211H .xdata$x                DATA
 0002:00006080 000001a0H .edata                  DATA
 0003:00000000 00000238H .data                   DATA
 0003:00000238 0000039dH .data$r                 DATA
 0003:000005e0 000005e4H .bss                    DATA
 0004:00000000 0000019cH .idata$5                DATA
 0004:0000019c 00000028H .idata$2                DATA
 0004:000001c4 00000014H .idata$3                DATA
 0004:000001d8 0000019cH .idata$4                DATA
 0004:00000374 00000604H .idata$6                DATA
 0005:00000000 00000020H .didat$2                DATA
 0005:00000020 00000020H .didat$3                DATA
 0005:00000040 00000234H .didat$4                DATA
 0005:00000274 00000234H .didat$5                DATA
 0005:000004a8 000018aaH .didat$6                DATA
 0005:00001d54 000002e4H .didat$7                DATA
 0006:00000000 000001c0H .rsrc$01                DATA
 0006:000001c0 000006a9H .rsrc$02                DATA

  Address         Publics by Value              Rva+Base       Lib:Object

 0000:00000000       ___guard_fids_table        00000000     <absolute>
 0000:00000000       ___guard_fids_count        00000000     <absolute>
 0000:00000000       __except_list              00000000     <absolute>
 0000:00000000       ___guard_flags             00000000     <absolute>
 0000:00000001       ___safe_se_handler_count   00000001     <absolute>
 0000:00009876       __ldused                   00009876     <absolute>
 0000:00009876       __fltused                  00009876     <absolute>
 0000:00000000       ___ImageBase               10000000     <linker-defined>
 0001:00002cb0       _PxSetPhysXCookingDelayLoadHook 10003cb0 f   WindowsCookingDelayLoadHook.obj
 0001:00002cc0       ?delayHook@@YGP6GHXZIPAUDelayLoadInfo@@@Z 10003cc0 f   WindowsCookingDelayLoadHook.obj
 0001:00002d40       ?loadLibrary@shdfnd@physx@@YGPAUHINSTANCE__@@PBD@Z 10003d40 f i WindowsCookingDelayLoadHook.obj
 0001:00002d60       ?physXCommonDliNotePreLoadLibrary@shdfnd@physx@@YGP6GHXZPBDPBVPxDelayLoadHook@2@@Z 10003d60 f i WindowsCookingDelayLoadHook.obj
 0001:000031e0       ?strstr@@YAPADPADPBD@Z     100041e0 f i WindowsCookingDelayLoadHook.obj
 0001:00003200       ?saveHeightField@physx@@YA_NABVHeightField@Gu@1@AAVPxOutputStream@1@_N@Z 10004200 f   HeightFieldCooking.obj
 0001:00003630       ??B?$PxFlags@W4Enum@PxHeightFieldFlag@physx@@G@physx@@QBEGXZ 10004630 f i HeightFieldCooking.obj
 0001:00003650       ?getData@HeightField@Gu@physx@@QBEABUHeightFieldData@23@XZ 10004650 f i HeightFieldCooking.obj
 0001:00003670       ?buildFromTriangles@RTreeCooker@physx@@SAXAAURTree@Gu@2@PBVPxVec3@2@IPBGPBIIAAV?$Array@IVNamedAllocator@shdfnd@physx@@@shdfnd@2@PAURemapCallback@12@MW4Enum@PxMeshCookingHint@2@@Z 10004670 f   RTreeCooking.obj
 0001:00004a10       ??$PX_UNUSED@I@@YAXABI@Z   10005a10 f i RTreeCooking.obj
 0001:00004a20       ??$PX_UNUSED@M@@YAXABM@Z   10005a20 f i RTreeCooking.obj
 0001:00004a30       ??$PX_UNUSED@PAURTreeNodeNQ@physx@@@@YAXABQAURTreeNodeNQ@physx@@@Z 10005a30 f i RTreeCooking.obj
 0001:00004a40       ??$PX_UNUSED@URTreeNodeNQ@physx@@@@YAXABURTreeNodeNQ@physx@@@Z 10005a40 f i RTreeCooking.obj
 0001:00004a50       ??$PxMax@H@physx@@YAHHH@Z  10005a50 f i RTreeCooking.obj
 0001:00004a80       ??$PxMax@I@physx@@YAIII@Z  10005a80 f i RTreeCooking.obj
 0001:00004ab0       ??$PxMax@M@physx@@YAMMM@Z  10005ab0 f i RTreeCooking.obj
 0001:00004ae0       ??$PxMin@I@physx@@YAIII@Z  10005ae0 f i RTreeCooking.obj
 0001:00004b10       ??$PxMin@M@physx@@YAMMM@Z  10005b10 f i RTreeCooking.obj
 0001:00004b40       ??$median3@I$$CBU?$Less@I@shdfnd@physx@@@internal@shdfnd@physx@@YAXPAIHHABU?$Less@I@12@@Z 10005b40 f i RTreeCooking.obj
 0001:00004c70       ??$median3@I$$CBUSortBoundsPredicate@physx@@@internal@shdfnd@physx@@YAXPAIHHABUSortBoundsPredicate@2@@Z 10005c70 f i RTreeCooking.obj
 0001:00004da0       ??$partition@I$$CBU?$Less@I@shdfnd@physx@@@internal@shdfnd@physx@@YAHPAIHHABU?$Less@I@12@@Z 10005da0 f i RTreeCooking.obj
 0001:00004f70       ??$partition@I$$CBUSortBoundsPredicate@physx@@@internal@shdfnd@physx@@YAHPAIHHABUSortBoundsPredicate@2@@Z 10005f70 f i RTreeCooking.obj
 0001:00005140       ??$partition@UBoundsLTE@physx@@@quickSelect@physx@@YAIPIAIIIIABUBoundsLTE@1@@Z 10006140 f i RTreeCooking.obj
 0001:000053d0       ??$quickSelectFirstK@UBoundsLTE@physx@@@quickSelect@physx@@YAXPIAIIIIABUBoundsLTE@1@@Z 100063d0 f i RTreeCooking.obj
 0001:00005500       ??$smallSort@I$$CBU?$Less@I@shdfnd@physx@@@internal@shdfnd@physx@@YAXPAIHHABU?$Less@I@12@@Z 10006500 f i RTreeCooking.obj
 0001:000055c0       ??$smallSort@I$$CBUSortBoundsPredicate@physx@@@internal@shdfnd@physx@@YAXPAIHHABUSortBoundsPredicate@2@@Z 100065c0 f i RTreeCooking.obj
 0001:00005680       ??$sort@I@shdfnd@physx@@YAXPAII@Z 10006680 f i RTreeCooking.obj
 0001:000056d0       ??$sort@IU?$Less@I@shdfnd@physx@@VNamedAllocator@23@@shdfnd@physx@@YAXPAIIABU?$Less@I@01@ABVNamedAllocator@01@I@Z 100066d0 f i RTreeCooking.obj
 0001:000059a0       ??$sort@IUSortBoundsPredicate@physx@@@shdfnd@physx@@YAXPAIIABUSortBoundsPredicate@1@@Z 100069a0 f i RTreeCooking.obj
 0001:000059e0       ??$sort@IUSortBoundsPredicate@physx@@VNamedAllocator@shdfnd@2@@shdfnd@physx@@YAXPAIIABUSortBoundsPredicate@1@ABVNamedAllocator@01@I@Z 100069e0 f i RTreeCooking.obj
 0001:00005cb0       ??$swap@I@shdfnd@physx@@YAXAAI0@Z 10006cb0 f i RTreeCooking.obj
 0001:00005ce0       ??0?$AlignedAllocator@$0IA@VAllocator@shdfnd@physx@@@shdfnd@physx@@QAE@ABVAllocator@12@@Z 10006ce0 f i RTreeCooking.obj
 0001:00005d00       ??0?$Array@IVNamedAllocator@shdfnd@physx@@@shdfnd@physx@@QAE@IABIABVNamedAllocator@12@@Z 10006d00 f i RTreeCooking.obj
 0001:00005d60       ??0?$Array@UInterval@physx@@V?$InlineAllocator@$0CA@VNamedAllocator@shdfnd@physx@@@shdfnd@2@@shdfnd@physx@@QAE@ABV?$InlineAllocator@$0CA@VNamedAllocator@shdfnd@physx@@@12@@Z 10006d60 f i RTreeCooking.obj
 0001:00005db0       ??0?$Array@UPxBounds3V@physx@@VNamedAllocator@shdfnd@2@@shdfnd@physx@@QAE@ABVNamedAllocator@12@@Z 10006db0 f i RTreeCooking.obj
 0001:00005e00       ??0?$Array@URTreeNodeNQ@physx@@VNamedAllocator@shdfnd@2@@shdfnd@physx@@QAE@ABVNamedAllocator@12@@Z 10006e00 f i RTreeCooking.obj
 0001:00005e50       ??0?$Array@URTreeNodeQ@Gu@physx@@VNamedAllocator@shdfnd@3@@shdfnd@physx@@QAE@ABVNamedAllocator@12@@Z 10006e50 f i RTreeCooking.obj
 0001:00005ea0       ??0?$Array@VPxVec3@physx@@VNamedAllocator@shdfnd@2@@shdfnd@physx@@QAE@ABVNamedAllocator@12@@Z 10006ea0 f i RTreeCooking.obj
 0001:00005ef0       ??0?$InlineAllocator@$0CA@VNamedAllocator@shdfnd@physx@@@shdfnd@physx@@QAE@ABV012@@Z 10006ef0 f i RTreeCooking.obj
 0001:00005f20       ??0?$InlineAllocator@$0CA@VNamedAllocator@shdfnd@physx@@@shdfnd@physx@@QAE@ABVNamedAllocator@12@@Z 10006f20 f i RTreeCooking.obj
 0001:00005f50       ??0?$InlineArray@UInterval@physx@@$03VNamedAllocator@shdfnd@2@@shdfnd@physx@@QAE@ABVNamedAllocator@12@@Z 10006f50 f i RTreeCooking.obj
 0001:00005fb0       ??0?$ScopedPointer@HVTempAllocator@shdfnd@physx@@@shdfnd@physx@@QAE@XZ 10006fb0 f i RTreeCooking.obj
 0001:00005fd0       ??0?$Stack@VNamedAllocator@shdfnd@physx@@@internal@shdfnd@physx@@QAE@PAHIABVNamedAllocator@23@@Z 10006fd0 f i RTreeCooking.obj
 0001:00006020       ??0BoundsLTE@physx@@QAE@IPBVPxVec3@1@@Z 10007020 f i RTreeCooking.obj
 0001:00006050       ??0Interval@physx@@QAE@II@Z 10007050 f i RTreeCooking.obj
 0001:00006080       ??0PxBounds3@physx@@QAE@ABV01@@Z 10007080 f i RTreeCooking.obj
 0001:000060c0       ??0PxBounds3@physx@@QAE@ABVPxVec3@1@0@Z 100070c0 f i RTreeCooking.obj
 0001:00006100       ??0PxBounds3V@physx@@QAE@AAT__m128@@0@Z 10007100 f i RTreeCooking.obj
 0001:00006140       ??0PxBounds3V@physx@@QAE@UU@01@@Z 10007140 f i RTreeCooking.obj
 0001:00006160       ??0PxVec3@physx@@QAE@ABV01@@Z 10007160 f i RTreeCooking.obj
 0001:000061a0       ??0PxVec3@physx@@QAE@M@Z   100071a0 f i RTreeCooking.obj
 0001:000061f0       ??0PxVec3@physx@@QAE@MMM@Z 100071f0 f i RTreeCooking.obj
 0001:00006240       ??0PxVec4@physx@@QAE@ABVPxVec3@1@M@Z 10007240 f i RTreeCooking.obj
 0001:00006290       ??0PxVec4@physx@@QAE@M@Z   10007290 f i RTreeCooking.obj
 0001:000062f0       ??0PxVec4@physx@@QAE@MMMM@Z 100072f0 f i RTreeCooking.obj
 0001:00006350       ??0RTreeNodeNQ@physx@@QAE@ABU01@@Z 10007350 f i RTreeCooking.obj
 0001:000063a0       ??0RTreeNodeNQ@physx@@QAE@XZ 100073a0 f i RTreeCooking.obj
 0001:000063e0       ??0SortBoundsPredicate@physx@@QAE@IPBUPxBounds3V@1@@Z 100073e0 f i RTreeCooking.obj
 0001:00006410       ??0SubSortQuick@physx@@QAE@PAIPBUPxBounds3V@1@IM@Z 10007410 f i RTreeCooking.obj
 0001:00006570       ??0SubSortSAH@physx@@QAE@PAIPBUPxBounds3V@1@IPBI22222M@Z 10007570 f i RTreeCooking.obj
 0001:00006710       ??1?$Array@IVNamedAllocator@shdfnd@physx@@@shdfnd@physx@@QAE@XZ 10007710 f i RTreeCooking.obj
 0001:00006780       ??1?$Array@UInterval@physx@@V?$InlineAllocator@$0CA@VNamedAllocator@shdfnd@physx@@@shdfnd@2@@shdfnd@physx@@QAE@XZ 10007780 f i RTreeCooking.obj
 0001:000067f0       ??1?$Array@UPxBounds3V@physx@@VNamedAllocator@shdfnd@2@@shdfnd@physx@@QAE@XZ 100077f0 f i RTreeCooking.obj
 0001:00006860       ??1?$Array@URTreeNodeNQ@physx@@VNamedAllocator@shdfnd@2@@shdfnd@physx@@QAE@XZ 10007860 f i RTreeCooking.obj
 0001:000068d0       ??1?$Array@URTreeNodeQ@Gu@physx@@VNamedAllocator@shdfnd@3@@shdfnd@physx@@QAE@XZ 100078d0 f i RTreeCooking.obj
 0001:00006940       ??1?$Array@VPxVec3@physx@@VNamedAllocator@shdfnd@2@@shdfnd@physx@@QAE@XZ 10007940 f i RTreeCooking.obj
 0001:000069b0       ??1?$InlineAllocator@$0CA@VNamedAllocator@shdfnd@physx@@@shdfnd@physx@@QAE@XZ 100079b0 f i RTreeCooking.obj
 0001:000069d0       ??1?$InlineArray@UInterval@physx@@$03VNamedAllocator@shdfnd@2@@shdfnd@physx@@QAE@XZ 100079d0 f i RTreeCooking.obj
 0001:000069f0       ??1?$ScopedPointer@HVTempAllocator@shdfnd@physx@@@shdfnd@physx@@QAE@XZ 100079f0 f i RTreeCooking.obj
 0001:00006a20       ??1?$Stack@VNamedAllocator@shdfnd@physx@@@internal@shdfnd@physx@@QAE@XZ 10007a20 f i RTreeCooking.obj
 0001:00006a60       ??1SubSortQuick@physx@@QAE@XZ 10007a60 f i RTreeCooking.obj
 0001:00006a80       ??1SubSortSAH@physx@@QAE@XZ 10007a80 f i RTreeCooking.obj
 0001:00006b30       ??2@YAPAXIPAX@Z            10007b30 f i RTreeCooking.obj
 0001:00006b40       ??4PxVec3@physx@@QAEAAV01@ABV01@@Z 10007b40 f i RTreeCooking.obj
 0001:00006b80       ??4PxVec4@physx@@QAEAAV01@ABV01@@Z 10007b80 f i RTreeCooking.obj
 0001:00006bd0       ??A?$Array@IVNamedAllocator@shdfnd@physx@@@shdfnd@physx@@QAEAAII@Z 10007bd0 f i RTreeCooking.obj
 0001:00006c40       ??A?$Array@UInterval@physx@@V?$InlineAllocator@$0CA@VNamedAllocator@shdfnd@physx@@@shdfnd@2@@shdfnd@physx@@QAEAAUInterval@2@I@Z 10007c40 f i RTreeCooking.obj
 0001:00006cc0       ??A?$Array@URTreeNodeNQ@physx@@VNamedAllocator@shdfnd@2@@shdfnd@physx@@QAEAAURTreeNodeNQ@2@I@Z 10007cc0 f i RTreeCooking.obj
 0001:00006d30       ??A?$Array@URTreeNodeQ@Gu@physx@@VNamedAllocator@shdfnd@3@@shdfnd@physx@@QAEAAURTreeNodeQ@Gu@2@I@Z 10007d30 f i RTreeCooking.obj
 0001:00006da0       ??APxVec3@physx@@QBEABMI@Z 10007da0 f i RTreeCooking.obj
 0001:00006e10       ??B?$ScopedPointer@HVTempAllocator@shdfnd@physx@@@shdfnd@physx@@QBEPAHXZ 10007e10 f i RTreeCooking.obj
 0001:00006e30       ??GPxVec4@physx@@QBE?AV01@ABV01@@Z 10007e30 f i RTreeCooking.obj
 0001:00006ec0       ??HPxVec3@physx@@QBE?AV01@ABV01@@Z 10007ec0 f i RTreeCooking.obj
 0001:00006f30       ??KPxVec4@physx@@QBE?AV01@M@Z 10007f30 f i RTreeCooking.obj
 0001:00006fd0       ??R?$Less@I@shdfnd@physx@@QBE_NABI0@Z 10007fd0 f i RTreeCooking.obj
 0001:00007010       ??RBoundsLTE@physx@@QBE_NABI0@Z 10008010 f i RTreeCooking.obj
 0001:000070a0       ??RSortBoundsPredicate@physx@@QBE_NABI0@Z 100080a0 f i RTreeCooking.obj
 0001:000071d0       ?FLoad@aos@shdfnd@physx@@YA?AT__m128@@M@Z 100081d0 f i RTreeCooking.obj
 0001:00007210       ?FMax@aos@shdfnd@physx@@YA?AT__m128@@XZ 10008210 f i RTreeCooking.obj
 0001:00007260       ?FNegMax@aos@shdfnd@physx@@YA?AT__m128@@XZ 10008260 f i RTreeCooking.obj
 0001:000072b0       ?FStore@aos@shdfnd@physx@@YAXT__m128@@PIAM@Z 100082b0 f i RTreeCooking.obj
 0001:000072f0       ?PxAbs@physx@@YAHH@Z       100082f0 f i RTreeCooking.obj
 0001:00007300       ?PxIsFinite@physx@@YA_NM@Z 10008300 f i RTreeCooking.obj
 0001:00007320       ?PxMemCopy@physx@@YAPAXPIAXPIBXI@Z 10008320 f i RTreeCooking.obj
 0001:00007340       ?V3Add@aos@shdfnd@physx@@YA?AT__m128@@T4@0@Z 10008340 f i RTreeCooking.obj
 0001:00007390       ?V3Dot@aos@shdfnd@physx@@YA?AT__m128@@T4@0@Z 10008390 f i RTreeCooking.obj
 0001:00007470       ?V3Load@aos@shdfnd@physx@@YA?AT__m128@@M@Z 10008470 f i RTreeCooking.obj
 0001:000074d0       ?V3LoadU@aos@shdfnd@physx@@YA?AT__m128@@ABVPxVec3@3@@Z 100084d0 f i RTreeCooking.obj
 0001:00007540       ?V3Max@aos@shdfnd@physx@@YA?AT__m128@@T4@0@Z 10008540 f i RTreeCooking.obj
 0001:00007590       ?V3Min@aos@shdfnd@physx@@YA?AT__m128@@T4@0@Z 10008590 f i RTreeCooking.obj
 0001:000075e0       ?V3PermZXY@aos@shdfnd@physx@@YA?AT__m128@@T4@@Z 100085e0 f i RTreeCooking.obj
 0001:00007630       ?V3ReadXYZ@aos@shdfnd@physx@@YAABVPxVec3@3@ABT__m128@@@Z 10008630 f i RTreeCooking.obj
 0001:00007640       ?V3Splat@aos@shdfnd@physx@@YA?AT__m128@@T4@@Z 10008640 f i RTreeCooking.obj
 0001:000076c0       ?V3StoreA@aos@shdfnd@physx@@YAXT__m128@@AAVPxVec3@3@@Z 100086c0 f i RTreeCooking.obj
 0001:00007760       ?V3Sub@aos@shdfnd@physx@@YA?AT__m128@@T4@0@Z 10008760 f i RTreeCooking.obj
 0001:000077b0       ?V3Zero@aos@shdfnd@physx@@YA?AT__m128@@XZ 100087b0 f i RTreeCooking.obj
 0001:000077f0       ?V4ClearW@aos@shdfnd@physx@@YA?AT__m128@@T4@@Z 100087f0 f i RTreeCooking.obj
 0001:00007840       ?V4Load@aos@shdfnd@physx@@YA?AT__m128@@M@Z 10008840 f i RTreeCooking.obj
 0001:00007880       ?Vec3V_From_FloatV@aos@shdfnd@physx@@YA?AT__m128@@T4@@Z 10008880 f i RTreeCooking.obj
 0001:000078e0       ?Vec3V_From_Vec4V@aos@shdfnd@physx@@YA?AT__m128@@T4@@Z 100088e0 f i RTreeCooking.obj
 0001:00007930       ?Vec4V_From_FloatV@aos@shdfnd@physx@@YA?AT__m128@@T4@@Z 10008930 f i RTreeCooking.obj
 0001:00007970       ?allocate@?$AlignedAllocator@$0IA@VAllocator@shdfnd@physx@@@shdfnd@physx@@QAEPAXIPBDH@Z 10008970 f i RTreeCooking.obj
 0001:000079f0       ?allocate@?$Array@IVNamedAllocator@shdfnd@physx@@@shdfnd@physx@@IAEPAII@Z 100089f0 f i RTreeCooking.obj
 0001:00007a70       ?allocate@?$Array@UInterval@physx@@V?$InlineAllocator@$0CA@VNamedAllocator@shdfnd@physx@@@shdfnd@2@@shdfnd@physx@@IAEPAUInterval@3@I@Z 10008a70 f i RTreeCooking.obj
 0001:00007af0       ?allocate@?$Array@UPxBounds3V@physx@@VNamedAllocator@shdfnd@2@@shdfnd@physx@@IAEPAUPxBounds3V@3@I@Z 10008af0 f i RTreeCooking.obj
 0001:00007b70       ?allocate@?$Array@URTreeNodeNQ@physx@@VNamedAllocator@shdfnd@2@@shdfnd@physx@@IAEPAURTreeNodeNQ@3@I@Z 10008b70 f i RTreeCooking.obj
 0001:00007bf0       ?allocate@?$Array@URTreeNodeQ@Gu@physx@@VNamedAllocator@shdfnd@3@@shdfnd@physx@@IAEPAURTreeNodeQ@Gu@3@I@Z 10008bf0 f i RTreeCooking.obj
 0001:00007c70       ?allocate@?$Array@VPxVec3@physx@@VNamedAllocator@shdfnd@2@@shdfnd@physx@@IAEPAVPxVec3@3@I@Z 10008c70 f i RTreeCooking.obj
 0001:00007cf0       ?allocate@?$InlineAllocator@$0CA@VNamedAllocator@shdfnd@physx@@@shdfnd@physx@@QAEPAXIPBDH@Z 10008cf0 f i RTreeCooking.obj
 0001:00007d40       ?begin@?$Array@IVNamedAllocator@shdfnd@physx@@@shdfnd@physx@@QAEPAIXZ 10008d40 f i RTreeCooking.obj
 0001:00007d60       ?begin@?$Array@UPxBounds3V@physx@@VNamedAllocator@shdfnd@2@@shdfnd@physx@@QAEPAUPxBounds3V@3@XZ 10008d60 f i RTreeCooking.obj
 0001:00007d80       ?begin@?$Array@VPxVec3@physx@@VNamedAllocator@shdfnd@2@@shdfnd@physx@@QAEPAVPxVec3@3@XZ 10008d80 f i RTreeCooking.obj
 0001:00007da0       ?capacity@?$Array@IVNamedAllocator@shdfnd@physx@@@shdfnd@physx@@QBEIXZ 10008da0 f i RTreeCooking.obj
 0001:00007dc0       ?capacity@?$Array@UInterval@physx@@V?$InlineAllocator@$0CA@VNamedAllocator@shdfnd@physx@@@shdfnd@2@@shdfnd@physx@@QBEIXZ 10008dc0 f i RTreeCooking.obj
 0001:00007de0       ?capacity@?$Array@UPxBounds3V@physx@@VNamedAllocator@shdfnd@2@@shdfnd@physx@@QBEIXZ 10008de0 f i RTreeCooking.obj
 0001:00007e00       ?capacity@?$Array@URTreeNodeNQ@physx@@VNamedAllocator@shdfnd@2@@shdfnd@physx@@QBEIXZ 10008e00 f i RTreeCooking.obj
 0001:00007e20       ?capacity@?$Array@URTreeNodeQ@Gu@physx@@VNamedAllocator@shdfnd@3@@shdfnd@physx@@QBEIXZ 10008e20 f i RTreeCooking.obj
 0001:00007e40       ?capacity@?$Array@VPxVec3@physx@@VNamedAllocator@shdfnd@2@@shdfnd@physx@@QBEIXZ 10008e40 f i RTreeCooking.obj
 0001:00007e60       ?capacityIncrement@?$Array@IVNamedAllocator@shdfnd@physx@@@shdfnd@physx@@IBEIXZ 10008e60 f i RTreeCooking.obj
 0001:00007ea0       ?capacityIncrement@?$Array@UInterval@physx@@V?$InlineAllocator@$0CA@VNamedAllocator@shdfnd@physx@@@shdfnd@2@@shdfnd@physx@@IBEIXZ 10008ea0 f i RTreeCooking.obj
 0001:00007ee0       ?capacityIncrement@?$Array@UPxBounds3V@physx@@VNamedAllocator@shdfnd@2@@shdfnd@physx@@IBEIXZ 10008ee0 f i RTreeCooking.obj
 0001:00007f20       ?capacityIncrement@?$Array@URTreeNodeNQ@physx@@VNamedAllocator@shdfnd@2@@shdfnd@physx@@IBEIXZ 10008f20 f i RTreeCooking.obj
 0001:00007f60       ?capacityIncrement@?$Array@URTreeNodeQ@Gu@physx@@VNamedAllocator@shdfnd@3@@shdfnd@physx@@IBEIXZ 10008f60 f i RTreeCooking.obj
 0001:00007fa0       ?capacityIncrement@?$Array@VPxVec3@physx@@VNamedAllocator@shdfnd@2@@shdfnd@physx@@IBEIXZ 10008fa0 f i RTreeCooking.obj
 0001:00007fe0       ?computeSA@SubSortSAH@physx@@QAEMPBIABUInterval@2@@Z 10008fe0 f i RTreeCooking.obj
 0001:00008160       ?copy@?$Array@IVNamedAllocator@shdfnd@physx@@@shdfnd@physx@@KAXPAI0PBI@Z 10009160 f i RTreeCooking.obj
 0001:000081d0       ?copy@?$Array@UInterval@physx@@V?$InlineAllocator@$0CA@VNamedAllocator@shdfnd@physx@@@shdfnd@2@@shdfnd@physx@@KAXPAUInterval@3@0PBU43@@Z 100091d0 f i RTreeCooking.obj
 0001:00008250       ?copy@?$Array@UPxBounds3V@physx@@VNamedAllocator@shdfnd@2@@shdfnd@physx@@KAXPAUPxBounds3V@3@0PBU43@@Z 10009250 f i RTreeCooking.obj
 0001:000082d0       ?copy@?$Array@URTreeNodeNQ@physx@@VNamedAllocator@shdfnd@2@@shdfnd@physx@@KAXPAURTreeNodeNQ@3@0PBU43@@Z 100092d0 f i RTreeCooking.obj
 0001:00008340       ?copy@?$Array@URTreeNodeQ@Gu@physx@@VNamedAllocator@shdfnd@3@@shdfnd@physx@@KAXPAURTreeNodeQ@Gu@3@0PBU453@@Z 10009340 f i RTreeCooking.obj
 0001:000083c0       ?copy@?$Array@VPxVec3@physx@@VNamedAllocator@shdfnd@2@@shdfnd@physx@@KAXPAVPxVec3@3@0PBV43@@Z 100093c0 f i RTreeCooking.obj
 0001:00008430       ?create@?$Array@IVNamedAllocator@shdfnd@physx@@@shdfnd@physx@@KAXPAI0ABI@Z 10009430 f i RTreeCooking.obj
 0001:000084a0       ?deallocate@?$Array@IVNamedAllocator@shdfnd@physx@@@shdfnd@physx@@IAEXPAX@Z 100094a0 f i RTreeCooking.obj
 0001:000084c0       ?deallocate@?$Array@UInterval@physx@@V?$InlineAllocator@$0CA@VNamedAllocator@shdfnd@physx@@@shdfnd@2@@shdfnd@physx@@IAEXPAX@Z 100094c0 f i RTreeCooking.obj
 0001:000084e0       ?deallocate@?$Array@UPxBounds3V@physx@@VNamedAllocator@shdfnd@2@@shdfnd@physx@@IAEXPAX@Z 100094e0 f i RTreeCooking.obj
 0001:00008500       ?deallocate@?$Array@URTreeNodeNQ@physx@@VNamedAllocator@shdfnd@2@@shdfnd@physx@@IAEXPAX@Z 10009500 f i RTreeCooking.obj
 0001:00008520       ?deallocate@?$Array@URTreeNodeQ@Gu@physx@@VNamedAllocator@shdfnd@3@@shdfnd@physx@@IAEXPAX@Z 10009520 f i RTreeCooking.obj
 0001:00008540       ?deallocate@?$Array@VPxVec3@physx@@VNamedAllocator@shdfnd@2@@shdfnd@physx@@IAEXPAX@Z 10009540 f i RTreeCooking.obj
 0001:00008560       ?deallocate@?$InlineAllocator@$0CA@VNamedAllocator@shdfnd@physx@@@shdfnd@physx@@QAEXPAX@Z 10009560 f i RTreeCooking.obj
 0001:000085a0       ?destroy@?$Array@IVNamedAllocator@shdfnd@physx@@@shdfnd@physx@@KAXPAI0@Z 100095a0 f i RTreeCooking.obj
 0001:000085c0       ?destroy@?$Array@UInterval@physx@@V?$InlineAllocator@$0CA@VNamedAllocator@shdfnd@physx@@@shdfnd@2@@shdfnd@physx@@KAXPAUInterval@3@0@Z 100095c0 f i RTreeCooking.obj
 0001:000085e0       ?destroy@?$Array@UPxBounds3V@physx@@VNamedAllocator@shdfnd@2@@shdfnd@physx@@KAXPAUPxBounds3V@3@0@Z 100095e0 f i RTreeCooking.obj
 0001:00008600       ?destroy@?$Array@URTreeNodeNQ@physx@@VNamedAllocator@shdfnd@2@@shdfnd@physx@@KAXPAURTreeNodeNQ@3@0@Z 10009600 f i RTreeCooking.obj
 0001:00008620       ?destroy@?$Array@URTreeNodeQ@Gu@physx@@VNamedAllocator@shdfnd@3@@shdfnd@physx@@KAXPAURTreeNodeQ@Gu@3@0@Z 10009620 f i RTreeCooking.obj
 0001:00008640       ?destroy@?$Array@VPxVec3@physx@@VNamedAllocator@shdfnd@2@@shdfnd@physx@@KAXPAVPxVec3@3@0@Z 10009640 f i RTreeCooking.obj
 0001:00008660       ?empty@?$Stack@VNamedAllocator@shdfnd@physx@@@internal@shdfnd@physx@@QAE_NXZ 10009660 f i RTreeCooking.obj
 0001:000086a0       ?empty@PxBounds3@physx@@SA?AV12@XZ 100096a0 f i RTreeCooking.obj
 0001:00008700       ?getExtents@PxBounds3V@physx@@QBE?AT__m128@@XZ 10009700 f i RTreeCooking.obj
 0001:00008760       ?getMaxVec3@PxBounds3V@physx@@QBEABVPxVec3@2@XZ 10009760 f i RTreeCooking.obj
 0001:00008780       ?getMinVec3@PxBounds3V@physx@@QBEABVPxVec3@2@XZ 10009780 f i RTreeCooking.obj
 0001:000087a0       ?grow@?$Array@IVNamedAllocator@shdfnd@physx@@@shdfnd@physx@@IAEXI@Z 100097a0 f i RTreeCooking.obj
 0001:00008820       ?grow@?$Array@UPxBounds3V@physx@@VNamedAllocator@shdfnd@2@@shdfnd@physx@@IAEXI@Z 10009820 f i RTreeCooking.obj
 0001:000088a0       ?grow@?$Array@URTreeNodeNQ@physx@@VNamedAllocator@shdfnd@2@@shdfnd@physx@@IAEXI@Z 100098a0 f i RTreeCooking.obj
 0001:00008920       ?grow@?$Array@URTreeNodeQ@Gu@physx@@VNamedAllocator@shdfnd@3@@shdfnd@physx@@IAEXI@Z 10009920 f i RTreeCooking.obj
 0001:000089a0       ?grow@?$Array@VPxVec3@physx@@VNamedAllocator@shdfnd@2@@shdfnd@physx@@IAEXI@Z 100099a0 f i RTreeCooking.obj
 0001:00008a20       ?grow@?$Stack@VNamedAllocator@shdfnd@physx@@@internal@shdfnd@physx@@QAEXXZ 10009a20 f i RTreeCooking.obj
 0001:00008ad0       ?growAndPushBack@?$Array@IVNamedAllocator@shdfnd@physx@@@shdfnd@physx@@IAEAAIABI@Z 10009ad0 f i RTreeCooking.obj
 0001:00008c60       ?growAndPushBack@?$Array@UInterval@physx@@V?$InlineAllocator@$0CA@VNamedAllocator@shdfnd@physx@@@shdfnd@2@@shdfnd@physx@@IAEAAUInterval@3@ABU43@@Z 10009c60 f i RTreeCooking.obj
 0001:00008e00       ?growAndPushBack@?$Array@UPxBounds3V@physx@@VNamedAllocator@shdfnd@2@@shdfnd@physx@@IAEAAUPxBounds3V@3@ABU43@@Z 10009e00 f i RTreeCooking.obj
 0001:00008f90       ?growAndPushBack@?$Array@URTreeNodeNQ@physx@@VNamedAllocator@shdfnd@2@@shdfnd@physx@@IAEAAURTreeNodeNQ@3@ABU43@@Z 10009f90 f i RTreeCooking.obj
 0001:00009120       ?growAndPushBack@?$Array@URTreeNodeQ@Gu@physx@@VNamedAllocator@shdfnd@3@@shdfnd@physx@@IAEAAURTreeNodeQ@Gu@3@ABU453@@Z 1000a120 f i RTreeCooking.obj
 0001:000092b0       ?growAndPushBack@?$Array@VPxVec3@physx@@VNamedAllocator@shdfnd@2@@shdfnd@physx@@IAEAAVPxVec3@3@ABV43@@Z 1000a2b0 f i RTreeCooking.obj
 0001:00009430       ?include@PxBounds3V@physx@@QAEXABU12@@Z 1000a430 f i RTreeCooking.obj
 0001:000094b0       ?isFinite@PxBounds3@physx@@QBE_NXZ 1000a4b0 f i RTreeCooking.obj
 0001:00009510       ?isFinite@PxVec3@physx@@QBE_NXZ 1000a510 f i RTreeCooking.obj
 0001:000095b0       ?isFinite@intrinsics@physx@@YA_NM@Z 1000a5b0 f i RTreeCooking.obj
 0001:00009600       ?isInUserMemory@?$Array@IVNamedAllocator@shdfnd@physx@@@shdfnd@physx@@QBEIXZ 1000a600 f i RTreeCooking.obj
 0001:00009620       ?isInUserMemory@?$Array@UInterval@physx@@V?$InlineAllocator@$0CA@VNamedAllocator@shdfnd@physx@@@shdfnd@2@@shdfnd@physx@@QBEIXZ 1000a620 f i RTreeCooking.obj
 0001:00009640       ?isInUserMemory@?$Array@UPxBounds3V@physx@@VNamedAllocator@shdfnd@2@@shdfnd@physx@@QBEIXZ 1000a640 f i RTreeCooking.obj
 0001:00009660       ?isInUserMemory@?$Array@URTreeNodeNQ@physx@@VNamedAllocator@shdfnd@2@@shdfnd@physx@@QBEIXZ 1000a660 f i RTreeCooking.obj
 0001:00009680       ?isInUserMemory@?$Array@URTreeNodeQ@Gu@physx@@VNamedAllocator@shdfnd@3@@shdfnd@physx@@QBEIXZ 1000a680 f i RTreeCooking.obj
 0001:000096a0       ?isInUserMemory@?$Array@VPxVec3@physx@@VNamedAllocator@shdfnd@2@@shdfnd@physx@@QBEIXZ 1000a6a0 f i RTreeCooking.obj
 0001:000096c0       ?isInside@PxBounds3@physx@@QBE_NABV12@@Z 1000a6c0 f i RTreeCooking.obj
 0001:000097e0       ?isLeaf@RTreeNodeQ@Gu@physx@@QBEIXZ 1000a7e0 f i RTreeCooking.obj
 0001:00009800       ?isValid@PxBounds3@physx@@QBE_NXZ 1000a800 f i RTreeCooking.obj
 0001:00009920       ?memCopy@intrinsics@physx@@YAPAXPIAXPIBXI@Z 1000a920 f i RTreeCooking.obj
 0001:00009940       ?pop@?$Stack@VNamedAllocator@shdfnd@physx@@@internal@shdfnd@physx@@QAEXAAH0@Z 1000a940 f i RTreeCooking.obj
 0001:00009a10       ?popBack@?$Array@IVNamedAllocator@shdfnd@physx@@@shdfnd@physx@@QAEIXZ 1000aa10 f i RTreeCooking.obj
 0001:00009ab0       ?push@?$Stack@VNamedAllocator@shdfnd@physx@@@internal@shdfnd@physx@@QAEXHH@Z 1000aab0 f i RTreeCooking.obj
 0001:00009b40       ?pushBack@?$Array@IVNamedAllocator@shdfnd@physx@@@shdfnd@physx@@QAEAAIABI@Z 1000ab40 f i RTreeCooking.obj
 0001:00009bf0       ?pushBack@?$Array@UInterval@physx@@V?$InlineAllocator@$0CA@VNamedAllocator@shdfnd@physx@@@shdfnd@2@@shdfnd@physx@@QAEAAUInterval@3@ABU43@@Z 1000abf0 f i RTreeCooking.obj
 0001:00009cb0       ?pushBack@?$Array@UPxBounds3V@physx@@VNamedAllocator@shdfnd@2@@shdfnd@physx@@QAEAAUPxBounds3V@3@ABU43@@Z 1000acb0 f i RTreeCooking.obj
 0001:00009d70       ?pushBack@?$Array@URTreeNodeNQ@physx@@VNamedAllocator@shdfnd@2@@shdfnd@physx@@QAEAAURTreeNodeNQ@3@ABU43@@Z 1000ad70 f i RTreeCooking.obj
 0001:00009e20       ?pushBack@?$Array@URTreeNodeQ@Gu@physx@@VNamedAllocator@shdfnd@3@@shdfnd@physx@@QAEAAURTreeNodeQ@Gu@3@ABU453@@Z 1000ae20 f i RTreeCooking.obj
 0001:00009ee0       ?pushBack@?$Array@VPxVec3@physx@@VNamedAllocator@shdfnd@2@@shdfnd@physx@@QAEAAVPxVec3@3@ABV43@@Z 1000aee0 f i RTreeCooking.obj
 0001:00009f90       ?recreate@?$Array@IVNamedAllocator@shdfnd@physx@@@shdfnd@physx@@IAEXI@Z 1000af90 f i RTreeCooking.obj
 0001:0000a0a0       ?recreate@?$Array@UPxBounds3V@physx@@VNamedAllocator@shdfnd@2@@shdfnd@physx@@IAEXI@Z 1000b0a0 f i RTreeCooking.obj
 0001:0000a1b0       ?recreate@?$Array@URTreeNodeNQ@physx@@VNamedAllocator@shdfnd@2@@shdfnd@physx@@IAEXI@Z 1000b1b0 f i RTreeCooking.obj
 0001:0000a2c0       ?recreate@?$Array@URTreeNodeQ@Gu@physx@@VNamedAllocator@shdfnd@3@@shdfnd@physx@@IAEXI@Z 1000b2c0 f i RTreeCooking.obj
 0001:0000a3c0       ?recreate@?$Array@VPxVec3@physx@@VNamedAllocator@shdfnd@2@@shdfnd@physx@@IAEXI@Z 1000b3c0 f i RTreeCooking.obj
 0001:0000a4c0       ?replaceWithLast@?$Array@UInterval@physx@@V?$InlineAllocator@$0CA@VNamedAllocator@shdfnd@physx@@@shdfnd@2@@shdfnd@physx@@QAEXI@Z 1000b4c0 f i RTreeCooking.obj
 0001:0000a570       ?reserve@?$Array@IVNamedAllocator@shdfnd@physx@@@shdfnd@physx@@QAEXI@Z 1000b570 f i RTreeCooking.obj
 0001:0000a5a0       ?reserve@?$Array@UPxBounds3V@physx@@VNamedAllocator@shdfnd@2@@shdfnd@physx@@QAEXI@Z 1000b5a0 f i RTreeCooking.obj
 0001:0000a5d0       ?reserve@?$Array@URTreeNodeNQ@physx@@VNamedAllocator@shdfnd@2@@shdfnd@physx@@QAEXI@Z 1000b5d0 f i RTreeCooking.obj
 0001:0000a600       ?reserve@?$Array@URTreeNodeQ@Gu@physx@@VNamedAllocator@shdfnd@3@@shdfnd@physx@@QAEXI@Z 1000b600 f i RTreeCooking.obj
 0001:0000a630       ?reserve@?$Array@VPxVec3@physx@@VNamedAllocator@shdfnd@2@@shdfnd@physx@@QAEXI@Z 1000b630 f i RTreeCooking.obj
 0001:0000a660       ?resize@?$Array@IVNamedAllocator@shdfnd@physx@@@shdfnd@physx@@QAEXIABI@Z 1000b660 f i RTreeCooking.obj
 0001:0000a6f0       ?resizeUninitialized@?$Array@URTreeNodeNQ@physx@@VNamedAllocator@shdfnd@2@@shdfnd@physx@@QAEXI@Z 1000b6f0 f i RTreeCooking.obj
 0001:0000a720       ?selectMax@intrinsics@physx@@YAMMM@Z 1000b720 f i RTreeCooking.obj
 0001:0000a760       ?selectMin@intrinsics@physx@@YAMMM@Z 1000b760 f i RTreeCooking.obj
 0001:0000a7a0       ?setEmpty@PxBounds3@physx@@QAEXXZ 1000b7a0 f i RTreeCooking.obj
 0001:0000a810       ?setLeaf@RTreeNodeQ@Gu@physx@@QAEX_N@Z 1000b810 f i RTreeCooking.obj
 0001:0000a860       ?size@?$Array@IVNamedAllocator@shdfnd@physx@@@shdfnd@physx@@QBEIXZ 1000b860 f i RTreeCooking.obj
 0001:0000a880       ?size@?$Array@UInterval@physx@@V?$InlineAllocator@$0CA@VNamedAllocator@shdfnd@physx@@@shdfnd@2@@shdfnd@physx@@QBEIXZ 1000b880 f i RTreeCooking.obj
 0001:0000a8a0       ?size@?$Array@URTreeNodeNQ@physx@@VNamedAllocator@shdfnd@2@@shdfnd@physx@@QBEIXZ 1000b8a0 f i RTreeCooking.obj
 0001:0000a8c0       ?size@?$Array@URTreeNodeQ@Gu@physx@@VNamedAllocator@shdfnd@3@@shdfnd@physx@@QBEIXZ 1000b8c0 f i RTreeCooking.obj
 0001:0000a8e0       ?size@?$Array@VPxVec3@physx@@VNamedAllocator@shdfnd@2@@shdfnd@physx@@QBEIXZ 1000b8e0 f i RTreeCooking.obj
 0001:0000a900       ?sort4@SubSortQuick@physx@@QAEXPIAIIAAV?$Array@URTreeNodeNQ@physx@@VNamedAllocator@shdfnd@2@@shdfnd@2@AAIAAUPxBounds3V@2@I@Z 1000b900 f i RTreeCooking.obj
 0001:0000b160       ?sort4@SubSortSAH@physx@@QAEXPAIIAAV?$Array@URTreeNodeNQ@physx@@VNamedAllocator@shdfnd@2@@shdfnd@2@AAIIPAURTreeNodeNQ@2@@Z 1000c160 f i RTreeCooking.obj
 0001:0000bf10       ?split@SubSortSAH@physx@@QAEIPAII@Z 1000cf10 f i RTreeCooking.obj
 0001:0000cb90       ?loadFromDesc@TriangleMeshBuilder@physx@@QAE_NABVPxTriangleMeshDesc@2@ABUPxCookingParams@2@_N@Z 1000db90 f   TriangleMeshBuilder.obj
 0001:0000cda0       ?save@TriangleMeshBuilder@physx@@QBE_NAAVPxOutputStream@2@_NABUPxCookingParams@2@@Z 1000dda0 f   TriangleMeshBuilder.obj
 0001:0000d330       ?computeLocalBounds@TriangleMeshBuilder@physx@@IAEXXZ 1000e330 f   TriangleMeshBuilder.obj
 0001:0000d440       ?importMesh@TriangleMeshBuilder@physx@@IAE_NABVPxTriangleMeshDesc@2@ABUPxCookingParams@2@_N@Z 1000e440 f   TriangleMeshBuilder.obj
 0001:0000db60       ??$?_UI@@YAPAXIV?$ReflectionAllocator@I@shdfnd@physx@@PBDH@Z 1000eb60 f i TriangleMeshBuilder.obj
 0001:0000db80       ??0?$PxFlags@W4Enum@PxMeshFlag@physx@@G@physx@@QAE@ABV01@@Z 1000eb80 f i TriangleMeshBuilder.obj
 0001:0000dbb0       ??0?$PxFlags@W4Enum@PxMeshFlag@physx@@G@physx@@QAE@W4Enum@PxMeshFlag@1@@Z 1000ebb0 f i TriangleMeshBuilder.obj
 0001:0000dbd0       ??0?$PxFlags@W4Enum@PxMeshFlag@physx@@G@physx@@QAE@XZ 1000ebd0 f i TriangleMeshBuilder.obj
 0001:0000dbf0       ??0?$PxFlags@W4Enum@PxMeshPreprocessingFlag@physx@@I@physx@@QAE@ABV01@@Z 1000ebf0 f i TriangleMeshBuilder.obj
 0001:0000dc10       ??0?$ReflectionAllocator@I@shdfnd@physx@@QAE@PBD@Z 1000ec10 f i TriangleMeshBuilder.obj
 0001:0000dc30       ??0PxSimpleTriangleMesh@physx@@QAE@ABV01@@Z 1000ec30 f i TriangleMeshBuilder.obj
 0001:0000dca0       ??0PxTriangleMeshDesc@physx@@QAE@ABV01@@Z 1000eca0 f i TriangleMeshBuilder.obj
 0001:0000dcf0       ??APxVec3@physx@@QAEAAMI@Z 1000ecf0 f i TriangleMeshBuilder.obj
 0001:0000dd60       ??B?$PxFlags@W4Enum@PxMeshFlag@physx@@G@physx@@QBE_NXZ 1000ed60 f i TriangleMeshBuilder.obj
 0001:0000dd90       ??B?$PxFlags@W4Enum@PxMeshPreprocessingFlag@physx@@I@physx@@QBE_NXZ 1000ed90 f i TriangleMeshBuilder.obj
 0001:0000ddc0       ??I?$PxFlags@W4Enum@PxMeshFlag@physx@@G@physx@@QBE?AV01@W4Enum@PxMeshFlag@1@@Z 1000edc0 f i TriangleMeshBuilder.obj
 0001:0000de10       ??I?$PxFlags@W4Enum@PxMeshPreprocessingFlag@physx@@I@physx@@QBE?AV01@W4Enum@PxMeshPreprocessingFlag@1@@Z 1000ee10 f i TriangleMeshBuilder.obj
 0001:0000de50       ??S?$PxFlags@W4Enum@PxMeshFlag@physx@@G@physx@@QBE?AV01@XZ 1000ee50 f i TriangleMeshBuilder.obj
 0001:0000de90       ??Sphysx@@YA?AV?$PxFlags@W4Enum@PxMeshFlag@physx@@G@0@W4Enum@PxMeshFlag@0@@Z 1000ee90 f i TriangleMeshBuilder.obj
 0001:0000dec0       ??_4?$PxFlags@W4Enum@PxMeshFlag@physx@@G@physx@@QAEAAV01@ABV01@@Z 1000eec0 f i TriangleMeshBuilder.obj
 0001:0000def0       ??_H@YGXPAXIHP6EPAX0@Z@Z   1000eef0 f i TriangleMeshBuilder.obj
 0001:0000df20       ?PxAbs@physx@@YAMM@Z       1000ef20 f i TriangleMeshBuilder.obj
 0001:0000df40       ?abs@intrinsics@physx@@YAMM@Z 1000ef40 f i TriangleMeshBuilder.obj
 0001:0000df60       ?allocate@?$ReflectionAllocator@I@shdfnd@physx@@QAEPAXIPBDH@Z 1000ef60 f i TriangleMeshBuilder.obj
 0001:0000dfc0       ?gatherStrided@shdfnd@physx@@YAXPBXPAXIII@Z 1000efc0 f i TriangleMeshBuilder.obj
 0001:0000e030       ?getFoundation@shdfnd@physx@@YAAAVFoundation@12@XZ 1000f030 f i TriangleMeshBuilder.obj
 0001:0000e040       ?getName@?$ReflectionAllocator@I@shdfnd@physx@@CAPBDXZ 1000f040 f i TriangleMeshBuilder.obj
 0001:0000e090       ?isValid@PxSimpleTriangleMesh@physx@@QBE_NXZ 1000f090 f i TriangleMeshBuilder.obj
 0001:0000e160       ?isValid@PxTriangleMeshDesc@physx@@QBE_NXZ 1000f160 f i TriangleMeshBuilder.obj
 0001:0000e1d0       ?to16@shdfnd@physx@@YAGI@Z 1000f1d0 f i TriangleMeshBuilder.obj
 0001:0000e230       ?writeIntBuffer@physx@@YAXPBII_NAAVPxOutputStream@1@@Z 1000f230 f i TriangleMeshBuilder.obj
 0001:0000e260       _fabsf                     1000f260 f i TriangleMeshBuilder.obj
 0001:0000e290       _powf                      1000f290 f i TriangleMeshBuilder.obj
 0001:0000e2d0       ??0BigConvexDataBuilder@physx@@QAE@PBUConvexHullData@Gu@1@PAVBigConvexData@1@PBVPxVec3@1@@Z 1000f2d0 f   BigConvexDataBuilder.obj
 0001:0000e300       ??1BigConvexDataBuilder@physx@@QAE@XZ 1000f300 f   BigConvexDataBuilder.obj
 0001:0000e310       ?Precompute@BigConvexDataBuilder@physx@@QAE_NI@Z 1000f310 f   BigConvexDataBuilder.obj
 0001:0000e6d0       ?Initialize@BigConvexDataBuilder@physx@@QAE_NXZ 1000f6d0 f   BigConvexDataBuilder.obj
 0001:0000e720       ?PrecomputeSample@BigConvexDataBuilder@physx@@QAE_NIABVPxVec3@2@@Z 1000f720 f   BigConvexDataBuilder.obj
 0001:0000e820       ?Save@BigConvexDataBuilder@physx@@QBE_NAAVPxOutputStream@2@_NIPBUHullTriangleData@2@@Z 1000f820 f   BigConvexDataBuilder.obj
 0001:0000e910       ?ComputeValencies@BigConvexDataBuilder@physx@@QBE_NIPBUHullTriangleData@2@@Z 1000f910 f   BigConvexDataBuilder.obj
 0001:0000e960       ?Compute@BigConvexDataBuilder@physx@@QBE_NABUVALENCIESCREATE@2@@Z 1000f960 f   BigConvexDataBuilder.obj
 0001:0000edc0       ?Save@BigConvexDataBuilder@physx@@QBE_NAAVPxOutputStream@2@_N@Z 1000fdc0 f   BigConvexDataBuilder.obj
 0001:0000f280       ??$?_UE@@YAPAXIV?$ReflectionAllocator@E@shdfnd@physx@@PBDH@Z 10010280 f i BigConvexDataBuilder.obj
 0001:0000f2a0       ??$?_UG@@YAPAXIV?$ReflectionAllocator@G@shdfnd@physx@@PBDH@Z 100102a0 f i BigConvexDataBuilder.obj
 0001:0000f2c0       ??$?_UUValency@Gu@physx@@@@YAPAXIV?$ReflectionAllocator@UValency@Gu@physx@@@shdfnd@physx@@PBDH@Z 100102c0 f i BigConvexDataBuilder.obj
 0001:0000f2e0       ??0?$ReflectionAllocator@E@shdfnd@physx@@QAE@PBD@Z 100102e0 f i BigConvexDataBuilder.obj
 0001:0000f300       ??0?$ReflectionAllocator@G@shdfnd@physx@@QAE@PBD@Z 10010300 f i BigConvexDataBuilder.obj
 0001:0000f320       ??0?$ReflectionAllocator@UValency@Gu@physx@@@shdfnd@physx@@QAE@PBD@Z 10010320 f i BigConvexDataBuilder.obj
 0001:0000f340       ??0EDGELISTCREATE@Gu@physx@@QAE@XZ 10010340 f i BigConvexDataBuilder.obj
 0001:0000f3b0       ??0PxVec3@physx@@QAE@XZ    100103b0 f i BigConvexDataBuilder.obj
 0001:0000f3d0       ??0VALENCIESCREATE@physx@@QAE@XZ 100103d0 f i BigConvexDataBuilder.obj
 0001:0000f400       ??_0PxVec3@physx@@QAEAAV01@M@Z 10010400 f i BigConvexDataBuilder.obj
 0001:0000f480       ?GetEdge@EdgeList@Gu@physx@@QBEABUEdgeData@23@I@Z 10010480 f i BigConvexDataBuilder.obj
 0001:0000f4a0       ?GetNbEdges@EdgeList@Gu@physx@@QBEIXZ 100104a0 f i BigConvexDataBuilder.obj
 0001:0000f4c0       ?PxMemZero@physx@@YAPAXPIAXI@Z 100104c0 f i BigConvexDataBuilder.obj
 0001:0000f4e0       ?PxSqrt@physx@@YAMM@Z      100104e0 f i BigConvexDataBuilder.obj
 0001:0000f500       ?allocate@?$ReflectionAllocator@E@shdfnd@physx@@QAEPAXIPBDH@Z 10010500 f i BigConvexDataBuilder.obj
 0001:0000f560       ?allocate@?$ReflectionAllocator@G@shdfnd@physx@@QAEPAXIPBDH@Z 10010560 f i BigConvexDataBuilder.obj
 0001:0000f5c0       ?allocate@?$ReflectionAllocator@UValency@Gu@physx@@@shdfnd@physx@@QAEPAXIPBDH@Z 100105c0 f i BigConvexDataBuilder.obj
 0001:0000f620       ?dot@PxVec3@physx@@QBEMABV12@@Z 10010620 f i BigConvexDataBuilder.obj
 0001:0000f680       ?getName@?$ReflectionAllocator@E@shdfnd@physx@@CAPBDXZ 10010680 f i BigConvexDataBuilder.obj
 0001:0000f6d0       ?getName@?$ReflectionAllocator@G@shdfnd@physx@@CAPBDXZ 100106d0 f i BigConvexDataBuilder.obj
 0001:0000f720       ?getName@?$ReflectionAllocator@UValency@Gu@physx@@@shdfnd@physx@@CAPBDXZ 10010720 f i BigConvexDataBuilder.obj
 0001:0000f770       ?magnitude@PxVec3@physx@@QBEMXZ 10010770 f i BigConvexDataBuilder.obj
 0001:0000f7a0       ?magnitudeSquared@PxVec3@physx@@QBEMXZ 100107a0 f i BigConvexDataBuilder.obj
 0001:0000f800       ?memZero@intrinsics@physx@@YAPAXPIAXI@Z 10010800 f i BigConvexDataBuilder.obj
 0001:0000f820       ?normalize@PxVec3@physx@@QAEMXZ 10010820 f i BigConvexDataBuilder.obj
 0001:0000f870       ?sqrt@intrinsics@physx@@YAMM@Z 10010870 f i BigConvexDataBuilder.obj
 0001:0000f890       _sqrtf                     10010890 f i BigConvexDataBuilder.obj
 0001:0000f910       ??0ConvexHullBuilder@physx@@QAE@PAUConvexHullData@Gu@1@@Z 10010910 f   ConvexHullBuilder.obj
 0001:0000f990       ??1ConvexHullBuilder@physx@@QAE@XZ 10010990 f   ConvexHullBuilder.obj
 0001:0000faa0       ?Init@ConvexHullBuilder@physx@@QAE_NIPBVPxVec3@2@IPBIIPBUPxHullPolygon@2@@Z 10010aa0 f   ConvexHullBuilder.obj
 0001:00010330       ?Save@ConvexHullBuilder@physx@@QBE_NAAVPxOutputStream@2@_N@Z 10011330 f   ConvexHullBuilder.obj
 0001:00010550       ?CreateEdgeList@ConvexHullBuilder@physx@@QAE_NXZ 10011550 f   ConvexHullBuilder.obj
 0001:00011050       ?CreatePolygonData@ConvexHullBuilder@physx@@QAE_NXZ 10012050 f   ConvexHullBuilder.obj
 0001:00011ca0       ?CheckHullPolygons@ConvexHullBuilder@physx@@QBE_NXZ 10012ca0 f   ConvexHullBuilder.obj
 0001:00012360       ?CreateTrianglesFromPolygons@ConvexHullBuilder@physx@@QAE_NXZ 10013360 f   ConvexHullBuilder.obj
 0001:000127d0       ?ComputeGeomCenter@ConvexHullBuilder@physx@@QBE_NAAVPxVec3@2@@Z 100137d0 f   ConvexHullBuilder.obj
 0001:00012920       ?CalculateVertexMapTable@ConvexHullBuilder@physx@@QAE_NI_N@Z 10013920 f   ConvexHullBuilder.obj
 0001:00012b40       ?ComputeHullPolygons@ConvexHullBuilder@physx@@QAE_NABIPBVPxVec3@2@0PBI@Z 10013b40 f   ConvexHullBuilder.obj
 0001:000162c0       ??$?_UUEdgeDescData@Gu@physx@@@@YAPAXIV?$ReflectionAllocator@UEdgeDescData@Gu@physx@@@shdfnd@physx@@PBDH@Z 100172c0 f i ConvexHullBuilder.obj
 0001:000162e0       ??$?_UUHullTriangleData@physx@@@@YAPAXIV?$ReflectionAllocator@UHullTriangleData@physx@@@shdfnd@physx@@PBDH@Z 100172e0 f i ConvexHullBuilder.obj
 0001:00016300       ??$PX_UNUSED@H@@YAXABH@Z   10017300 f i ConvexHullBuilder.obj
 0001:00016310       ??$PlaneEquation@U?$TriangleT@I@Gu@physx@@@@YA?AVPxPlane@physx@@ABU?$TriangleT@I@Gu@1@PBVPxVec3@1@@Z 10017310 f i ConvexHullBuilder.obj
 0001:00016390       ??$swap@E@shdfnd@physx@@YAXAAE0@Z 10017390 f i ConvexHullBuilder.obj
 0001:000163c0       ??0?$ReflectionAllocator@UEdgeDescData@Gu@physx@@@shdfnd@physx@@QAE@PBD@Z 100173c0 f i ConvexHullBuilder.obj
 0001:000163e0       ??0?$ReflectionAllocator@UHullTriangleData@physx@@@shdfnd@physx@@QAE@PBD@Z 100173e0 f i ConvexHullBuilder.obj
 0001:00016400       ??0?$TriangleT@I@Gu@physx@@QAE@III@Z 10017400 f i ConvexHullBuilder.obj
 0001:00016460       ??0ADJACENCIESCREATE@physx@@QAE@XZ 10017460 f i ConvexHullBuilder.obj
 0001:000164c0       ??0HullPolygonData@Gu@physx@@QAE@ABU012@@Z 100174c0 f i ConvexHullBuilder.obj
 0001:00016520       ??0PxPlane@physx@@QAE@ABV01@@Z 10017520 f i ConvexHullBuilder.obj
 0001:00016560       ??0PxPlane@physx@@QAE@ABVPxVec3@1@00@Z 10017560 f i ConvexHullBuilder.obj
 0001:00016600       ??0PxPlane@physx@@QAE@MMMM@Z 10017600 f i ConvexHullBuilder.obj
 0001:00016660       ??4PxPlane@physx@@QAEAAV01@ABV01@@Z 10017660 f i ConvexHullBuilder.obj
 0001:000166a0       ??DPxVec3@physx@@QBE?AV01@M@Z 100176a0 f i ConvexHullBuilder.obj
 0001:00016710       ??GPxVec3@physx@@QBE?AV01@ABV01@@Z 10017710 f i ConvexHullBuilder.obj
 0001:00016780       ??GPxVec3@physx@@QBE?AV01@XZ 10017780 f i ConvexHullBuilder.obj
 0001:000167f0       ??YPxVec3@physx@@QAEAAV01@ABV01@@Z 100177f0 f i ConvexHullBuilder.obj
 0001:00016860       ?ComputeNbPolygons@ConvexHullBuilder@physx@@QBEIXZ 10017860 f i ConvexHullBuilder.obj
 0001:000168a0       ?Flip@physx@@YAXAAUHullTriangleData@1@@Z 100178a0 f i ConvexHullBuilder.obj
 0001:00016900       ?GetAdjTri@AdjTriangle@physx@@QBEIW4SharedEdgeIndex@2@@Z 10017900 f i ConvexHullBuilder.obj
 0001:00016930       ?GetFaces@ConvexHullBuilder@physx@@QBEPBUHullTriangleData@2@XZ 10017930 f i ConvexHullBuilder.obj
 0001:00016950       ?GetNbFaces@ConvexHullBuilder@physx@@QBEIXZ 10017950 f i ConvexHullBuilder.obj
 0001:00016970       ?HasActiveEdge01@AdjTriangle@physx@@QBEHXZ 10017970 f i ConvexHullBuilder.obj
 0001:000169a0       ?HasActiveEdge12@AdjTriangle@physx@@QBEHXZ 100179a0 f i ConvexHullBuilder.obj
 0001:000169d0       ?HasActiveEdge20@AdjTriangle@physx@@QBEHXZ 100179d0 f i ConvexHullBuilder.obj
 0001:00016a00       ?HasActiveEdge@AdjTriangle@physx@@QBEHI@Z 10017a00 f i ConvexHullBuilder.obj
 0001:00016a30       ?PxRecipSqrt@physx@@YAMM@Z 10017a30 f i ConvexHullBuilder.obj
 0001:00016a50       ?allocate@?$ReflectionAllocator@UEdgeDescData@Gu@physx@@@shdfnd@physx@@QAEPAXIPBDH@Z 10017a50 f i ConvexHullBuilder.obj
 0001:00016ab0       ?allocate@?$ReflectionAllocator@UHullTriangleData@physx@@@shdfnd@physx@@QAEPAXIPBDH@Z 10017ab0 f i ConvexHullBuilder.obj
 0001:00016b10       ?area@?$TriangleT@I@Gu@physx@@QBEMPBVPxVec3@3@@Z 10017b10 f i ConvexHullBuilder.obj
 0001:00016bd0       ?center@?$TriangleT@I@Gu@physx@@QBEXPBVPxVec3@3@AAV43@@Z 10017bd0 f i ConvexHullBuilder.obj
 0001:00016c90       ?cross@PxVec3@physx@@QBE?AV12@ABV12@@Z 10017c90 f i ConvexHullBuilder.obj
 0001:00016d50       ?distance@PxPlane@physx@@QBEMABVPxVec3@2@@Z 10017d50 f i ConvexHullBuilder.obj
 0001:00016d90       ?flip@?$TriangleT@I@Gu@physx@@QAEXXZ 10017d90 f i ConvexHullBuilder.obj
 0001:00016dd0       ?flip@physx@@YAXAAG@Z      10017dd0 f i ConvexHullBuilder.obj
 0001:00016e40       ?flip@physx@@YAXAAM@Z      10017e40 f i ConvexHullBuilder.obj
 0001:00016ef0       ?flipData@Gu@physx@@YAXAAUHullPolygonData@12@@Z 10017ef0 f i ConvexHullBuilder.obj
 0001:00016f50       ?getName@?$ReflectionAllocator@UEdgeDescData@Gu@physx@@@shdfnd@physx@@CAPBDXZ 10017f50 f i ConvexHullBuilder.obj
 0001:00016fa0       ?getName@?$ReflectionAllocator@UHullTriangleData@physx@@@shdfnd@physx@@CAPBDXZ 10017fa0 f i ConvexHullBuilder.obj
 0001:00016ff0       ?getNormalized@PxVec3@physx@@QBE?AV12@XZ 10017ff0 f i ConvexHullBuilder.obj
 0001:000170b0       ?recipSqrt@intrinsics@physx@@YAMM@Z 100180b0 f i ConvexHullBuilder.obj
 0001:00017100       ?to8@shdfnd@physx@@YAEI@Z  10018100 f i ConvexHullBuilder.obj
 0001:00017160       ??0ConvexMeshBuilder@physx@@QAE@XZ 10018160 f   ConvexMeshBuilder.obj
 0001:000171a0       ??1ConvexMeshBuilder@physx@@UAE@XZ 100181a0 f   ConvexMeshBuilder.obj
 0001:000171e0       ?loadFromDesc@ConvexMeshBuilder@physx@@QAE_NABVPxConvexMeshDesc@2@W4Enum@PxPlatform@2@@Z 100181e0 f   ConvexMeshBuilder.obj
 0001:00017290       ?save@ConvexMeshBuilder@physx@@QBE_NAAVPxOutputStream@2@_N@Z 10018290 f   ConvexMeshBuilder.obj
 0001:00017580       ?loadConvexHull@ConvexMeshBuilder@physx@@QAE_NABVPxConvexMeshDesc@2@@Z 10018580 f   ConvexMeshBuilder.obj
 0001:000178a0       ?computeHullPolygons@ConvexMeshBuilder@physx@@QAE_NABIPBVPxVec3@2@0PBIAAVPxAllocatorCallback@2@AAIAAPAV32@4AAPAI4AAPAUPxHullPolygon@2@@Z 100188a0 f   ConvexMeshBuilder.obj
 0001:00017b70       ?computeGaussMaps@ConvexMeshBuilder@physx@@QAE_NXZ 10018b70 f   ConvexMeshBuilder.obj
 0001:00017c50       ?computeMassInfo@ConvexMeshBuilder@physx@@QAEXXZ 10018c50 f   ConvexMeshBuilder.obj
 0001:00017eb0       ?computeInternalObjects@ConvexMeshBuilder@physx@@QAEXXZ 10018eb0 f   ConvexMeshBuilder.obj
 0001:00018de0       ??0?$PxFlags@W4Enum@PxBaseFlag@physx@@G@physx@@QAE@ABV01@@Z 10019de0 f i ConvexMeshBuilder.obj
 0001:00018e10       ??0?$PxFlags@W4Enum@PxConvexFlag@physx@@G@physx@@QAE@ABV01@@Z 10019e10 f i ConvexMeshBuilder.obj
 0001:00018e40       ??0?$ReflectionAllocator@VBigConvexData@physx@@@shdfnd@physx@@QAE@PBD@Z 10019e40 f i ConvexMeshBuilder.obj
 0001:00018e60       ??0PxBoundedData@physx@@QAE@XZ 10019e60 f i ConvexMeshBuilder.obj
 0001:00018e90       ??0PxIntegrals@physx@@QAE@XZ 10019e90 f i ConvexMeshBuilder.obj
 0001:00018eb0       ??0PxMat33@physx@@QAE@ABVPxVec3@1@00@Z 10019eb0 f i ConvexMeshBuilder.obj
 0001:00018f00       ??0PxSimpleTriangleMesh@physx@@QAE@XZ 10019f00 f i ConvexMeshBuilder.obj
 0001:00018f40       ??0PxStridedData@physx@@QAE@XZ 10019f40 f i ConvexMeshBuilder.obj
 0001:00018f70       ??2UserAllocated@shdfnd@physx@@SAPAXIPAX@Z 10019f70 f i ConvexMeshBuilder.obj
 0001:00018f80       ??3UserAllocated@shdfnd@physx@@SAXPAX@Z 10019f80 f i ConvexMeshBuilder.obj
 0001:00018fb0       ??4PxMat33@physx@@QAEAAV01@ABV01@@Z 10019fb0 f i ConvexMeshBuilder.obj
 0001:00019000       ??APxMat33@physx@@QAEAAVPxVec3@1@I@Z 1001a000 f i ConvexMeshBuilder.obj
 0001:00019020       ??B?$PxFlags@W4Enum@PxBaseFlag@physx@@G@physx@@QBE_NXZ 1001a020 f i ConvexMeshBuilder.obj
 0001:00019050       ??B?$PxFlags@W4Enum@PxConvexFlag@physx@@G@physx@@QBE_NXZ 1001a050 f i ConvexMeshBuilder.obj
 0001:00019080       ??GPxMat33@physx@@QBE?AV01@XZ 1001a080 f i ConvexMeshBuilder.obj
 0001:000190e0       ??I?$PxFlags@W4Enum@PxBaseFlag@physx@@G@physx@@QBE?AV01@W4Enum@PxBaseFlag@1@@Z 1001a0e0 f i ConvexMeshBuilder.obj
 0001:00019130       ??I?$PxFlags@W4Enum@PxConvexFlag@physx@@G@physx@@QBE?AV01@W4Enum@PxConvexFlag@1@@Z 1001a130 f i ConvexMeshBuilder.obj
 0001:00019180       ??RPxMat33@physx@@QAEAAMII@Z 1001a180 f i ConvexMeshBuilder.obj
 0001:000191b0       ??XPxVec3@physx@@QAEAAV01@M@Z 1001a1b0 f i ConvexMeshBuilder.obj
 0001:00019210       ??_EConvexMeshBuilder@physx@@W7AEPAXI@Z 1001a210 f i ConvexMeshBuilder.obj
 0001:00019220       ??_GBigConvexData@physx@@QAEPAXI@Z 1001a220 f i ConvexMeshBuilder.obj
 0001:00019260       ??_GConvexMeshBuilder@physx@@UAEPAXI@Z 1001a260 f i ConvexMeshBuilder.obj
 0001:00019260       ??_EConvexMeshBuilder@physx@@UAEPAXI@Z 1001a260 f i ConvexMeshBuilder.obj
 0001:000192a0       ?PxGetGaussMapVertexLimitForPlatform@physx@@YAIW4Enum@PxPlatform@1@@Z 1001a2a0 f i ConvexMeshBuilder.obj
 0001:00019350       ?allocate@?$ReflectionAllocator@VBigConvexData@physx@@@shdfnd@physx@@QAEPAXIPBDH@Z 1001a350 f i ConvexMeshBuilder.obj
 0001:000193b0       ?getName@?$ReflectionAllocator@VBigConvexData@physx@@@shdfnd@physx@@CAPBDXZ 1001a3b0 f i ConvexMeshBuilder.obj
 0001:00019400       ?getOriginInertia@PxIntegrals@physx@@QAEXAAVPxMat33@2@@Z 1001a400 f i ConvexMeshBuilder.obj
 0001:000194a0       ?isReleasable@PxBase@physx@@UBE_NXZ 1001a4a0 f i ConvexMeshBuilder.obj
 0001:000194d0       ?isValid@PxConvexMeshDesc@physx@@QBE_NXZ 1001a4d0 f i ConvexMeshBuilder.obj
 0001:000196d0       ?largestAxis@shdfnd@physx@@YAIABVPxVec3@2@@Z 1001a6d0 f i ConvexMeshBuilder.obj
 0001:00019750       ?markSerializedMem@Cm@physx@@YAXPAXI@Z 1001a750 f i ConvexMeshBuilder.obj
 0001:00019790       ?requires@ConvexMesh@Gu@physx@@UAEXAAVPxProcessPxBaseCallback@3@@Z 1001a790 f i ConvexMeshBuilder.obj
 0001:000197a0       ??0HullLibrary@physx@@QAE@XZ 1001a7a0 f   hulllib.obj
 0001:00019810       ??1HullLibrary@physx@@QAE@XZ 1001a810 f   hulllib.obj
 0001:00019850       ?CreateConvexHull@HullLibrary@physx@@QAE?AW4HullError@2@ABVHullDesc@2@AAVHullResult@2@@Z 1001a850 f   hulllib.obj
 0001:00019ea0       ?ReleaseResult@HullLibrary@physx@@QAE?AW4HullError@2@AAVHullResult@2@@Z 1001aea0 f   hulllib.obj
 0001:00019f20       ?CreateTriangleMesh@HullLibrary@physx@@QAE?AW4HullError@2@AAVHullResult@2@PAVConvexHullTriangleInterface@2@@Z 1001af20 f   hulllib.obj
 0001:0001a080       ?b2bfix@HullLibrary@physx@@AAEXPAVTri@2@0@Z 1001b080 f   hulllib.obj
 0001:0001a250       ?removeb2b@HullLibrary@physx@@AAEXPAVTri@2@0@Z 1001b250 f   hulllib.obj
 0001:0001a2a0       ?checkit@HullLibrary@physx@@ABEXPAVTri@2@@Z 1001b2a0 f   hulllib.obj
 0001:0001a420       ?extrude@HullLibrary@physx@@AAEXPAVTri@2@H@Z 1001b420 f   hulllib.obj
 0001:0001a840       ?extrudable@HullLibrary@physx@@ABEPAVTri@2@M@Z 1001b840 f   hulllib.obj
 0001:0001a8f0       ?calchullgen@HullLibrary@physx@@AAE?AW4HullError@2@PAVfloat3@2@HHM@Z 1001b8f0 f   hulllib.obj
 0001:0001b6d0       ?calchull@HullLibrary@physx@@AAE?AW4HullError@2@PAVfloat3@2@HAAPAHAAHAAPAV42@2HM@Z 1001c6d0 f   hulllib.obj
 0001:0001b960       ?expandhull@HullLibrary@physx@@AAE?AW4HullError@2@PAVfloat3@2@HAAPAV42@AAHM@Z 1001c960 f   hulllib.obj
 0001:0001c3c0       ?calchullpbev@HullLibrary@physx@@AAE?AW4HullError@2@PAVfloat3@2@HHAAV?$Array@VPlane@physx@@@hullLibArray@2@M@Z 1001d3c0 f   hulllib.obj
 0001:0001cce0       ?ComputeHull@HullLibrary@physx@@AAE?AW4HullError@2@IPBMAAVPHullResult@2@IMM@Z 1001dce0 f   hulllib.obj
 0001:0001cfc0       ?overhullv@HullLibrary@physx@@AAE?AW4HullError@2@PAVfloat3@2@HHAAPAV42@AAHAAPAH2MMHM@Z 1001dfc0 f   hulllib.obj
 0001:0001dcf0       ??0ConvexH@physx@@QAE@HHH@Z 1001ecf0 f   hulllib.obj
 0001:000207a0       ?neib@Tri@physx@@QAEAAHHH@Z 100217a0 f   hulllib.obj
 0001:000258e0       ??$?2V?$ReflectionAllocator@VConvexH@physx@@@shdfnd@physx@@@UserAllocated@shdfnd@physx@@SAPAXIV?$ReflectionAllocator@VConvexH@physx@@@12@PBDH@Z 100268e0 f i hulllib.obj
 0001:00025900       ??$?2V?$ReflectionAllocator@VTri@physx@@@shdfnd@physx@@@UserAllocated@shdfnd@physx@@SAPAXIV?$ReflectionAllocator@VTri@physx@@@12@PBDH@Z 10026900 f i hulllib.obj
 0001:00025920       ??$?_UM@@YAPAXIV?$ReflectionAllocator@M@shdfnd@physx@@PBDH@Z 10026920 f i hulllib.obj
 0001:00025940       ??$Max@M@physx@@YAMABM0@Z  10026940 f i hulllib.obj
 0001:00025990       ??$Min@H@physx@@YAHABH0@Z  10026990 f i hulllib.obj
 0001:000259d0       ??$Min@M@physx@@YAMABM0@Z  100269d0 f i hulllib.obj
 0001:00025a20       ??$Swap@H@physx@@YAXAAH0@Z 10026a20 f i hulllib.obj
 0001:00025a50       ??$maxdir@Vfloat3@physx@@@physx@@YAHPBVfloat3@0@HABV10@@Z 10026a50 f i hulllib.obj
 0001:00025b40       ??$maxdirfiltered@Vfloat3@physx@@@physx@@YAHPBVfloat3@0@HABV10@PA_N@Z 10026b40 f i hulllib.obj
 0001:00025c90       ??$maxdirsterid@Vfloat3@physx@@@physx@@YAHPBVfloat3@0@HABV10@AAV?$Array@H@hullLibArray@0@@Z 10026c90 f i hulllib.obj
 0001:000261d0       ??0?$Array@H@hullLibArray@physx@@QAE@H@Z 100271d0 f i hulllib.obj
 0001:00026220       ??0?$Array@PAVTri@physx@@@hullLibArray@physx@@QAE@H@Z 10027220 f i hulllib.obj
 0001:00026270       ??0?$Array@UExpandPlane@physx@@@hullLibArray@physx@@QAE@H@Z 10027270 f i hulllib.obj
 0001:000262c0       ??0?$Array@VHalfEdge@ConvexH@physx@@@hullLibArray@physx@@QAE@H@Z 100272c0 f i hulllib.obj
 0001:00026310       ??0?$Array@VPlane@physx@@@hullLibArray@physx@@QAE@H@Z 10027310 f i hulllib.obj
 0001:00026360       ??0?$Array@Vfloat3@physx@@@hullLibArray@physx@@QAE@H@Z 10027360 f i hulllib.obj
 0001:000263b0       ??0?$Array@Vint3@physx@@@hullLibArray@physx@@QAE@H@Z 100273b0 f i hulllib.obj
 0001:00026400       ??0?$ReflectionAllocator@M@shdfnd@physx@@QAE@PBD@Z 10027400 f i hulllib.obj
 0001:00026420       ??0?$ReflectionAllocator@VConvexH@physx@@@shdfnd@physx@@QAE@PBD@Z 10027420 f i hulllib.obj
 0001:00026440       ??0?$ReflectionAllocator@VTri@physx@@@shdfnd@physx@@QAE@PBD@Z 10027440 f i hulllib.obj
 0001:00026460       ??0?$ScopedPointer@_NVTempAllocator@shdfnd@physx@@@shdfnd@physx@@QAE@XZ 10027460 f i hulllib.obj
 0001:00026480       ??0ExpandPlane@physx@@QAE@XZ 10027480 f i hulllib.obj
 0001:00026510       ??0HalfEdge@ConvexH@physx@@QAE@FEE@Z 10027510 f i hulllib.obj
 0001:00026550       ??0HalfEdge@ConvexH@physx@@QAE@XZ 10027550 f i hulllib.obj
 0001:00026570       ??0PHullResult@physx@@QAE@XZ 10027570 f i hulllib.obj
 0001:000265c0       ??0Plane@physx@@QAE@ABVfloat3@1@M@Z 100275c0 f i hulllib.obj
 0001:00026600       ??0Plane@physx@@QAE@XZ     10027600 f i hulllib.obj
 0001:00026630       ??0Tri@physx@@QAE@HHHPAV?$Array@PAVTri@physx@@@hullLibArray@1@@Z 10027630 f i hulllib.obj
 0001:000266b0       ??0float3@physx@@QAE@MMM@Z 100276b0 f i hulllib.obj
 0001:00026700       ??0float3@physx@@QAE@XZ    10027700 f i hulllib.obj
 0001:00026750       ??0float3x3@physx@@QAE@Vfloat3@1@00@Z 10027750 f i hulllib.obj
 0001:000267c0       ??0float3x3@physx@@QAE@XZ  100277c0 f i hulllib.obj
 0001:00026800       ??0int3@physx@@QAE@HHH@Z   10027800 f i hulllib.obj
 0001:00026840       ??0int4@physx@@QAE@HHHH@Z  10027840 f i hulllib.obj
 0001:00026880       ??1?$Array@H@hullLibArray@physx@@QAE@XZ 10027880 f i hulllib.obj
 0001:000268f0       ??1?$Array@PAVTri@physx@@@hullLibArray@physx@@QAE@XZ 100278f0 f i hulllib.obj
 0001:00026960       ??1?$Array@UExpandPlane@physx@@@hullLibArray@physx@@QAE@XZ 10027960 f i hulllib.obj
 0001:000269d0       ??1?$Array@VHalfEdge@ConvexH@physx@@@hullLibArray@physx@@QAE@XZ 100279d0 f i hulllib.obj
 0001:00026a40       ??1?$Array@VPlane@physx@@@hullLibArray@physx@@QAE@XZ 10027a40 f i hulllib.obj
 0001:00026ab0       ??1?$Array@Vfloat3@physx@@@hullLibArray@physx@@QAE@XZ 10027ab0 f i hulllib.obj
 0001:00026b20       ??1?$Array@Vint3@physx@@@hullLibArray@physx@@QAE@XZ 10027b20 f i hulllib.obj
 0001:00026b90       ??1?$ScopedPointer@_NVTempAllocator@shdfnd@physx@@@shdfnd@physx@@QAE@XZ 10027b90 f i hulllib.obj
 0001:00026bc0       ??1ConvexH@physx@@QAE@XZ   10027bc0 f i hulllib.obj
 0001:00026c00       ??1Tri@physx@@IAE@XZ       10027c00 f i hulllib.obj
 0001:00026c10       ??8physx@@YAHABVPlane@0@0@Z 10027c10 f i hulllib.obj
 0001:00026c70       ??8physx@@YAHABVfloat3@0@0@Z 10027c70 f i hulllib.obj
 0001:00026ce0       ??9physx@@YAHABVfloat3@0@0@Z 10027ce0 f i hulllib.obj
 0001:00026d50       ??A?$Array@H@hullLibArray@physx@@QAEAAHH@Z 10027d50 f i hulllib.obj
 0001:00026dd0       ??A?$Array@PAVTri@physx@@@hullLibArray@physx@@QAEAAPAVTri@2@H@Z 10027dd0 f i hulllib.obj
 0001:00026e50       ??A?$Array@UExpandPlane@physx@@@hullLibArray@physx@@QAEAAUExpandPlane@2@H@Z 10027e50 f i hulllib.obj
 0001:00026ed0       ??A?$Array@VHalfEdge@ConvexH@physx@@@hullLibArray@physx@@QAEAAVHalfEdge@ConvexH@2@H@Z 10027ed0 f i hulllib.obj
 0001:00026f50       ??A?$Array@VPlane@physx@@@hullLibArray@physx@@QAEAAVPlane@2@H@Z 10027f50 f i hulllib.obj
 0001:00026fd0       ??A?$Array@Vfloat3@physx@@@hullLibArray@physx@@QAEAAVfloat3@2@H@Z 10027fd0 f i hulllib.obj
 0001:00027050       ??Afloat3@physx@@QAEAAMH@Z 10028050 f i hulllib.obj
 0001:000270c0       ??Afloat3@physx@@QBEABMH@Z 100280c0 f i hulllib.obj
 0001:00027130       ??Afloat3x3@physx@@QAEAAVfloat3@1@H@Z 10028130 f i hulllib.obj
 0001:000271a0       ??Afloat3x3@physx@@QBEABVfloat3@1@H@Z 100281a0 f i hulllib.obj
 0001:00027210       ??Aint3@physx@@QAEAAHH@Z   10028210 f i hulllib.obj
 0001:00027230       ??Aint3@physx@@QBEABHH@Z   10028230 f i hulllib.obj
 0001:00027250       ??Aint4@physx@@QAEAAHH@Z   10028250 f i hulllib.obj
 0001:00027270       ??B?$ScopedPointer@_NVTempAllocator@shdfnd@physx@@@shdfnd@physx@@QBEPA_NXZ 10028270 f i hulllib.obj
 0001:00027290       ??_G?$Array@PAVTri@physx@@@hullLibArray@physx@@QAEPAXI@Z 10028290 f i hulllib.obj
 0001:000272d0       ??_GConvexH@physx@@QAEPAXI@Z 100282d0 f i hulllib.obj
 0001:00027310       ??_GTri@physx@@IAEPAXI@Z   10028310 f i hulllib.obj
 0001:00027350       ?Add@?$Array@H@hullLibArray@physx@@QAEAAHH@Z 10028350 f i hulllib.obj
 0001:00027440       ?Add@?$Array@PAVTri@physx@@@hullLibArray@physx@@QAEAAPAVTri@3@PAV43@@Z 10028440 f i hulllib.obj
 0001:00027530       ?Add@?$Array@UExpandPlane@physx@@@hullLibArray@physx@@QAEAAUExpandPlane@3@U43@@Z 10028530 f i hulllib.obj
 0001:00027630       ?Add@?$Array@VPlane@physx@@@hullLibArray@physx@@QAEAAVPlane@3@V43@@Z 10028630 f i hulllib.obj
 0001:00027740       ?Add@?$Array@Vfloat3@physx@@@hullLibArray@physx@@QAEAAVfloat3@3@V43@@Z 10028740 f i hulllib.obj
 0001:00027840       ?Add@?$Array@Vint3@physx@@@hullLibArray@physx@@QAEAAVint3@3@V43@@Z 10028840 f i hulllib.obj
 0001:00027940       ?HasHullFlag@HullDesc@physx@@QBE_NW4HullFlag@2@@Z 10028940 f i hulllib.obj
 0001:00027980       ?PxMemSet@physx@@YAPAXPIAXHI@Z 10028980 f i hulllib.obj
 0001:000279a0       ?SetSize@?$Array@PAVTri@physx@@@hullLibArray@physx@@QAEXH@Z 100289a0 f i hulllib.obj
 0001:00027a30       ?SetSize@?$Array@Vint3@physx@@@hullLibArray@physx@@QAEXH@Z 10028a30 f i hulllib.obj
 0001:00027ac0       ?allocate@?$Array@H@hullLibArray@physx@@QAEXH@Z 10028ac0 f i hulllib.obj
 0001:00027ca0       ?allocate@?$Array@PAVTri@physx@@@hullLibArray@physx@@QAEXH@Z 10028ca0 f i hulllib.obj
 0001:00027e80       ?allocate@?$Array@UExpandPlane@physx@@@hullLibArray@physx@@QAEXH@Z 10028e80 f i hulllib.obj
 0001:00028060       ?allocate@?$Array@VHalfEdge@ConvexH@physx@@@hullLibArray@physx@@QAEXH@Z 10029060 f i hulllib.obj
 0001:00028240       ?allocate@?$Array@VPlane@physx@@@hullLibArray@physx@@QAEXH@Z 10029240 f i hulllib.obj
 0001:00028440       ?allocate@?$Array@Vfloat3@physx@@@hullLibArray@physx@@QAEXH@Z 10029440 f i hulllib.obj
 0001:00028630       ?allocate@?$Array@Vint3@physx@@@hullLibArray@physx@@QAEXH@Z 10029630 f i hulllib.obj
 0001:00028820       ?allocate@?$ReflectionAllocator@M@shdfnd@physx@@QAEPAXIPBDH@Z 10029820 f i hulllib.obj
 0001:00028880       ?allocate@?$ReflectionAllocator@VConvexH@physx@@@shdfnd@physx@@QAEPAXIPBDH@Z 10029880 f i hulllib.obj
 0001:000288e0       ?allocate@?$ReflectionAllocator@VTri@physx@@@shdfnd@physx@@QAEPAXIPBDH@Z 100298e0 f i hulllib.obj
 0001:00028940       ?cos@@YAMM@Z               10029940 f i hulllib.obj
 0001:00028960       ?distance@Plane@physx@@QBEMABVfloat3@2@@Z 10029960 f i hulllib.obj
 0001:000289d0       ?getName@?$ReflectionAllocator@M@shdfnd@physx@@CAPBDXZ 100299d0 f i hulllib.obj
 0001:00028a20       ?getName@?$ReflectionAllocator@VConvexH@physx@@@shdfnd@physx@@CAPBDXZ 10029a20 f i hulllib.obj
 0001:00028a70       ?getName@?$ReflectionAllocator@VTri@physx@@@shdfnd@physx@@CAPBDXZ 10029a70 f i hulllib.obj
 0001:00028ac0       ?memSet@intrinsics@physx@@YAPAXPIAXHI@Z 10029ac0 f i hulllib.obj
 0001:00028ae0       ?to8@shdfnd@physx@@YAEG@Z  10029ae0 f i hulllib.obj
 0001:00028b40       _cosf                      10029b40 f i hulllib.obj
 0001:00028b70       _sinf                      10029b70 f i hulllib.obj
 0001:00028bf0       ?computeVolumeIntegrals@physx@@YA_NABVPxSimpleTriangleMesh@1@MAAUPxIntegrals@1@@Z 10029bf0 f   VolumeIntegration.obj
 0001:00028c50       ?computeVolumeIntegralsEberly@physx@@YA_NABVPxSimpleTriangleMesh@1@MAAUPxIntegrals@1@ABVPxVec3@1@@Z 10029c50 f   VolumeIntegration.obj
 0001:00028ca0       ??0VolumeIntegrator@?A0xddd7b808@physx@@QAE@VPxSimpleTriangleMesh@2@N@Z 10029ca0 f   VolumeIntegration.obj
 0001:00028cf0       ??1VolumeIntegrator@?A0xddd7b808@physx@@QAE@XZ 10029cf0 f   VolumeIntegration.obj
 0001:00028d00       ?computeVolumeIntegrals@VolumeIntegrator@?A0xddd7b808@physx@@QAE_NAAUPxIntegrals@3@@Z 10029d00 f   VolumeIntegration.obj
 0001:000294e0       ?computeCenterOfMass@VolumeIntegrator@?A0xddd7b808@physx@@AAE?AVPxVec3@3@XZ 1002a4e0 f   VolumeIntegration.obj
 0001:000295c0       ?computeInertiaTensor@VolumeIntegrator@?A0xddd7b808@physx@@AAEXPAN@Z 1002a5c0 f   VolumeIntegration.obj
 0001:000297f0       ?computeCOMInertiaTensor@VolumeIntegrator@?A0xddd7b808@physx@@AAEXPAN@Z 1002a7f0 f   VolumeIntegration.obj
 0001:00029ae0       ?computeFaceNormal@VolumeIntegrator@?A0xddd7b808@physx@@AAEXAAUFace@123@PAI@Z 1002aae0 f   VolumeIntegration.obj
 0001:00029c00       ?computeProjectionIntegrals@VolumeIntegrator@?A0xddd7b808@physx@@AAEXABUFace@123@@Z 1002ac00 f   VolumeIntegration.obj
 0001:0002a290       ?computeFaceIntegrals@VolumeIntegrator@?A0xddd7b808@physx@@AAEXABUFace@123@@Z 1002b290 f   VolumeIntegration.obj
 0001:0002a820       ??0VolumeIntegratorEberly@?A0xddd7b808@physx@@QAE@ABVPxSimpleTriangleMesh@2@N@Z 1002b820 f   VolumeIntegration.obj
 0001:0002a860       ??1VolumeIntegratorEberly@?A0xddd7b808@physx@@QAE@XZ 1002b860 f   VolumeIntegration.obj
 0001:0002a870       ?computeVolumeIntegrals@VolumeIntegratorEberly@?A0xddd7b808@physx@@QAE_NAAUPxIntegrals@3@ABVPxVec3@3@@Z 1002b870 f   VolumeIntegration.obj
 0001:0002b960       ?subexpressions@VolumeIntegratorEberly@?A0xddd7b808@physx@@AAEXNNNAAN00000@Z 1002c960 f   VolumeIntegration.obj
 0001:0002c610       ??4?$PxFlags@W4Enum@PxMeshFlag@physx@@G@physx@@QAEAAV01@ABV01@@Z 1002d610 f i VolumeIntegration.obj
 0001:0002c640       ??4PxSimpleTriangleMesh@physx@@QAEAAV01@ABV01@@Z 1002d640 f i VolumeIntegration.obj
 0001:0002c6b0       ?isZero@PxVec3@physx@@QBE_NXZ 1002d6b0 f i VolumeIntegration.obj
 0001:0002c730       ?ComputeNbBoundaryEdges@AdjTriangle@physx@@QBEIXZ 1002d730 f   Adjacencies.obj
 0001:0002c7c0       ?ComputeNbNeighbors@AdjTriangle@physx@@QBEIXZ 1002d7c0 f   Adjacencies.obj
 0001:0002c850       ?HasNeighbor@AdjTriangle@physx@@QBE_NIPAI@Z 1002d850 f   Adjacencies.obj
 0001:0002c940       ?Flip@AdjTriangle@physx@@QAEXXZ 1002d940 f   Adjacencies.obj
 0001:0002c970       ??0Adjacencies@physx@@QAE@XZ 1002d970 f   Adjacencies.obj
 0001:0002c9a0       ??1Adjacencies@physx@@QAE@XZ 1002d9a0 f   Adjacencies.obj
 0001:0002c9f0       ?Load@Adjacencies@physx@@QAE_NAAVPxInputStream@2@@Z 1002d9f0 f   Adjacencies.obj
 0001:0002caf0       ?Walk@Adjacencies@physx@@QAE_NP6AXABUCommonWalkParams@2@IIII@ZPAX@Z 1002daf0 f   Adjacencies.obj
 0001:0002cc00       ?Walk2@Adjacencies@physx@@QAE_NP6AXABUCommonWalkParams@2@IIII@ZPAXPBVPxVec3@2@PBU?$TriangleT@I@Gu@2@@Z 1002dc00 f   Adjacencies.obj
 0001:0002cd40       ?ComputeNbBoundaryEdges@Adjacencies@physx@@QBEIXZ 1002dd40 f   Adjacencies.obj
 0001:0002cda0       ?GetBoundaryVertices@Adjacencies@physx@@QBE_NIPA_NPBU?$TriangleT@I@Gu@2@@Z 1002dda0 f   Adjacencies.obj
 0001:0002cfb0       ?MakeLastRef@Adjacencies@physx@@QAE_NAAVAdjTriangle@2@IPAU?$TriangleT@I@Gu@2@@Z 1002dfb0 f   Adjacencies.obj
 0001:0002d230       ?AssignNewEdgeCode@Adjacencies@physx@@AAEXIE@Z 1002e230 f   Adjacencies.obj
 0001:0002d2b0       ??0AdjacenciesBuilder@physx@@QAE@XZ 1002e2b0 f   Adjacencies.obj
 0001:0002d2d0       ??1AdjacenciesBuilder@physx@@QAE@XZ 1002e2d0 f   Adjacencies.obj
 0001:0002d2f0       ?Init@AdjacenciesBuilder@physx@@QAE_NABUADJACENCIESCREATE@2@@Z 1002e2f0 f   Adjacencies.obj
 0001:0002ec20       ??$?_UV?$ReflectionAllocator@VAdjEdge@@@shdfnd@physx@@@UserAllocated@shdfnd@physx@@SAPAXIV?$ReflectionAllocator@VAdjEdge@@@12@PBDH@Z 1002fc20 f i Adjacencies.obj
 0001:0002ec40       ??$?_UV?$ReflectionAllocator@VAdjTriangle@physx@@@shdfnd@physx@@@UserAllocated@shdfnd@physx@@SAPAXIV?$ReflectionAllocator@VAdjTriangle@physx@@@12@PBDH@Z 1002fc40 f i Adjacencies.obj
 0001:0002ec60       ??$swap@M@shdfnd@physx@@YAXAAM0@Z 1002fc60 f i Adjacencies.obj
 0001:0002eca0       ??0?$ReflectionAllocator@VAdjEdge@@@shdfnd@physx@@QAE@PBD@Z 1002fca0 f i Adjacencies.obj
 0001:0002ecc0       ??0?$ReflectionAllocator@VAdjTriangle@physx@@@shdfnd@physx@@QAE@PBD@Z 1002fcc0 f i Adjacencies.obj
 0001:0002ece0       ??0?$TriangleT@I@Gu@physx@@QAE@XZ 1002fce0 f i Adjacencies.obj
 0001:0002ed00       ??0AdjEdge@@QAE@XZ         1002fd00 f i Adjacencies.obj
 0001:0002ed20       ??0AdjTriangle@physx@@QAE@XZ 1002fd20 f i Adjacencies.obj
 0001:0002ed40       ??0PrivateWalkParams@?1??Walk2@Adjacencies@physx@@QAE_NP6AXABUCommonWalkParams@3@IIII@ZPAXPBVPxVec3@3@PBU?$TriangleT@I@Gu@3@@Z@QAE@XZ 1002fd40 f i Adjacencies.obj
 0001:0002ed60       ??1AdjEdge@@QAE@XZ         1002fd60 f i Adjacencies.obj
 0001:0002ed70       ??1AdjTriangle@physx@@QAE@XZ 1002fd70 f i Adjacencies.obj
 0001:0002ed80       ??_EAdjEdge@@QAEPAXI@Z     1002fd80 f i Adjacencies.obj
 0001:0002ee10       ??_EAdjTriangle@physx@@QAEPAXI@Z 1002fe10 f i Adjacencies.obj
 0001:0002eea0       ??_I@YGXPAXIHP6EX0@Z@Z     1002fea0 f i Adjacencies.obj
 0001:0002eee0       ??_VUserAllocated@shdfnd@physx@@SAXPAX@Z 1002fee0 f i Adjacencies.obj
 0001:0002ef10       ?GetEdgeTriangle@EdgeList@Gu@physx@@QBEABUEdgeTriangleData@23@I@Z 1002ff10 f i Adjacencies.obj
 0001:0002ef30       ?HasActiveEdge01@EdgeTriangleAC@Gu@physx@@SAHABUEdgeTriangleData@23@@Z 1002ff30 f i Adjacencies.obj
 0001:0002ef50       ?HasActiveEdge12@EdgeTriangleAC@Gu@physx@@SAHABUEdgeTriangleData@23@@Z 1002ff50 f i Adjacencies.obj
 0001:0002ef70       ?HasActiveEdge20@EdgeTriangleAC@Gu@physx@@SAHABUEdgeTriangleData@23@@Z 1002ff70 f i Adjacencies.obj
 0001:0002ef90       ?allocate@?$ReflectionAllocator@VAdjEdge@@@shdfnd@physx@@QAEPAXIPBDH@Z 1002ff90 f i Adjacencies.obj
 0001:0002eff0       ?allocate@?$ReflectionAllocator@VAdjTriangle@physx@@@shdfnd@physx@@QAEPAXIPBDH@Z 1002fff0 f i Adjacencies.obj
 0001:0002f050       ?findEdge@?$TriangleT@I@Gu@physx@@QBEEII@Z 10030050 f i Adjacencies.obj
 0001:0002f1c0       ?getName@?$ReflectionAllocator@VAdjEdge@@@shdfnd@physx@@CAPBDXZ 100301c0 f i Adjacencies.obj
 0001:0002f210       ?getName@?$ReflectionAllocator@VAdjTriangle@physx@@@shdfnd@physx@@CAPBDXZ 10030210 f i Adjacencies.obj
 0001:0002f260       _PxCreateCooking           10030260 f   Cooking.obj
 0001:0002f310       ?release@Cooking@physx@@UAEXXZ 10030310 f   Cooking.obj
 0001:0002f350       ?setParams@Cooking@physx@@UAEXABUPxCookingParams@2@@Z 10030350 f   Cooking.obj
 0001:0002f370       ?getParams@Cooking@physx@@UAEABUPxCookingParams@2@XZ 10030370 f   Cooking.obj
 0001:0002f390       ?platformMismatch@Cooking@physx@@UAE_NXZ 10030390 f   Cooking.obj
 0001:0002f4c0       ?cookTriangleMesh@Cooking@physx@@UAE_NABVPxTriangleMeshDesc@2@AAVPxOutputStream@2@@Z 100304c0 f   Cooking.obj
 0001:0002f620       ?createTriangleMesh@Cooking@physx@@UAEPAVPxTriangleMesh@2@ABVPxTriangleMeshDesc@2@AAVPxPhysicsInsertionCallback@2@@Z 10030620 f   Cooking.obj
 0001:0002f7c0       ?validateTriangleMesh@Cooking@physx@@UAE_NABVPxTriangleMeshDesc@2@@Z 100307c0 f   Cooking.obj
 0001:0002f860       ?cookConvexMesh@Cooking@physx@@UAE_NABVPxConvexMeshDesc@2@AAVPxOutputStream@2@PAW4Enum@PxConvexMeshCookingResult@2@@Z 10030860 f   Cooking.obj
 0001:0002fd10       ?computeHullPolygons@Cooking@physx@@UAE_NABVPxSimpleTriangleMesh@2@AAVPxAllocatorCallback@2@AAIAAPAVPxVec3@2@2AAPAI2AAPAUPxHullPolygon@2@@Z 10030d10 f   Cooking.obj
 0001:0002fed0       ?cookHeightField@Cooking@physx@@UAE_NABVPxHeightFieldDesc@2@AAVPxOutputStream@2@@Z 10030ed0 f   Cooking.obj
 0001:000300c0       ?createHeightField@Cooking@physx@@UAEPAVPxHeightField@2@ABVPxHeightFieldDesc@2@AAVPxPhysicsInsertionCallback@2@@Z 100310c0 f   Cooking.obj
 0001:00030290       ?loadTriangleMeshDesc@Cooking@physx@@AAE_NABVPxTriangleMeshDesc@2@AAVTriangleMeshBuilder@2@@Z 10031290 f   Cooking.obj
 0001:000307a0       ??$?2V?$ReflectionAllocator@VCooking@physx@@@shdfnd@physx@@@UserAllocated@shdfnd@physx@@SAPAXIV?$ReflectionAllocator@VCooking@physx@@@12@PBDH@Z 100317a0 f i Cooking.obj
 0001:000307c0       ??$PX_UNUSED@VPxFoundation@physx@@@@YAXABVPxFoundation@physx@@@Z 100317c0 f i Cooking.obj
 0001:000307d0       ??0?$PxFlags@W4Enum@PxConvexFlag@physx@@G@physx@@QAE@W4Enum@PxConvexFlag@1@@Z 100317d0 f i Cooking.obj
 0001:000307f0       ??0?$PxFlags@W4Enum@PxConvexFlag@physx@@G@physx@@QAE@XZ 100317f0 f i Cooking.obj
 0001:00030810       ??0?$PxFlags@W4Enum@PxHeightFieldFlag@physx@@G@physx@@QAE@ABV01@@Z 10031810 f i Cooking.obj
 0001:00030840       ??0?$ReflectionAllocator@VCooking@physx@@@shdfnd@physx@@QAE@PBD@Z 10031840 f i Cooking.obj
 0001:00030860       ??0?$ReflectionAllocator@VHeightField@Gu@physx@@@shdfnd@physx@@QAE@PBD@Z 10031860 f i Cooking.obj
 0001:00030880       ??0?$ReflectionAllocator@VTriangleMeshBuilder@physx@@@shdfnd@physx@@QAE@PBD@Z 10031880 f i Cooking.obj
 0001:000308a0       ??0Cooking@physx@@QAE@ABUPxCookingParams@1@@Z 100318a0 f i Cooking.obj
 0001:000308e0       ??0HullDesc@physx@@QAE@XZ  100318e0 f i Cooking.obj
 0001:00030960       ??0HullResult@physx@@QAE@XZ 10031960 f i Cooking.obj
 0001:000309c0       ??0PxConvexMeshDesc@physx@@QAE@ABV01@@Z 100319c0 f i Cooking.obj
 0001:00030a80       ??0PxCooking@physx@@QAE@XZ 10031a80 f i Cooking.obj
 0001:00030aa0       ??0PxCookingParams@physx@@QAE@ABU01@@Z 10031aa0 f i Cooking.obj
 0001:00030b70       ??0TriangleMeshBuilder@physx@@QAE@XZ 10031b70 f i Cooking.obj
 0001:00030bb0       ??1Cooking@physx@@UAE@XZ   10031bb0 f i Cooking.obj
 0001:00030bd0       ??1PxCooking@physx@@MAE@XZ 10031bd0 f i Cooking.obj
 0001:00030bf0       ??1TriangleMeshBuilder@physx@@UAE@XZ 10031bf0 f i Cooking.obj
 0001:00030c10       ??4?$PxFlags@W4Enum@PxMeshPreprocessingFlag@physx@@I@physx@@QAEAAV01@ABV01@@Z 10031c10 f i Cooking.obj
 0001:00030c30       ??4PxCookingParams@physx@@QAEAAU01@ABU01@@Z 10031c30 f i Cooking.obj
 0001:00030d00       ??9?$PxFlags@W4Enum@PxHeightFieldFlag@physx@@G@physx@@QBE_NABV01@@Z 10031d00 f i Cooking.obj
 0001:00030d40       ??I?$PxFlags@W4Enum@PxHeightFieldFlag@physx@@G@physx@@QBE?AV01@W4Enum@PxHeightFieldFlag@1@@Z 10031d40 f i Cooking.obj
 0001:00030d90       ??S?$PxFlags@W4Enum@PxConvexFlag@physx@@G@physx@@QBE?AV01@XZ 10031d90 f i Cooking.obj
 0001:00030dd0       ??Sphysx@@YA?AV?$PxFlags@W4Enum@PxConvexFlag@physx@@G@0@W4Enum@PxConvexFlag@0@@Z 10031dd0 f i Cooking.obj
 0001:00030e00       ??_4?$PxFlags@W4Enum@PxConvexFlag@physx@@G@physx@@QAEAAV01@ABV01@@Z 10031e00 f i Cooking.obj
 0001:00030e2d       ??_ETriangleMeshBuilder@physx@@W7AEPAXI@Z 10031e2d f i Cooking.obj
 0001:00030e40       ??_GCooking@physx@@UAEPAXI@Z 10031e40 f i Cooking.obj
 0001:00030e40       ??_ECooking@physx@@UAEPAXI@Z 10031e40 f i Cooking.obj
 0001:00030e80       ??_GPxCooking@physx@@MAEPAXI@Z 10031e80 f i Cooking.obj
 0001:00030e80       ??_EPxCooking@physx@@MAEPAXI@Z 10031e80 f i Cooking.obj
 0001:00030ec0       ??_GTriangleMeshBuilder@physx@@UAEPAXI@Z 10031ec0 f i Cooking.obj
 0001:00030ec0       ??_ETriangleMeshBuilder@physx@@UAEPAXI@Z 10031ec0 f i Cooking.obj
 0001:00030f00       ?allocate@?$ReflectionAllocator@VCooking@physx@@@shdfnd@physx@@QAEPAXIPBDH@Z 10031f00 f i Cooking.obj
 0001:00030f60       ?allocate@?$ReflectionAllocator@VHeightField@Gu@physx@@@shdfnd@physx@@QAEPAXIPBDH@Z 10031f60 f i Cooking.obj
 0001:00030fc0       ?allocate@?$ReflectionAllocator@VTriangleMeshBuilder@physx@@@shdfnd@physx@@QAEPAXIPBDH@Z 10031fc0 f i Cooking.obj
 0001:00031020       ?getName@?$ReflectionAllocator@VCooking@physx@@@shdfnd@physx@@CAPBDXZ 10032020 f i Cooking.obj
 0001:00031070       ?getName@?$ReflectionAllocator@VHeightField@Gu@physx@@@shdfnd@physx@@CAPBDXZ 10032070 f i Cooking.obj
 0001:000310c0       ?getName@?$ReflectionAllocator@VTriangleMeshBuilder@physx@@@shdfnd@physx@@CAPBDXZ 100320c0 f i Cooking.obj
 0001:00031110       ?isValid@PxHeightFieldDesc@physx@@QBE_NXZ 10032110 f i Cooking.obj
 0001:00031200       ?littleEndian@shdfnd@physx@@YADXZ 10032200 f i Cooking.obj
 0001:00031220       ?requires@TriangleMesh@Gu@physx@@UAEXAAVPxProcessPxBaseCallback@3@@Z 10032220 f i Cooking.obj
 0001:00031230       ??0ReducedVertexCloud@physx@@QAE@PBVPxVec3@1@I@Z 10032230 f   CookingUtils.obj
 0001:00031270       ??1ReducedVertexCloud@physx@@QAE@XZ 10032270 f   CookingUtils.obj
 0001:00031290       ?Clean@ReducedVertexCloud@physx@@QAEAAV12@XZ 10032290 f   CookingUtils.obj
 0001:000312f0       ?Reduce@ReducedVertexCloud@physx@@QAE_NPAUREDUCEDCLOUD@2@@Z 100322f0 f   CookingUtils.obj
 0001:000316f0       ??0EdgeList@Gu@physx@@QAE@XZ 100326f0 f   EdgeList.obj
 0001:00031730       ??1EdgeList@Gu@physx@@QAE@XZ 10032730 f   EdgeList.obj
 0001:000317d0       ?Load@EdgeList@Gu@physx@@QAE_NAAVPxInputStream@3@@Z 100327d0 f   EdgeList.obj
 0001:000319a0       ??0EdgeListBuilder@Gu@physx@@QAE@XZ 100329a0 f   EdgeList.obj
 0001:000319c0       ??1EdgeListBuilder@Gu@physx@@QAE@XZ 100329c0 f   EdgeList.obj
 0001:000319e0       ?Init@EdgeListBuilder@Gu@physx@@QAE_NABUEDGELISTCREATE@23@@Z 100329e0 f   EdgeList.obj
 0001:00031b60       ?CreateFacesToEdges@EdgeListBuilder@Gu@physx@@AAE_NIPBIPBG@Z 10032b60 f   EdgeList.obj
 0001:00032050       ?CreateEdgesToFaces@EdgeListBuilder@Gu@physx@@AAE_NIPBIPBG@Z 10033050 f   EdgeList.obj
 0001:00032460       ?ComputeActiveEdges@EdgeListBuilder@Gu@physx@@AAE_NIPBIPBGPBVPxVec3@3@M@Z 10033460 f   EdgeList.obj
 0001:00033eb0       ??$?_UUEdgeData@Gu@physx@@@@YAPAXIV?$ReflectionAllocator@UEdgeData@Gu@physx@@@shdfnd@physx@@PBDH@Z 10034eb0 f i EdgeList.obj
 0001:00033ed0       ??$?_UUEdgeTriangleData@Gu@physx@@@@YAPAXIV?$ReflectionAllocator@UEdgeTriangleData@Gu@physx@@@shdfnd@physx@@PBDH@Z 10034ed0 f i EdgeList.obj
 0001:00033ef0       ??0?$ReflectionAllocator@UEdgeData@Gu@physx@@@shdfnd@physx@@QAE@PBD@Z 10034ef0 f i EdgeList.obj
 0001:00033f10       ??0?$ReflectionAllocator@UEdgeTriangleData@Gu@physx@@@shdfnd@physx@@QAE@PBD@Z 10034f10 f i EdgeList.obj
 0001:00033f30       ??0PxTriangle@physx@@QAE@ABVPxVec3@1@00@Z 10034f30 f i EdgeList.obj
 0001:00033fb0       ??1PxTriangle@physx@@QAE@XZ 10034fb0 f i EdgeList.obj
 0001:00033fc0       ?GetEdgeToTriangles@EdgeList@Gu@physx@@QBEPBUEdgeDescData@23@XZ 10034fc0 f i EdgeList.obj
 0001:00033fe0       ?GetEdges@EdgeList@Gu@physx@@QBEPBUEdgeData@23@XZ 10034fe0 f i EdgeList.obj
 0001:00034000       ?GetFacesByEdges@EdgeList@Gu@physx@@QBEPBIXZ 10035000 f i EdgeList.obj
 0001:00034020       ?OppositeVertex@@YAIIIIII@Z 10035020 f i EdgeList.obj
 0001:000340c0       ?PxAtan2@physx@@YAMMM@Z    100350c0 f i EdgeList.obj
 0001:000340f0       ?allocate@?$ReflectionAllocator@UEdgeData@Gu@physx@@@shdfnd@physx@@QAEPAXIPBDH@Z 100350f0 f i EdgeList.obj
 0001:00034150       ?allocate@?$ReflectionAllocator@UEdgeTriangleData@Gu@physx@@@shdfnd@physx@@QAEPAXIPBDH@Z 10035150 f i EdgeList.obj
 0001:000341b0       ?angle@shdfnd@physx@@YAMABVPxVec3@2@0@Z 100351b0 f i EdgeList.obj
 0001:00034220       ?getName@?$ReflectionAllocator@UEdgeData@Gu@physx@@@shdfnd@physx@@CAPBDXZ 10035220 f i EdgeList.obj
 0001:00034270       ?getName@?$ReflectionAllocator@UEdgeTriangleData@Gu@physx@@@shdfnd@physx@@CAPBDXZ 10035270 f i EdgeList.obj
 0001:000342c0       ?normal@PxTriangle@physx@@QBEXAAVPxVec3@2@@Z 100352c0 f i EdgeList.obj
 0001:00034350       _atan2f                    10035350 f i EdgeList.obj
 0001:00034390       ??0InternalTriangleMeshBuilder@physx@@QAE@PAVInternalTriangleMesh@1@ABUPxCookingParams@1@@Z 10035390 f   InternalTriangleMeshBuilder.obj
 0001:000343c0       ??1InternalTriangleMeshBuilder@physx@@QAE@XZ 100353c0 f   InternalTriangleMeshBuilder.obj
 0001:000343e0       ?cleanMesh@InternalTriangleMeshBuilder@physx@@QAE_N_N@Z 100353e0 f   InternalTriangleMeshBuilder.obj
 0001:00034960       ?fillRemapTable@InternalTriangleMeshBuilder@physx@@QAEXXZ 10035960 f   InternalTriangleMeshBuilder.obj
 0001:00034a30       ?remapTopology@InternalTriangleMeshBuilder@physx@@QAEXPBI@Z 10035a30 f   InternalTriangleMeshBuilder.obj
 0001:00034d00       ?createRTree@InternalTriangleMeshBuilder@physx@@QAE_NXZ 10035d00 f   InternalTriangleMeshBuilder.obj
 0001:00034e60       ?createSharedEdgeData@InternalTriangleMeshBuilder@physx@@QAEX_N0@Z 10035e60 f   InternalTriangleMeshBuilder.obj
 0001:000354d0       ?releaseEdgeList@InternalTriangleMeshBuilder@physx@@AAEXXZ 100364d0 f   InternalTriangleMeshBuilder.obj
 0001:00035520       ?createEdgeList@InternalTriangleMeshBuilder@physx@@AAEXXZ 10036520 f   InternalTriangleMeshBuilder.obj
 0001:00035ae0       ??$?2V?$ReflectionAllocator@VEdgeListBuilder@Gu@physx@@@shdfnd@physx@@@UserAllocated@shdfnd@physx@@SAPAXIV?$ReflectionAllocator@VEdgeListBuilder@Gu@physx@@@12@PBDH@Z 10036ae0 f i InternalTriangleMeshBuilder.obj
 0001:00035b00       ??$PX_UNUSED@U?$TriangleT@I@Gu@physx@@@@YAXABU?$TriangleT@I@Gu@physx@@@Z 10036b00 f i InternalTriangleMeshBuilder.obj
 0001:00035b10       ??0?$Array@IVNamedAllocator@shdfnd@physx@@@shdfnd@physx@@QAE@ABVNamedAllocator@12@@Z 10036b10 f i InternalTriangleMeshBuilder.obj
 0001:00035b60       ??0?$ReflectionAllocator@VEdgeListBuilder@Gu@physx@@@shdfnd@physx@@QAE@PBD@Z 10036b60 f i InternalTriangleMeshBuilder.obj
 0001:00035b80       ??0RTreeCookerRemap@@QAE@I@Z 10036b80 f i InternalTriangleMeshBuilder.obj
 0001:00035bc0       ??0RemapCallback@RTreeCooker@physx@@QAE@XZ 10036bc0 f i InternalTriangleMeshBuilder.obj
 0001:00035be0       ??1RTreeCookerRemap@@UAE@XZ 10036be0 f i InternalTriangleMeshBuilder.obj
 0001:00035c00       ??1RemapCallback@RTreeCooker@physx@@UAE@XZ 10036c00 f i InternalTriangleMeshBuilder.obj
 0001:00035c20       ??_GEdgeListBuilder@Gu@physx@@QAEPAXI@Z 10036c20 f i InternalTriangleMeshBuilder.obj
 0001:00035c60       ??_ERTreeCookerRemap@@UAEPAXI@Z 10036c60 f i InternalTriangleMeshBuilder.obj
 0001:00035c60       ??_GRTreeCookerRemap@@UAEPAXI@Z 10036c60 f i InternalTriangleMeshBuilder.obj
 0001:00035ca0       ??_GRemapCallback@RTreeCooker@physx@@UAEPAXI@Z 10036ca0 f i InternalTriangleMeshBuilder.obj
 0001:00035ca0       ??_ERemapCallback@RTreeCooker@physx@@UAEPAXI@Z 10036ca0 f i InternalTriangleMeshBuilder.obj
 0001:00035ce0       ?GetNbFaces@EdgeList@Gu@physx@@QBEIXZ 10036ce0 f i InternalTriangleMeshBuilder.obj
 0001:00035d00       ?LeafSetData@Gu@physx@@YAIII@Z 10036d00 f i InternalTriangleMeshBuilder.obj
 0001:00035dd0       ?SetData@LeafTriangles@Gu@physx@@QAEXII@Z 10036dd0 f i InternalTriangleMeshBuilder.obj
 0001:00035e00       ?allocate@?$ReflectionAllocator@VEdgeListBuilder@Gu@physx@@@shdfnd@physx@@QAEPAXIPBDH@Z 10036e00 f i InternalTriangleMeshBuilder.obj
 0001:00035e60       ?findEdgeCCW@?$TriangleT@I@Gu@physx@@QBEEII@Z 10036e60 f i InternalTriangleMeshBuilder.obj
 0001:00035fd0       ?getName@?$ReflectionAllocator@VEdgeListBuilder@Gu@physx@@@shdfnd@physx@@CAPBDXZ 10036fd0 f i InternalTriangleMeshBuilder.obj
 0001:00036020       ?remap@RTreeCookerRemap@@UAEXPAIII@Z 10037020 f i InternalTriangleMeshBuilder.obj
 0001:000361c0       ??0MeshCleaner@physx@@QAE@IPBVPxVec3@1@IPBIM@Z 100371c0 f   MeshCleaner.obj
 0001:00036a30       ??1MeshCleaner@physx@@QAE@XZ 10037a30 f   MeshCleaner.obj
 0001:00036f10       ??9Indices@@QBE_NABU0@@Z   10037f10 f i MeshCleaner.obj
 0001:00036fb0       ??9PxVec3@physx@@QBE_NABV01@@Z 10037fb0 f i MeshCleaner.obj
 0001:00037030       ?PxFloor@physx@@YAMM@Z     10038030 f i MeshCleaner.obj
 0001:00037050       ?nextPowerOfTwo@shdfnd@physx@@YAII@Z 10038050 f i MeshCleaner.obj
 0001:000370b0       _floorf                    100380b0 f i MeshCleaner.obj
 0001:000370de       _GetModuleFileNameA@12     100380de f   kernel32:KERNEL32.dll
 0001:000370e4       _LoadLibraryA@4            100380e4 f   kernel32:KERNEL32.dll
 0001:000370ea       __imp_load_?writeWord@physx@@YAXG_NAAVPxOutputStream@1@@Z 100380ea f   PhysX3CommonDEBUG_x86:PhysX3CommonDEBUG_x86.dll
 0001:000370f4       __tailMerge_PhysX3CommonDEBUG_x86_dll 100380f4 f i PhysX3CommonDEBUG_x86:PhysX3CommonDEBUG_x86.dll
 0001:00037105       ?writeWord@physx@@YAXG_NAAVPxOutputStream@1@@Z 10038105 f   PhysX3CommonDEBUG_x86:PhysX3CommonDEBUG_x86.dll
 0001:0003710b       __imp_load_?writeDword@physx@@YAXI_NAAVPxOutputStream@1@@Z 1003810b f   PhysX3CommonDEBUG_x86:PhysX3CommonDEBUG_x86.dll
 0001:00037115       ?writeDword@physx@@YAXI_NAAVPxOutputStream@1@@Z 10038115 f   PhysX3CommonDEBUG_x86:PhysX3CommonDEBUG_x86.dll
 0001:0003711b       __imp_load_?writeFloat@physx@@YAXM_NAAVPxOutputStream@1@@Z 1003811b f   PhysX3CommonDEBUG_x86:PhysX3CommonDEBUG_x86.dll
 0001:00037125       ?writeFloat@physx@@YAXM_NAAVPxOutputStream@1@@Z 10038125 f   PhysX3CommonDEBUG_x86:PhysX3CommonDEBUG_x86.dll
 0001:0003712b       __imp_load_?writeHeader@physx@@YA_NCCCCI_NAAVPxOutputStream@1@@Z 1003812b f   PhysX3CommonDEBUG_x86:PhysX3CommonDEBUG_x86.dll
[...]
 0004:00000050       __imp__GetProcAddress@8    10046050     kernel32:KERNEL32.dll
 0004:00000054       __imp__FreeLibrary@4       10046054     kernel32:KERNEL32.dll
 0004:00000058       __imp__GetLastError@0      10046058     kernel32:KERNEL32.dll
 0004:0000005c       __imp__RaiseException@16   1004605c     kernel32:KERNEL32.dll
 0004:00000060       __imp__IsProcessorFeaturePresent@4 10046060     kernel32:KERNEL32.dll
 0004:00000064       \177KERNEL32_NULL_THUNK_DATA 10046064     kernel32:KERNEL32.dll
 0004:000000a4       __imp___amsg_exit          100460a4     MSVCRTD:MSVCR120D.dll
 0004:000000a8       __imp___malloc_dbg         100460a8     MSVCRTD:MSVCR120D.dll
 0004:000000ac       __imp___free_dbg           100460ac     MSVCRTD:MSVCR120D.dll
 0004:000000b0       __imp___CrtSetCheckCount   100460b0     MSVCRTD:MSVCR120D.dll
 0004:000000b4       __imp___initterm           100460b4     MSVCRTD:MSVCR120D.dll
 0004:000000b8       __imp___initterm_e         100460b8     MSVCRTD:MSVCR120D.dll
 0004:000000bc       __imp_?terminate@@YAXXZ    100460bc     MSVCRTD:MSVCR120D.dll
 0004:000000c0       __imp___lock               100460c0     MSVCRTD:MSVCR120D.dll
 0004:000000c4       __imp____CppXcptFilter     100460c4     MSVCRTD:MSVCR120D.dll
 0004:000000c8       __imp___CrtDbgReportW      100460c8     MSVCRTD:MSVCR120D.dll
 0004:000000cc       __imp___calloc_dbg         100460cc     MSVCRTD:MSVCR120D.dll
 0004:000000d0       __imp____dllonexit         100460d0     MSVCRTD:MSVCR120D.dll
 0004:000000d4       __imp___onexit             100460d4     MSVCRTD:MSVCR120D.dll
 0004:000000d8       __imp___except_handler4_common 100460d8     MSVCRTD:MSVCR120D.dll
 0004:000000dc       __imp__wcscpy_s            100460dc     MSVCRTD:MSVCR120D.dll
 0004:000000e0       __imp___wmakepath_s        100460e0     MSVCRTD:MSVCR120D.dll
 0004:000000e4       __imp___wsplitpath_s       100460e4     MSVCRTD:MSVCR120D.dll
 0004:000000e8       __imp___crt_debugger_hook  100460e8     MSVCRTD:MSVCR120D.dll
 0004:000000ec       __imp____crtUnhandledException 100460ec     MSVCRTD:MSVCR120D.dll
 0004:000000f0       __imp____crtTerminateProcess 100460f0     MSVCRTD:MSVCR120D.dll
 0004:000000f4       __imp_??1type_info@@UAE@XZ 100460f4     MSVCRTD:MSVCR120D.dll
 0004:000000f8       __imp____clean_type_info_names_internal 100460f8     MSVCRTD:MSVCR120D.dll
 0004:000000fc       __imp___except1            100460fc     MSVCRTD:MSVCR120D.dll
 0004:00000100       __imp___CRT_RTC_INITW      10046100     MSVCRTD:MSVCR120D.dll
 0004:00000104       __imp__floor               10046104     MSVCRTD:MSVCR120D.dll
 0004:00000108       __imp__atan2               10046108     MSVCRTD:MSVCR120D.dll
 0004:0000010c       __imp___purecall           1004610c     MSVCRTD:MSVCR120D.dll
 0004:00000110       __imp__sin                 10046110     MSVCRTD:MSVCR120D.dll
 0004:00000114       __imp__cos                 10046114     MSVCRTD:MSVCR120D.dll
 0004:00000118       __imp__printf              10046118     MSVCRTD:MSVCR120D.dll
 0004:0000011c       __imp_??3@YAXPAX@Z         1004611c     MSVCRTD:MSVCR120D.dll
 0004:00000120       __imp__sqrt                10046120     MSVCRTD:MSVCR120D.dll
 0004:00000124       __imp_?name@type_info@@QBEPBDPAU__type_info_node@@@Z 10046124     MSVCRTD:MSVCR120D.dll
 0004:00000128       __imp__pow                 10046128     MSVCRTD:MSVCR120D.dll
 0004:0000012c       __imp__fabs                1004612c     MSVCRTD:MSVCR120D.dll
 0004:00000130       __imp__memcpy              10046130     MSVCRTD:MSVCR120D.dll
 0004:00000134       __imp___fpclass            10046134     MSVCRTD:MSVCR120D.dll
 0004:00000138       __imp_??_U@YAPAXI@Z        10046138     MSVCRTD:MSVCR120D.dll
 0004:0000013c       __imp_??_V@YAXPAX@Z        1004613c     MSVCRTD:MSVCR120D.dll
 0004:00000140       __imp__memset              10046140     MSVCRTD:MSVCR120D.dll
 0004:00000144       __imp__strstr              10046144     MSVCRTD:MSVCR120D.dll
 0004:00000148       __imp__strcmp              10046148     MSVCRTD:MSVCR120D.dll
 0004:0000014c       __imp___unlock             1004614c     MSVCRTD:MSVCR120D.dll
 0004:00000150       \177MSVCR120D_NULL_THUNK_DATA 10046150     MSVCRTD:MSVCR120D.dll
 0004:0000019c       __IMPORT_DESCRIPTOR_KERNEL32 1004619c     kernel32:KERNEL32.dll
 0004:000001b0       __IMPORT_DESCRIPTOR_MSVCR120D 100461b0     MSVCRTD:MSVCR120D.dll
 0004:000001c4       __NULL_IMPORT_DESCRIPTOR   100461c4     kernel32:KERNEL32.dll
 0005:00000000       __DELAY_IMPORT_DESCRIPTOR_PhysX3CommonDEBUG_x86_dll 10047000     PhysX3CommonDEBUG_x86:PhysX3CommonDEBUG_x86.dll
 0005:00000020       __NULL_DELAY_IMPORT_DESCRIPTOR 10047020     PhysX3CommonDEBUG_x86:PhysX3CommonDEBUG_x86.dll
 0005:000001f4       \177PhysX3CommonDEBUG_x86_NULL_THUNK_DATA_DLN 100471f4     PhysX3CommonDEBUG_x86:PhysX3CommonDEBUG_x86.dll
 0005:00000274       __imp_?writeWord@physx@@YAXG_NAAVPxOutputStream@1@@Z 10047274     PhysX3CommonDEBUG_x86:PhysX3CommonDEBUG_x86.dll
 0005:00000278       __imp_?writeDword@physx@@YAXI_NAAVPxOutputStream@1@@Z 10047278     PhysX3CommonDEBUG_x86:PhysX3CommonDEBUG_x86.dll
 0005:0000027c       __imp_?writeFloat@physx@@YAXM_NAAVPxOutputStream@1@@Z 1004727c     PhysX3CommonDEBUG_x86:PhysX3CommonDEBUG_x86.dll
 0005:00000280       __imp_?writeHeader@physx@@YA_NCCCCI_NAAVPxOutputStream@1@@Z 10047280     PhysX3CommonDEBUG_x86:PhysX3CommonDEBUG_x86.dll
 0005:00000284       __imp_??0Allocator@shdfnd@physx@@QAE@PBD@Z 10047284     PhysX3CommonDEBUG_x86:PhysX3CommonDEBUG_x86.dll
 0005:00000288       __imp_?allocate@Allocator@shdfnd@physx@@QAEPAXIPBDH@Z 10047288     PhysX3CommonDEBUG_x86:PhysX3CommonDEBUG_x86.dll
 0005:0000028c       __imp_??0NamedAllocator@shdfnd@physx@@QAE@PBD@Z 1004728c     PhysX3CommonDEBUG_x86:PhysX3CommonDEBUG_x86.dll
 0005:00000290       __imp_??0NamedAllocator@shdfnd@physx@@QAE@ABV012@@Z 10047290     PhysX3CommonDEBUG_x86:PhysX3CommonDEBUG_x86.dll
 0005:00000294       __imp_??1NamedAllocator@shdfnd@physx@@QAE@XZ 10047294     PhysX3CommonDEBUG_x86:PhysX3CommonDEBUG_x86.dll
 0005:00000298       __imp_?allocate@NamedAllocator@shdfnd@physx@@QAEPAXIPBDH@Z 10047298     PhysX3CommonDEBUG_x86:PhysX3CommonDEBUG_x86.dll
 0005:0000029c       __imp_?deallocate@NamedAllocator@shdfnd@physx@@QAEXPAX@Z 1004729c     PhysX3CommonDEBUG_x86:PhysX3CommonDEBUG_x86.dll
 0005:000002a0       __imp_?PxGetAssertHandler@physx@@YAAAVPxAssertHandler@1@XZ 100472a0     PhysX3CommonDEBUG_x86:PhysX3CommonDEBUG_x86.dll
 0005:000002a4       __imp_?validate@RTree@Gu@physx@@QAEXXZ 100472a4     PhysX3CommonDEBUG_x86:PhysX3CommonDEBUG_x86.dll
 0005:000002a8       __imp_??0TempAllocator@shdfnd@physx@@QAE@PBD@Z 100472a8     PhysX3CommonDEBUG_x86:PhysX3CommonDEBUG_x86.dll
 0005:000002ac       __imp_?allocate@TempAllocator@shdfnd@physx@@QAEPAXIPBDH@Z 100472ac     PhysX3CommonDEBUG_x86:PhysX3CommonDEBUG_x86.dll
 0005:000002b0       __imp_?deallocate@TempAllocator@shdfnd@physx@@QAEXPAX@Z 100472b0     PhysX3CommonDEBUG_x86:PhysX3CommonDEBUG_x86.dll
 0005:000002b4       __imp_?computeBoundsAroundVertices@Gu@physx@@YAXAAVPxBounds3@2@IPIBVPxVec3@2@@Z 100472b4     PhysX3CommonDEBUG_x86:PhysX3CommonDEBUG_x86.dll
 0005:000002b8       __imp__PxGetFoundation     100472b8     PhysX3CommonDEBUG_x86:PhysX3CommonDEBUG_x86.dll
 0005:000002bc       __imp_?getAllocator@shdfnd@physx@@YAAAVPxAllocatorCallback@2@XZ 100472bc     PhysX3CommonDEBUG_x86:PhysX3CommonDEBUG_x86.dll
 0005:000002c0       __imp_?deallocate@Allocator@shdfnd@physx@@QAEXPAX@Z 100472c0     PhysX3CommonDEBUG_x86:PhysX3CommonDEBUG_x86.dll
 0005:000002c4       __imp_?getInstance@Foundation@shdfnd@physx@@SAAAV123@XZ 100472c4     PhysX3CommonDEBUG_x86:PhysX3CommonDEBUG_x86.dll
 0005:000002c8       __imp_?error@Foundation@shdfnd@physx@@QAAXW4Enum@PxErrorCode@3@PBDH1ZZ 100472c8     PhysX3CommonDEBUG_x86:PhysX3CommonDEBUG_x86.dll
 0005:000002cc       __imp_?save@RTree@Gu@physx@@QBE_NAAVPxOutputStream@3@@Z 100472cc     PhysX3CommonDEBUG_x86:PhysX3CommonDEBUG_x86.dll
 0005:000002d0       __imp_?release@InternalTriangleMesh@physx@@QAEXXZ 100472d0     PhysX3CommonDEBUG_x86:PhysX3CommonDEBUG_x86.dll
 0005:000002d4       __imp_?allocateVertices@InternalTriangleMesh@physx@@QAEPAVPxVec3@2@I@Z 100472d4     PhysX3CommonDEBUG_x86:PhysX3CommonDEBUG_x86.dll
 0005:000002d8       __imp_?allocateTriangles@InternalTriangleMesh@physx@@QAEPAXI_N@Z 100472d8     PhysX3CommonDEBUG_x86:PhysX3CommonDEBUG_x86.dll
 0005:000002dc       __imp_?allocateMaterials@InternalTriangleMesh@physx@@QAEPAGXZ 100472dc     PhysX3CommonDEBUG_x86:PhysX3CommonDEBUG_x86.dll
 0005:000002e0       __imp_?getNumVertices@InternalTriangleMesh@physx@@QBEIXZ 100472e0     PhysX3CommonDEBUG_x86:PhysX3CommonDEBUG_x86.dll
 0005:000002e4       __imp_?getNumTriangles@InternalTriangleMesh@physx@@QBEIXZ 100472e4     PhysX3CommonDEBUG_x86:PhysX3CommonDEBUG_x86.dll
 0005:000002e8       __imp_?getVertices@InternalTriangleMesh@physx@@QBEPBVPxVec3@2@XZ 100472e8     PhysX3CommonDEBUG_x86:PhysX3CommonDEBUG_x86.dll
 0005:000002ec       __imp_?getTriangles@InternalTriangleMesh@physx@@QBEPBXXZ 100472ec     PhysX3CommonDEBUG_x86:PhysX3CommonDEBUG_x86.dll
 0005:000002f0       __imp_?getMaterials@InternalTriangleMesh@physx@@QBEPBGXZ 100472f0     PhysX3CommonDEBUG_x86:PhysX3CommonDEBUG_x86.dll
 0005:000002f4       __imp_?getFaceRemap@InternalTriangleMesh@physx@@QBEPBIXZ 100472f4     PhysX3CommonDEBUG_x86:PhysX3CommonDEBUG_x86.dll
 0005:000002f8       __imp_?getAdjacencies@InternalTriangleMesh@physx@@QBEPBIXZ 100472f8     PhysX3CommonDEBUG_x86:PhysX3CommonDEBUG_x86.dll
 0005:000002fc       __imp_?getCollisionModel@InternalTriangleMesh@physx@@QBEABVRTreeMidphase@Gu@2@XZ 100472fc     PhysX3CommonDEBUG_x86:PhysX3CommonDEBUG_x86.dll
 0005:00000300       __imp_?writeWordBuffer@physx@@YAXPBGI_NAAVPxOutputStream@1@@Z 10047300     PhysX3CommonDEBUG_x86:PhysX3CommonDEBUG_x86.dll
 0005:00000304       __imp_?writeFloatBuffer@physx@@YAXPBMI_NAAVPxOutputStream@1@@Z 10047304     PhysX3CommonDEBUG_x86:PhysX3CommonDEBUG_x86.dll
 0005:00000308       __imp_?computeMaxIndex@physx@@YAIPBII@Z 10047308     PhysX3CommonDEBUG_x86:PhysX3CommonDEBUG_x86.dll
 0005:0000030c       __imp_?storeIndices@physx@@YAXIIPBIAAVPxOutputStream@1@_N@Z 1004730c     PhysX3CommonDEBUG_x86:PhysX3CommonDEBUG_x86.dll
 0005:00000310       __imp_?computeMaxIndex@physx@@YAGPBGI@Z 10047310     PhysX3CommonDEBUG_x86:PhysX3CommonDEBUG_x86.dll
 0005:00000314       __imp_?WriteHeader@Gu@physx@@YA_NEEEEI_NAAVPxOutputStream@2@@Z 10047314     PhysX3CommonDEBUG_x86:PhysX3CommonDEBUG_x86.dll
 0005:00000318       __imp_?StoreIndices@Gu@physx@@YAXGIPBGAAVPxOutputStream@2@_N@Z 10047318     PhysX3CommonDEBUG_x86:PhysX3CommonDEBUG_x86.dll
 0005:0000031c       __imp_?CreateOffsets@BigConvexData@physx@@IAEXXZ 1004731c     PhysX3CommonDEBUG_x86:PhysX3CommonDEBUG_x86.dll
 0005:00000320       __imp_?GetRanks@RadixSort@Gu@physx@@QBEPBIXZ 10047320     PhysX3CommonDEBUG_x86:PhysX3CommonDEBUG_x86.dll
 0005:00000324       __imp_??0RadixSortBuffered@Gu@physx@@QAE@XZ 10047324     PhysX3CommonDEBUG_x86:PhysX3CommonDEBUG_x86.dll
 0005:00000328       __imp_??1RadixSortBuffered@Gu@physx@@UAE@XZ 10047328     PhysX3CommonDEBUG_x86:PhysX3CommonDEBUG_x86.dll
 0005:0000032c       __imp_?Sort@RadixSortBuffered@Gu@physx@@QAEAAV123@PBIIW4RadixHint@23@@Z 1004732c     PhysX3CommonDEBUG_x86:PhysX3CommonDEBUG_x86.dll
 0005:00000330       __imp_??0Container@Gu@physx@@QAE@XZ 10047330     PhysX3CommonDEBUG_x86:PhysX3CommonDEBUG_x86.dll
 0005:00000334       __imp_??0Container@Gu@physx@@QAE@ABV012@@Z 10047334     PhysX3CommonDEBUG_x86:PhysX3CommonDEBUG_x86.dll
 0005:00000338       __imp_??1Container@Gu@physx@@QAE@XZ 10047338     PhysX3CommonDEBUG_x86:PhysX3CommonDEBUG_x86.dll
 0005:0000033c       __imp_?Add@Container@Gu@physx@@QAEAAV123@I@Z 1004733c     PhysX3CommonDEBUG_x86:PhysX3CommonDEBUG_x86.dll
 0005:00000340       __imp_?Add@Container@Gu@physx@@QAEAAV123@PBII@Z 10047340     PhysX3CommonDEBUG_x86:PhysX3CommonDEBUG_x86.dll
 0005:00000344       __imp_?Add@Container@Gu@physx@@QAEAAV123@ABV123@@Z 10047344     PhysX3CommonDEBUG_x86:PhysX3CommonDEBUG_x86.dll
 0005:00000348       __imp_?AddUnique@Container@Gu@physx@@QAEAAV123@I@Z 10047348     PhysX3CommonDEBUG_x86:PhysX3CommonDEBUG_x86.dll
 0005:0000034c       __imp_?Empty@Container@Gu@physx@@QAEAAV123@XZ 1004734c     PhysX3CommonDEBUG_x86:PhysX3CommonDEBUG_x86.dll
 0005:00000350       __imp_?Reset@Container@Gu@physx@@QAEXXZ 10047350     PhysX3CommonDEBUG_x86:PhysX3CommonDEBUG_x86.dll
 0005:00000354       __imp_?Contains@Container@Gu@physx@@QBE_NIPAI@Z 10047354     PhysX3CommonDEBUG_x86:PhysX3CommonDEBUG_x86.dll
 0005:00000358       __imp_?DeleteIndex@Container@Gu@physx@@QAEXI@Z 10047358     PhysX3CommonDEBUG_x86:PhysX3CommonDEBUG_x86.dll
 0005:0000035c       __imp_?GetNbEntries@Container@Gu@physx@@QBEIXZ 1004735c     PhysX3CommonDEBUG_x86:PhysX3CommonDEBUG_x86.dll
 0005:00000360       __imp_?GetEntry@Container@Gu@physx@@QBEII@Z 10047360     PhysX3CommonDEBUG_x86:PhysX3CommonDEBUG_x86.dll
 0005:00000364       __imp_?GetEntries@Container@Gu@physx@@QBEPAIXZ 10047364     PhysX3CommonDEBUG_x86:PhysX3CommonDEBUG_x86.dll
 0005:00000368       __imp_??AContainer@Gu@physx@@QAEAAII@Z 10047368     PhysX3CommonDEBUG_x86:PhysX3CommonDEBUG_x86.dll
 0005:0000036c       __imp_??4Container@Gu@physx@@QAEXABV012@@Z 1004736c     PhysX3CommonDEBUG_x86:PhysX3CommonDEBUG_x86.dll
 0005:00000370       __imp_??0ConvexMesh@Gu@physx@@QAE@XZ 10047370     PhysX3CommonDEBUG_x86:PhysX3CommonDEBUG_x86.dll
 0005:00000374       __imp_??1ConvexMesh@Gu@physx@@UAE@XZ 10047374     PhysX3CommonDEBUG_x86:PhysX3CommonDEBUG_x86.dll
 0005:00000378       __imp_??0BigConvexData@physx@@QAE@XZ 10047378     PhysX3CommonDEBUG_x86:PhysX3CommonDEBUG_x86.dll
 0005:0000037c       __imp_??1BigConvexData@physx@@QAE@XZ 1004737c     PhysX3CommonDEBUG_x86:PhysX3CommonDEBUG_x86.dll
 0005:00000380       __imp_?exportExtraData@ConvexMesh@Gu@physx@@UAEXAAVPxSerializationContext@3@@Z 10047380     PhysX3CommonDEBUG_x86:PhysX3CommonDEBUG_x86.dll
 0005:00000384       __imp_?getConcreteTypeName@PxConvexMesh@physx@@UBEPBDXZ 10047384     PhysX3CommonDEBUG_x86:PhysX3CommonDEBUG_x86.dll
 0005:00000388       __imp_?getIndexBuffer@ConvexMesh@Gu@physx@@UBEPBEXZ 10047388     PhysX3CommonDEBUG_x86:PhysX3CommonDEBUG_x86.dll
 0005:0000038c       __imp_?getLocalBounds@ConvexMesh@Gu@physx@@UBE?AVPxBounds3@3@XZ 1004738c     PhysX3CommonDEBUG_x86:PhysX3CommonDEBUG_x86.dll
 0005:00000390       __imp_?getMassInformation@ConvexMesh@Gu@physx@@UBEXAAMAAVPxMat33@3@AAVPxVec3@3@@Z 10047390     PhysX3CommonDEBUG_x86:PhysX3CommonDEBUG_x86.dll
 0005:00000394       __imp_?getNbPolygons@ConvexMesh@Gu@physx@@UBEIXZ 10047394     PhysX3CommonDEBUG_x86:PhysX3CommonDEBUG_x86.dll
 0005:00000398       __imp_?getNbVertices@ConvexMesh@Gu@physx@@UBEIXZ 10047398     PhysX3CommonDEBUG_x86:PhysX3CommonDEBUG_x86.dll
 0005:0000039c       __imp_?getPolygonData@ConvexMesh@Gu@physx@@UBE_NIAAUPxHullPolygon@3@@Z 1004739c     PhysX3CommonDEBUG_x86:PhysX3CommonDEBUG_x86.dll
 0005:000003a0       __imp_?getReferenceCount@ConvexMesh@Gu@physx@@UBEIXZ 100473a0     PhysX3CommonDEBUG_x86:PhysX3CommonDEBUG_x86.dll
 0005:000003a4       __imp_?getVertices@ConvexMesh@Gu@physx@@UBEPBVPxVec3@3@XZ 100473a4     PhysX3CommonDEBUG_x86:PhysX3CommonDEBUG_x86.dll
 0005:000003a8       __imp_?isKindOf@PxConvexMesh@physx@@MBE_NPBD@Z 100473a8     PhysX3CommonDEBUG_x86:PhysX3CommonDEBUG_x86.dll
 0005:000003ac       __imp_?onRefCountZero@ConvexMesh@Gu@physx@@UAEXXZ 100473ac     PhysX3CommonDEBUG_x86:PhysX3CommonDEBUG_x86.dll
 0005:000003b0       __imp_?release@ConvexMesh@Gu@physx@@UAEXXZ 100473b0     PhysX3CommonDEBUG_x86:PhysX3CommonDEBUG_x86.dll
 0005:000003b4       __imp_?readDword@physx@@YAI_NAAVPxInputStream@1@@Z 100473b4     PhysX3CommonDEBUG_x86:PhysX3CommonDEBUG_x86.dll
 0005:000003b8       __imp_?ReadHeader@Gu@physx@@YA_NEEEEAAIAA_NAAVPxInputStream@2@@Z 100473b8     PhysX3CommonDEBUG_x86:PhysX3CommonDEBUG_x86.dll
 0005:000003bc       __imp_??0FPUGuard@shdfnd@physx@@QAE@XZ 100473bc     PhysX3CommonDEBUG_x86:PhysX3CommonDEBUG_x86.dll
 0005:000003c0       __imp_??1FPUGuard@shdfnd@physx@@QAE@XZ 100473c0     PhysX3CommonDEBUG_x86:PhysX3CommonDEBUG_x86.dll
 0005:000003c4       __imp_?incRefCount@Foundation@shdfnd@physx@@SAXXZ 100473c4     PhysX3CommonDEBUG_x86:PhysX3CommonDEBUG_x86.dll
 0005:000003c8       __imp_?decRefCount@Foundation@shdfnd@physx@@SAXXZ 100473c8     PhysX3CommonDEBUG_x86:PhysX3CommonDEBUG_x86.dll
 0005:000003cc       __imp_??0TriangleMesh@Gu@physx@@QAE@XZ 100473cc     PhysX3CommonDEBUG_x86:PhysX3CommonDEBUG_x86.dll
 0005:000003d0       __imp_?checkMeshIndicesSize@TriangleMesh@Gu@physx@@QAEXXZ 100473d0     PhysX3CommonDEBUG_x86:PhysX3CommonDEBUG_x86.dll
 0005:000003d4       __imp_??1TriangleMesh@Gu@physx@@UAE@XZ 100473d4     PhysX3CommonDEBUG_x86:PhysX3CommonDEBUG_x86.dll
 0005:000003d8       __imp_??0HeightField@Gu@physx@@QAE@PAVGuMeshFactory@2@@Z 100473d8     PhysX3CommonDEBUG_x86:PhysX3CommonDEBUG_x86.dll
 0005:000003dc       __imp_?loadFromDesc@HeightField@Gu@physx@@QAE_NABVPxHeightFieldDesc@3@_N@Z 100473dc     PhysX3CommonDEBUG_x86:PhysX3CommonDEBUG_x86.dll
 0005:000003e0       __imp_?releaseMemory@HeightField@Gu@physx@@QAEX_N@Z 100473e0     PhysX3CommonDEBUG_x86:PhysX3CommonDEBUG_x86.dll
 0005:000003e4       __imp_?exportExtraData@TriangleMesh@Gu@physx@@UAEXAAVPxSerializationContext@3@@Z 100473e4     PhysX3CommonDEBUG_x86:PhysX3CommonDEBUG_x86.dll
 0005:000003e8       __imp_?getConcreteTypeName@PxTriangleMesh@physx@@UBEPBDXZ 100473e8     PhysX3CommonDEBUG_x86:PhysX3CommonDEBUG_x86.dll
 0005:000003ec       __imp_?getLocalBounds@TriangleMesh@Gu@physx@@UBE?AVPxBounds3@3@XZ 100473ec     PhysX3CommonDEBUG_x86:PhysX3CommonDEBUG_x86.dll
 0005:000003f0       __imp_?getNbTriangles@TriangleMesh@Gu@physx@@UBEIXZ 100473f0     PhysX3CommonDEBUG_x86:PhysX3CommonDEBUG_x86.dll
 0005:000003f4       __imp_?getNbVertices@TriangleMesh@Gu@physx@@UBEIXZ 100473f4     PhysX3CommonDEBUG_x86:PhysX3CommonDEBUG_x86.dll
 0005:000003f8       __imp_?getReferenceCount@TriangleMesh@Gu@physx@@UBEIXZ 100473f8     PhysX3CommonDEBUG_x86:PhysX3CommonDEBUG_x86.dll
 0005:000003fc       __imp_?getTriangleMaterialIndex@TriangleMesh@Gu@physx@@UBEGI@Z 100473fc     PhysX3CommonDEBUG_x86:PhysX3CommonDEBUG_x86.dll
 0005:00000400       __imp_?getTriangleMeshFlags@TriangleMesh@Gu@physx@@UBE?AV?$PxFlags@W4Enum@PxTriangleMeshFlag@physx@@E@3@XZ 10047400     PhysX3CommonDEBUG_x86:PhysX3CommonDEBUG_x86.dll
 0005:00000404       __imp_?getTriangles@TriangleMesh@Gu@physx@@UBEPBXXZ 10047404     PhysX3CommonDEBUG_x86:PhysX3CommonDEBUG_x86.dll
 0005:00000408       __imp_?getTrianglesRemap@TriangleMesh@Gu@physx@@UBEPBIXZ 10047408     PhysX3CommonDEBUG_x86:PhysX3CommonDEBUG_x86.dll
 0005:0000040c       __imp_?getVertices@TriangleMesh@Gu@physx@@UBEPBVPxVec3@3@XZ 1004740c     PhysX3CommonDEBUG_x86:PhysX3CommonDEBUG_x86.dll
 0005:00000410       __imp_?isKindOf@PxTriangleMesh@physx@@MBE_NPBD@Z 10047410     PhysX3CommonDEBUG_x86:PhysX3CommonDEBUG_x86.dll
 0005:00000414       __imp_?onRefCountZero@TriangleMesh@Gu@physx@@UAEXXZ 10047414     PhysX3CommonDEBUG_x86:PhysX3CommonDEBUG_x86.dll
 0005:00000418       __imp_?release@TriangleMesh@Gu@physx@@UAEXXZ 10047418     PhysX3CommonDEBUG_x86:PhysX3CommonDEBUG_x86.dll
 0005:0000041c       __imp_?has16BitIndices@InternalTriangleMesh@physx@@QBE_NXZ 1004741c     PhysX3CommonDEBUG_x86:PhysX3CommonDEBUG_x86.dll
 0005:00000420       __imp_?setTriangleAdjacency@InternalTriangleMesh@physx@@QAEXIII@Z 10047420     PhysX3CommonDEBUG_x86:PhysX3CommonDEBUG_x86.dll
 0005:00000424       __imp_?setupMeshInterface@InternalTriangleMesh@physx@@QAEXXZ 10047424     PhysX3CommonDEBUG_x86:PhysX3CommonDEBUG_x86.dll
 0005:00000428       \177PhysX3CommonDEBUG_x86_NULL_THUNK_DATA_DLA 10047428     PhysX3CommonDEBUG_x86:PhysX3CommonDEBUG_x86.dll
 0005:00001d58       \177PhysX3CommonDEBUG_x86_NULL_THUNK_DATA_DLB 10048d58     PhysX3CommonDEBUG_x86:PhysX3CommonDEBUG_x86.dll
