 PhysX3CharacterKinematicDEBUG_x64

 Timestamp is 58a20ed2 (Mon Feb 13 20:53:54 2017)

 Preferred load address is 0000000180000000

 Start         Length     Name                   Class
 0001:00000000 00002a3dH .text$di                CODE
 0001:00002a40 000b5655H .text$mn                CODE
 0001:000b80a0 0000204dH .text$x                 CODE
 0002:00000000 00000109H .CRT$XCA                DATA
 0002:00000110 000001a5H .CRT$XCU                DATA
 0002:000002b8 00000109H .CRT$XCZ                DATA
 0002:000003c8 00000109H .CRT$XIA                DATA
 0002:000004d8 00000126H .CRT$XIC                DATA
 0002:00000600 00000109H .CRT$XIZ                DATA
 0002:00000710 00000109H .CRT$XPA                DATA
 0002:00000820 00000113H .CRT$XPX                DATA
 0002:00000938 00000109H .CRT$XPXA               DATA
 0002:00000a48 00000109H .CRT$XPZ                DATA
 0002:00000b58 00000109H .CRT$XTA                DATA
 0002:00000c68 00000109H .CRT$XTZ                DATA
 0002:00000d80 00017228H .rdata                  DATA
 0002:00017fa8 000001ebH .rdata$debug            DATA
 0002:00018198 0000081bH .rdata$r                DATA
 0002:000189b8 00000109H .rtc$IAA                DATA
 0002:00018ac8 000001c7H .rtc$IMZ                DATA
 0002:00018c90 00000109H .rtc$IZZ                DATA
 0002:00018da0 00000109H .rtc$TAA                DATA
 0002:00018eb0 000001c7H .rtc$TMZ                DATA
 0002:00019078 00000109H .rtc$TZZ                DATA
 0002:00019188 00005682H .xdata                  DATA
 0002:0001e810 0000019eH .xdata$x                DATA
 0002:0001e9b0 00000ac7H .edata                  DATA
 0003:00000000 00001f8aH .data                   DATA
 0003:00001f90 0000048bH .data$r                 DATA
 0003:00002420 00002af1H .bss                    DATA
 0004:00000000 00005f40H .pdata                  DATA
 0005:00000000 000005e0H .idata$5                DATA
 0005:000005e0 0000003cH .idata$2                DATA
 0005:0000061c 00000014H .idata$3                DATA
 0005:00000630 000005e0H .idata$4                DATA
 0005:00000c10 00001524H .idata$6                DATA
 0006:00000000 000001c0H .rsrc$01                DATA
 0006:000001c0 00000700H .rsrc$02                DATA

  Address         Publics by Value              Rva+Base               Lib:Object

 0000:00000000       __guard_fids_count         0000000000000000     <absolute>
 0000:00000000       __guard_flags              0000000000000000     <absolute>
 0000:00000000       __guard_fids_table         0000000000000000     <absolute>
 0000:00000000       ___safe_se_handler_count   0000000000000000     <absolute>
 0000:00000000       ___safe_se_handler_table   0000000000000000     <absolute>
 0000:00000000       __ImageBase                0000000180000000     <linker-defined>
 0001:00002a40       ??0BoxController@Cct@physx@@QEAA@AEBVPxControllerDesc@2@AEAVPxPhysics@2@PEAVPxScene@2@@Z 0000000180003a40 f   CctBoxController.obj
 0001:00002ba0       ??1BoxController@Cct@physx@@UEAA@XZ 0000000180003ba0 f   CctBoxController.obj
 0001:00002bf0       ?getWorldBox@BoxController@Cct@physx@@UEBA_NAEAUPxExtendedBounds3@3@@Z 0000000180003bf0 f   CctBoxController.obj
 0001:00002c60       ?setFootPosition@BoxController@Cct@physx@@UEAA_NAEBUPxExtendedVec3@3@@Z 0000000180003c60 f   CctBoxController.obj
 0001:00002cf0       ?getFootPosition@BoxController@Cct@physx@@UEBA?AUPxExtendedVec3@3@XZ 0000000180003cf0 f   CctBoxController.obj
 0001:00002d80       ?invalidateCache@BoxController@Cct@physx@@UEAAXXZ 0000000180003d80 f   CctBoxController.obj
 0001:00002e00       ?resize@BoxController@Cct@physx@@UEAAXM@Z 0000000180003e00 f   CctBoxController.obj
 0001:00002ed0       ?getHalfHeight@BoxController@Cct@physx@@UEBAMXZ 0000000180003ed0 f   CctBoxController.obj
 0001:00002ef0       ?getHalfSideExtent@BoxController@Cct@physx@@UEBAMXZ 0000000180003ef0 f   CctBoxController.obj
 0001:00002f10       ?getHalfForwardExtent@BoxController@Cct@physx@@UEBAMXZ 0000000180003f10 f   CctBoxController.obj
 0001:00002f30       ?setHalfHeight@BoxController@Cct@physx@@UEAA_NM@Z 0000000180003f30 f   CctBoxController.obj
 0001:00002f80       ?setHalfSideExtent@BoxController@Cct@physx@@UEAA_NM@Z 0000000180003f80 f   CctBoxController.obj
 0001:00002fd0       ?setHalfForwardExtent@BoxController@Cct@physx@@UEAA_NM@Z 0000000180003fd0 f   CctBoxController.obj
 0001:00003020       ?updateKinematicProxy@BoxController@Cct@physx@@QEAA_NXZ 0000000180004020 f   CctBoxController.obj
 0001:00003140       ?getOBB@BoxController@Cct@physx@@QEBAXAEAVPxExtendedBox@3@@Z 0000000180004140 f   CctBoxController.obj
 0001:00003440       ??0Allocator@shdfnd@physx@@QEAA@PEBD@Z 0000000180004440 f i CctBoxController.obj
 0001:00003460       ??0NonTrackingAllocator@shdfnd@physx@@QEAA@PEBD@Z 0000000180004460 f i CctBoxController.obj
 0001:00003480       ??0PxBoxController@physx@@IEAA@XZ 0000000180004480 f i CctBoxController.obj
 0001:000034c0       ??0PxBoxGeometry@physx@@QEAA@XZ 00000001800044c0 f i CctBoxController.obj
 0001:00003510       ??0PxController@physx@@IEAA@XZ 0000000180004510 f i CctBoxController.obj
 0001:00003530       ??0PxControllerManager@physx@@IEAA@XZ 0000000180004530 f i CctBoxController.obj
 0001:00003550       ??0PxControllerManager@physx@@QEAA@AEBV01@@Z 0000000180004550 f i CctBoxController.obj
 0001:00003580       ??0PxExtendedBounds3@physx@@QEAA@XZ 0000000180004580 f i CctBoxController.obj
 0001:000035c0       ??0PxExtendedVec3@physx@@QEAA@NNN@Z 00000001800045c0 f i CctBoxController.obj
 0001:00003620       ??0PxExtendedVec3@physx@@QEAA@XZ 0000000180004620 f i CctBoxController.obj
 0001:00003630       ??0PxFoundation@physx@@QEAA@AEBV01@@Z 0000000180004630 f i CctBoxController.obj
 0001:00003660       ??0PxFoundation@physx@@QEAA@XZ 0000000180004660 f i CctBoxController.obj
 0001:00003680       ??0PxGeometry@physx@@IEAA@W4Enum@PxGeometryType@1@@Z 0000000180004680 f i CctBoxController.obj
 0001:000036a0       ??0PxVec3@physx@@QEAA@AEBV01@@Z 00000001800046a0 f i CctBoxController.obj
 0001:00003700       ??0PxVec3@physx@@QEAA@MMM@Z 0000000180004700 f i CctBoxController.obj
 0001:00003760       ??1PxBoxController@physx@@MEAA@XZ 0000000180004760 f i CctBoxController.obj
 0001:00003790       ??1PxController@physx@@MEAA@XZ 0000000180004790 f i CctBoxController.obj
 0001:000037b0       ??1PxControllerManager@physx@@MEAA@XZ 00000001800047b0 f i CctBoxController.obj
 0001:000037d0       ??1PxFoundation@physx@@MEAA@XZ 00000001800047d0 f i CctBoxController.obj
 0001:000037f0       ??3UserAllocated@shdfnd@physx@@SAXPEAX@Z 00000001800047f0 f i CctBoxController.obj
 0001:00003820       ??4Allocator@shdfnd@physx@@QEAAAEAV012@AEBV012@@Z 0000000180004820 f i CctBoxController.obj
 0001:00003840       ??4MutexImpl@shdfnd@physx@@QEAAAEAV012@AEBV012@@Z 0000000180004840 f i CctBoxController.obj
 0001:00003860       ??4PxControllerManager@physx@@QEAAAEAV01@AEBV01@@Z 0000000180004860 f i CctBoxController.obj
 0001:00003880       ??4PxFoundation@physx@@QEAAAEAV01@AEBV01@@Z 0000000180004880 f i CctBoxController.obj
 0001:000038a0       ??4PxQuat@physx@@QEAAAEAV01@AEBV01@@Z 00000001800048a0 f i CctBoxController.obj
 0001:00003920       ??4PxVec3@physx@@QEAAAEAV01@AEBV01@@Z 0000000180004920 f i CctBoxController.obj
 0001:00003980       ??DPxVec3@physx@@QEBA?AV01@M@Z 0000000180004980 f i CctBoxController.obj
 0001:00003a10       ??GPxExtendedVec3@physx@@QEBA?AVPxVec3@1@AEBU01@@Z 0000000180004a10 f i CctBoxController.obj
 0001:00003ac0       ??HPxExtendedVec3@physx@@QEBA?AU01@AEBU01@@Z 0000000180004ac0 f i CctBoxController.obj
 0001:00003b60       ??XPxExtendedVec3@physx@@QEAAAEAU01@AEBM@Z 0000000180004b60 f i CctBoxController.obj
 0001:00003c00       ??XPxVec3@physx@@QEAAAEAV01@M@Z 0000000180004c00 f i CctBoxController.obj
 0001:00003c80       ??YPxExtendedVec3@physx@@QEAAAEAU01@AEBVPxVec3@1@@Z 0000000180004c80 f i CctBoxController.obj
 0001:00003d20       ??ZPxExtendedVec3@physx@@QEAAAEAU01@AEBVPxVec3@1@@Z 0000000180004d20 f i CctBoxController.obj
 0001:00003dbc       ??_EBoxController@Cct@physx@@W7EAAPEAXI@Z 0000000180004dbc f i CctBoxController.obj
 0001:00003dd0       ??_EPxControllerManager@physx@@MEAAPEAXI@Z 0000000180004dd0 f i CctBoxController.obj
 0001:00003e80       ??_EPxFoundation@physx@@MEAAPEAXI@Z 0000000180004e80 f i CctBoxController.obj
 0001:00003f30       ??_FAllocator@shdfnd@physx@@QEAAXXZ 0000000180004f30 f i CctBoxController.obj
 0001:00003f50       ??_FNamedAllocator@shdfnd@physx@@QEAAXXZ 0000000180004f50 f i CctBoxController.obj
 0001:00003f70       ??_EBoxController@Cct@physx@@UEAAPEAXI@Z 0000000180004f70 f i CctBoxController.obj
 0001:00003f70       ??_GBoxController@Cct@physx@@UEAAPEAXI@Z 0000000180004f70 f i CctBoxController.obj
 0001:00003fc0       ??_EPxBoxController@physx@@MEAAPEAXI@Z 0000000180004fc0 f i CctBoxController.obj
 0001:00003fc0       ??_GPxBoxController@physx@@MEAAPEAXI@Z 0000000180004fc0 f i CctBoxController.obj
 0001:00004010       ??_GPxController@physx@@MEAAPEAXI@Z 0000000180005010 f i CctBoxController.obj
 0001:00004010       ??_EPxController@physx@@MEAAPEAXI@Z 0000000180005010 f i CctBoxController.obj
 0001:00004060       ??_GPxControllerManager@physx@@MEAAPEAXI@Z 0000000180005060 f i CctBoxController.obj
 0001:000040b0       ??_GPxFoundation@physx@@MEAAPEAXI@Z 00000001800050b0 f i CctBoxController.obj
 0001:00004100       ??_H@YAXPEAX_KHP6APEAX0@Z@Z 0000000180005100 f i CctBoxController.obj
 0001:00004170       ??_I@YAXPEAX_KHP6AX0@Z@Z   0000000180005170 f i CctBoxController.obj
 0001:00004200       ?deallocate@NonTrackingAllocator@shdfnd@physx@@QEAAXPEAX@Z 0000000180005200 f i CctBoxController.obj
 0001:00004250       ?getActor@BoxController@Cct@physx@@UEBAPEAVPxRigidDynamic@3@XZ 0000000180005250 f i CctBoxController.obj
 0001:00004270       ?getCenter@physx@@YAXAEBUPxExtendedBounds3@1@AEAUPxExtendedVec3@1@@Z 0000000180005270 f i CctBoxController.obj
 0001:000042f0       ?getContactOffset@BoxController@Cct@physx@@UEBAMXZ 00000001800052f0 f i CctBoxController.obj
 0001:00004310       ?getExtents@physx@@YAXAEBUPxExtendedBounds3@1@AEAVPxVec3@1@@Z 0000000180005310 f i CctBoxController.obj
 0001:00004370       ?getHalfHeightInternal@BoxController@Cct@physx@@UEBAMXZ 0000000180005370 f i CctBoxController.obj
 0001:00004390       ?getNonWalkableMode@BoxController@Cct@physx@@UEBA?AW4Enum@PxControllerNonWalkableMode@3@XZ 0000000180005390 f i CctBoxController.obj
 0001:000043b0       ?getPosition@BoxController@Cct@physx@@UEBAAEBUPxExtendedVec3@3@XZ 00000001800053b0 f i CctBoxController.obj
 0001:000043d0       ?getPxController@BoxController@Cct@physx@@UEAAPEAVPxController@3@XZ 00000001800053d0 f i CctBoxController.obj
 0001:000043f0       ?getScene@BoxController@Cct@physx@@UEAAPEAVPxScene@3@XZ 00000001800053f0 f i CctBoxController.obj
 0001:00004410       ?getSlopeLimit@BoxController@Cct@physx@@UEBAMXZ 0000000180005410 f i CctBoxController.obj
 0001:00004430       ?getState@BoxController@Cct@physx@@UEBAXAEAUPxControllerState@3@@Z 0000000180005430 f i CctBoxController.obj
 0001:00004470       ?getStats@BoxController@Cct@physx@@UEBAXAEAUPxControllerStats@3@@Z 0000000180005470 f i CctBoxController.obj
 0001:000044b0       ?getStepOffset@BoxController@Cct@physx@@UEBAMXZ 00000001800054b0 f i CctBoxController.obj
 0001:000044d0       ?getType@BoxController@Cct@physx@@UEBA?AW4Enum@PxControllerShapeType@3@XZ 00000001800054d0 f i CctBoxController.obj
 0001:000044f0       ?getUpDirection@BoxController@Cct@physx@@UEBA?AVPxVec3@3@XZ 00000001800054f0 f i CctBoxController.obj
 0001:00004530       ?getUserData@BoxController@Cct@physx@@UEBAPEAXXZ 0000000180005530 f i CctBoxController.obj
 0001:00004550       ?lock@?$MutexT@V?$ReflectionAllocator@VMutexImpl@shdfnd@physx@@@shdfnd@physx@@@shdfnd@physx@@QEBAXXZ 0000000180005550 f i CctBoxController.obj
 0001:00004580       ?release@BoxController@Cct@physx@@UEAAXXZ 0000000180005580 f i CctBoxController.obj
 0001:000045b0       ?setCenterExtents@physx@@YAXAEAUPxExtendedBounds3@1@AEBUPxExtendedVec3@1@AEBVPxVec3@1@@Z 00000001800055b0 f i CctBoxController.obj
 0001:00004640       ?setContactOffset@BoxController@Cct@physx@@UEAAXM@Z 0000000180005640 f i CctBoxController.obj
 0001:00004680       ?setNonWalkableMode@BoxController@Cct@physx@@UEAAXW4Enum@PxControllerNonWalkableMode@3@@Z 0000000180005680 f i CctBoxController.obj
 0001:000046a0       ?setPosition@BoxController@Cct@physx@@UEAA_NAEBUPxExtendedVec3@3@@Z 00000001800056a0 f i CctBoxController.obj
 0001:000046e0       ?setSlopeLimit@BoxController@Cct@physx@@UEAAXM@Z 00000001800056e0 f i CctBoxController.obj
 0001:00004720       ?setStepOffset@BoxController@Cct@physx@@UEAAXM@Z 0000000180005720 f i CctBoxController.obj
 0001:00004760       ?setUpDirection@BoxController@Cct@physx@@UEAAXAEBVPxVec3@3@@Z 0000000180005760 f i CctBoxController.obj
 0001:000047a0       ?setUserData@BoxController@Cct@physx@@UEAAXPEAX@Z 00000001800057a0 f i CctBoxController.obj
 0001:000047c0       ?unlock@?$MutexT@V?$ReflectionAllocator@VMutexImpl@shdfnd@physx@@@shdfnd@physx@@@shdfnd@physx@@QEBAXXZ 00000001800057c0 f i CctBoxController.obj
 0001:000047f0       ??0CapsuleController@Cct@physx@@QEAA@AEBVPxControllerDesc@2@AEAVPxPhysics@2@PEAVPxScene@2@@Z 00000001800057f0 f   CctCapsuleController.obj
 0001:00004940       ??1CapsuleController@Cct@physx@@UEAA@XZ 0000000180005940 f   CctCapsuleController.obj
 0001:00004990       ?getWorldBox@CapsuleController@Cct@physx@@UEBA_NAEAUPxExtendedBounds3@3@@Z 0000000180005990 f   CctCapsuleController.obj
 0001:00004a20       ?setFootPosition@CapsuleController@Cct@physx@@UEAA_NAEBUPxExtendedVec3@3@@Z 0000000180005a20 f   CctCapsuleController.obj
 0001:00004ac0       ?getFootPosition@CapsuleController@Cct@physx@@UEBA?AUPxExtendedVec3@3@XZ 0000000180005ac0 f   CctCapsuleController.obj
 0001:00004b70       ?invalidateCache@CapsuleController@Cct@physx@@UEAAXXZ 0000000180005b70 f   CctCapsuleController.obj
 0001:00004bf0       ?resize@CapsuleController@Cct@physx@@UEAAXM@Z 0000000180005bf0 f   CctCapsuleController.obj
 0001:00004cf0       ?getClimbingMode@CapsuleController@Cct@physx@@UEBA?AW4Enum@PxCapsuleClimbingMode@3@XZ 0000000180005cf0 f   CctCapsuleController.obj
 0001:00004d10       ?setRadius@CapsuleController@Cct@physx@@UEAA_NM@Z 0000000180005d10 f   CctCapsuleController.obj
 0001:00004e20       ?setHeight@CapsuleController@Cct@physx@@UEAA_NM@Z 0000000180005e20 f   CctCapsuleController.obj
 0001:00004f30       ?setClimbingMode@CapsuleController@Cct@physx@@UEAA_NW4Enum@PxCapsuleClimbingMode@3@@Z 0000000180005f30 f   CctCapsuleController.obj
 0001:00004f60       ?getCapsule@CapsuleController@Cct@physx@@QEBAXAEAUPxExtendedCapsule@3@@Z 0000000180005f60 f   CctCapsuleController.obj
 0001:000052f0       ??0PxCapsuleController@physx@@IEAA@XZ 00000001800062f0 f i CctCapsuleController.obj
 0001:00005330       ??0PxCapsuleGeometry@physx@@QEAA@XZ 0000000180006330 f i CctCapsuleController.obj
 0001:00005380       ??1PxCapsuleController@physx@@MEAA@XZ 0000000180006380 f i CctCapsuleController.obj
 0001:000053b0       ??_ECapsuleController@Cct@physx@@W7EAAPEAXI@Z 00000001800063b0 f i CctCapsuleController.obj
 0001:000053c0       ??_ECapsuleController@Cct@physx@@UEAAPEAXI@Z 00000001800063c0 f i CctCapsuleController.obj
 0001:000053c0       ??_GCapsuleController@Cct@physx@@UEAAPEAXI@Z 00000001800063c0 f i CctCapsuleController.obj
 0001:00005410       ??_EPxCapsuleController@physx@@MEAAPEAXI@Z 0000000180006410 f i CctCapsuleController.obj
 0001:00005410       ??_GPxCapsuleController@physx@@MEAAPEAXI@Z 0000000180006410 f i CctCapsuleController.obj
 0001:00005460       ?getActor@CapsuleController@Cct@physx@@UEBAPEAVPxRigidDynamic@3@XZ 0000000180006460 f i CctCapsuleController.obj
 0001:00005480       ?getContactOffset@CapsuleController@Cct@physx@@UEBAMXZ 0000000180006480 f i CctCapsuleController.obj
 0001:000054a0       ?getHalfHeightInternal@CapsuleController@Cct@physx@@UEBAMXZ 00000001800064a0 f i CctCapsuleController.obj
 0001:000054e0       ?getHeight@CapsuleController@Cct@physx@@UEBAMXZ 00000001800064e0 f i CctCapsuleController.obj
 0001:00005500       ?getNonWalkableMode@CapsuleController@Cct@physx@@UEBA?AW4Enum@PxControllerNonWalkableMode@3@XZ 0000000180006500 f i CctCapsuleController.obj
 0001:00005520       ?getPosition@CapsuleController@Cct@physx@@UEBAAEBUPxExtendedVec3@3@XZ 0000000180006520 f i CctCapsuleController.obj
 0001:00005540       ?getPxController@CapsuleController@Cct@physx@@UEAAPEAVPxController@3@XZ 0000000180006540 f i CctCapsuleController.obj
 0001:00005560       ?getRadius@CapsuleController@Cct@physx@@UEBAMXZ 0000000180006560 f i CctCapsuleController.obj
 0001:00005580       ?getScene@CapsuleController@Cct@physx@@UEAAPEAVPxScene@3@XZ 0000000180006580 f i CctCapsuleController.obj
 0001:000055a0       ?getSlopeLimit@CapsuleController@Cct@physx@@UEBAMXZ 00000001800065a0 f i CctCapsuleController.obj
 0001:000055c0       ?getState@CapsuleController@Cct@physx@@UEBAXAEAUPxControllerState@3@@Z 00000001800065c0 f i CctCapsuleController.obj
 0001:00005600       ?getStats@CapsuleController@Cct@physx@@UEBAXAEAUPxControllerStats@3@@Z 0000000180006600 f i CctCapsuleController.obj
 0001:00005640       ?getStepOffset@CapsuleController@Cct@physx@@UEBAMXZ 0000000180006640 f i CctCapsuleController.obj
 0001:00005660       ?getType@CapsuleController@Cct@physx@@UEBA?AW4Enum@PxControllerShapeType@3@XZ 0000000180006660 f i CctCapsuleController.obj
 0001:00005680       ?getUpDirection@CapsuleController@Cct@physx@@UEBA?AVPxVec3@3@XZ 0000000180006680 f i CctCapsuleController.obj
 0001:000056c0       ?getUserData@CapsuleController@Cct@physx@@UEBAPEAXXZ 00000001800066c0 f i CctCapsuleController.obj
 0001:000056e0       ?release@CapsuleController@Cct@physx@@UEAAXXZ 00000001800066e0 f i CctCapsuleController.obj
 0001:00005710       ?setContactOffset@CapsuleController@Cct@physx@@UEAAXM@Z 0000000180006710 f i CctCapsuleController.obj
 0001:00005750       ?setNonWalkableMode@CapsuleController@Cct@physx@@UEAAXW4Enum@PxControllerNonWalkableMode@3@@Z 0000000180006750 f i CctCapsuleController.obj
 0001:00005770       ?setPosition@CapsuleController@Cct@physx@@UEAA_NAEBUPxExtendedVec3@3@@Z 0000000180006770 f i CctCapsuleController.obj
 0001:000057b0       ?setSlopeLimit@CapsuleController@Cct@physx@@UEAAXM@Z 00000001800067b0 f i CctCapsuleController.obj
 0001:000057f0       ?setStepOffset@CapsuleController@Cct@physx@@UEAAXM@Z 00000001800067f0 f i CctCapsuleController.obj
 0001:00005830       ?setUpDirection@CapsuleController@Cct@physx@@UEAAXAEBVPxVec3@3@@Z 0000000180006830 f i CctCapsuleController.obj
 0001:00005870       ?setUserData@CapsuleController@Cct@physx@@UEAAXPEAX@Z 0000000180006870 f i CctCapsuleController.obj
 0001:00005890       ??0CCTParams@Cct@physx@@QEAA@XZ 0000000180006890 f   CctCharacterController.obj
 0001:00005960       ??0SweepTest@Cct@physx@@QEAA@_N@Z 0000000180006960 f   CctCharacterController.obj
 0001:00005d90       ??1SweepTest@Cct@physx@@QEAA@XZ 0000000180006d90 f   CctCharacterController.obj
 0001:00005e10       ?moveCharacter@SweepTest@Cct@physx@@QEAA?AV?$PxFlags@W4Enum@PxControllerCollisionFlag@physx@@E@3@PEBUInternalCBData_FindTouchedGeom@23@PEAUInternalCBData_OnHit@23@AEAVSweptVolume@23@AEBVPxVec3@3@AEBUUserObstacles@23@MAEBVPxControllerFilters@3@_N6AEAPEBVPxRigidActor@3@AEAPEBVPxShape@3@_K@Z 0000000180006e10 f   CctCharacterController.obj
 0001:00006d50       ?doSweepTest@SweepTest@Cct@physx@@QEAA_NPEBUInternalCBData_FindTouchedGeom@23@PEAUInternalCBData_OnHit@23@AEBUUserObstacles@23@AEAVSweptVolume@23@AEBVPxVec3@3@4IPEAIMAEBVPxControllerFilters@3@W4SweepPass@23@AEAPEBVPxRigidActor@3@AEAPEBVPxShape@3@_K@Z 0000000180007d50 f   CctCharacterController.obj
 0001:00007b70       ?findTouchedObstacles@SweepTest@Cct@physx@@QEAAXAEBUUserObstacles@23@AEBUPxExtendedBounds3@3@@Z 0000000180008b70 f   CctCharacterController.obj
 0001:000081d0       ?voidTestCache@SweepTest@Cct@physx@@QEAAXXZ 00000001800091d0 f   CctCharacterController.obj
 0001:00008230       ?onRelease@SweepTest@Cct@physx@@QEAAXAEBVPxBase@3@@Z 0000000180009230 f   CctCharacterController.obj
 0001:00008300       ?updateCachedShapesRegistration@SweepTest@Cct@physx@@QEAAXI_N@Z 0000000180009300 f   CctCharacterController.obj
 0001:000084a0       ?onObstacleRemoved@SweepTest@Cct@physx@@QEAAXI@Z 00000001800094a0 f   CctCharacterController.obj
 0001:000084d0       ?onObstacleUpdated@SweepTest@Cct@physx@@QEAAXIPEBVPxObstacleContext@3@AEBVPxVec3@3@1M@Z 00000001800094d0 f   CctCharacterController.obj
 0001:000086c0       ?onObstacleAdded@SweepTest@Cct@physx@@QEAAXIPEBVPxObstacleContext@3@AEBVPxVec3@3@1M@Z 00000001800096c0 f   CctCharacterController.obj
 0001:000088e0       ?onOriginShift@SweepTest@Cct@physx@@QEAAXAEBVPxVec3@3@@Z 00000001800098e0 f   CctCharacterController.obj
 0001:00008a60       ?updateTouchedGeoms@SweepTest@Cct@physx@@AEAAXPEBUInternalCBData_FindTouchedGeom@23@AEBUUserObstacles@23@AEBUPxExtendedBounds3@3@AEBVPxControllerFilters@3@AEBVPxVec3@3@@Z 0000000180009a60 f   CctCharacterController.obj
 0001:00009400       ?findTouchedObject@Controller@Cct@physx@@IEAAXAEBVPxControllerFilters@3@PEBVPxObstacleContext@3@AEBVPxVec3@3@@Z 000000018000a400 f   CctCharacterController.obj
 0001:00009c80       ?rideOnTouchedObject@Controller@Cct@physx@@IEAA_NAEAVSweptVolume@23@AEBVPxVec3@3@AEAV53@PEBVPxObstacleContext@3@@Z 000000018000ac80 f   CctCharacterController.obj
 0001:0000a300       ?move@Controller@Cct@physx@@IEAA?AV?$PxFlags@W4Enum@PxControllerCollisionFlag@physx@@E@3@AEAVSweptVolume@23@AEBVPxVec3@3@MMAEBVPxControllerFilters@3@PEBVPxObstacleContext@3@_N@Z 000000018000b300 f   CctCharacterController.obj
 0001:0000ba40       ?filterTouchedShape@Controller@Cct@physx@@IEAA_NAEBVPxControllerFilters@3@@Z 000000018000ca40 f   CctCharacterController.obj
 0001:0000f100       ?move@BoxController@Cct@physx@@UEAA?AV?$PxFlags@W4Enum@PxControllerCollisionFlag@physx@@E@3@AEBVPxVec3@3@MMAEBVPxControllerFilters@3@PEBVPxObstacleContext@3@@Z 0000000180010100 f   CctCharacterController.obj
 0001:0000f280       ?move@CapsuleController@Cct@physx@@UEAA?AV?$PxFlags@W4Enum@PxControllerCollisionFlag@physx@@E@3@AEBVPxVec3@3@MMAEBVPxControllerFilters@3@PEBVPxObstacleContext@3@@Z 0000000180010280 f   CctCharacterController.obj
 0001:00011b40       ??$PX_UNUSED@I@@YAXAEBI@Z  0000000180012b40 f i CctCharacterController.obj
 0001:00011b50       ??$PX_UNUSED@PEBUPxRaycastHit@physx@@@@YAXAEBQEBUPxRaycastHit@physx@@@Z 0000000180012b50 f i CctCharacterController.obj
 0001:00011b60       ??$PX_UNUSED@W4PxIDENTITY@physx@@@@YAXAEBW4PxIDENTITY@physx@@@Z 0000000180012b60 f i CctCharacterController.obj
 0001:00011b70       ??$PX_UNUSED@_K@@YAXAEB_K@Z 0000000180012b70 f i CctCharacterController.obj
 0001:00011b80       ??$PxMax@I@physx@@YAIII@Z  0000000180012b80 f i CctCharacterController.obj
 0001:00011bc0       ??$PxMax@N@physx@@YANNN@Z  0000000180012bc0 f i CctCharacterController.obj
 0001:00011c10       ??$PxMin@N@physx@@YANNN@Z  0000000180012c10 f i CctCharacterController.obj
 0001:00011c60       ??$PxUnionCast@PEBVPxGeometry@physx@@PEAY03$$CBE@physx@@YAPEBVPxGeometry@0@PEAY03$$CBE@Z 0000000180012c60 f i CctCharacterController.obj
 0001:00011c90       ??0?$Array@IVNamedAllocator@shdfnd@physx@@@shdfnd@physx@@QEAA@AEBVNamedAllocator@12@@Z 0000000180012c90 f i CctCharacterController.obj
 0001:00011cf0       ??0?$Array@VPxTriangle@physx@@VNamedAllocator@shdfnd@2@@shdfnd@physx@@QEAA@AEBVNamedAllocator@12@@Z 0000000180012cf0 f i CctCharacterController.obj
 0001:00011d50       ??0?$PxFlags@W4Enum@PxControllerCollisionFlag@physx@@E@physx@@QEAA@AEBV01@@Z 0000000180012d50 f i CctCharacterController.obj
 0001:00011d80       ??0?$PxFlags@W4Enum@PxControllerCollisionFlag@physx@@E@physx@@QEAA@E@Z 0000000180012d80 f i CctCharacterController.obj
 0001:00011db0       ??0?$PxFlags@W4Enum@PxHitFlag@physx@@G@physx@@QEAA@AEBV01@@Z 0000000180012db0 f i CctCharacterController.obj
 0001:00011de0       ??0?$PxFlags@W4Enum@PxHitFlag@physx@@G@physx@@QEAA@G@Z 0000000180012de0 f i CctCharacterController.obj
 0001:00011e10       ??0?$PxFlags@W4Enum@PxHitFlag@physx@@G@physx@@QEAA@W4Enum@PxHitFlag@1@@Z 0000000180012e10 f i CctCharacterController.obj
 0001:00011e40       ??0?$PxFlags@W4Enum@PxQueryFlag@physx@@G@physx@@QEAA@AEBV01@@Z 0000000180012e40 f i CctCharacterController.obj
 0001:00011e70       ??0?$PxFlags@W4Enum@PxQueryFlag@physx@@G@physx@@QEAA@W4Enum@PxQueryFlag@1@@Z 0000000180012e70 f i CctCharacterController.obj
 0001:00011ea0       ??0?$PxFlags@W4Enum@PxQueryFlag@physx@@G@physx@@QEAA@XZ 0000000180012ea0 f i CctCharacterController.obj
 0001:00011ec0       ??0?$PxFlags@W4Enum@PxRigidBodyFlag@physx@@E@physx@@QEAA@AEBV01@@Z 0000000180012ec0 f i CctCharacterController.obj
 0001:00011ef0       ??0?$PxFlags@W4Enum@PxShapeFlag@physx@@E@physx@@QEAA@AEBV01@@Z 0000000180012ef0 f i CctCharacterController.obj
 0001:00011f20       ??0?$PxHitBuffer@UPxRaycastHit@physx@@@physx@@QEAA@PEAUPxRaycastHit@1@I@Z 0000000180012f20 f i CctCharacterController.obj
 0001:00011f70       ??0?$PxHitCallback@UPxRaycastHit@physx@@@physx@@QEAA@PEAUPxRaycastHit@1@I@Z 0000000180012f70 f i CctCharacterController.obj
 0001:00012000       ??0?$TouchedObject@VPxRigidActor@physx@@@Cct@physx@@QEAA@_N@Z 0000000180013000 f i CctCharacterController.obj
 0001:00012050       ??0?$TouchedObject@VPxShape@physx@@@Cct@physx@@QEAA@_N@Z 0000000180013050 f i CctCharacterController.obj
 0001:000120a0       ??0CCTFilter@Cct@physx@@QEAA@XZ 00000001800130a0 f i CctCharacterController.obj
 0001:00012110       ??0ControllerFilter@@QEAA@XZ 0000000180013110 f i CctCharacterController.obj
 0001:00012160       ??0DebugBox@Cm@physx@@QEAA@AEBVPxBounds3@2@_N@Z 0000000180013160 f i CctCharacterController.obj
 0001:000121d0       ??0DebugBox@Cm@physx@@QEAA@AEBVPxVec3@2@_N@Z 00000001800131d0 f i CctCharacterController.obj
 0001:00012240       ??0PxActorShape@physx@@QEAA@XZ 0000000180013240 f i CctCharacterController.obj
 0001:00012270       ??0PxBounds3@physx@@QEAA@AEBVPxVec3@1@0@Z 0000000180013270 f i CctCharacterController.obj
 0001:000122d0       ??0PxBoxGeometry@physx@@QEAA@VPxVec3@1@@Z 00000001800132d0 f i CctCharacterController.obj
 0001:00012320       ??0PxCapsuleGeometry@physx@@QEAA@MM@Z 0000000180013320 f i CctCharacterController.obj
 0001:00012390       ??0PxExtendedBox@physx@@QEAA@AEBV01@@Z 0000000180013390 f i CctCharacterController.obj
 0001:00012410       ??0PxExtendedBox@physx@@QEAA@XZ 0000000180013410 f i CctCharacterController.obj
 0001:00012470       ??0PxExtendedCapsule@physx@@QEAA@XZ 0000000180013470 f i CctCharacterController.obj
 0001:000124a0       ??0PxExtendedSegment@physx@@QEAA@XZ 00000001800134a0 f i CctCharacterController.obj
 0001:000124e0       ??0PxFilterData@physx@@QEAA@XZ 00000001800134e0 f i CctCharacterController.obj
 0001:00012530       ??0PxLocationHit@physx@@QEAA@XZ 0000000180013530 f i CctCharacterController.obj
 0001:000125c0       ??0PxMat33@physx@@QEAA@AEBVPxQuat@1@@Z 00000001800135c0 f i CctCharacterController.obj
 0001:00012900       ??0PxMat33@physx@@QEAA@W4PxIDENTITY@1@@Z 0000000180013900 f i CctCharacterController.obj
 0001:000129a0       ??0PxMat44@physx@@QEAA@AEBVPxMat33@1@AEBVPxVec3@1@@Z 00000001800139a0 f i CctCharacterController.obj
 0001:00012a50       ??0PxMat44@physx@@QEAA@AEBVPxTransform@1@@Z 0000000180013a50 f i CctCharacterController.obj
 0001:00012b40       ??0PxProfileScoped@physx@@QEAA@PEBD_N_K@Z 0000000180013b40 f i CctCharacterController.obj
 0001:00012c10       ??0PxQuat@physx@@QEAA@AEBV01@@Z 0000000180013c10 f i CctCharacterController.obj
 0001:00012c90       ??0PxQuat@physx@@QEAA@MMMM@Z 0000000180013c90 f i CctCharacterController.obj
 0001:00012d10       ??0PxQuat@physx@@QEAA@W4PxIDENTITY@1@@Z 0000000180013d10 f i CctCharacterController.obj
 0001:00012d80       ??0PxQuat@physx@@QEAA@XZ   0000000180013d80 f i CctCharacterController.obj
 0001:00012d90       ??0PxQueryFilterCallback@physx@@QEAA@XZ 0000000180013d90 f i CctCharacterController.obj
 0001:00012db0       ??0PxQueryFilterData@physx@@QEAA@AEBUPxFilterData@1@V?$PxFlags@W4Enum@PxQueryFlag@physx@@G@1@@Z 0000000180013db0 f i CctCharacterController.obj
 0001:00012e20       ??0PxQueryHit@physx@@QEAA@XZ 0000000180013e20 f i CctCharacterController.obj
 0001:00012e60       ??0PxRaycastHit@physx@@QEAA@XZ 0000000180013e60 f i CctCharacterController.obj
 0001:00012eb0       ??0PxSphereGeometry@physx@@QEAA@XZ 0000000180013eb0 f i CctCharacterController.obj
 0001:00012ef0       ??0PxSweepHit@physx@@QEAA@XZ 0000000180013ef0 f i CctCharacterController.obj
 0001:00012f20       ??0PxTransform@physx@@QEAA@AEBVPxVec3@1@AEBVPxQuat@1@@Z 0000000180013f20 f i CctCharacterController.obj
 0001:00012ff0       ??0PxTransform@physx@@QEAA@XZ 0000000180013ff0 f i CctCharacterController.obj
 0001:00013030       ??0PxVec3@physx@@QEAA@M@Z  0000000180014030 f i CctCharacterController.obj
 0001:00013080       ??0PxVec3@physx@@QEAA@XZ   0000000180014080 f i CctCharacterController.obj
 0001:00013090       ??0PxVec4@physx@@QEAA@AEBVPxVec3@1@M@Z 0000000180014090 f i CctCharacterController.obj
 0001:00013110       ??0PxVec4@physx@@QEAA@XZ   0000000180014110 f i CctCharacterController.obj
 0001:00013120       ??0SIMDGuard@shdfnd@physx@@QEAA@XZ 0000000180014120 f i CctCharacterController.obj
 0001:00013160       ??0SweptContact@Cct@physx@@QEAA@XZ 0000000180014160 f i CctCharacterController.obj
 0001:000131a0       ??0TriArray@Cct@physx@@QEAA@XZ 00000001800141a0 f i CctCharacterController.obj
 0001:000131f0       ??1?$Array@IVNamedAllocator@shdfnd@physx@@@shdfnd@physx@@QEAA@XZ 00000001800141f0 f i CctCharacterController.obj
 0001:00013280       ??1?$Array@VPxTriangle@physx@@VNamedAllocator@shdfnd@2@@shdfnd@physx@@QEAA@XZ 0000000180014280 f i CctCharacterController.obj
 0001:00013310       ??1?$PxHitBuffer@UPxRaycastHit@physx@@@physx@@UEAA@XZ 0000000180014310 f i CctCharacterController.obj
 0001:00013340       ??1?$PxHitCallback@UPxRaycastHit@physx@@@physx@@UEAA@XZ 0000000180014340 f i CctCharacterController.obj
 0001:00013360       ??1ControllerFilter@@UEAA@XZ 0000000180014360 f i CctCharacterController.obj
 0001:00013380       ??1PxExtendedBox@physx@@QEAA@XZ 0000000180014380 f i CctCharacterController.obj
 0001:00013390       ??1PxProfileScoped@physx@@QEAA@XZ 0000000180014390 f i CctCharacterController.obj
 0001:00013400       ??1PxQueryFilterCallback@physx@@UEAA@XZ 0000000180014400 f i CctCharacterController.obj
 0001:00013420       ??1PxTriangle@physx@@QEAA@XZ 0000000180014420 f i CctCharacterController.obj
 0001:00013430       ??1SIMDGuard@shdfnd@physx@@QEAA@XZ 0000000180014430 f i CctCharacterController.obj
 0001:00013460       ??1TriArray@Cct@physx@@QEAA@XZ 0000000180014460 f i CctCharacterController.obj
 0001:00013480       ??2@YAPEAX_KPEAX@Z         0000000180014480 f i CctCharacterController.obj
 0001:000134a0       ??4?$PxFlags@W4Enum@PxControllerCollisionFlag@physx@@E@physx@@QEAAAEAV01@AEBV01@@Z 00000001800144a0 f i CctCharacterController.obj
 0001:000134d0       ??4?$PxFlags@W4Enum@PxHitFlag@physx@@G@physx@@QEAAAEAV01@AEBV01@@Z 00000001800144d0 f i CctCharacterController.obj
 0001:00013500       ??4?$PxFlags@W4Enum@PxQueryFlag@physx@@G@physx@@QEAAAEAV01@AEBV01@@Z 0000000180014500 f i CctCharacterController.obj
 0001:00013530       ??4?$TouchedObject@VPxRigidActor@physx@@@Cct@physx@@QEAAAEAU012@PEBVPxRigidActor@2@@Z 0000000180014530 f i CctCharacterController.obj
 0001:000135d0       ??4?$TouchedObject@VPxShape@physx@@@Cct@physx@@QEAAAEAU012@PEBVPxShape@2@@Z 00000001800145d0 f i CctCharacterController.obj
 0001:00013670       ??4CCTParams@Cct@physx@@QEAAAEAU012@AEBU012@@Z 0000000180014670 f i CctCharacterController.obj
 0001:000137e0       ??4FPUGuard@shdfnd@physx@@QEAAAEAV012@AEBV012@@Z 00000001800147e0 f i CctCharacterController.obj
 0001:00013810       ??4PxExtendedBox@physx@@QEAAAEAV01@AEBV01@@Z 0000000180014810 f i CctCharacterController.obj
 0001:00013890       ??4PxLocationHit@physx@@QEAAAEAU01@AEBU01@@Z 0000000180014890 f i CctCharacterController.obj
 0001:00013950       ??4PxMat44@physx@@QEAAAEAV01@AEBV01@@Z 0000000180014950 f i CctCharacterController.obj
 0001:000139f0       ??4PxRaycastHit@physx@@QEAAAEAU01@AEBU01@@Z 00000001800149f0 f i CctCharacterController.obj
 0001:00013a60       ??4PxTransform@physx@@QEAAAEAV01@AEBV01@@Z 0000000180014a60 f i CctCharacterController.obj
 0001:00013ac0       ??4PxVec4@physx@@QEAAAEAV01@AEBV01@@Z 0000000180014ac0 f i CctCharacterController.obj
 0001:00013b40       ??4SweptContact@Cct@physx@@QEAAAEAU012@AEBU012@@Z 0000000180014b40 f i CctCharacterController.obj
 0001:00013bf0       ??8?$TouchedObject@VPxRigidActor@physx@@@Cct@physx@@QEAA_NPEBVPxBase@2@@Z 0000000180014bf0 f i CctCharacterController.obj
 0001:00013c40       ??8?$TouchedObject@VPxShape@physx@@@Cct@physx@@QEAA_NPEBVPxBase@2@@Z 0000000180014c40 f i CctCharacterController.obj
 0001:00013c90       ??8?$TouchedObject@VPxShape@physx@@@Cct@physx@@QEAA_NPEBVPxShape@2@@Z 0000000180014c90 f i CctCharacterController.obj
 0001:00013ce0       ??A?$Array@IVNamedAllocator@shdfnd@physx@@@shdfnd@physx@@QEAAAEAII@Z 0000000180014ce0 f i CctCharacterController.obj
 0001:00013d80       ??A?$Array@IVNamedAllocator@shdfnd@physx@@@shdfnd@physx@@QEBAAEBII@Z 0000000180014d80 f i CctCharacterController.obj
 0001:00013e20       ??A?$Array@UInternalBoxObstacle@ObstacleContext@Cct@physx@@VNamedAllocator@shdfnd@4@@shdfnd@physx@@QEBAAEBUInternalBoxObstacle@ObstacleContext@Cct@2@I@Z 0000000180014e20 f i CctCharacterController.obj
 0001:00013ec0       ??A?$Array@UInternalCapsuleObstacle@ObstacleContext@Cct@physx@@VNamedAllocator@shdfnd@4@@shdfnd@physx@@QEBAAEBUInternalCapsuleObstacle@ObstacleContext@Cct@2@I@Z 0000000180014ec0 f i CctCharacterController.obj
 0001:00013f60       ??A?$Array@VPxTriangle@physx@@VNamedAllocator@shdfnd@2@@shdfnd@physx@@QEBAAEBVPxTriangle@2@I@Z 0000000180014f60 f i CctCharacterController.obj
 0001:00014000       ??B?$PxFlags@W4Enum@PxControllerBehaviorFlag@physx@@E@physx@@QEBAIXZ 0000000180015000 f i CctCharacterController.obj
 0001:00014020       ??B?$PxFlags@W4Enum@PxControllerDebugRenderFlag@physx@@I@physx@@QEBAIXZ 0000000180015020 f i CctCharacterController.obj
 0001:00014030       ??B?$PxFlags@W4Enum@PxQueryFlag@physx@@G@physx@@QEBA_NXZ 0000000180015030 f i CctCharacterController.obj
 0001:00014070       ??B?$PxFlags@W4Enum@PxRigidBodyFlag@physx@@E@physx@@QEBA_NXZ 0000000180015070 f i CctCharacterController.obj
 0001:000140b0       ??B?$PxFlags@W4Enum@PxShapeFlag@physx@@E@physx@@QEBA_NXZ 00000001800150b0 f i CctCharacterController.obj
 0001:000140f0       ??B?$TouchedObject@VPxRigidActor@physx@@@Cct@physx@@QEBA_NXZ 00000001800150f0 f i CctCharacterController.obj
 0001:00014130       ??B?$TouchedObject@VPxShape@physx@@@Cct@physx@@QEBA_NXZ 0000000180015130 f i CctCharacterController.obj
 0001:00014170       ??C?$TouchedObject@VPxRigidActor@physx@@@Cct@physx@@QEBAPEBVPxRigidActor@2@XZ 0000000180015170 f i CctCharacterController.obj
 0001:00014190       ??C?$TouchedObject@VPxShape@physx@@@Cct@physx@@QEBAPEBVPxShape@2@XZ 0000000180015190 f i CctCharacterController.obj
 0001:000141b0       ??DPxQuat@physx@@QEBA?AV01@AEBV01@@Z 00000001800151b0 f i CctCharacterController.obj
 0001:000143c0       ??DPxTransform@physx@@QEBA?AV01@AEBV01@@Z 00000001800153c0 f i CctCharacterController.obj
 0001:00014470       ??GPxVec3@physx@@QEBA?AV01@AEBV01@@Z 0000000180015470 f i CctCharacterController.obj
 0001:00014510       ??GPxVec3@physx@@QEBA?AV01@XZ 0000000180015510 f i CctCharacterController.obj
 0001:000145a0       ??HPxVec3@physx@@QEBA?AV01@AEBV01@@Z 00000001800155a0 f i CctCharacterController.obj
 0001:00014640       ??I?$PxFlags@W4Enum@PxQueryFlag@physx@@G@physx@@QEBA?AV01@W4Enum@PxQueryFlag@1@@Z 0000000180015640 f i CctCharacterController.obj
 0001:000146b0       ??I?$PxFlags@W4Enum@PxRigidBodyFlag@physx@@E@physx@@QEBA?AV01@W4Enum@PxRigidBodyFlag@1@@Z 00000001800156b0 f i CctCharacterController.obj
 0001:00014710       ??I?$PxFlags@W4Enum@PxShapeFlag@physx@@E@physx@@QEBA?AV01@W4Enum@PxShapeFlag@1@@Z 0000000180015710 f i CctCharacterController.obj
 0001:00014770       ??R?$Hash@PEAVPxShape@physx@@@shdfnd@physx@@QEBAIAEBQEAVPxShape@2@@Z 0000000180015770 f i CctCharacterController.obj
 0001:000147a0       ??RGetKey@?$HashSetBase@PEAVPxShape@physx@@U?$Hash@PEAVPxShape@physx@@@shdfnd@2@VNonTrackingAllocator@42@$0A@@internal@shdfnd@physx@@QEAAAEBQEAVPxShape@4@AEBQEAV54@@Z 00000001800157a0 f i CctCharacterController.obj
 0001:000147c0       ??U?$PxFlags@W4Enum@PxQueryFlag@physx@@G@physx@@QEBA?AV01@W4Enum@PxQueryFlag@1@@Z 00000001800157c0 f i CctCharacterController.obj
 0001:00014820       ??Uphysx@@YA?AV?$PxFlags@W4Enum@PxQueryFlag@physx@@G@0@W4Enum@PxQueryFlag@0@0@Z 0000000180015820 f i CctCharacterController.obj
 0001:00014880       ??YPxVec3@physx@@QEAAAEAV01@AEBV01@@Z 0000000180015880 f i CctCharacterController.obj
 0001:00014900       ??ZPxVec3@physx@@QEAAAEAV01@AEBV01@@Z 0000000180015900 f i CctCharacterController.obj
 0001:00014980       ??_0PxVec3@physx@@QEAAAEAV01@M@Z 0000000180015980 f i CctCharacterController.obj
 0001:00014a10       ??_5?$PxFlags@W4Enum@PxControllerCollisionFlag@physx@@E@physx@@QEAAAEAV01@W4Enum@PxControllerCollisionFlag@1@@Z 0000000180015a10 f i CctCharacterController.obj
 0001:00014a40       ??_5?$PxFlags@W4Enum@PxHitFlag@physx@@G@physx@@QEAAAEAV01@W4Enum@PxHitFlag@1@@Z 0000000180015a40 f i CctCharacterController.obj
 0001:00014a80       ??_5?$PxFlags@W4Enum@PxQueryFlag@physx@@G@physx@@QEAAAEAV01@W4Enum@PxQueryFlag@1@@Z 0000000180015a80 f i CctCharacterController.obj
 0001:00014ac0       ??_E?$PxHitBuffer@UPxRaycastHit@physx@@@physx@@UEAAPEAXI@Z 0000000180015ac0 f i CctCharacterController.obj
 0001:00014ac0       ??_G?$PxHitBuffer@UPxRaycastHit@physx@@@physx@@UEAAPEAXI@Z 0000000180015ac0 f i CctCharacterController.obj
 0001:00014b10       ??_E?$PxHitCallback@UPxRaycastHit@physx@@@physx@@UEAAPEAXI@Z 0000000180015b10 f i CctCharacterController.obj
 0001:00014b10       ??_G?$PxHitCallback@UPxRaycastHit@physx@@@physx@@UEAAPEAXI@Z 0000000180015b10 f i CctCharacterController.obj
 0001:00014b60       ??_GControllerFilter@@UEAAPEAXI@Z 0000000180015b60 f i CctCharacterController.obj
 0001:00014b60       ??_EControllerFilter@@UEAAPEAXI@Z 0000000180015b60 f i CctCharacterController.obj
 0001:00014bb0       ??_GPxExtendedBox@physx@@QEAAPEAXI@Z 0000000180015bb0 f i CctCharacterController.obj
 0001:00014c00       ??_GPxQueryFilterCallback@physx@@UEAAPEAXI@Z 0000000180015c00 f i CctCharacterController.obj
 0001:00014c00       ??_EPxQueryFilterCallback@physx@@UEAAPEAXI@Z 0000000180015c00 f i CctCharacterController.obj
 0001:00014c50       ??_GPxTriangle@physx@@QEAAPEAXI@Z 0000000180015c50 f i CctCharacterController.obj
 0001:00014ca0       ?PxAbs@physx@@YAMM@Z       0000000180015ca0 f i CctCharacterController.obj
 0001:00014cc0       ?PxIsFinite@physx@@YA_NM@Z 0000000180015cc0 f i CctCharacterController.obj
 0001:00014ce0       ?PxRecipSqrt@physx@@YAMM@Z 0000000180015ce0 f i CctCharacterController.obj
 0001:00014d00       ?PxSqrt@physx@@YAMM@Z      0000000180015d00 f i CctCharacterController.obj
 0001:00014d20       ?abs@intrinsics@physx@@YAMM@Z 0000000180015d20 f i CctCharacterController.obj
 0001:00014d40       ?add@physx@@YAXAEAUPxExtendedBounds3@1@AEBU21@@Z 0000000180015d40 f i CctCharacterController.obj
 0001:00014d90       ?allocate@?$Array@IVNamedAllocator@shdfnd@physx@@@shdfnd@physx@@IEAAPEAII@Z 0000000180015d90 f i CctCharacterController.obj
 0001:00014e40       ?allocate@?$Array@PEBXVNamedAllocator@shdfnd@physx@@@shdfnd@physx@@IEAAPEAPEBXI@Z 0000000180015e40 f i CctCharacterController.obj
 0001:00014ef0       ?allocate@?$Array@UPxExtendedCapsule@physx@@VNamedAllocator@shdfnd@2@@shdfnd@physx@@IEAAPEAUPxExtendedCapsule@3@I@Z 0000000180015ef0 f i CctCharacterController.obj
 0001:00014fa0       ?allocate@?$Array@VPxExtendedBox@physx@@VNamedAllocator@shdfnd@2@@shdfnd@physx@@IEAAPEAVPxExtendedBox@3@I@Z 0000000180015fa0 f i CctCharacterController.obj
 0001:00015050       ?any@PxGeometryHolder@physx@@QEBAAEBVPxGeometry@2@XZ 0000000180016050 f i CctCharacterController.obj
 0001:00015080       ?begin@?$Array@IVNamedAllocator@shdfnd@physx@@@shdfnd@physx@@QEAAPEAIXZ 0000000180016080 f i CctCharacterController.obj
 0001:000150a0       ?begin@?$Array@IVNamedAllocator@shdfnd@physx@@@shdfnd@physx@@QEBAPEBIXZ 00000001800160a0 f i CctCharacterController.obj
 0001:000150c0       ?begin@?$Array@PEBXVNamedAllocator@shdfnd@physx@@@shdfnd@physx@@QEAAPEAPEBXXZ 00000001800160c0 f i CctCharacterController.obj
 0001:000150e0       ?begin@?$Array@UPxExtendedCapsule@physx@@VNamedAllocator@shdfnd@2@@shdfnd@physx@@QEAAPEAUPxExtendedCapsule@3@XZ 00000001800160e0 f i CctCharacterController.obj
 0001:00015100       ?begin@?$Array@VPxExtendedBox@physx@@VNamedAllocator@shdfnd@2@@shdfnd@physx@@QEAAPEAVPxExtendedBox@3@XZ 0000000180016100 f i CctCharacterController.obj
 0001:00015120       ?capacity@?$Array@IVNamedAllocator@shdfnd@physx@@@shdfnd@physx@@QEBAIXZ 0000000180016120 f i CctCharacterController.obj
 0001:00015140       ?capacity@?$Array@PEBXVNamedAllocator@shdfnd@physx@@@shdfnd@physx@@QEBAIXZ 0000000180016140 f i CctCharacterController.obj
 0001:00015160       ?capacity@?$Array@UPxExtendedCapsule@physx@@VNamedAllocator@shdfnd@2@@shdfnd@physx@@QEBAIXZ 0000000180016160 f i CctCharacterController.obj
 0001:00015180       ?capacity@?$Array@VPxExtendedBox@physx@@VNamedAllocator@shdfnd@2@@shdfnd@physx@@QEBAIXZ 0000000180016180 f i CctCharacterController.obj
 0001:000151a0       ?capacity@?$Array@VPxTriangle@physx@@VNamedAllocator@shdfnd@2@@shdfnd@physx@@QEBAIXZ 00000001800161a0 f i CctCharacterController.obj
 0001:000151c0       ?capacityIncrement@?$Array@PEBXVNamedAllocator@shdfnd@physx@@@shdfnd@physx@@IEBAIXZ 00000001800161c0 f i CctCharacterController.obj
 0001:00015210       ?capacityIncrement@?$Array@UPxExtendedCapsule@physx@@VNamedAllocator@shdfnd@2@@shdfnd@physx@@IEBAIXZ 0000000180016210 f i CctCharacterController.obj
 0001:00015260       ?capacityIncrement@?$Array@VPxExtendedBox@physx@@VNamedAllocator@shdfnd@2@@shdfnd@physx@@IEBAIXZ 0000000180016260 f i CctCharacterController.obj
 0001:000152b0       ?clear@?$Array@IVNamedAllocator@shdfnd@physx@@@shdfnd@physx@@QEAAXXZ 00000001800162b0 f i CctCharacterController.obj
 0001:00015300       ?clear@?$Array@VPxTriangle@physx@@VNamedAllocator@shdfnd@2@@shdfnd@physx@@QEAAXXZ 0000000180016300 f i CctCharacterController.obj
 0001:00015350       ?clear@TriArray@Cct@physx@@QEAAXXZ 0000000180016350 f i CctCharacterController.obj
 0001:00015370       ?computeTimeCoeff@Controller@Cct@physx@@IEAAMXZ 0000000180016370 f i CctCharacterController.obj
 0001:000153e0       ?contains@?$HashSetBase@PEAVPxShape@physx@@U?$Hash@PEAVPxShape@physx@@@shdfnd@2@VNonTrackingAllocator@42@$0A@@internal@shdfnd@physx@@QEBA_NAEBQEAVPxShape@4@@Z 00000001800163e0 f i CctCharacterController.obj
 0001:00015440       ?copy@?$Array@IVNamedAllocator@shdfnd@physx@@@shdfnd@physx@@KAXPEAI0PEBI@Z 0000000180016440 f i CctCharacterController.obj
 0001:00015540       ?copy@?$Array@PEBXVNamedAllocator@shdfnd@physx@@@shdfnd@physx@@KAXPEAPEBX0PEBQEBX@Z 0000000180016540 f i CctCharacterController.obj
 0001:00015650       ?copy@?$Array@UPxExtendedCapsule@physx@@VNamedAllocator@shdfnd@2@@shdfnd@physx@@KAXPEAUPxExtendedCapsule@3@0PEBU43@@Z 0000000180016650 f i CctCharacterController.obj
 0001:00015760       ?copy@?$Array@VPxExtendedBox@physx@@VNamedAllocator@shdfnd@2@@shdfnd@physx@@KAXPEAVPxExtendedBox@3@0PEBV43@@Z 0000000180016760 f i CctCharacterController.obj
 0001:00015870       ?cross@PxVec3@physx@@QEBA?AV12@AEBV12@@Z 0000000180016870 f i CctCharacterController.obj
 0001:00015960       ?deallocate@?$Array@IVNamedAllocator@shdfnd@physx@@@shdfnd@physx@@IEAAXPEAX@Z 0000000180016960 f i CctCharacterController.obj
 0001:00015990       ?deallocate@?$Array@PEBXVNamedAllocator@shdfnd@physx@@@shdfnd@physx@@IEAAXPEAX@Z 0000000180016990 f i CctCharacterController.obj
 0001:000159c0       ?deallocate@?$Array@UPxExtendedCapsule@physx@@VNamedAllocator@shdfnd@2@@shdfnd@physx@@IEAAXPEAX@Z 00000001800169c0 f i CctCharacterController.obj
 0001:000159f0       ?deallocate@?$Array@VPxExtendedBox@physx@@VNamedAllocator@shdfnd@2@@shdfnd@physx@@IEAAXPEAX@Z 00000001800169f0 f i CctCharacterController.obj
 0001:00015a20       ?deallocate@?$Array@VPxTriangle@physx@@VNamedAllocator@shdfnd@2@@shdfnd@physx@@IEAAXPEAX@Z 0000000180016a20 f i CctCharacterController.obj
 0001:00015a50       ?decomposeVector@shdfnd@physx@@YAXAEAVPxVec3@2@0AEBV32@1@Z 0000000180016a50 f i CctCharacterController.obj
 0001:00015ae0       ?destroy@?$Array@IVNamedAllocator@shdfnd@physx@@@shdfnd@physx@@KAXPEAI0@Z 0000000180016ae0 f i CctCharacterController.obj
 0001:00015b30       ?destroy@?$Array@PEBXVNamedAllocator@shdfnd@physx@@@shdfnd@physx@@KAXPEAPEBX0@Z 0000000180016b30 f i CctCharacterController.obj
 0001:00015b80       ?destroy@?$Array@UPxExtendedCapsule@physx@@VNamedAllocator@shdfnd@2@@shdfnd@physx@@KAXPEAUPxExtendedCapsule@3@0@Z 0000000180016b80 f i CctCharacterController.obj
 0001:00015bd0       ?destroy@?$Array@VPxExtendedBox@physx@@VNamedAllocator@shdfnd@2@@shdfnd@physx@@KAXPEAVPxExtendedBox@3@0@Z 0000000180016bd0 f i CctCharacterController.obj
 0001:00015c30       ?destroy@?$Array@VPxTriangle@physx@@VNamedAllocator@shdfnd@2@@shdfnd@physx@@KAXPEAVPxTriangle@3@0@Z 0000000180016c30 f i CctCharacterController.obj
 0001:00015c90       ?dot@PxExtendedVec3@physx@@QEBANAEBVPxVec3@2@@Z 0000000180016c90 f i CctCharacterController.obj
 0001:00015d10       ?dot@PxVec3@physx@@QEBAMAEBV12@@Z 0000000180016d10 f i CctCharacterController.obj
 0001:00015d70       ?encodeUserObject@Cct@physx@@YAIIW4UserObjectType@12@@Z 0000000180016d70 f i CctCharacterController.obj
 0001:00015e60       ?end@?$Array@IVNamedAllocator@shdfnd@physx@@@shdfnd@physx@@QEAAPEAIXZ 0000000180016e60 f i CctCharacterController.obj
 0001:00015e80       ?end@?$Array@IVNamedAllocator@shdfnd@physx@@@shdfnd@physx@@QEBAPEBIXZ 0000000180016e80 f i CctCharacterController.obj
 0001:00015ea0       ?equal@?$Hash@PEAVPxShape@physx@@@shdfnd@physx@@QEBA_NAEBQEAVPxShape@3@0@Z 0000000180016ea0 f i CctCharacterController.obj
 0001:00015ef0       ?finalizeQuery@?$PxHitCallback@UPxRaycastHit@physx@@@physx@@UEAAXXZ 0000000180016ef0 f i CctCharacterController.obj
 0001:00015f00       ?find@?$HashBase@PEAVPxShape@physx@@PEAV12@U?$Hash@PEAVPxShape@physx@@@shdfnd@2@UGetKey@?$HashSetBase@PEAVPxShape@physx@@U?$Hash@PEAVPxShape@physx@@@shdfnd@2@VNonTrackingAllocator@42@$0A@@internal@42@VNonTrackingAllocator@42@$0A@@internal@shdfnd@physx@@QEBAPEBQEAVPxShape@4@AEBQEAV54@@Z 0000000180016f00 f i CctCharacterController.obj
 0001:00016030       ?forceSize_Unsafe@?$Array@IVNamedAllocator@shdfnd@physx@@@shdfnd@physx@@QEAAXI@Z 0000000180017030 f i CctCharacterController.obj
 0001:000160c0       ?forceSize_Unsafe@?$Array@VPxTriangle@physx@@VNamedAllocator@shdfnd@2@@shdfnd@physx@@QEAAXI@Z 00000001800170c0 f i CctCharacterController.obj
 0001:00016150       ?forceSize_Unsafe@TriArray@Cct@physx@@QEAAXI@Z 0000000180017150 f i CctCharacterController.obj
 0001:00016180       ?get@?$TouchedObject@VPxRigidActor@physx@@@Cct@physx@@QEBAPEBVPxRigidActor@3@XZ 0000000180017180 f i CctCharacterController.obj
 0001:000161a0       ?get@?$TouchedObject@VPxShape@physx@@@Cct@physx@@QEBAPEBVPxShape@3@XZ 00000001800171a0 f i CctCharacterController.obj
 0001:000161c0       ?getAnyHit@?$PxHitBuffer@UPxRaycastHit@physx@@@physx@@QEBAAEBUPxRaycastHit@2@I@Z 00000001800171c0 f i CctCharacterController.obj
 0001:000162b0       ?getBasisVector0@PxQuat@physx@@QEBA?AVPxVec3@2@XZ 00000001800172b0 f i CctCharacterController.obj
 0001:000163d0       ?getCenter@PxBounds3@physx@@QEBA?AVPxVec3@2@XZ 00000001800173d0 f i CctCharacterController.obj
 0001:000164a0       ?getConcreteType@PxBase@physx@@QEBAGXZ 00000001800174a0 f i CctCharacterController.obj
 0001:000164c0       ?getContextId@Controller@Cct@physx@@QEBA_KXZ 00000001800174c0 f i CctCharacterController.obj
 0001:000164e0       ?getDimensions@PxBounds3@physx@@QEBA?AVPxVec3@2@XZ 00000001800174e0 f i CctCharacterController.obj
 0001:00016590       ?getExtents@PxBounds3@physx@@QEBA?AVPxVec3@2@XZ 0000000180017590 f i CctCharacterController.obj
 0001:00016650       ?getGlobalPose@PxShapeExt@physx@@SA?AVPxTransform@2@AEBVPxShape@2@AEBVPxRigidActor@2@@Z 0000000180017650 f i CctCharacterController.obj
 0001:00016700       ?getNbTouches@?$PxHitBuffer@UPxRaycastHit@physx@@@physx@@QEBAIXZ 0000000180017700 f i CctCharacterController.obj
 0001:00016720       ?getNormalized@PxVec3@physx@@QEBA?AV12@XZ 0000000180017720 f i CctCharacterController.obj
 0001:000167d0       ?getShapeGlobalPose@physx@@YA?AVPxTransform@1@AEBVPxShape@1@AEBVPxRigidActor@1@@Z 00000001800177d0 f i CctCharacterController.obj
 0001:00016810       ?getTouches@?$PxHitBuffer@UPxRaycastHit@physx@@@physx@@QEBAPEBUPxRaycastHit@2@XZ 0000000180017810 f i CctCharacterController.obj
 0001:00016830       ?getTriangle@TriArray@Cct@physx@@QEBAAEBVPxTriangle@3@I@Z 0000000180017830 f i CctCharacterController.obj
 0001:00016860       ?getType@SweptVolume@Cct@physx@@QEBA?AW4Enum@SweptVolumeType@23@XZ 0000000180017860 f i CctCharacterController.obj
 0001:00016880       ?grow@?$Array@IVNamedAllocator@shdfnd@physx@@@shdfnd@physx@@IEAAXI@Z 0000000180017880 f i CctCharacterController.obj
 0001:00016920       ?growAndPushBack@?$Array@PEBXVNamedAllocator@shdfnd@physx@@@shdfnd@physx@@IEAAAEAPEBXAEBQEBX@Z 0000000180017920 f i CctCharacterController.obj
 0001:00016b30       ?growAndPushBack@?$Array@UPxExtendedCapsule@physx@@VNamedAllocator@shdfnd@2@@shdfnd@physx@@IEAAAEAUPxExtendedCapsule@3@AEBU43@@Z 0000000180017b30 f i CctCharacterController.obj
 0001:00016d90       ?growAndPushBack@?$Array@VPxExtendedBox@physx@@VNamedAllocator@shdfnd@2@@shdfnd@physx@@IEAAAEAVPxExtendedBox@3@AEBV43@@Z 0000000180017d90 f i CctCharacterController.obj
 0001:00016fa0       ?hash@?$HashBase@PEAVPxShape@physx@@PEAV12@U?$Hash@PEAVPxShape@physx@@@shdfnd@2@UGetKey@?$HashSetBase@PEAVPxShape@physx@@U?$Hash@PEAVPxShape@physx@@@shdfnd@2@VNonTrackingAllocator@42@$0A@@internal@42@VNonTrackingAllocator@42@$0A@@internal@shdfnd@physx@@AEBAIAEBQEAVPxShape@4@@Z 0000000180017fa0 f i CctCharacterController.obj
 0001:00016fe0       ?hash@?$HashBase@PEAVPxShape@physx@@PEAV12@U?$Hash@PEAVPxShape@physx@@@shdfnd@2@UGetKey@?$HashSetBase@PEAVPxShape@physx@@U?$Hash@PEAVPxShape@physx@@@shdfnd@2@VNonTrackingAllocator@42@$0A@@internal@42@VNonTrackingAllocator@42@$0A@@internal@shdfnd@physx@@AEBAIAEBQEAVPxShape@4@I@Z 0000000180017fe0 f i CctCharacterController.obj
 0001:00017040       ?hash@shdfnd@physx@@YAIPEBX@Z 0000000180018040 f i CctCharacterController.obj
 0001:00017060       ?hash@shdfnd@physx@@YAI_K@Z 0000000180018060 f i CctCharacterController.obj
 0001:00017170       ?intersectOBBAABB@Gu@physx@@YA_NAEBVBox@12@AEBVPxBounds3@2@@Z 0000000180018170 f i CctCharacterController.obj
 0001:00017230       ?isAlmostZero@shdfnd@physx@@YA_NAEBVPxVec3@2@@Z 0000000180018230 f i CctCharacterController.obj
 0001:000172b0       ?isArrayOfPOD@?$Array@IVNamedAllocator@shdfnd@physx@@@shdfnd@physx@@SA_NXZ 00000001800182b0 f i CctCharacterController.obj
 0001:000172c0       ?isArrayOfPOD@?$Array@PEBXVNamedAllocator@shdfnd@physx@@@shdfnd@physx@@SA_NXZ 00000001800182c0 f i CctCharacterController.obj
 0001:000172d0       ?isArrayOfPOD@?$Array@UPxExtendedCapsule@physx@@VNamedAllocator@shdfnd@2@@shdfnd@physx@@SA_NXZ 00000001800182d0 f i CctCharacterController.obj
 0001:000172e0       ?isArrayOfPOD@?$Array@VPxExtendedBox@physx@@VNamedAllocator@shdfnd@2@@shdfnd@physx@@SA_NXZ 00000001800182e0 f i CctCharacterController.obj
 0001:000172f0       ?isArrayOfPOD@?$Array@VPxTriangle@physx@@VNamedAllocator@shdfnd@2@@shdfnd@physx@@SA_NXZ 00000001800182f0 f i CctCharacterController.obj
 0001:00017300       ?isFinite@PxBounds3@physx@@QEBA_NXZ 0000000180018300 f i CctCharacterController.obj
 0001:00017370       ?isFinite@PxQuat@physx@@QEBA_NXZ 0000000180018370 f i CctCharacterController.obj
 0001:00017410       ?isFinite@PxTransform@physx@@QEBA_NXZ 0000000180018410 f i CctCharacterController.obj
 0001:00017480       ?isFinite@PxVec3@physx@@QEBA_NXZ 0000000180018480 f i CctCharacterController.obj
 0001:00017500       ?isFinite@intrinsics@physx@@YA_NM@Z 0000000180018500 f i CctCharacterController.obj
 0001:00017550       ?isInUserMemory@?$Array@IVNamedAllocator@shdfnd@physx@@@shdfnd@physx@@QEBAIXZ 0000000180018550 f i CctCharacterController.obj
 0001:00017570       ?isInUserMemory@?$Array@PEBXVNamedAllocator@shdfnd@physx@@@shdfnd@physx@@QEBAIXZ 0000000180018570 f i CctCharacterController.obj
 0001:00017590       ?isInUserMemory@?$Array@UPxExtendedCapsule@physx@@VNamedAllocator@shdfnd@2@@shdfnd@physx@@QEBAIXZ 0000000180018590 f i CctCharacterController.obj
 0001:000175b0       ?isInUserMemory@?$Array@VPxExtendedBox@physx@@VNamedAllocator@shdfnd@2@@shdfnd@physx@@QEBAIXZ 00000001800185b0 f i CctCharacterController.obj
 0001:000175d0       ?isInUserMemory@?$Array@VPxTriangle@physx@@VNamedAllocator@shdfnd@2@@shdfnd@physx@@QEBAIXZ 00000001800185d0 f i CctCharacterController.obj
 0001:000175f0       ?isInside@PxExtendedBounds3@physx@@QEBA_NAEBU12@@Z 00000001800185f0 f i CctCharacterController.obj
 0001:000176d0       ?isSane@PxQuat@physx@@QEBA_NXZ 00000001800186d0 f i CctCharacterController.obj
 0001:00017750       ?isSane@PxTransform@physx@@QEBA_NXZ 0000000180018750 f i CctCharacterController.obj
 0001:000177b0       ?isValid@PxBounds3@physx@@QEBA_NXZ 00000001800187b0 f i CctCharacterController.obj
 0001:000178e0       ?isZero@PxVec3@physx@@QEBA_NXZ 00000001800188e0 f i CctCharacterController.obj
 0001:00017940       ?magnitude@PxQuat@physx@@QEBAMXZ 0000000180018940 f i CctCharacterController.obj
 0001:00017970       ?magnitude@PxVec3@physx@@QEBAMXZ 0000000180018970 f i CctCharacterController.obj
 0001:000179a0       ?magnitudeSquared@PxQuat@physx@@QEBAMXZ 00000001800189a0 f i CctCharacterController.obj
 0001:00017a20       ?magnitudeSquared@PxVec3@physx@@QEBAMXZ 0000000180018a20 f i CctCharacterController.obj
 0001:00017a80       ?maximum@PxExtendedVec3@physx@@QEAAXAEBU12@@Z 0000000180018a80 f i CctCharacterController.obj
 0001:00017b30       ?memCopy@intrinsics@physx@@YAPEAXPEIAXPEIBXI@Z 0000000180018b30 f i CctCharacterController.obj
 0001:00017b70       ?minimum@PxExtendedVec3@physx@@QEAAXAEBU12@@Z 0000000180018b70 f i CctCharacterController.obj
 0001:00017c20       ?normal@PxTriangle@physx@@QEBAXAEAVPxVec3@2@@Z 0000000180018c20 f i CctCharacterController.obj
 0001:00017d10       ?normalize@PxVec3@physx@@QEAAMXZ 0000000180018d10 f i CctCharacterController.obj
 0001:00017d70       ?postFilter@ControllerFilter@@UEAA?AW4Enum@PxQueryHitType@physx@@AEBUPxFilterData@4@AEBUPxQueryHit@4@@Z 0000000180018d70 f i CctCharacterController.obj
 0001:00017e70       ?preFilter@ControllerFilter@@UEAA?AW4Enum@PxQueryHitType@physx@@AEBUPxFilterData@4@PEBVPxShape@4@PEBVPxRigidActor@4@AEAV?$PxFlags@W4Enum@PxHitFlag@physx@@G@4@@Z 0000000180018e70 f i CctCharacterController.obj
 0001:00017fb0       ?processTouches@?$PxHitBuffer@UPxRaycastHit@physx@@@physx@@MEAA_NPEBUPxRaycastHit@2@I@Z 0000000180018fb0 f i CctCharacterController.obj
 0001:00017ff0       ?pushBack@?$Array@PEBXVNamedAllocator@shdfnd@physx@@@shdfnd@physx@@QEAAAEAPEBXAEBQEBX@Z 0000000180018ff0 f i CctCharacterController.obj
 0001:000180e0       ?pushBack@?$Array@UPxExtendedCapsule@physx@@VNamedAllocator@shdfnd@2@@shdfnd@physx@@QEAAAEAUPxExtendedCapsule@3@AEBU43@@Z 00000001800190e0 f i CctCharacterController.obj
 0001:000181e0       ?pushBack@?$Array@VPxExtendedBox@physx@@VNamedAllocator@shdfnd@2@@shdfnd@physx@@QEAAAEAVPxExtendedBox@3@AEBV43@@Z 00000001800191e0 f i CctCharacterController.obj
 0001:000182d0       ?recipSqrt@intrinsics@physx@@YAMM@Z 00000001800192d0 f i CctCharacterController.obj
 0001:00018310       ?recreate@?$Array@IVNamedAllocator@shdfnd@physx@@@shdfnd@physx@@IEAAXI@Z 0000000180019310 f i CctCharacterController.obj
 0001:00018460       ?reserve@?$Array@IVNamedAllocator@shdfnd@physx@@@shdfnd@physx@@QEAAXI@Z 0000000180019460 f i CctCharacterController.obj
 0001:000184a0       ?resetStats@SweepTest@Cct@physx@@QEAAXXZ 00000001800194a0 f i CctCharacterController.obj
 0001:000184f0       ?rotate@PxQuat@physx@@QEBA?BVPxVec3@2@AEBV32@@Z 00000001800194f0 f i CctCharacterController.obj
 0001:00018740       ?rotateInv@PxQuat@physx@@QEBA?BVPxVec3@2@AEBV32@@Z 0000000180019740 f i CctCharacterController.obj
 0001:00018990       ?selectMax@intrinsics@physx@@YAMMM@Z 0000000180019990 f i CctCharacterController.obj
 0001:000189e0       ?selectMin@intrinsics@physx@@YAMMM@Z 00000001800199e0 f i CctCharacterController.obj
 0001:00018a30       ?set@PxExtendedBounds3@physx@@QEAAXNNNNNN@Z 0000000180019a30 f i CctCharacterController.obj
 0001:00018ab0       ?set@PxExtendedVec3@physx@@QEAAXNNN@Z 0000000180019ab0 f i CctCharacterController.obj
 0001:00018b10       ?setEmpty@PxExtendedBounds3@physx@@QEAAXXZ 0000000180019b10 f i CctCharacterController.obj
 0001:00018b80       ?setWorldPos@SweptContact@Cct@physx@@QEAAXAEBVPxVec3@3@AEBUPxExtendedVec3@3@@Z 0000000180019b80 f i CctCharacterController.obj
 0001:00018c00       ?size@?$Array@IVNamedAllocator@shdfnd@physx@@@shdfnd@physx@@QEBAIXZ 0000000180019c00 f i CctCharacterController.obj
 0001:00018c20       ?size@?$Array@PEBXVNamedAllocator@shdfnd@physx@@@shdfnd@physx@@QEBAIXZ 0000000180019c20 f i CctCharacterController.obj
 0001:00018c40       ?size@?$Array@UInternalBoxObstacle@ObstacleContext@Cct@physx@@VNamedAllocator@shdfnd@4@@shdfnd@physx@@QEBAIXZ 0000000180019c40 f i CctCharacterController.obj
 0001:00018c60       ?size@?$Array@UInternalCapsuleObstacle@ObstacleContext@Cct@physx@@VNamedAllocator@shdfnd@4@@shdfnd@physx@@QEBAIXZ 0000000180019c60 f i CctCharacterController.obj
 0001:00018c80       ?size@?$Array@UPxExtendedCapsule@physx@@VNamedAllocator@shdfnd@2@@shdfnd@physx@@QEBAIXZ 0000000180019c80 f i CctCharacterController.obj
 0001:00018ca0       ?size@?$Array@VPxExtendedBox@physx@@VNamedAllocator@shdfnd@2@@shdfnd@physx@@QEBAIXZ 0000000180019ca0 f i CctCharacterController.obj
 0001:00018cc0       ?size@?$Array@VPxTriangle@physx@@VNamedAllocator@shdfnd@2@@shdfnd@physx@@QEBAIXZ 0000000180019cc0 f i CctCharacterController.obj
 0001:00018ce0       ?size@TriArray@Cct@physx@@QEBAIXZ 0000000180019ce0 f i CctCharacterController.obj
 0001:00018d00       ?sqrt@intrinsics@physx@@YAMM@Z 0000000180019d00 f i CctCharacterController.obj
 0001:00018d20       ?testSlope@physx@@YA_NAEBVPxVec3@1@0M@Z 0000000180019d20 f i CctCharacterController.obj
 0001:00018da0       ?toVec3@physx@@YA?AVPxVec3@1@AEBUPxExtendedVec3@1@@Z 0000000180019da0 f i CctCharacterController.obj
 0001:00018e10       ?transform@PxTransform@physx@@QEBA?AV12@AEBV12@@Z 0000000180019e10 f i CctCharacterController.obj
 0001:00018fe0       ?transform@PxTransform@physx@@QEBA?AVPxVec3@2@AEBV32@@Z 0000000180019fe0 f i CctCharacterController.obj
 0001:000190c0       ?transformInv@PxTransform@physx@@QEBA?AVPxVec3@2@AEBV32@@Z 000000018001a0c0 f i CctCharacterController.obj
 0001:00019190       fabsf                      000000018001a190 f i CctCharacterController.obj
 0001:00019240       ?getSceneTimestamp@Cct@physx@@YAIPEBUInternalCBData_FindTouchedGeom@12@@Z 000000018001a240 f   CctCharacterControllerCallbacks.obj
 0001:000192d0       ?findTouchedGeometry@Cct@physx@@YAXPEBUInternalCBData_FindTouchedGeom@12@AEBUPxExtendedBounds3@2@AEAVTriArray@12@AEAV?$Array@IVNamedAllocator@shdfnd@physx@@@shdfnd@2@3AEBVCCTFilter@12@AEBUCCTParams@12@AEAG@Z 000000018001a2d0 f   CctCharacterControllerCallbacks.obj
 0001:00019ac0       ?shapeHitCallback@Cct@physx@@YAIPEBUInternalCBData_OnHit@12@AEBUSweptContact@12@AEBVPxVec3@2@M@Z 000000018001aac0 f   CctCharacterControllerCallbacks.obj
 0001:00019bf0       ?userHitCallback@Cct@physx@@YAIPEBUInternalCBData_OnHit@12@AEBUSweptContact@12@AEBVPxVec3@2@M@Z 000000018001abf0 f   CctCharacterControllerCallbacks.obj
 0001:0001f390       ??$PX_UNUSED@PEBUPxOverlapHit@physx@@@@YAXAEBQEBUPxOverlapHit@physx@@@Z 0000000180020390 f i CctCharacterControllerCallbacks.obj
 0001:0001f3a0       ??0?$PxFlags@W4Enum@PxConvexMeshGeometryFlag@physx@@E@physx@@QEAA@XZ 00000001800203a0 f i CctCharacterControllerCallbacks.obj
 0001:0001f3c0       ??0?$PxFlags@W4Enum@PxMeshGeometryFlag@physx@@E@physx@@QEAA@E@Z 00000001800203c0 f i CctCharacterControllerCallbacks.obj
 0001:0001f3f0       ??0?$PxFlags@W4Enum@PxMeshGeometryFlag@physx@@E@physx@@QEAA@XZ 00000001800203f0 f i CctCharacterControllerCallbacks.obj
 0001:0001f410       ??0?$PxHitBuffer@UPxOverlapHit@physx@@@physx@@QEAA@PEAUPxOverlapHit@1@I@Z 0000000180020410 f i CctCharacterControllerCallbacks.obj
 0001:0001f460       ??0?$PxHitCallback@UPxOverlapHit@physx@@@physx@@QEAA@PEAUPxOverlapHit@1@I@Z 0000000180020460 f i CctCharacterControllerCallbacks.obj
 0001:0001f4f0       ??0?$PxPadding@$02@physx@@QEAA@XZ 00000001800204f0 f i CctCharacterControllerCallbacks.obj
 0001:0001f540       ??0PxControllerHit@physx@@QEAA@XZ 0000000180020540 f i CctCharacterControllerCallbacks.obj
 0001:0001f5a0       ??0PxControllerObstacleHit@physx@@QEAA@XZ 00000001800205a0 f i CctCharacterControllerCallbacks.obj
 0001:0001f5d0       ??0PxControllerShapeHit@physx@@QEAA@XZ 00000001800205d0 f i CctCharacterControllerCallbacks.obj
 0001:0001f600       ??0PxControllersHit@physx@@QEAA@XZ 0000000180020600 f i CctCharacterControllerCallbacks.obj
 0001:0001f630       ??0PxConvexMeshGeometry@physx@@QEAA@XZ 0000000180020630 f i CctCharacterControllerCallbacks.obj
 0001:0001f6c0       ??0PxExtendedSphere@physx@@QEAA@XZ 00000001800206c0 f i CctCharacterControllerCallbacks.obj
 0001:0001f6f0       ??0PxHeightFieldGeometry@physx@@QEAA@XZ 00000001800206f0 f i CctCharacterControllerCallbacks.obj
 0001:0001f7a0       ??0PxMat33@physx@@QEAA@AEBVPxVec3@1@00@Z 00000001800207a0 f i CctCharacterControllerCallbacks.obj
 0001:0001f820       ??0PxMeshScale@physx@@QEAA@M@Z 0000000180020820 f i CctCharacterControllerCallbacks.obj
 0001:0001f870       ??0PxMeshScale@physx@@QEAA@XZ 0000000180020870 f i CctCharacterControllerCallbacks.obj
 0001:0001f8c0       ??0PxOverlapHit@physx@@QEAA@XZ 00000001800208c0 f i CctCharacterControllerCallbacks.obj
 0001:0001f8f0       ??0PxPlane@physx@@QEAA@AEBVPxVec3@1@M@Z 00000001800208f0 f i CctCharacterControllerCallbacks.obj
 0001:0001f940       ??0PxPlane@physx@@QEAA@MMMM@Z 0000000180020940 f i CctCharacterControllerCallbacks.obj
 0001:0001f9b0       ??0PxQueryFilterData@physx@@QEAA@AEBU01@@Z 00000001800209b0 f i CctCharacterControllerCallbacks.obj
 0001:0001fa20       ??0PxQueryFilterData@physx@@QEAA@V?$PxFlags@W4Enum@PxQueryFlag@physx@@G@1@@Z 0000000180020a20 f i CctCharacterControllerCallbacks.obj
 0001:0001fa80       ??0PxTransform@physx@@QEAA@AEBVPxVec3@1@@Z 0000000180020a80 f i CctCharacterControllerCallbacks.obj
 0001:0001fad0       ??0PxTriangle@physx@@QEAA@AEBV01@@Z 0000000180020ad0 f i CctCharacterControllerCallbacks.obj
 0001:0001fbd0       ??0PxTriangle@physx@@QEAA@AEBVPxVec3@1@00@Z 0000000180020bd0 f i CctCharacterControllerCallbacks.obj
 0001:0001fca0       ??0PxTriangle@physx@@QEAA@XZ 0000000180020ca0 f i CctCharacterControllerCallbacks.obj
 0001:0001fce0       ??0PxTriangleMeshGeometry@physx@@QEAA@XZ 0000000180020ce0 f i CctCharacterControllerCallbacks.obj
 0001:0001fd60       ??0PxVec4@physx@@QEAA@MMMM@Z 0000000180020d60 f i CctCharacterControllerCallbacks.obj
 0001:0001fde0       ??0TessParams@@QEAA@XZ     0000000180020de0 f i CctCharacterControllerCallbacks.obj
 0001:0001fe30       ??0TrianglePadded@Gu@physx@@QEAA@XZ 0000000180020e30 f i CctCharacterControllerCallbacks.obj
 0001:0001fe60       ??0Vec3p@Gu@physx@@QEAA@AEBVPxVec3@2@@Z 0000000180020e60 f i CctCharacterControllerCallbacks.obj
 0001:0001fe90       ??1?$PxHitBuffer@UPxOverlapHit@physx@@@physx@@UEAA@XZ 0000000180020e90 f i CctCharacterControllerCallbacks.obj
 0001:0001fec0       ??1?$PxHitCallback@UPxOverlapHit@physx@@@physx@@UEAA@XZ 0000000180020ec0 f i CctCharacterControllerCallbacks.obj
 0001:0001fee0       ??1PxExtendedSphere@physx@@QEAA@XZ 0000000180020ee0 f i CctCharacterControllerCallbacks.obj
 0001:0001fef0       ??1TrianglePadded@Gu@physx@@QEAA@XZ 0000000180020ef0 f i CctCharacterControllerCallbacks.obj
 0001:0001ff10       ??1Vec3p@Gu@physx@@QEAA@XZ 0000000180020f10 f i CctCharacterControllerCallbacks.obj
 0001:0001ff20       ??APxVec3@physx@@QEBAAEBMI@Z 0000000180020f20 f i CctCharacterControllerCallbacks.obj
 0001:0001ffb0       ??DPxMat33@physx@@QEBA?BV01@AEBV01@@Z 0000000180020fb0 f i CctCharacterControllerCallbacks.obj
 0001:00020070       ??DPxVec4@physx@@QEBA?AV01@M@Z 0000000180021070 f i CctCharacterControllerCallbacks.obj
 0001:00020110       ??HPxVec4@physx@@QEBA?AV01@AEBV01@@Z 0000000180021110 f i CctCharacterControllerCallbacks.obj
 0001:000201c0       ??_G?$PxHitBuffer@UPxOverlapHit@physx@@@physx@@UEAAPEAXI@Z 00000001800211c0 f i CctCharacterControllerCallbacks.obj
 0001:000201c0       ??_E?$PxHitBuffer@UPxOverlapHit@physx@@@physx@@UEAAPEAXI@Z 00000001800211c0 f i CctCharacterControllerCallbacks.obj
 0001:00020210       ??_E?$PxHitCallback@UPxOverlapHit@physx@@@physx@@UEAAPEAXI@Z 0000000180021210 f i CctCharacterControllerCallbacks.obj
 0001:00020210       ??_G?$PxHitCallback@UPxOverlapHit@physx@@@physx@@UEAAPEAXI@Z 0000000180021210 f i CctCharacterControllerCallbacks.obj
 0001:00020260       ?FLoad@aos@shdfnd@physx@@YA?AT__m128@@M@Z 0000000180021260 f i CctCharacterControllerCallbacks.obj
 0001:00020290       ?PxPlaneEquationFromTransform@physx@@YA?AVPxPlane@1@AEBVPxTransform@1@@Z 0000000180021290 f i CctCharacterControllerCallbacks.obj
 0001:000202f0       ?V3Load@aos@shdfnd@physx@@YA?AT__m128@@M@Z 00000001800212f0 f i CctCharacterControllerCallbacks.obj
 0001:00020340       ?V4Load@aos@shdfnd@physx@@YA?AT__m128@@M@Z 0000000180021340 f i CctCharacterControllerCallbacks.obj
 0001:00020370       ?allocate@?$Array@VPxTriangle@physx@@VNamedAllocator@shdfnd@2@@shdfnd@physx@@IEAAPEAVPxTriangle@3@I@Z 0000000180021370 f i CctCharacterControllerCallbacks.obj
 0001:00020420       ?capacityIncrement@?$Array@IVNamedAllocator@shdfnd@physx@@@shdfnd@physx@@IEBAIXZ 0000000180021420 f i CctCharacterControllerCallbacks.obj
 0001:00020470       ?centerExtents@PxBounds3@physx@@SA?AV12@AEBVPxVec3@2@0@Z 0000000180021470 f i CctCharacterControllerCallbacks.obj
 0001:000204f0       ?computeBasis@shdfnd@physx@@YAXAEBVPxVec3@2@AEAV32@1@Z 00000001800214f0 f i CctCharacterControllerCallbacks.obj
 0001:000206c0       ?copy@?$Array@VPxTriangle@physx@@VNamedAllocator@shdfnd@2@@shdfnd@physx@@KAXPEAVPxTriangle@3@0PEBV43@@Z 00000001800216c0 f i CctCharacterControllerCallbacks.obj
 0001:000207d0       ?decodeIndex@Cct@physx@@YAII@Z 00000001800217d0 f i CctCharacterControllerCallbacks.obj
 0001:000207e0       ?decodeType@Cct@physx@@YA?AW4UserObjectType@12@I@Z 00000001800217e0 f i CctCharacterControllerCallbacks.obj
 0001:00020800       ?distance@PxPlane@physx@@QEBAMAEBVPxVec3@2@@Z 0000000180021800 f i CctCharacterControllerCallbacks.obj
 0001:00020840       ?end@?$Array@VPxTriangle@physx@@VNamedAllocator@shdfnd@2@@shdfnd@physx@@QEAAPEAVPxTriangle@3@XZ 0000000180021840 f i CctCharacterControllerCallbacks.obj
 0001:00020860       ?finalizeQuery@?$PxHitCallback@UPxOverlapHit@physx@@@physx@@UEAAXXZ 0000000180021860 f i CctCharacterControllerCallbacks.obj
 0001:00020870       ?getAnyHit@?$PxHitBuffer@UPxOverlapHit@physx@@@physx@@QEBAAEBUPxOverlapHit@2@I@Z 0000000180021870 f i CctCharacterControllerCallbacks.obj
 0001:00020960       ?getCctManager@Controller@Cct@physx@@QEAAPEAVCharacterControllerManager@23@XZ 0000000180021960 f i CctCharacterControllerCallbacks.obj
 0001:00020980       ?getNbAnyHits@?$PxHitBuffer@UPxOverlapHit@physx@@@physx@@QEBAIXZ 0000000180021980 f i CctCharacterControllerCallbacks.obj
 0001:000209b0       ?getNbTouches@?$PxHitBuffer@UPxOverlapHit@physx@@@physx@@QEBAIXZ 00000001800219b0 f i CctCharacterControllerCallbacks.obj
 0001:000209d0       ?getPosition@PxMat44@physx@@QEBA?BVPxVec3@2@XZ 00000001800219d0 f i CctCharacterControllerCallbacks.obj
 0001:00020a10       ?getResults@PxMeshOverlapUtil@physx@@QEBAPEBIXZ 0000000180021a10 f i CctCharacterControllerCallbacks.obj
 0001:00020a30       ?getTouches@?$PxHitBuffer@UPxOverlapHit@physx@@@physx@@QEBAPEBUPxOverlapHit@2@XZ 0000000180021a30 f i CctCharacterControllerCallbacks.obj
 0001:00020a50       ?getTranspose@PxMat33@physx@@QEBA?BV12@XZ 0000000180021a50 f i CctCharacterControllerCallbacks.obj
 0001:00020b30       ?getXYZ@PxVec4@physx@@QEBA?AVPxVec3@2@XZ 0000000180021b30 f i CctCharacterControllerCallbacks.obj
 0001:00020b80       ?grow@?$Array@VPxTriangle@physx@@VNamedAllocator@shdfnd@2@@shdfnd@physx@@IEAAXI@Z 0000000180021b80 f i CctCharacterControllerCallbacks.obj
 0001:00020c20       ?growAndPushBack@?$Array@IVNamedAllocator@shdfnd@physx@@@shdfnd@physx@@IEAAAEAIAEBI@Z 0000000180021c20 f i CctCharacterControllerCallbacks.obj
 0001:00020e20       ?processTouches@?$PxHitBuffer@UPxOverlapHit@physx@@@physx@@MEAA_NPEBUPxOverlapHit@2@I@Z 0000000180021e20 f i CctCharacterControllerCallbacks.obj
 0001:00020e60       ?project@PxPlane@physx@@QEBA?AVPxVec3@2@AEBV32@@Z 0000000180021e60 f i CctCharacterControllerCallbacks.obj
 0001:00020ed0       ?pushBack@?$Array@IVNamedAllocator@shdfnd@physx@@@shdfnd@physx@@QEAAAEAIAEBI@Z 0000000180021ed0 f i CctCharacterControllerCallbacks.obj
 0001:00020fc0       ?pushBack@TriArray@Cct@physx@@QEAAXAEBVPxTriangle@3@@Z 0000000180021fc0 f i CctCharacterControllerCallbacks.obj
 0001:000210b0       ?recreate@?$Array@VPxTriangle@physx@@VNamedAllocator@shdfnd@2@@shdfnd@physx@@IEAAXI@Z 00000001800220b0 f i CctCharacterControllerCallbacks.obj
 0001:00021210       ?reserve@?$Array@VPxTriangle@physx@@VNamedAllocator@shdfnd@2@@shdfnd@physx@@QEAAXI@Z 0000000180022210 f i CctCharacterControllerCallbacks.obj
 0001:00021250       ?reserve@TriArray@Cct@physx@@QEAAPEAVPxTriangle@3@I@Z 0000000180022250 f i CctCharacterControllerCallbacks.obj
 0001:00021330       ?rotate@PxMat44@physx@@QEBA?BVPxVec3@2@AEBV32@@Z 0000000180022330 f i CctCharacterControllerCallbacks.obj
 0001:000213a0       ?rotate@PxMat44@physx@@QEBA?BVPxVec4@2@AEBV32@@Z 00000001800223a0 f i CctCharacterControllerCallbacks.obj
 0001:00021490       ?rotate@PxTransform@physx@@QEBA?AVPxVec3@2@AEBV32@@Z 0000000180022490 f i CctCharacterControllerCallbacks.obj
 0001:00021540       ?toMat33@PxMeshScale@physx@@QEBA?AVPxMat33@2@XZ 0000000180022540 f i CctCharacterControllerCallbacks.obj
 0001:00021630       ?transform@PxMat33@physx@@QEBA?BVPxVec3@2@AEBV32@@Z 0000000180022630 f i CctCharacterControllerCallbacks.obj
 0001:00021710       ?transform@PxTransform@physx@@QEBA?AVPxPlane@2@AEBV32@@Z 0000000180022710 f i CctCharacterControllerCallbacks.obj
 0001:00021820       PxCreateControllerManager  0000000180022820 f   CctCharacterControllerManager.obj
 0001:000218b0       ??0CharacterControllerManager@Cct@physx@@QEAA@AEAVPxScene@2@_N@Z 00000001800228b0 f   CctCharacterControllerManager.obj
 0001:00021b40       ??1CharacterControllerManager@Cct@physx@@UEAA@XZ 0000000180022b40 f   CctCharacterControllerManager.obj
 0001:00021c90       ?release@CharacterControllerManager@Cct@physx@@UEAAXXZ 0000000180022c90 f   CctCharacterControllerManager.obj
 0001:00021dc0       ?getScene@CharacterControllerManager@Cct@physx@@UEBAAEAVPxScene@3@XZ 0000000180022dc0 f   CctCharacterControllerManager.obj
 0001:00021de0       ?getNbControllers@CharacterControllerManager@Cct@physx@@UEBAIXZ 0000000180022de0 f   CctCharacterControllerManager.obj
 0001:00021e10       ?getController@CharacterControllerManager@Cct@physx@@UEAAPEAVPxController@3@I@Z 0000000180022e10 f   CctCharacterControllerManager.obj
 0001:00021f00       ?createController@CharacterControllerManager@Cct@physx@@UEAAPEAVPxController@3@AEBVPxControllerDesc@3@@Z 0000000180022f00 f   CctCharacterControllerManager.obj
 0001:000222a0       ?purgeControllers@CharacterControllerManager@Cct@physx@@UEAAXXZ 00000001800232a0 f   CctCharacterControllerManager.obj
 0001:00022310       ?getRenderBuffer@CharacterControllerManager@Cct@physx@@UEAAAEAVPxRenderBuffer@3@XZ 0000000180023310 f   CctCharacterControllerManager.obj
 0001:000223a0       ?setDebugRenderingFlags@CharacterControllerManager@Cct@physx@@UEAAXV?$PxFlags@W4Enum@PxControllerDebugRenderFlag@physx@@I@3@@Z 00000001800233a0 f   CctCharacterControllerManager.obj
 0001:00022440       ?getNbObstacleContexts@CharacterControllerManager@Cct@physx@@UEBAIXZ 0000000180023440 f   CctCharacterControllerManager.obj
 0001:00022470       ?getObstacleContext@CharacterControllerManager@Cct@physx@@UEAAPEAVPxObstacleContext@3@I@Z 0000000180023470 f   CctCharacterControllerManager.obj
 0001:00022550       ?createObstacleContext@CharacterControllerManager@Cct@physx@@UEAAPEAVPxObstacleContext@3@XZ 0000000180023550 f   CctCharacterControllerManager.obj
 0001:000225f0       ?computeInteractions@CharacterControllerManager@Cct@physx@@UEAAXMPEAVPxControllerFilterCallback@3@@Z 00000001800235f0 f   CctCharacterControllerManager.obj
 0001:00022980       ?setTessellation@CharacterControllerManager@Cct@physx@@UEAAX_NM@Z 0000000180023980 f   CctCharacterControllerManager.obj
 0001:000229c0       ?setOverlapRecoveryModule@CharacterControllerManager@Cct@physx@@UEAAX_N@Z 00000001800239c0 f   CctCharacterControllerManager.obj
 0001:000229e0       ?setPreciseSweeps@CharacterControllerManager@Cct@physx@@UEAAX_N@Z 00000001800239e0 f   CctCharacterControllerManager.obj
 0001:00022a00       ?setPreventVerticalSlidingAgainstCeiling@CharacterControllerManager@Cct@physx@@UEAAX_N@Z 0000000180023a00 f   CctCharacterControllerManager.obj
 0001:00022a20       ?shiftOrigin@CharacterControllerManager@Cct@physx@@UEAAXAEBVPxVec3@3@@Z 0000000180023a20 f   CctCharacterControllerManager.obj
 0001:00022bc0       ?onRelease@CharacterControllerManager@Cct@physx@@UEAAXPEBVPxBase@3@PEAXW4Enum@PxDeletionEventFlag@3@@Z 0000000180023bc0 f   CctCharacterControllerManager.obj
 0001:00022d90       ?registerObservedObject@CharacterControllerManager@Cct@physx@@QEAAXPEBVPxBase@3@@Z 0000000180023d90 f   CctCharacterControllerManager.obj
 0001:00022e20       ?unregisterObservedObject@CharacterControllerManager@Cct@physx@@QEAAXPEBVPxBase@3@@Z 0000000180023e20 f   CctCharacterControllerManager.obj
 0001:00022f20       ?onObstacleRemoved@CharacterControllerManager@Cct@physx@@QEBAXI@Z 0000000180023f20 f   CctCharacterControllerManager.obj
 0001:00022f90       ?onObstacleUpdated@CharacterControllerManager@Cct@physx@@QEBAXIPEBVPxObstacleContext@3@@Z 0000000180023f90 f   CctCharacterControllerManager.obj
 0001:000230d0       ?onObstacleAdded@CharacterControllerManager@Cct@physx@@QEBAXIPEBVPxObstacleContext@3@@Z 00000001800240d0 f   CctCharacterControllerManager.obj
 0001:00023210       ?releaseController@CharacterControllerManager@Cct@physx@@QEAAXAEAVPxController@3@@Z 0000000180024210 f   CctCharacterControllerManager.obj
 0001:000234b0       ?getControllers@CharacterControllerManager@Cct@physx@@QEAAPEAPEAVController@23@XZ 00000001800244b0 f   CctCharacterControllerManager.obj
 0001:000234e0       ?releaseObstacleContext@CharacterControllerManager@Cct@physx@@QEAAXAEAVObstacleContext@23@@Z 00000001800244e0 f   CctCharacterControllerManager.obj
 0001:000235d0       ?resetObstaclesBuffers@CharacterControllerManager@Cct@physx@@QEAAXXZ 00000001800245d0 f   CctCharacterControllerManager.obj
 0001:00025460       ??$?2V?$ReflectionAllocator@VBoxController@Cct@physx@@@shdfnd@physx@@@UserAllocated@shdfnd@physx@@SAPEAX_KV?$ReflectionAllocator@VBoxController@Cct@physx@@@12@PEBDH@Z 0000000180026460 f i CctCharacterControllerManager.obj
 0001:000254b0       ??$?2V?$ReflectionAllocator@VCapsuleController@Cct@physx@@@shdfnd@physx@@@UserAllocated@shdfnd@physx@@SAPEAX_KV?$ReflectionAllocator@VCapsuleController@Cct@physx@@@12@PEBDH@Z 00000001800264b0 f i CctCharacterControllerManager.obj
 0001:00025500       ??$?2V?$ReflectionAllocator@VCharacterControllerManager@Cct@physx@@@shdfnd@physx@@@UserAllocated@shdfnd@physx@@SAPEAX_KV?$ReflectionAllocator@VCharacterControllerManager@Cct@physx@@@12@PEBDH@Z 0000000180026500 f i CctCharacterControllerManager.obj
 0001:00025550       ??$?2V?$ReflectionAllocator@VObstacleContext@Cct@physx@@@shdfnd@physx@@@UserAllocated@shdfnd@physx@@SAPEAX_KV?$ReflectionAllocator@VObstacleContext@Cct@physx@@@12@PEBDH@Z 0000000180026550 f i CctCharacterControllerManager.obj
 0001:000255a0       ??$?2V?$ReflectionAllocator@VRenderBuffer@Cm@physx@@@shdfnd@physx@@@UserAllocated@shdfnd@physx@@SAPEAX_KV?$ReflectionAllocator@VRenderBuffer@Cm@physx@@@12@PEBDH@Z 00000001800265a0 f i CctCharacterControllerManager.obj
 0001:000255f0       ??$PX_UNUSED@W4Enum@PxDeletionEventFlag@physx@@@@YAXAEBW4Enum@PxDeletionEventFlag@physx@@@Z 00000001800265f0 f i CctCharacterControllerManager.obj
 0001:00025600       ??$append@UPxDebugLine@physx@@@RenderBuffer@Cm@physx@@AEAAXAEAV?$Array@UPxDebugLine@physx@@VNamedAllocator@shdfnd@2@@shdfnd@2@PEBUPxDebugLine@2@I@Z 0000000180026600 f i CctCharacterControllerManager.obj
 0001:000256a0       ??$append@UPxDebugPoint@physx@@@RenderBuffer@Cm@physx@@AEAAXAEAV?$Array@UPxDebugPoint@physx@@VNamedAllocator@shdfnd@2@@shdfnd@2@PEBUPxDebugPoint@2@I@Z 00000001800266a0 f i CctCharacterControllerManager.obj
 0001:00025740       ??$append@UPxDebugText@physx@@@RenderBuffer@Cm@physx@@AEAAXAEAV?$Array@UPxDebugText@physx@@VNamedAllocator@shdfnd@2@@shdfnd@2@PEBUPxDebugText@2@I@Z 0000000180026740 f i CctCharacterControllerManager.obj
 0001:000257e0       ??$append@UPxDebugTriangle@physx@@@RenderBuffer@Cm@physx@@AEAAXAEAV?$Array@UPxDebugTriangle@physx@@VNamedAllocator@shdfnd@2@@shdfnd@2@PEBUPxDebugTriangle@2@I@Z 00000001800267e0 f i CctCharacterControllerManager.obj
 0001:00025880       ??$resetOrClear@V?$Array@PEBXVNamedAllocator@shdfnd@physx@@@shdfnd@physx@@@@YAXAEAV?$Array@PEBXVNamedAllocator@shdfnd@physx@@@shdfnd@physx@@@Z 0000000180026880 f i CctCharacterControllerManager.obj
 0001:00025900       ??$resetOrClear@V?$Array@UPxExtendedCapsule@physx@@VNamedAllocator@shdfnd@2@@shdfnd@physx@@@@YAXAEAV?$Array@UPxExtendedCapsule@physx@@VNamedAllocator@shdfnd@2@@shdfnd@physx@@@Z 0000000180026900 f i CctCharacterControllerManager.obj
 0001:00025980       ??$resetOrClear@V?$Array@VPxExtendedBox@physx@@VNamedAllocator@shdfnd@2@@shdfnd@physx@@@@YAXAEAV?$Array@VPxExtendedBox@physx@@VNamedAllocator@shdfnd@2@@shdfnd@physx@@@Z 0000000180026980 f i CctCharacterControllerManager.obj
 0001:00025a00       ??$swap@PEAVController@Cct@physx@@@shdfnd@physx@@YAXAEAPEAVController@Cct@1@0@Z 0000000180026a00 f i CctCharacterControllerManager.obj
 0001:00025a50       ??0?$Array@DVNamedAllocator@shdfnd@physx@@@shdfnd@physx@@QEAA@AEBVNamedAllocator@12@@Z 0000000180026a50 f i CctCharacterControllerManager.obj
 0001:00025ab0       ??0?$Array@PEAVController@Cct@physx@@VNamedAllocator@shdfnd@3@@shdfnd@physx@@QEAA@AEBVNamedAllocator@12@@Z 0000000180026ab0 f i CctCharacterControllerManager.obj
 0001:00025b10       ??0?$Array@PEAVObstacleContext@Cct@physx@@VNamedAllocator@shdfnd@3@@shdfnd@physx@@QEAA@AEBVNamedAllocator@12@@Z 0000000180026b10 f i CctCharacterControllerManager.obj
 0001:00025b70       ??0?$Array@PEBXVNamedAllocator@shdfnd@physx@@@shdfnd@physx@@QEAA@AEBVNamedAllocator@12@@Z 0000000180026b70 f i CctCharacterControllerManager.obj
 0001:00025bd0       ??0?$Array@UPxDebugLine@physx@@VNamedAllocator@shdfnd@2@@shdfnd@physx@@QEAA@AEBVNamedAllocator@12@@Z 0000000180026bd0 f i CctCharacterControllerManager.obj
 0001:00025c30       ??0?$Array@UPxDebugPoint@physx@@VNamedAllocator@shdfnd@2@@shdfnd@physx@@QEAA@AEBVNamedAllocator@12@@Z 0000000180026c30 f i CctCharacterControllerManager.obj
 0001:00025c90       ??0?$Array@UPxDebugText@physx@@VNamedAllocator@shdfnd@2@@shdfnd@physx@@QEAA@AEBVNamedAllocator@12@@Z 0000000180026c90 f i CctCharacterControllerManager.obj
 0001:00025cf0       ??0?$Array@UPxDebugTriangle@physx@@VNamedAllocator@shdfnd@2@@shdfnd@physx@@QEAA@AEBVNamedAllocator@12@@Z 0000000180026cf0 f i CctCharacterControllerManager.obj
 0001:00025d50       ??0?$Array@UPxExtendedCapsule@physx@@VNamedAllocator@shdfnd@2@@shdfnd@physx@@QEAA@AEBVNamedAllocator@12@@Z 0000000180026d50 f i CctCharacterControllerManager.obj
[...]
 0003:000037c0       __error_mode               00000001800df7c0     LIBCMTD:errmode.obj
 0003:00003820       __mbcodepage               00000001800df820     LIBCMTD:mbctype.obj
 0003:00003824       __ismbcodepage             00000001800df824     LIBCMTD:mbctype.obj
 0003:00003828       __mbulinfo                 00000001800df828     LIBCMTD:mbctype.obj
 0003:00003838       __mblocalename             00000001800df838     LIBCMTD:mbctype.obj
 0003:00003848       ?_pnhHeap@@3P6AH_K@ZEA     00000001800df848     LIBCMTD:handler.obj
 0003:00003850       _newmode                   00000001800df850     LIBCMTD:_newmode.obj
 0003:00003858       ?wsprintffp@@3P6AHPEADPEBDZZEA 00000001800df858     LIBCMTD:error.obj
 0003:00003860       _outputformat              00000001800df860     LIBCMTD:outputformat.obj
 0003:00003868       ?m_pGetParameter@UnDecorator@@0P6APEADJ@ZEA 00000001800df868     LIBCMTD:undname.obj
 0003:00003870       ?pArgList@UnDecorator@@0PEAVReplicator@@EA 00000001800df870     LIBCMTD:undname.obj
 0003:00003878       ?pZNameList@UnDecorator@@0PEAVReplicator@@EA 00000001800df878     LIBCMTD:undname.obj
 0003:00003880       ?pTemplateArgList@UnDecorator@@0PEAVReplicator@@EA 00000001800df880     LIBCMTD:undname.obj
 0003:00003888       ?gName@UnDecorator@@0PEBDEB 00000001800df888     LIBCMTD:undname.obj
 0003:00003890       ?name@UnDecorator@@0PEBDEB 00000001800df890     LIBCMTD:undname.obj
 0003:00003898       ?outputString@UnDecorator@@0PEADEA 00000001800df898     LIBCMTD:undname.obj
 0003:000038a0       ?maxStringLength@UnDecorator@@0HA 00000001800df8a0     LIBCMTD:undname.obj
 0003:000038a4       ?disableFlags@UnDecorator@@0KA 00000001800df8a4     LIBCMTD:undname.obj
 0003:000038a8       ?fExplicitTemplateParams@UnDecorator@@0_NA 00000001800df8a8     LIBCMTD:undname.obj
 0003:000038a9       ?fGetTemplateArgumentList@UnDecorator@@0_NA 00000001800df8a9     LIBCMTD:undname.obj
 0003:00003930       ?nodes@?1??make@DNameStatusNode@@SAPEAV2@W4DNameStatus@@@Z@4PAV2@A 00000001800df930     LIBCMTD:undname.obj
 0003:00003970       ??_B?1??make@DNameStatusNode@@SAPEAV1@W4DNameStatus@@@Z@51 00000001800df970     LIBCMTD:undname.obj
 0003:00003978       ?__pInconsistency@@3P6AXXZEA 00000001800df978     LIBCMTD:hooks.obj
 0003:00003988       _stdbuf                    00000001800df988     LIBCMTD:_sftbuf.obj
 0003:00003998       _cflush                    00000001800df998     LIBCMTD:_file.obj
 0003:0000399c       __lconv_static_null        00000001800df99c     LIBCMTD:lconv.obj
 0003:000039a0       __lconv_static_W_null      00000001800df9a0     LIBCMTD:lconv.obj
 0003:000039a4       __locale_changed           00000001800df9a4     LIBCMTD:wsetloca.obj
 0003:000039c0       ?g_OutOfMemoryExceptionCallback@@3P6APEAXXZEA 00000001800df9c0     LIBCMTD:frame.obj
 0003:000039c8       __unguarded_readlc_active  00000001800df9c8     <common>
 0003:000039d8       __setlc_active             00000001800df9d8     <common>
 0003:000039e0       __piob                     00000001800df9e0     <common>
 0003:00003d28       _nstream                   00000001800dfd28     <common>
 0003:00003d40       _bufin                     00000001800dfd40     <common>
 0003:00004d40       _debugger_hook_dummy       00000001800e0d40     <common>
 0003:00004d50       _pReportHookListW          00000001800e0d50     <common>
 0003:00004d68       _pReportHookList           00000001800e0d68     <common>
 0003:00004d70       _pfnReportHook             00000001800e0d70     <common>
 0003:00004d80       encodedKERNEL32Functions   00000001800e0d80     <common>
 0003:00004ec4       _nhandle                   00000001800e0ec4     <common>
 0003:00004ed0       __dyn_tls_init_callback    00000001800e0ed0     <common>
 0003:00004ee8       __onexitend                00000001800e0ee8     <common>
 0003:00004ef0       __onexitbegin              00000001800e0ef0     <common>
 0003:00004ef8       __mbctype_initialized      00000001800e0ef8     <common>
 0003:00004efc       __env_initialized          00000001800e0efc     <common>
 0003:00004f00       _acmdln                    00000001800e0f00     <common>
 0005:00000000       __imp_ExitProcess          00000001800e8000     kernel32:KERNEL32.dll
 0005:00000008       __imp_CreateFileW          00000001800e8008     kernel32:KERNEL32.dll
 0005:00000010       __imp_CloseHandle          00000001800e8010     kernel32:KERNEL32.dll
 0005:00000018       __imp_SetStdHandle         00000001800e8018     kernel32:KERNEL32.dll
 0005:00000020       __imp_FlushFileBuffers     00000001800e8020     kernel32:KERNEL32.dll
 0005:00000028       __imp_RtlPcToFileHeader    00000001800e8028     kernel32:KERNEL32.dll
 0005:00000030       __imp_SetFilePointerEx     00000001800e8030     kernel32:KERNEL32.dll
 0005:00000038       __imp_GetConsoleMode       00000001800e8038     kernel32:KERNEL32.dll
 0005:00000040       __imp_GetConsoleCP         00000001800e8040     kernel32:KERNEL32.dll
 0005:00000048       __imp_VirtualQuery         00000001800e8048     kernel32:KERNEL32.dll
 0005:00000050       __imp_GetStringTypeW       00000001800e8050     kernel32:KERNEL32.dll
 0005:00000058       __imp_FreeLibrary          00000001800e8058     kernel32:KERNEL32.dll
 0005:00000060       __imp_HeapAlloc            00000001800e8060     kernel32:KERNEL32.dll
 0005:00000068       __imp_HeapQueryInformation 00000001800e8068     kernel32:KERNEL32.dll
 0005:00000070       __imp_HeapReAlloc          00000001800e8070     kernel32:KERNEL32.dll
 0005:00000078       __imp_HeapFree             00000001800e8078     kernel32:KERNEL32.dll
 0005:00000080       __imp_GetCPInfo            00000001800e8080     kernel32:KERNEL32.dll
 0005:00000088       __imp_GetOEMCP             00000001800e8088     kernel32:KERNEL32.dll
 0005:00000090       __imp_GetACP               00000001800e8090     kernel32:KERNEL32.dll
 0005:00000098       __imp_IsValidCodePage      00000001800e8098     kernel32:KERNEL32.dll
 0005:000000a0       __imp_WriteConsoleW        00000001800e80a0     kernel32:KERNEL32.dll
 0005:000000a8       __imp_OutputDebugStringA   00000001800e80a8     kernel32:KERNEL32.dll
 0005:000000b0       __imp_EnumSystemLocalesW   00000001800e80b0     kernel32:KERNEL32.dll
 0005:000000b8       __imp_GetUserDefaultLCID   00000001800e80b8     kernel32:KERNEL32.dll
 0005:000000c0       __imp_IsValidLocale        00000001800e80c0     kernel32:KERNEL32.dll
 0005:000000c8       __imp_GetLocaleInfoW       00000001800e80c8     kernel32:KERNEL32.dll
 0005:000000d0       __imp_LCMapStringW         00000001800e80d0     kernel32:KERNEL32.dll
 0005:000000d8       __imp_CompareStringW       00000001800e80d8     kernel32:KERNEL32.dll
 0005:000000e0       __imp_GetTimeFormatW       00000001800e80e0     kernel32:KERNEL32.dll
 0005:000000e8       __imp_GetDateFormatW       00000001800e80e8     kernel32:KERNEL32.dll
 0005:000000f0       __imp_SetConsoleCtrlHandler 00000001800e80f0     kernel32:KERNEL32.dll
 0005:000000f8       __imp_LoadLibraryExW       00000001800e80f8     kernel32:KERNEL32.dll
 0005:00000100       __imp_CreateThread         00000001800e8100     kernel32:KERNEL32.dll
 0005:00000108       __imp_WaitForSingleObjectEx 00000001800e8108     kernel32:KERNEL32.dll
 0005:00000110       __imp_OutputDebugStringW   00000001800e8110     kernel32:KERNEL32.dll
 0005:00000118       __imp_IsDebuggerPresent    00000001800e8118     kernel32:KERNEL32.dll
 0005:00000120       __imp_CreateSemaphoreW     00000001800e8120     kernel32:KERNEL32.dll
 0005:00000128       __imp_GetModuleHandleW     00000001800e8128     kernel32:KERNEL32.dll
 0005:00000130       __imp_GetTickCount         00000001800e8130     kernel32:KERNEL32.dll
 0005:00000138       __imp_TlsFree              00000001800e8138     kernel32:KERNEL32.dll
 0005:00000140       __imp_TlsSetValue          00000001800e8140     kernel32:KERNEL32.dll
 0005:00000148       __imp_TlsGetValue          00000001800e8148     kernel32:KERNEL32.dll
 0005:00000150       __imp_TlsAlloc             00000001800e8150     kernel32:KERNEL32.dll
 0005:00000158       __imp_TerminateProcess     00000001800e8158     kernel32:KERNEL32.dll
 0005:00000160       __imp_GetCurrentProcess    00000001800e8160     kernel32:KERNEL32.dll
 0005:00000168       __imp_EncodePointer        00000001800e8168     kernel32:KERNEL32.dll
 0005:00000170       __imp_DecodePointer        00000001800e8170     kernel32:KERNEL32.dll
 0005:00000178       __imp_GetCommandLineA      00000001800e8178     kernel32:KERNEL32.dll
 0005:00000180       __imp_GetCurrentThreadId   00000001800e8180     kernel32:KERNEL32.dll
 0005:00000188       __imp_GetStdHandle         00000001800e8188     kernel32:KERNEL32.dll
 0005:00000190       __imp_WriteFile            00000001800e8190     kernel32:KERNEL32.dll
 0005:00000198       __imp_GetModuleFileNameW   00000001800e8198     kernel32:KERNEL32.dll
 0005:000001a0       __imp_IsProcessorFeaturePresent 00000001800e81a0     kernel32:KERNEL32.dll
 0005:000001a8       __imp_GetLastError         00000001800e81a8     kernel32:KERNEL32.dll
 0005:000001b0       __imp_EnterCriticalSection 00000001800e81b0     kernel32:KERNEL32.dll
 0005:000001b8       __imp_LeaveCriticalSection 00000001800e81b8     kernel32:KERNEL32.dll
 0005:000001c0       __imp_DeleteCriticalSection 00000001800e81c0     kernel32:KERNEL32.dll
 0005:000001c8       __imp_FatalAppExitA        00000001800e81c8     kernel32:KERNEL32.dll
 0005:000001d0       __imp_GetModuleHandleExW   00000001800e81d0     kernel32:KERNEL32.dll
 0005:000001d8       __imp_HeapSize             00000001800e81d8     kernel32:KERNEL32.dll
 0005:000001e0       __imp_HeapValidate         00000001800e81e0     kernel32:KERNEL32.dll
 0005:000001e8       __imp_GetSystemInfo        00000001800e81e8     kernel32:KERNEL32.dll
 0005:000001f0       __imp_RtlUnwindEx          00000001800e81f0     kernel32:KERNEL32.dll
 0005:000001f8       __imp_RaiseException       00000001800e81f8     kernel32:KERNEL32.dll
 0005:00000200       __imp_SetLastError         00000001800e8200     kernel32:KERNEL32.dll
 0005:00000208       __imp_GetCurrentThread     00000001800e8208     kernel32:KERNEL32.dll
 0005:00000210       __imp_GetProcAddress       00000001800e8210     kernel32:KERNEL32.dll
 0005:00000218       __imp_AreFileApisANSI      00000001800e8218     kernel32:KERNEL32.dll
 0005:00000220       __imp_MultiByteToWideChar  00000001800e8220     kernel32:KERNEL32.dll
 0005:00000228       __imp_WideCharToMultiByte  00000001800e8228     kernel32:KERNEL32.dll
 0005:00000230       __imp_GetProcessHeap       00000001800e8230     kernel32:KERNEL32.dll
 0005:00000238       __imp_GetFileType          00000001800e8238     kernel32:KERNEL32.dll
 0005:00000240       __imp_GetStartupInfoW      00000001800e8240     kernel32:KERNEL32.dll
 0005:00000248       __imp_GetModuleFileNameA   00000001800e8248     kernel32:KERNEL32.dll
 0005:00000250       __imp_QueryPerformanceCounter 00000001800e8250     kernel32:KERNEL32.dll
 0005:00000258       __imp_GetCurrentProcessId  00000001800e8258     kernel32:KERNEL32.dll
 0005:00000260       __imp_GetSystemTimeAsFileTime 00000001800e8260     kernel32:KERNEL32.dll
 0005:00000268       __imp_GetEnvironmentStringsW 00000001800e8268     kernel32:KERNEL32.dll
 0005:00000270       __imp_FreeEnvironmentStringsW 00000001800e8270     kernel32:KERNEL32.dll
 0005:00000278       __imp_RtlCaptureContext    00000001800e8278     kernel32:KERNEL32.dll
 0005:00000280       __imp_RtlLookupFunctionEntry 00000001800e8280     kernel32:KERNEL32.dll
 0005:00000288       __imp_RtlVirtualUnwind     00000001800e8288     kernel32:KERNEL32.dll
 0005:00000290       __imp_UnhandledExceptionFilter 00000001800e8290     kernel32:KERNEL32.dll
 0005:00000298       __imp_SetUnhandledExceptionFilter 00000001800e8298     kernel32:KERNEL32.dll
 0005:000002a0       __imp_InitializeCriticalSectionAndSpinCount 00000001800e82a0     kernel32:KERNEL32.dll
 0005:000002a8       __imp_CreateEventW         00000001800e82a8     kernel32:KERNEL32.dll
 0005:000002b0       __imp_Sleep                00000001800e82b0     kernel32:KERNEL32.dll
 0005:000002b8       \177KERNEL32_NULL_THUNK_DATA 00000001800e82b8     kernel32:KERNEL32.dll
 0005:00000398       __imp_?findOverlapHeightField@PxMeshQuery@physx@@SAIAEBVPxGeometry@2@AEBVPxTransform@2@AEBVPxHeightFieldGeometry@2@1PEAIIIAEA_N@Z 00000001800e8398     PhysX3CommonDEBUG_x64:PhysX3CommonDEBUG_x64.dll
 0005:000003a0       __imp_?findOverlapTriangleMesh@PxMeshQuery@physx@@SAIAEBVPxGeometry@2@AEBVPxTransform@2@AEBVPxTriangleMeshGeometry@2@1PEAIIIAEA_N@Z 00000001800e83a0     PhysX3CommonDEBUG_x64:PhysX3CommonDEBUG_x64.dll
 0005:000003a8       __imp_?getRaycastFuncTable@Gu@physx@@YAAEAY06Q6AIAEBVPxGeometry@2@AEBVPxTransform@2@AEBVPxVec3@2@2MV?$PxFlags@W4Enum@PxHitFlag@physx@@G@2@IPEIAUPxRaycastHit@2@@ZXZ 00000001800e83a8     PhysX3CommonDEBUG_x64:PhysX3CommonDEBUG_x64.dll
 0005:000003b0       __imp_?distanceSegmentSegmentSquared@Gu@physx@@YAMAEBVPxVec3@2@000PEAM1@Z 00000001800e83b0     PhysX3CommonDEBUG_x64:PhysX3CommonDEBUG_x64.dll
 0005:000003b8       __imp_?CompleteBoxPruning@Cm@physx@@YA_NPEBVPxBounds3@2@IAEAV?$Array@IVNamedAllocator@shdfnd@physx@@@shdfnd@2@AEBVAxes@Gu@2@@Z 00000001800e83b8     PhysX3CommonDEBUG_x64:PhysX3CommonDEBUG_x64.dll
 0005:000003c0       __imp_?intersectTriangleBox_Unsafe@Gu@physx@@YAHAEBVPxVec3@2@0000@Z 00000001800e83c0     PhysX3CommonDEBUG_x64:PhysX3CommonDEBUG_x64.dll
 0005:000003c8       __imp_??6RenderOutput@Cm@physx@@QEAAAEAV012@VPxVec3@2@@Z 00000001800e83c8     PhysX3CommonDEBUG_x64:PhysX3CommonDEBUG_x64.dll
 0005:000003d0       __imp_??6RenderOutput@Cm@physx@@QEAAAEAV012@W4Primitive@012@@Z 00000001800e83d0     PhysX3CommonDEBUG_x64:PhysX3CommonDEBUG_x64.dll
 0005:000003d8       __imp_?getTriangle@PxMeshQuery@physx@@SAXAEBVPxHeightFieldGeometry@2@AEBVPxTransform@2@IAEAVPxTriangle@2@PEAI3@Z 00000001800e83d8     PhysX3CommonDEBUG_x64:PhysX3CommonDEBUG_x64.dll
 0005:000003e0       __imp_?getTriangle@PxMeshQuery@physx@@SAXAEBVPxTriangleMeshGeometry@2@AEBVPxTransform@2@IAEAVPxTriangle@2@PEAI3@Z 00000001800e83e0     PhysX3CommonDEBUG_x64:PhysX3CommonDEBUG_x64.dll
 0005:000003e8       __imp_?distanceSegmentBoxSquared@Gu@physx@@YAMAEBVPxVec3@2@000AEBVPxMat33@2@PEAMPEAV32@@Z 00000001800e83e8     PhysX3CommonDEBUG_x64:PhysX3CommonDEBUG_x64.dll
 0005:000003f0       __imp_?intersectOBBOBB@Gu@physx@@YA_NAEBVPxVec3@2@0AEBVPxMat33@2@001_N@Z 00000001800e83f0     PhysX3CommonDEBUG_x64:PhysX3CommonDEBUG_x64.dll
 0005:000003f8       __imp_??1Box@Gu@physx@@QEAA@XZ 00000001800e83f8     PhysX3CommonDEBUG_x64:PhysX3CommonDEBUG_x64.dll
 0005:00000400       __imp_??0Box@Gu@physx@@QEAA@AEBVPxVec3@2@0AEBVPxMat33@2@@Z 00000001800e8400     PhysX3CommonDEBUG_x64:PhysX3CommonDEBUG_x64.dll
 0005:00000408       __imp_?computePenetration@PxGeometryQuery@physx@@SA_NAEAVPxVec3@2@AEAMAEBVPxGeometry@2@AEBVPxTransform@2@23@Z 00000001800e8408     PhysX3CommonDEBUG_x64:PhysX3CommonDEBUG_x64.dll
 0005:00000410       __imp_?sweep@PxGeometryQuery@physx@@SA_NAEBVPxVec3@2@MAEBVPxGeometry@2@AEBVPxTransform@2@12AEAUPxSweepHit@2@V?$PxFlags@W4Enum@PxHitFlag@physx@@G@2@M@Z 00000001800e8410     PhysX3CommonDEBUG_x64:PhysX3CommonDEBUG_x64.dll
 0005:00000418       __imp_?PxTransformFromSegment@physx@@YA?AVPxTransform@1@AEBVPxVec3@1@0PEAM@Z 00000001800e8418     PhysX3CommonDEBUG_x64:PhysX3CommonDEBUG_x64.dll
 0005:00000420       __imp_??6Cm@physx@@YAAEAVRenderOutput@01@AEAV201@AEBUDebugBox@01@@Z 00000001800e8420     PhysX3CommonDEBUG_x64:PhysX3CommonDEBUG_x64.dll
 0005:00000428       __imp_?outputCapsule@RenderOutput@Cm@physx@@QEAAAEAV123@MMAEBVPxMat44@3@@Z 00000001800e8428     PhysX3CommonDEBUG_x64:PhysX3CommonDEBUG_x64.dll
 0005:00000430       __imp_??6RenderOutput@Cm@physx@@QEAAAEAV012@AEBVPxTransform@2@@Z 00000001800e8430     PhysX3CommonDEBUG_x64:PhysX3CommonDEBUG_x64.dll
 0005:00000438       __imp_??6RenderOutput@Cm@physx@@QEAAAEAV012@I@Z 00000001800e8438     PhysX3CommonDEBUG_x64:PhysX3CommonDEBUG_x64.dll
 0005:00000440       __imp_??0RenderOutput@Cm@physx@@QEAA@AEAVRenderBuffer@12@@Z 00000001800e8440     PhysX3CommonDEBUG_x64:PhysX3CommonDEBUG_x64.dll
 0005:00000448       __imp_?sweep@PxMeshQuery@physx@@SA_NAEBVPxVec3@2@MAEBVPxGeometry@2@AEBVPxTransform@2@IPEBVPxTriangle@2@AEAUPxSweepHit@2@V?$PxFlags@W4Enum@PxHitFlag@physx@@G@2@PEBIM_N@Z 00000001800e8448     PhysX3CommonDEBUG_x64:PhysX3CommonDEBUG_x64.dll
 0005:00000450       \177PhysX3CommonDEBUG_x64_NULL_THUNK_DATA 00000001800e8450     PhysX3CommonDEBUG_x64:PhysX3CommonDEBUG_x64.dll
 0005:000004c8       __imp_?PxDiagonalize@physx@@YA?AVPxVec3@1@AEBVPxMat33@1@AEAVPxQuat@1@@Z 00000001800e84c8     PxFoundationDEBUG_x64:PxFoundationDEBUG_x64.dll
 0005:000004d0       __imp_?PxShortestRotation@physx@@YA?AVPxQuat@1@AEBVPxVec3@1@0@Z 00000001800e84d0     PxFoundationDEBUG_x64:PxFoundationDEBUG_x64.dll
 0005:000004d8       __imp_?error@Foundation@shdfnd@physx@@QEAAXW4Enum@PxErrorCode@3@PEBDH1ZZ 00000001800e84d8     PxFoundationDEBUG_x64:PxFoundationDEBUG_x64.dll
 0005:000004e0       __imp_?decRefCount@Foundation@shdfnd@physx@@SAXXZ 00000001800e84e0     PxFoundationDEBUG_x64:PxFoundationDEBUG_x64.dll
 0005:000004e8       __imp_?incRefCount@Foundation@shdfnd@physx@@SAXXZ 00000001800e84e8     PxFoundationDEBUG_x64:PxFoundationDEBUG_x64.dll
 0005:000004f0       __imp_?getInstance@Foundation@shdfnd@physx@@SAAEAV123@XZ 00000001800e84f0     PxFoundationDEBUG_x64:PxFoundationDEBUG_x64.dll
 0005:000004f8       __imp_?getSize@MutexImpl@shdfnd@physx@@SAAEBIXZ 00000001800e84f8     PxFoundationDEBUG_x64:PxFoundationDEBUG_x64.dll
 0005:00000500       __imp_??1MutexImpl@shdfnd@physx@@QEAA@XZ 00000001800e8500     PxFoundationDEBUG_x64:PxFoundationDEBUG_x64.dll
 0005:00000508       __imp_??0MutexImpl@shdfnd@physx@@QEAA@XZ 00000001800e8508     PxFoundationDEBUG_x64:PxFoundationDEBUG_x64.dll
 0005:00000510       __imp_PxGetFoundation      00000001800e8510     PxFoundationDEBUG_x64:PxFoundationDEBUG_x64.dll
 0005:00000518       __imp_?deallocate@NamedAllocator@shdfnd@physx@@QEAAXPEAX@Z 00000001800e8518     PxFoundationDEBUG_x64:PxFoundationDEBUG_x64.dll
 0005:00000520       __imp_?allocate@NamedAllocator@shdfnd@physx@@QEAAPEAX_KPEBDH@Z 00000001800e8520     PxFoundationDEBUG_x64:PxFoundationDEBUG_x64.dll
 0005:00000528       __imp_??1NamedAllocator@shdfnd@physx@@QEAA@XZ 00000001800e8528     PxFoundationDEBUG_x64:PxFoundationDEBUG_x64.dll
 0005:00000530       __imp_??0NamedAllocator@shdfnd@physx@@QEAA@AEBV012@@Z 00000001800e8530     PxFoundationDEBUG_x64:PxFoundationDEBUG_x64.dll
 0005:00000538       __imp_PxGetProfilerCallback 00000001800e8538     PxFoundationDEBUG_x64:PxFoundationDEBUG_x64.dll
 0005:00000540       __imp_?unlock@MutexImpl@shdfnd@physx@@QEAAXXZ 00000001800e8540     PxFoundationDEBUG_x64:PxFoundationDEBUG_x64.dll
 0005:00000548       __imp_?lock@MutexImpl@shdfnd@physx@@QEAAXXZ 00000001800e8548     PxFoundationDEBUG_x64:PxFoundationDEBUG_x64.dll
 0005:00000550       __imp_??0NamedAllocator@shdfnd@physx@@QEAA@PEBD@Z 00000001800e8550     PxFoundationDEBUG_x64:PxFoundationDEBUG_x64.dll
 0005:00000558       __imp_?getAllocator@shdfnd@physx@@YAAEAVPxAllocatorCallback@2@XZ 00000001800e8558     PxFoundationDEBUG_x64:PxFoundationDEBUG_x64.dll
 0005:00000560       __imp_?PxGetAssertHandler@physx@@YAAEAVPxAssertHandler@1@XZ 00000001800e8560     PxFoundationDEBUG_x64:PxFoundationDEBUG_x64.dll
 0005:00000568       \177PxFoundationDEBUG_x64_NULL_THUNK_DATA 00000001800e8568     PxFoundationDEBUG_x64:PxFoundationDEBUG_x64.dll
 0005:000005e0       __IMPORT_DESCRIPTOR_PxFoundationDEBUG_x64 00000001800e85e0     PxFoundationDEBUG_x64:PxFoundationDEBUG_x64.dll
 0005:000005f4       __IMPORT_DESCRIPTOR_PhysX3CommonDEBUG_x64 00000001800e85f4     PhysX3CommonDEBUG_x64:PhysX3CommonDEBUG_x64.dll
 0005:00000608       __IMPORT_DESCRIPTOR_KERNEL32 00000001800e8608     kernel32:KERNEL32.dll
 0005:0000061c       __NULL_IMPORT_DESCRIPTOR   00000001800e861c     PxFoundationDEBUG_x64:PxFoundationDEBUG_x64.dll
